Arguments: Namespace(dim=2, fun=1, inst=None, crit='mean')
(3_w,6)-aCMA-ES (mu_w=2.0,w_1=63%) in dimension 2 (seed=1, Sun Apr 28 15:21:07 2024)
iohexp--d-2--f-1--i-1--b-500__pycma--init-pop-6__(Surrogate(model=Eaf, subset=ClosestToEachTestPoint(Mahalanobis, n_max_coef=20), x_tf=ShiftAndScaleByEs, y_tf=MinAdjustedLog), EvaluateUntilKendallThreshold(mean_criterion, tau_threshold=0.85, offset=True), n_min_fn=get_dim)
evaluated=6 | not-evaluated=0
DEBUG: subset-max-norm=1.9895193088575056 | norm-max=12.13941703508117
DEBUG: subset_idx.size=6
DEBUG: tau-train-ens=0.9999999999999999
DEBUG: tau-archive=0.9999999999999999 | std(means)=2.47e+00 | mean(stds)=1.18e+00 | std(means)/mean(stds)=  2.09 | stds=[1.0729594 1.0504118 1.0891162 1.0718317 1.7235115 1.077128 ]
eval=6 | not-eval=0 | tau= 0.47 | n_kendall=12
DEBUG: delta_f=5.81e-01
DEBUG: tau-population= 0.07 | tau-pop-final= 1.00 | final-target-hit=False
DEBUG: tau-mean-first=+0.07 | tau-mean-last=+0.20 | tau-LogN=+0.20 | tau-median=+0.20
evaluated=6 | not-evaluated=0
DEBUG: subset-max-norm=3.2910275548670254 | norm-max=12.13941703508117
DEBUG: subset_idx.size=12
DEBUG: tau-train-ens=1.0
DEBUG: tau-archive=1.0 | std(means)=9.03e-01 | mean(stds)=2.06e+00 | std(means)/mean(stds)=  0.44 | stds=[3.878626  1.254687  1.7886202 1.5634135 1.0971489 2.7821207]
eval=1 | not-eval=5 | tau= 1.00 | n_kendall=12
DEBUG: delta_f=1.63e-01
DEBUG: tau-population= 0.73 | tau-pop-final= 0.60 | final-target-hit=False
DEBUG: tau-mean-first=+0.73 | tau-mean-last=+1.00 | tau-LogN=+1.00 | tau-median=+0.87
evaluated=1 | not-evaluated=5
DEBUG: subset-max-norm=3.36706535579562 | norm-max=12.13941703508117
DEBUG: subset_idx.size=13
DEBUG: tau-train-ens=1.0
DEBUG: tau-archive=1.0 | std(means)=1.11e+00 | mean(stds)=1.23e+00 | std(means)/mean(stds)=  0.90 | stds=[1.52508   1.4387019 1.0756998 1.1173135 1.1051757 1.1313945]
eval=1 | not-eval=5 | tau= 1.00 | n_kendall=12
DEBUG: delta_f=1.63e-01
DEBUG: tau-population= 1.00 | tau-pop-final= 1.00 | final-target-hit=False
DEBUG: tau-mean-first=+1.00 | tau-mean-last=+1.00 | tau-LogN=+1.00 | tau-median=+0.87
evaluated=1 | not-evaluated=5
DEBUG: subset-max-norm=4.439361959204331 | norm-max=12.13941703508117
DEBUG: subset_idx.size=14
DEBUG: tau-train-ens=1.0
DEBUG: tau-archive=1.0 | std(means)=3.78e-01 | mean(stds)=1.26e+00 | std(means)/mean(stds)=  0.30 | stds=[1.2932374 1.0913191 1.0992657 1.2423855 1.4434729 1.368377 ]
eval=1 | not-eval=5 | tau= 1.00 | n_kendall=12
DEBUG: delta_f=5.15e-02
DEBUG: tau-population= 1.00 | tau-pop-final= 0.87 | final-target-hit=False
DEBUG: tau-mean-first=+1.00 | tau-mean-last=+1.00 | tau-LogN=+1.00 | tau-median=+1.00
evaluated=1 | not-evaluated=5
DEBUG: subset-max-norm=6.715436907254141 | norm-max=12.13941703508117
DEBUG: subset_idx.size=15
DEBUG: tau-train-ens=1.0
DEBUG: tau-archive=1.0 | std(means)=7.72e-01 | mean(stds)=1.25e+00 | std(means)/mean(stds)=  0.62 | stds=[1.023337  1.1016759 1.0913292 1.5330029 1.2716368 1.4740883]
eval=6 | not-eval=0 | tau= 0.64 | n_kendall=12
DEBUG: delta_f=5.15e-02
DEBUG: tau-population= 0.47 | tau-pop-final= 1.00 | final-target-hit=False
DEBUG: tau-mean-first=+0.47 | tau-mean-last=+0.47 | tau-LogN=+0.47 | tau-median=+0.47
evaluated=6 | not-evaluated=0
DEBUG: subset-max-norm=10.556196923109587 | norm-max=12.13941703508117
DEBUG: subset_idx.size=21
DEBUG: tau-train-ens=0.9636363636363636
DEBUG: tau-archive=0.9636363636363636 | std(means)=3.65e-01 | mean(stds)=1.15e+00 | std(means)/mean(stds)=  0.32 | stds=[1.164878  1.3168737 1.1568698 1.1551402 1.0477258 1.0848331]
eval=1 | not-eval=5 | tau= 0.97 | n_kendall=12
DEBUG: delta_f=5.15e-02
DEBUG: tau-population= 0.87 | tau-pop-final= 0.73 | final-target-hit=False
DEBUG: tau-mean-first=+0.87 | tau-mean-last=+0.87 | tau-LogN=+0.87 | tau-median=+0.87
evaluated=1 | not-evaluated=5
DEBUG: subset-max-norm=10.459918748433417 | norm-max=12.13941703508117
DEBUG: subset_idx.size=18
DEBUG: tau-train-ens=1.0
DEBUG: tau-archive=1.0 | std(means)=5.80e-02 | mean(stds)=1.21e+00 | std(means)/mean(stds)=  0.05 | stds=[1.0367585 1.2346008 1.0314763 1.6032034 1.2421151 1.1252664]
eval=1 | not-eval=5 | tau= 1.00 | n_kendall=12
DEBUG: delta_f=6.82e-03
DEBUG: tau-population= 0.73 | tau-pop-final= 0.73 | final-target-hit=False
DEBUG: tau-mean-first=+0.73 | tau-mean-last=+0.73 | tau-LogN=+0.73 | tau-median=+0.73
evaluated=1 | not-evaluated=5
DEBUG: subset-max-norm=10.568524625037641 | norm-max=12.13941703508117
DEBUG: subset_idx.size=18
DEBUG: tau-train-ens=1.0
DEBUG: tau-archive=1.0 | std(means)=5.52e-02 | mean(stds)=1.05e+00 | std(means)/mean(stds)=  0.05 | stds=[1.0116953 1.021211  1.011398  1.0460298 1.0785022 1.1534371]
eval=1 | not-eval=5 | tau= 1.00 | n_kendall=12
DEBUG: delta_f=6.82e-03
DEBUG: tau-population= 1.00 | tau-pop-final= 0.87 | final-target-hit=False
DEBUG: tau-mean-first=+1.00 | tau-mean-last=+1.00 | tau-LogN=+1.00 | tau-median=+1.00
evaluated=1 | not-evaluated=5
DEBUG: subset-max-norm=10.220872366349209 | norm-max=12.13941703508117
DEBUG: subset_idx.size=18
DEBUG: tau-train-ens=1.0
DEBUG: tau-archive=1.0 | std(means)=2.77e-02 | mean(stds)=1.09e+00 | std(means)/mean(stds)=  0.03 | stds=[1.0480953 1.1411676 1.0603093 1.1461139 1.1322215 1.0040421]
eval=1 | not-eval=5 | tau= 1.00 | n_kendall=12
DEBUG: delta_f=5.16e-03
DEBUG: tau-population= 0.73 | tau-pop-final= 0.73 | final-target-hit=False
DEBUG: tau-mean-first=+0.73 | tau-mean-last=+0.73 | tau-LogN=+0.73 | tau-median=+0.60
evaluated=1 | not-evaluated=5
DEBUG: subset-max-norm=11.147929212419639 | norm-max=12.13941703508117
DEBUG: subset_idx.size=19
DEBUG: tau-train-ens=1.0
DEBUG: tau-archive=1.0 | std(means)=3.44e-02 | mean(stds)=1.19e+00 | std(means)/mean(stds)=  0.03 | stds=[1.0328708 1.110315  1.2363063 1.5835574 1.1912844 1.0144053]
eval=1 | not-eval=5 | tau= 0.97 | n_kendall=12
DEBUG: delta_f=5.16e-03
DEBUG: tau-population= 0.60 | tau-pop-final= 0.73 | final-target-hit=False
DEBUG: tau-mean-first=+0.60 | tau-mean-last=+0.60 | tau-LogN=+0.60 | tau-median=+0.60
evaluated=1 | not-evaluated=5
DEBUG: subset-max-norm=11.495405339915447 | norm-max=12.13941703508117
DEBUG: subset_idx.size=20
DEBUG: tau-train-ens=1.0
DEBUG: tau-archive=1.0 | std(means)=7.43e-02 | mean(stds)=1.55e+00 | std(means)/mean(stds)=  0.05 | stds=[1.4875287 2.0272496 2.0402222 1.3162296 1.0363659 1.3807448]
eval=1 | not-eval=5 | tau= 0.94 | n_kendall=12
DEBUG: delta_f=5.16e-03
DEBUG: tau-population= 0.47 | tau-pop-final= 0.33 | final-target-hit=False
DEBUG: tau-mean-first=+0.47 | tau-mean-last=+0.47 | tau-LogN=+0.47 | tau-median=+0.47
evaluated=1 | not-evaluated=5
DEBUG: subset-max-norm=10.56316693979245 | norm-max=12.13941703508117
DEBUG: subset_idx.size=21
DEBUG: tau-train-ens=1.0
DEBUG: tau-archive=1.0 | std(means)=1.07e-01 | mean(stds)=1.48e+00 | std(means)/mean(stds)=  0.07 | stds=[1.4355044 1.3220284 1.4852254 1.5982071 1.797169  1.2642232]
eval=1 | not-eval=5 | tau= 1.00 | n_kendall=12
DEBUG: delta_f=5.16e-03
DEBUG: tau-population= 1.00 | tau-pop-final= 0.87 | final-target-hit=False
DEBUG: tau-mean-first=+1.00 | tau-mean-last=+1.00 | tau-LogN=+1.00 | tau-median=+1.00
evaluated=1 | not-evaluated=5
DEBUG: subset-max-norm=11.57712373615142 | norm-max=12.13941703508117
DEBUG: subset_idx.size=19
DEBUG: tau-train-ens=1.0
DEBUG: tau-archive=1.0 | std(means)=8.67e-02 | mean(stds)=1.52e+00 | std(means)/mean(stds)=  0.06 | stds=[1.2028677 1.2232201 1.2104264 1.3746847 1.7308347 2.3720615]
eval=1 | not-eval=5 | tau= 1.00 | n_kendall=12
DEBUG: delta_f=5.16e-03
DEBUG: tau-population= 1.00 | tau-pop-final= 1.00 | final-target-hit=False
DEBUG: tau-mean-first=+1.00 | tau-mean-last=+1.00 | tau-LogN=+1.00 | tau-median=+1.00
evaluated=1 | not-evaluated=5
DEBUG: subset-max-norm=10.522819261469301 | norm-max=12.13941703508117
DEBUG: subset_idx.size=16
DEBUG: tau-train-ens=1.0
DEBUG: tau-archive=1.0 | std(means)=1.21e-01 | mean(stds)=1.84e+00 | std(means)/mean(stds)=  0.07 | stds=[1.3651489 1.2335224 3.3875718 1.0234284 2.4677038 1.5411506]
eval=1 | not-eval=5 | tau= 0.97 | n_kendall=12
DEBUG: delta_f=5.16e-03
DEBUG: tau-population= 1.00 | tau-pop-final= 0.87 | final-target-hit=False
DEBUG: tau-mean-first=+1.00 | tau-mean-last=+0.87 | tau-LogN=+0.87 | tau-median=+1.00
evaluated=1 | not-evaluated=5
DEBUG: subset-max-norm=10.947341869930387 | norm-max=12.13941703508117
DEBUG: subset_idx.size=13
DEBUG: tau-train-ens=1.0
DEBUG: tau-archive=1.0 | std(means)=7.73e-03 | mean(stds)=1.25e+00 | std(means)/mean(stds)=  0.01 | stds=[1.2353508 1.3541417 1.2382177 1.1019578 1.1165242 1.4283661]
eval=1 | not-eval=5 | tau= 1.00 | n_kendall=12
DEBUG: delta_f=5.16e-03
DEBUG: tau-population= 0.87 | tau-pop-final= 0.73 | final-target-hit=False
DEBUG: tau-mean-first=+0.87 | tau-mean-last=+0.87 | tau-LogN=+0.87 | tau-median=+0.87
evaluated=1 | not-evaluated=5
DEBUG: subset-max-norm=9.872854538906449 | norm-max=12.13941703508117
DEBUG: subset_idx.size=12
DEBUG: tau-train-ens=1.0
DEBUG: tau-archive=0.8909090909090909 | std(means)=9.97e-03 | mean(stds)=1.43e+00 | std(means)/mean(stds)=  0.01 | stds=[1.2068001 3.0735114 1.1356473 1.0296504 1.127528  1.0174639]
eval=1 | not-eval=5 | tau= 0.91 | n_kendall=12
DEBUG: delta_f=5.16e-03
DEBUG: tau-population= 0.87 | tau-pop-final= 1.00 | final-target-hit=False
DEBUG: tau-mean-first=+0.87 | tau-mean-last=+0.87 | tau-LogN=+0.87 | tau-median=+0.87
evaluated=1 | not-evaluated=5
DEBUG: subset-max-norm=8.932271157754633 | norm-max=12.13941703508117
DEBUG: subset_idx.size=13
DEBUG: tau-train-ens=1.0
DEBUG: tau-archive=0.8909090909090909 | std(means)=6.80e-03 | mean(stds)=1.15e+00 | std(means)/mean(stds)=  0.01 | stds=[1.242138  1.0674785 1.352771  1.1294427 1.0504693 1.0480878]
eval=1 | not-eval=5 | tau= 0.91 | n_kendall=12
DEBUG: delta_f=5.16e-03
DEBUG: tau-population= 0.87 | tau-pop-final= 0.87 | final-target-hit=False
DEBUG: tau-mean-first=+0.87 | tau-mean-last=+0.87 | tau-LogN=+0.87 | tau-median=+0.87
evaluated=1 | not-evaluated=5
DEBUG: subset-max-norm=10.673487249401505 | norm-max=12.13941703508117
DEBUG: subset_idx.size=17
DEBUG: tau-train-ens=1.0
DEBUG: tau-archive=1.0 | std(means)=5.49e-03 | mean(stds)=1.11e+00 | std(means)/mean(stds)=  0.00 | stds=[1.0407839 1.0096865 1.1580578 1.0133232 1.1969742 1.2563837]
eval=1 | not-eval=5 | tau= 0.97 | n_kendall=12
DEBUG: delta_f=4.00e-03
DEBUG: tau-population= 0.87 | tau-pop-final= 0.73 | final-target-hit=False
DEBUG: tau-mean-first=+0.87 | tau-mean-last=+0.87 | tau-LogN=+0.87 | tau-median=+0.73
evaluated=1 | not-evaluated=5
DEBUG: subset-max-norm=10.276673236513858 | norm-max=12.13941703508117
DEBUG: subset_idx.size=16
DEBUG: tau-train-ens=1.0
DEBUG: tau-archive=1.0 | std(means)=6.74e-03 | mean(stds)=1.12e+00 | std(means)/mean(stds)=  0.01 | stds=[1.0283437 1.0313311 1.1907641 1.099925  1.107102  1.2506182]
eval=1 | not-eval=5 | tau= 1.00 | n_kendall=12
DEBUG: delta_f=2.31e-03
DEBUG: tau-population= 0.87 | tau-pop-final= 0.87 | final-target-hit=False
DEBUG: tau-mean-first=+0.87 | tau-mean-last=+0.87 | tau-LogN=+0.87 | tau-median=+0.87
evaluated=1 | not-evaluated=5
DEBUG: subset-max-norm=11.054799619189309 | norm-max=12.13941703508117
DEBUG: subset_idx.size=19
DEBUG: tau-train-ens=1.0
DEBUG: tau-archive=1.0 | std(means)=7.76e-03 | mean(stds)=1.08e+00 | std(means)/mean(stds)=  0.01 | stds=[1.0440222 1.0720391 1.2297739 1.0194992 1.0701544 1.0371194]
eval=1 | not-eval=5 | tau= 1.00 | n_kendall=12
DEBUG: delta_f=1.11e-04
DEBUG: tau-population= 1.00 | tau-pop-final= 0.87 | final-target-hit=False
DEBUG: tau-mean-first=+1.00 | tau-mean-last=+1.00 | tau-LogN=+1.00 | tau-median=+1.00
evaluated=1 | not-evaluated=5
DEBUG: subset-max-norm=11.52499090477602 | norm-max=12.13941703508117
DEBUG: subset_idx.size=20
DEBUG: tau-train-ens=1.0
DEBUG: tau-archive=1.0 | std(means)=3.10e-03 | mean(stds)=1.13e+00 | std(means)/mean(stds)=  0.00 | stds=[1.5129313 1.0344846 1.0978817 1.0106248 1.1277543 1.0065408]
eval=1 | not-eval=5 | tau= 0.94 | n_kendall=12
DEBUG: delta_f=1.11e-04
DEBUG: tau-population= 0.47 | tau-pop-final= 0.47 | final-target-hit=False
DEBUG: tau-mean-first=+0.47 | tau-mean-last=+0.73 | tau-LogN=+0.73 | tau-median=+0.73
evaluated=1 | not-evaluated=5
DEBUG: subset-max-norm=11.604669840222597 | norm-max=12.13941703508117
DEBUG: subset_idx.size=27
DEBUG: tau-train-ens=1.0
DEBUG: tau-archive=1.0 | std(means)=1.13e-02 | mean(stds)=1.10e+00 | std(means)/mean(stds)=  0.01 | stds=[1.1054795 1.1928498 1.0139204 1.1363617 1.1208686 1.0381477]
eval=1 | not-eval=5 | tau= 1.00 | n_kendall=12
DEBUG: delta_f=1.11e-04
DEBUG: tau-population= 1.00 | tau-pop-final= 1.00 | final-target-hit=False
DEBUG: tau-mean-first=+1.00 | tau-mean-last=+1.00 | tau-LogN=+1.00 | tau-median=+1.00
evaluated=1 | not-evaluated=5
DEBUG: subset-max-norm=10.595886138451998 | norm-max=12.13941703508117
DEBUG: subset_idx.size=25
DEBUG: tau-train-ens=1.0
DEBUG: tau-archive=1.0 | std(means)=4.24e-03 | mean(stds)=1.11e+00 | std(means)/mean(stds)=  0.00 | stds=[1.1143566 1.0841458 1.0540705 1.1610687 1.1389542 1.1362273]
eval=1 | not-eval=5 | tau= 1.00 | n_kendall=12
DEBUG: delta_f=1.11e-04
DEBUG: tau-population= 1.00 | tau-pop-final= 1.00 | final-target-hit=False
DEBUG: tau-mean-first=+1.00 | tau-mean-last=+1.00 | tau-LogN=+1.00 | tau-median=+0.87
evaluated=1 | not-evaluated=5
DEBUG: subset-max-norm=10.827330222433467 | norm-max=12.13941703508117
DEBUG: subset_idx.size=21
DEBUG: tau-train-ens=0.9636363636363636
DEBUG: tau-archive=0.9636363636363636 | std(means)=7.12e-04 | mean(stds)=1.27e+00 | std(means)/mean(stds)=  0.00 | stds=[1.3495516 1.0863413 1.0475574 1.0416676 1.4366515 1.670857 ]
eval=1 | not-eval=5 | tau= 0.97 | n_kendall=12
DEBUG: delta_f=1.11e-04
DEBUG: tau-population= 0.60 | tau-pop-final= 0.60 | final-target-hit=False
DEBUG: tau-mean-first=+0.60 | tau-mean-last=+0.73 | tau-LogN=+0.73 | tau-median=+0.73
evaluated=1 | not-evaluated=5
DEBUG: subset-max-norm=8.766713130238095 | norm-max=12.13941703508117
DEBUG: subset_idx.size=20
DEBUG: tau-train-ens=1.0
DEBUG: tau-archive=1.0 | std(means)=1.48e-03 | mean(stds)=1.40e+00 | std(means)/mean(stds)=  0.00 | stds=[1.057824  1.623883  1.6233763 1.360439  1.1059443 1.6164558]
eval=1 | not-eval=5 | tau= 0.94 | n_kendall=12
DEBUG: delta_f=1.11e-04
DEBUG: tau-population= 0.60 | tau-pop-final= 0.60 | final-target-hit=False
DEBUG: tau-mean-first=+0.60 | tau-mean-last=+0.60 | tau-LogN=+0.60 | tau-median=+0.60
evaluated=1 | not-evaluated=5
DEBUG: subset-max-norm=9.738674965293407 | norm-max=12.13941703508117
DEBUG: subset_idx.size=21
DEBUG: tau-train-ens=1.0
DEBUG: tau-archive=1.0 | std(means)=2.17e-03 | mean(stds)=1.48e+00 | std(means)/mean(stds)=  0.00 | stds=[1.2977195 2.239504  1.2689321 1.4626814 1.2304453 1.3810673]
eval=1 | not-eval=5 | tau= 0.99 | n_kendall=12
DEBUG: delta_f=1.11e-04
DEBUG: tau-population= 1.00 | tau-pop-final= 0.87 | final-target-hit=False
DEBUG: tau-mean-first=+1.00 | tau-mean-last=+1.00 | tau-LogN=+1.00 | tau-median=+1.00
evaluated=1 | not-evaluated=5
DEBUG: subset-max-norm=11.952490677332776 | norm-max=12.13941703508117
DEBUG: subset_idx.size=21
DEBUG: tau-train-ens=1.0
DEBUG: tau-archive=1.0 | std(means)=8.14e-04 | mean(stds)=1.20e+00 | std(means)/mean(stds)=  0.00 | stds=[1.0358754 1.3063015 1.1286448 1.0183856 1.5676562 1.1219392]
eval=1 | not-eval=5 | tau= 0.96 | n_kendall=12
DEBUG: delta_f=1.11e-04
DEBUG: tau-population= 0.73 | tau-pop-final= 0.73 | final-target-hit=False
DEBUG: tau-mean-first=+0.73 | tau-mean-last=+0.73 | tau-LogN=+0.73 | tau-median=+0.73
evaluated=1 | not-evaluated=5
DEBUG: subset-max-norm=6.372996592264606 | norm-max=12.13941703508117
DEBUG: subset_idx.size=21
DEBUG: tau-train-ens=1.0
DEBUG: tau-archive=1.0 | std(means)=2.54e-03 | mean(stds)=1.44e+00 | std(means)/mean(stds)=  0.00 | stds=[1.4058841 1.4189793 2.0641544 1.494339  1.0394222 1.1907717]
eval=1 | not-eval=5 | tau= 0.94 | n_kendall=12
DEBUG: delta_f=1.06e-04
DEBUG: tau-population= 1.00 | tau-pop-final= 1.00 | final-target-hit=False
DEBUG: tau-mean-first=+1.00 | tau-mean-last=+0.87 | tau-LogN=+0.87 | tau-median=+1.00
evaluated=1 | not-evaluated=5
DEBUG: subset-max-norm=10.419350234944142 | norm-max=12.13941703508117
DEBUG: subset_idx.size=22
DEBUG: tau-train-ens=1.0
DEBUG: tau-archive=0.9908673886137245 | std(means)=4.41e-03 | mean(stds)=2.48e+00 | std(means)/mean(stds)=  0.00 | stds=[1.4331274 3.3012564 5.9504366 1.327457  1.2611549 1.6012547]
eval=1 | not-eval=5 | tau= 0.98 | n_kendall=12
DEBUG: delta_f=7.41e-05
DEBUG: tau-population= 0.55 | tau-pop-final= 0.55 | final-target-hit=False
DEBUG: tau-mean-first=+0.55 | tau-mean-last=+0.55 | tau-LogN=+0.55 | tau-median=+0.55
evaluated=1 | not-evaluated=5
DEBUG: subset-max-norm=11.166360228515648 | norm-max=12.13941703508117
DEBUG: subset_idx.size=23
DEBUG: tau-train-ens=1.0
DEBUG: tau-archive=1.0 | std(means)=1.18e-03 | mean(stds)=1.29e+00 | std(means)/mean(stds)=  0.00 | stds=[1.1148685 1.2410238 1.1574373 1.3500828 1.4690442 1.3801328]
eval=1 | not-eval=5 | tau= 1.00 | n_kendall=12
DEBUG: delta_f=8.16e-06
DEBUG: tau-population= 0.87 | tau-pop-final= 0.87 | final-target-hit=False
DEBUG: tau-mean-first=+0.87 | tau-mean-last=+0.87 | tau-LogN=+0.87 | tau-median=+0.87
evaluated=1 | not-evaluated=5
DEBUG: subset-max-norm=11.6672768173173 | norm-max=12.13941703508117
DEBUG: subset_idx.size=21
DEBUG: tau-train-ens=1.0
DEBUG: tau-archive=0.9908673886137245 | std(means)=8.49e-05 | mean(stds)=1.09e+00 | std(means)/mean(stds)=  0.00 | stds=[1.0334483 1.0423763 1.1112533 1.0720894 1.0398905 1.242031 ]
eval=1 | not-eval=5 | tau= 0.99 | n_kendall=12
DEBUG: delta_f=8.16e-06
DEBUG: tau-population= 1.00 | tau-pop-final= 0.87 | final-target-hit=False
DEBUG: tau-mean-first=+1.00 | tau-mean-last=+1.00 | tau-LogN=+1.00 | tau-median=+0.87
evaluated=1 | not-evaluated=5
DEBUG: subset-max-norm=11.338060032498282 | norm-max=12.13941703508117
DEBUG: subset_idx.size=19
DEBUG: tau-train-ens=1.0
DEBUG: tau-archive=1.0 | std(means)=7.99e-05 | mean(stds)=1.16e+00 | std(means)/mean(stds)=  0.00 | stds=[1.0746819 1.0924003 1.3604593 1.3148481 1.0416613 1.050666 ]
eval=1 | not-eval=5 | tau= 0.99 | n_kendall=12
DEBUG: delta_f=7.15e-06
DEBUG: tau-population= 0.83 | tau-pop-final= 0.55 | final-target-hit=False
DEBUG: tau-mean-first=+0.83 | tau-mean-last=+0.83 | tau-LogN=+0.83 | tau-median=+0.83
evaluated=1 | not-evaluated=5
DEBUG: subset-max-norm=11.851791550922552 | norm-max=12.13941703508117
DEBUG: subset_idx.size=15
DEBUG: tau-train-ens=1.0
DEBUG: tau-archive=0.9908673886137245 | std(means)=2.45e-05 | mean(stds)=1.59e+00 | std(means)/mean(stds)=  0.00 | stds=[1.0606577 2.2981157 1.5321978 1.2841989 1.2526898 2.0866737]
eval=1 | not-eval=5 | tau= 0.85 | n_kendall=12
DEBUG: delta_f=7.15e-06
DEBUG: tau-population= 0.15 | tau-pop-final= 0.28 | final-target-hit=False
DEBUG: tau-mean-first=+0.15 | tau-mean-last=+0.28 | tau-LogN=+0.15 | tau-median=+0.15
evaluated=1 | not-evaluated=5
DEBUG: subset-max-norm=11.6429928015136 | norm-max=12.13941703508117
DEBUG: subset_idx.size=17
DEBUG: tau-train-ens=1.0
DEBUG: tau-archive=0.9908673886137245 | std(means)=2.03e-04 | mean(stds)=1.45e+00 | std(means)/mean(stds)=  0.00 | stds=[1.3487269 1.5715901 1.1986463 2.2139492 1.1481688 1.2256979]
eval=1 | not-eval=5 | tau= 0.93 | n_kendall=12
DEBUG: delta_f=7.15e-06
DEBUG: tau-population= 0.60 | tau-pop-final= 0.60 | final-target-hit=False
DEBUG: tau-mean-first=+0.60 | tau-mean-last=+0.60 | tau-LogN=+0.60 | tau-median=+0.60
evaluated=1 | not-evaluated=5
DEBUG: subset-max-norm=12.036192515142178 | norm-max=12.13941703508117
DEBUG: subset_idx.size=22
DEBUG: tau-train-ens=1.0
DEBUG: tau-archive=0.9816498172140428 | std(means)=1.87e-04 | mean(stds)=1.20e+00 | std(means)/mean(stds)=  0.00 | stds=[1.0418448 1.1847858 1.0644565 1.5501637 1.2014432 1.1809797]
eval=1 | not-eval=5 | tau= 0.98 | n_kendall=12
DEBUG: delta_f=7.15e-06
DEBUG: tau-population= 0.87 | tau-pop-final= 0.73 | final-target-hit=False
DEBUG: tau-mean-first=+0.87 | tau-mean-last=+0.87 | tau-LogN=+0.87 | tau-median=+0.97
evaluated=1 | not-evaluated=5
DEBUG: subset-max-norm=8.665884843524353 | norm-max=12.13941703508117
DEBUG: subset_idx.size=18
DEBUG: tau-train-ens=1.0
DEBUG: tau-archive=0.9816498172140428 | std(means)=8.05e-05 | mean(stds)=2.06e+00 | std(means)/mean(stds)=  0.00 | stds=[1.2914873 1.5350662 1.5833658 4.2538586 1.8729843 1.7984728]
eval=1 | not-eval=5 | tau= 0.98 | n_kendall=12
DEBUG: delta_f=7.15e-06
DEBUG: tau-population= 0.55 | tau-pop-final= 0.41 | final-target-hit=False
DEBUG: tau-mean-first=+0.55 | tau-mean-last=+0.87 | tau-LogN=+0.87 | tau-median=+0.47
evaluated=1 | not-evaluated=5
DEBUG: subset-max-norm=10.32160204528152 | norm-max=12.13941703508117
DEBUG: subset_idx.size=19
DEBUG: tau-train-ens=1.0
DEBUG: tau-archive=0.9816498172140428 | std(means)=6.35e-05 | mean(stds)=1.49e+00 | std(means)/mean(stds)=  0.00 | stds=[1.1779978 1.4007293 1.8317083 1.3734993 1.5391327 1.6044445]
eval=1 | not-eval=5 | tau= 0.97 | n_kendall=12
DEBUG: delta_f=7.15e-06
DEBUG: tau-population= 0.73 | tau-pop-final= 0.87 | final-target-hit=False
DEBUG: tau-mean-first=+0.73 | tau-mean-last=+0.73 | tau-LogN=+0.60 | tau-median=+0.28
evaluated=1 | not-evaluated=5
DEBUG: subset-max-norm=8.11926104239672 | norm-max=12.13941703508117
DEBUG: subset_idx.size=19
DEBUG: tau-train-ens=0.9272727272727274
DEBUG: tau-archive=0.9446064278852111 | std(means)=9.08e-05 | mean(stds)=1.26e+00 | std(means)/mean(stds)=  0.00 | stds=[1.099139  1.1512144 1.1471831 1.5856351 1.2478362 1.3446351]
eval=1 | not-eval=5 | tau= 0.91 | n_kendall=12
DEBUG: delta_f=7.15e-06
DEBUG: tau-population= 0.73 | tau-pop-final= 0.73 | final-target-hit=False
DEBUG: tau-mean-first=+0.73 | tau-mean-last=+0.79 | tau-LogN=+0.60 | tau-median=+0.87
evaluated=1 | not-evaluated=5
DEBUG: subset-max-norm=9.060337682446276 | norm-max=12.13941703508117
DEBUG: subset_idx.size=20
DEBUG: tau-train-ens=1.0
DEBUG: tau-archive=0.9723448696087954 | std(means)=3.33e-05 | mean(stds)=1.09e+00 | std(means)/mean(stds)=  0.00 | stds=[1.087134  1.2803067 1.0333638 1.0652207 1.0528336 1.0352081]
eval=1 | not-eval=5 | tau= 0.95 | n_kendall=12
DEBUG: delta_f=7.15e-06
DEBUG: tau-population= 0.73 | tau-pop-final= 0.60 | final-target-hit=False
DEBUG: tau-mean-first=+0.73 | tau-mean-last=+0.69 | tau-LogN=+0.69 | tau-median=+0.60
evaluated=1 | not-evaluated=5
DEBUG: subset-max-norm=9.566193296412765 | norm-max=12.13941703508117
DEBUG: subset_idx.size=21
DEBUG: tau-train-ens=1.0
DEBUG: tau-archive=0.9816498172140428 | std(means)=1.39e-04 | mean(stds)=1.39e+00 | std(means)/mean(stds)=  0.00 | stds=[1.7808595 1.133527  1.2398658 1.5472369 1.5632133 1.0678371]
eval=1 | not-eval=5 | tau= 0.98 | n_kendall=12
DEBUG: delta_f=7.15e-06
DEBUG: tau-population= 1.00 | tau-pop-final= 0.87 | final-target-hit=False
DEBUG: tau-mean-first=+1.00 | tau-mean-last=+0.97 | tau-LogN=+0.97 | tau-median=+1.00
evaluated=1 | not-evaluated=5
DEBUG: subset-max-norm=11.392901231527913 | norm-max=12.13941703508117
DEBUG: subset_idx.size=21
DEBUG: tau-train-ens=1.0
DEBUG: tau-archive=0.9816498172140428 | std(means)=6.46e-05 | mean(stds)=1.11e+00 | std(means)/mean(stds)=  0.00 | stds=[1.0795029 1.0721595 1.3744212 1.0411285 1.0556284 1.0220068]
eval=1 | not-eval=5 | tau= 0.97 | n_kendall=12
DEBUG: delta_f=5.82e-06
DEBUG: tau-population= 0.97 | tau-pop-final= 0.69 | final-target-hit=False
DEBUG: tau-mean-first=+0.97 | tau-mean-last=+0.97 | tau-LogN=+0.97 | tau-median=+0.97
evaluated=1 | not-evaluated=5
DEBUG: subset-max-norm=11.17326489652952 | norm-max=12.13941703508117
DEBUG: subset_idx.size=21
DEBUG: tau-train-ens=1.0
DEBUG: tau-archive=0.9723448696087954 | std(means)=2.41e-05 | mean(stds)=1.12e+00 | std(means)/mean(stds)=  0.00 | stds=[1.0693443 1.0355625 1.1725274 1.2024808 1.1470978 1.0898387]
eval=1 | not-eval=5 | tau= 0.96 | n_kendall=12
DEBUG: delta_f=5.82e-06
DEBUG: tau-population= 0.93 | tau-pop-final= 0.97 | final-target-hit=False
DEBUG: tau-mean-first=+0.93 | tau-mean-last=+0.93 | tau-LogN=+0.93 | tau-median=+0.97
evaluated=1 | not-evaluated=5
DEBUG: subset-max-norm=10.41714356578953 | norm-max=12.13941703508117
DEBUG: subset_idx.size=22
DEBUG: tau-train-ens=1.0
DEBUG: tau-archive=0.9534625892455924 | std(means)=1.17e-05 | mean(stds)=1.34e+00 | std(means)/mean(stds)=  0.00 | stds=[1.1284052 1.3783505 1.31963   1.7230927 1.21057   1.2657567]
eval=1 | not-eval=5 | tau= 0.94 | n_kendall=12
DEBUG: delta_f=5.72e-06
DEBUG: tau-population= 0.86 | tau-pop-final= 0.54 | final-target-hit=False
DEBUG: tau-mean-first=+0.86 | tau-mean-last=+0.89 | tau-LogN=+0.97 | tau-median=+0.89
evaluated=1 | not-evaluated=5
DEBUG: subset-max-norm=10.554779736855632 | norm-max=12.13941703508117
DEBUG: subset_idx.size=23
DEBUG: tau-train-ens=0.9636363636363636
DEBUG: tau-archive=0.9534625892455924 | std(means)=2.55e-05 | mean(stds)=1.78e+00 | std(means)/mean(stds)=  0.00 | stds=[1.2291785 1.1688771 3.525675  1.6349238 1.2191427 1.9192115]
eval=1 | not-eval=5 | tau= 0.96 | n_kendall=12
DEBUG: delta_f=5.72e-06
DEBUG: tau-population= 0.87 | tau-pop-final= 0.73 | final-target-hit=False
DEBUG: tau-mean-first=+0.87 | tau-mean-last=+0.60 | tau-LogN=+0.69 | tau-median=+0.83
evaluated=1 | not-evaluated=5
DEBUG: subset-max-norm=9.831463008865462 | norm-max=12.13941703508117
DEBUG: subset_idx.size=22
DEBUG: tau-train-ens=0.9636363636363636
DEBUG: tau-archive=0.9534625892455924 | std(means)=5.05e-05 | mean(stds)=1.63e+00 | std(means)/mean(stds)=  0.00 | stds=[1.0458658 2.707467  1.3137089 2.095664  1.5077715 1.1394103]
eval=1 | not-eval=5 | tau= 0.94 | n_kendall=12
DEBUG: delta_f=5.72e-06
DEBUG: tau-population= 0.93 | tau-pop-final= 0.83 | final-target-hit=False
DEBUG: tau-mean-first=+0.93 | tau-mean-last=+0.89 | tau-LogN=+0.83 | tau-median=+0.93
evaluated=1 | not-evaluated=5
DEBUG: subset-max-norm=10.19148204951103 | norm-max=12.13941703508117
DEBUG: subset_idx.size=24
DEBUG: tau-train-ens=0.9636363636363636
DEBUG: tau-archive=0.9341987329938276 | std(means)=9.85e-06 | mean(stds)=1.23e+00 | std(means)/mean(stds)=  0.00 | stds=[1.1261195 1.0913786 1.4134607 1.3677526 1.2363435 1.1491191]
eval=1 | not-eval=5 | tau= 0.91 | n_kendall=12
DEBUG: delta_f=3.34e-06
DEBUG: tau-population= 0.83 | tau-pop-final= 0.83 | final-target-hit=False
DEBUG: tau-mean-first=+0.83 | tau-mean-last=+0.79 | tau-LogN=+0.83 | tau-median=+0.83
evaluated=1 | not-evaluated=5
DEBUG: subset-max-norm=11.003609193293146 | norm-max=12.13941703508117
DEBUG: subset_idx.size=23
DEBUG: tau-train-ens=1.0
DEBUG: tau-archive=0.9438798074485389 | std(means)=3.52e-05 | mean(stds)=1.10e+00 | std(means)/mean(stds)=  0.00 | stds=[1.1546113 1.0166228 1.2408276 1.0263363 1.1468968 1.0193803]
eval=1 | not-eval=5 | tau= 0.93 | n_kendall=12
DEBUG: delta_f=1.67e-06
DEBUG: tau-population= 0.89 | tau-pop-final= 0.89 | final-target-hit=False
DEBUG: tau-mean-first=+0.89 | tau-mean-last=+0.89 | tau-LogN=+0.89 | tau-median=+0.89
evaluated=1 | not-evaluated=5
DEBUG: subset-max-norm=11.048095348116654 | norm-max=12.13941703508117
DEBUG: subset_idx.size=25
DEBUG: tau-train-ens=1.0
DEBUG: tau-archive=0.894427190999916 | std(means)=5.39e-06 | mean(stds)=1.04e+00 | std(means)/mean(stds)=  0.00 | stds=[1.020971  1.0348749 1.006631  1.12816   1.0063064 1.0675793]
eval=1 | not-eval=5 | tau= 0.90 | n_kendall=12
DEBUG: delta_f=1.67e-06
DEBUG: tau-population= 0.77 | tau-pop-final= 0.70 | final-target-hit=False
DEBUG: tau-mean-first=+0.77 | tau-mean-last=+0.77 | tau-LogN=+0.77 | tau-median=+0.77
evaluated=1 | not-evaluated=5
DEBUG: subset-max-norm=11.353027754726268 | norm-max=12.13941703508117
DEBUG: subset_idx.size=23
DEBUG: tau-train-ens=1.0
DEBUG: tau-archive=0.8738628975053029 | std(means)=4.40e-06 | mean(stds)=1.08e+00 | std(means)/mean(stds)=  0.00 | stds=[1.1644028 1.158314  1.0411755 1.023138  1.0400963 1.0266179]
eval=1 | not-eval=5 | tau= 0.87 | n_kendall=12
DEBUG: delta_f=8.56e-07
DEBUG: tau-population= 0.77 | tau-pop-final= 0.77 | final-target-hit=False
DEBUG: tau-mean-first=+0.77 | tau-mean-last=+0.58 | tau-LogN=+0.77 | tau-median=+0.77
evaluated=1 | not-evaluated=5
DEBUG: subset-max-norm=11.437542409581663 | norm-max=12.13941703508117
DEBUG: subset_idx.size=25
DEBUG: tau-train-ens=1.0
DEBUG: tau-archive=0.8420753583206845 | std(means)=0.00e+00 | mean(stds)=1.14e+00 | std(means)/mean(stds)=  0.00 | stds=[1.082951  1.2976866 1.3833998 1.0366908 1.0412266 1.0091852]
eval=6 | not-eval=0 | tau=  nan | n_kendall=12
DEBUG: delta_f=1.81e-07
DEBUG: tau-population=  nan | tau-pop-final= 1.00 | final-target-hit=False
DEBUG: tau-mean-first= +nan | tau-mean-last= +nan | tau-LogN= +nan | tau-median= +nan
evaluated=6 | not-evaluated=0
DEBUG: subset-max-norm=11.634688033819206 | norm-max=12.13941703508117
DEBUG: subset_idx.size=32
DEBUG: tau-train-ens=0.9636363636363636
DEBUG: tau-archive=0.42640143271122083 | std(means)=5.39e-06 | mean(stds)=1.21e+00 | std(means)/mean(stds)=  0.00 | stds=[1.0731248 1.9479644 1.0973747 1.076718  1.0714054 1.0080986]
eval=6 | not-eval=0 | tau= 0.68 | n_kendall=12
DEBUG: delta_f=1.81e-07
DEBUG: tau-population= 0.77 | tau-pop-final= 1.00 | final-target-hit=False
DEBUG: tau-mean-first=+0.77 | tau-mean-last=+0.77 | tau-LogN=+0.77 | tau-median=+0.77
evaluated=6 | not-evaluated=0
DEBUG: subset-max-norm=11.275011998919013 | norm-max=12.13941703508117
DEBUG: subset_idx.size=37
DEBUG: tau-train-ens=0.9636363636363636
DEBUG: tau-archive=0.6605782590758165 | std(means)=6.23e-06 | mean(stds)=1.14e+00 | std(means)/mean(stds)=  0.00 | stds=[1.0284593 1.0495297 1.4083959 1.2450725 1.0164692 1.0725528]
eval=6 | not-eval=0 | tau= 0.77 | n_kendall=12
DEBUG: delta_f=1.81e-07
DEBUG: tau-population= 0.86 | tau-pop-final= 1.00 | final-target-hit=False
DEBUG: tau-mean-first=+0.86 | tau-mean-last=+0.86 | tau-LogN=+0.86 | tau-median=+0.86
evaluated=6 | not-evaluated=0
DEBUG: subset-max-norm=8.987891995373971 | norm-max=12.13941703508117
DEBUG: subset_idx.size=40
DEBUG: tau-train-ens=0.9636363636363636
DEBUG: tau-archive=0.7862453931068963 | std(means)=3.11e-06 | mean(stds)=1.13e+00 | std(means)/mean(stds)=  0.00 | stds=[1.078923  1.0907714 1.0207363 1.1681993 1.1522714 1.2969422]
eval=6 | not-eval=0 | tau= 0.60 | n_kendall=12
DEBUG: delta_f=1.81e-07
DEBUG: tau-population= 0.58 | tau-pop-final= 1.00 | final-target-hit=False
DEBUG: tau-mean-first=+0.58 | tau-mean-last=+0.58 | tau-LogN=+0.58 | tau-median=+0.58
evaluated=6 | not-evaluated=0
DEBUG: subset-max-norm=6.351396357111009 | norm-max=12.13941703508117
DEBUG: subset_idx.size=40
DEBUG: tau-train-ens=0.9636363636363636
DEBUG: tau-archive=0.6605782590758165 | std(means)=3.11e-06 | mean(stds)=1.08e+00 | std(means)/mean(stds)=  0.00 | stds=[1.082413  1.0777029 1.1621722 1.036726  1.0278944 1.0822856]
eval=6 | not-eval=0 | tau= 0.45 | n_kendall=12
DEBUG: delta_f=1.81e-07
DEBUG: tau-population= 0.58 | tau-pop-final= 1.00 | final-target-hit=False
DEBUG: tau-mean-first=+0.58 | tau-mean-last=+0.58 | tau-LogN=+0.58 | tau-median=+0.58
evaluated=6 | not-evaluated=0
DEBUG: subset-max-norm=3.8367039773650875 | norm-max=12.13941703508117
DEBUG: subset_idx.size=40
DEBUG: tau-train-ens=1.0
DEBUG: tau-archive=0.42640143271122083 | std(means)=6.96e-06 | mean(stds)=1.07e+00 | std(means)/mean(stds)=  0.00 | stds=[1.0524923 1.0524758 1.039604  1.2006147 1.0181735 1.0422121]
eval=6 | not-eval=0 | tau= 0.45 | n_kendall=12
DEBUG: delta_f=1.81e-07
DEBUG: tau-population= 0.58 | tau-pop-final= 1.00 | final-target-hit=False
DEBUG: tau-mean-first=+0.58 | tau-mean-last=+0.58 | tau-LogN=+0.58 | tau-median=+0.58
evaluated=6 | not-evaluated=0
DEBUG: subset-max-norm=3.391467511215466 | norm-max=12.13941703508117
DEBUG: subset_idx.size=40
DEBUG: tau-train-ens=1.0
DEBUG: tau-archive=0.42640143271122083 | std(means)=0.00e+00 | mean(stds)=1.09e+00 | std(means)/mean(stds)=  0.00 | stds=[1.0476869 1.072613  1.079027  1.0538062 1.1042614 1.1533461]
eval=6 | not-eval=0 | tau=  nan | n_kendall=12
DEBUG: delta_f=8.27e-08
DEBUG: tau-population=  nan | tau-pop-final= 1.00 | final-target-hit=False
DEBUG: tau-mean-first= +nan | tau-mean-last= +nan | tau-LogN= +nan | tau-median= +nan
evaluated=6 | not-evaluated=0
DEBUG: subset-max-norm=3.42345543021764 | norm-max=12.13941703508117
DEBUG: subset_idx.size=40
DEBUG: tau-train-ens=1.0
DEBUG: tau-archive=nan | std(means)=0.00e+00 | mean(stds)=1.05e+00 | std(means)/mean(stds)=  0.00 | stds=[1.0096732 1.0287522 1.0387741 1.0224842 1.0925863 1.1036382]
eval=6 | not-eval=0 | tau=  nan | n_kendall=12
DEBUG: delta_f=4.03e-08
DEBUG: tau-population=  nan | tau-pop-final= 1.00 | final-target-hit=False
DEBUG: tau-mean-first= +nan | tau-mean-last= +nan | tau-LogN= +nan | tau-median= +nan
evaluated=6 | not-evaluated=0
DEBUG: subset-max-norm=5.505383681161668 | norm-max=12.13941703508117
DEBUG: subset_idx.size=40
DEBUG: tau-train-ens=1.0
DEBUG: tau-archive=nan | std(means)=0.00e+00 | mean(stds)=1.16e+00 | std(means)/mean(stds)=  0.00 | stds=[1.0187216 1.0242627 1.2884407 1.1854333 1.0244074 1.3975785]
eval=6 | not-eval=0 | tau=  nan | n_kendall=12
DEBUG: delta_f=4.03e-08
DEBUG: tau-population=  nan | tau-pop-final= 1.00 | final-target-hit=False
DEBUG: tau-mean-first= +nan | tau-mean-last= +nan | tau-LogN= +nan | tau-median= +nan
evaluated=6 | not-evaluated=0
DEBUG: subset-max-norm=6.865554378959106 | norm-max=12.13941703508117
DEBUG: subset_idx.size=40
DEBUG: tau-train-ens=1.0
DEBUG: tau-archive=nan | std(means)=0.00e+00 | mean(stds)=1.06e+00 | std(means)/mean(stds)=  0.00 | stds=[1.051541  1.1461736 1.0178533 1.0464246 1.0879003 1.0367457]
eval=6 | not-eval=0 | tau=  nan | n_kendall=12
DEBUG: delta_f=4.03e-08
DEBUG: tau-population=  nan | tau-pop-final= 1.00 | final-target-hit=False
DEBUG: tau-mean-first= +nan | tau-mean-last= +nan | tau-LogN= +nan | tau-median= +nan
evaluated=6 | not-evaluated=0
DEBUG: subset-max-norm=8.399224240194535 | norm-max=12.13941703508117
DEBUG: subset_idx.size=40
DEBUG: tau-train-ens=1.0
DEBUG: tau-archive=nan | std(means)=0.00e+00 | mean(stds)=1.16e+00 | std(means)/mean(stds)=  0.00 | stds=[1.11009   1.0658932 1.1117116 1.126659  1.1263363 1.4099803]
eval=6 | not-eval=0 | tau=  nan | n_kendall=12
DEBUG: delta_f=1.96e-08
DEBUG: tau-population=  nan | tau-pop-final= 1.00 | final-target-hit=False
DEBUG: tau-mean-first= +nan | tau-mean-last= +nan | tau-LogN= +nan | tau-median= +nan
evaluated=6 | not-evaluated=0
DEBUG: subset-max-norm=6.842692254659352 | norm-max=12.13941703508117
DEBUG: subset_idx.size=40
DEBUG: tau-train-ens=1.0
DEBUG: tau-archive=nan | std(means)=0.00e+00 | mean(stds)=1.07e+00 | std(means)/mean(stds)=  0.00 | stds=[1.2173891 1.0058312 1.0705631 1.0400375 1.0538597 1.0096902]
eval=6 | not-eval=0 | tau=  nan | n_kendall=12
DEBUG: delta_f=1.61e-08
DEBUG: tau-population=  nan | tau-pop-final= 1.00 | final-target-hit=False
DEBUG: tau-mean-first= +nan | tau-mean-last= +nan | tau-LogN= +nan | tau-median= +nan
evaluated=6 | not-evaluated=0
DEBUG: subset-max-norm=7.136029644412405 | norm-max=12.13941703508117
DEBUG: subset_idx.size=40
DEBUG: tau-train-ens=1.0
DEBUG: tau-archive=nan | std(means)=0.00e+00 | mean(stds)=1.17e+00 | std(means)/mean(stds)=  0.00 | stds=[1.0250385 1.1737887 1.1270305 1.2345601 1.247659  1.1865202]
eval=2 | not-eval=4 | tau=  nan | n_kendall=12
DEBUG: delta_f=1.45e-09
DEBUG: tau-population=  nan | tau-pop-final= 0.09 | final-target-hit=True
DEBUG: tau-mean-first= +nan | tau-mean-last= +nan | tau-LogN= +nan | tau-median= +nan
evaluated=2 | not-evaluated=4
 2D  1-fun   1-inst  500-budget  True-solved 139-evals  372-cma-evals 1029s 0-restarts  6-init-pop (Surrogate(model=Eaf, subset=ClosestToEachTestPoint(Mahalanobis, n_max_coef=20), x_tf=ShiftAndScaleByEs, y_tf=MinAdjustedLog), EvaluateUntilKendallThreshold(mean_criterion, tau_threshold=0.85, offset=True), n_min_fn=get_dim) 1.4e-09-delta-f          1-seed
