Arguments: Namespace(dim=2, fun=10, inst=None, crit='mean')
(3_w,6)-aCMA-ES (mu_w=2.0,w_1=63%) in dimension 2 (seed=1, Mon Apr 29 14:27:36 2024)
iohexp--d-2--f-10--i-1--b-500__pycma--init-pop-6__(Surrogate(ensemble=Raf(data_noise=0), subset=ClosestToEachTestPoint(Mahalanobis, n_max_coef=20), x_tf=ShiftAndScaleByEs, y_tf=MinAdjustedLog), EvaluateUntilKendallThreshold(mean_criterion, tau_threshold=0.85, offset=True), n_min_fn=get_dim)
values=array([[1963980.4784358204],[231937.7533496397],[5031204.04907246],[1361949.64114772],[2058818.8045613489],[2878714.0605664863]])
eval-idx=array([0,1,2,3,4,5],dtype=uint64)
eval=1 | not-eval=5 | tau= 0.90 | n_kendall= 7
values=array([[2136799.265776781],[483309.2077003479],[1210143.6582777086],[3467468.886279439],[863480.1671753735],[483309.20770034794]])
eval-idx=array([1],dtype=uint64)
eval=1 | not-eval=5 | tau= 1.00 | n_kendall= 8
values=array([[1208486.2102045647],[1325199.986508903],[1208486.210204565],[1984488.1919545613],[2428703.1656995546],[1628286.3323534243]])
eval-idx=array([0],dtype=uint64)
eval=1 | not-eval=5 | tau= 1.00 | n_kendall= 9
values=array([[617696.0554193744],[617696.0554193745],[679788.2998507721],[764585.6585507878],[690428.6271842082],[759841.0448958724]])
eval-idx=array([0],dtype=uint64)
eval=1 | not-eval=5 | tau= 1.00 | n_kendall=10
values=array([[2.7378858747413676e+02],[1.5989907224266705e+05],[4.2093333433138393e+05],[2.7378858747413670e+02],[2.0724860349640533e+05],[6.0646870977479775e+04]])
eval-idx=array([3],dtype=uint64)
eval=1 | not-eval=5 | tau= 0.96 | n_kendall=11
values=array([[172009.28120652953],[192087.22671389734],[172009.28120652956],[464802.8728275127],[1316374.6755003047],[312151.4231974293]])
eval-idx=array([0],dtype=uint64)
eval=1 | not-eval=5 | tau= 0.97 | n_kendall=12
values=array([[239462.49854159428],[354937.4414094807],[237221.13735935188],[210272.131413079],[41938.96878323268],[41938.96878323269]])
eval-idx=array([4],dtype=uint64)
eval=1 | not-eval=5 | tau= 0.97 | n_kendall=12
values=array([[1871.6856580031763],[167903.46410986318],[32906.65610070937],[102663.30404399314],[4275.071944911544],[1871.685658003176]])
eval-idx=array([5],dtype=uint64)
eval=1 | not-eval=5 | tau= 1.00 | n_kendall=12
values=array([[23290.663187592196],[71438.96726133776],[104692.63854998822],[8532.423159779175],[174216.5663926865],[8532.423159779177]])
eval-idx=array([3],dtype=uint64)
eval=1 | not-eval=5 | tau= 0.88 | n_kendall=12
values=array([[3792.425845393826],[55895.09857058892],[9934.939731114115],[3252.9391625615535],[3252.939162561553],[19422.387991816686]])
eval-idx=array([4],dtype=uint64)
eval=1 | not-eval=5 | tau= 1.00 | n_kendall=12
values=array([[1167.5053540662254],[10277.403348073889],[94322.26015183027],[100677.10058941256],[26934.018219529906],[1167.5053540662252]])
eval-idx=array([5],dtype=uint64)
eval=1 | not-eval=5 | tau= 0.97 | n_kendall=12
values=array([[1302.6154937820436],[36674.93516395707],[40723.58091612647],[26158.842167486477],[1302.6154937820434],[23647.810003118266]])
eval-idx=array([4],dtype=uint64)
eval=1 | not-eval=5 | tau= 0.94 | n_kendall=12
values=array([[5289.983887516673],[3554.033293967798],[4202.832496837231],[32733.041044641363],[3297.819228639179],[3297.8192286391786]])
eval-idx=array([5],dtype=uint64)
eval=1 | not-eval=5 | tau= 0.97 | n_kendall=12
values=array([[4.2570610511715067e+03],[-1.2412388839946560e+01],[-1.2412388839946559e+01],[1.9641681556008563e+04],[4.8074088110171266e+04],[1.1305026045018260e+05]])
eval-idx=array([2],dtype=uint64)
eval=1 | not-eval=5 | tau= 0.97 | n_kendall=12
values=array([[14052.16961342883],[1741.406468869969],[85989.92653817608],[1741.4064688699689],[25961.943980847223],[7099.742014993812]])
eval-idx=array([3],dtype=uint64)
eval=1 | not-eval=5 | tau= 0.97 | n_kendall=12
values=array([[42.557257029768785],[29953.677319394603],[42.55725702976878],[8156.028509883481],[2048.257731061807],[32776.00782267767]])
eval-idx=array([2],dtype=uint64)
eval=1 | not-eval=5 | tau= 0.94 | n_kendall=12
values=array([[8146.309094176864],[336.4001703854085],[2483.952056101263],[5332.7174437505555],[336.40017038540856],[2653.3799499516317]])
eval-idx=array([1],dtype=uint64)
eval=1 | not-eval=5 | tau= 0.91 | n_kendall=12
values=array([[534.1427918691693],[358.06144952418407],[556.0432475394259],[619.2240274348635],[2631.7734847287634],[358.061449524184]])
eval-idx=array([5],dtype=uint64)
eval=1 | not-eval=5 | tau= 0.88 | n_kendall=12
values=array([[850.4312636943855],[1162.4088473385696],[4004.721711276742],[1409.234754519192],[3269.6634265184193],[850.4312636943856]])
eval-idx=array([0],dtype=uint64)
eval=1 | not-eval=5 | tau= 0.94 | n_kendall=12
values=array([[2922.9161453695942],[727.9550763314642],[727.9550763314643],[3729.8539172349374],[9691.285157478504],[4825.468835913682]])
eval-idx=array([1],dtype=uint64)
eval=1 | not-eval=5 | tau= 0.94 | n_kendall=12
values=array([[109.4958328001095],[899.8391564348877],[-43.38389397748147],[-54.57559150273857],[-54.57559150273856],[12.480940644128175]])
eval-idx=array([4],dtype=uint64)
eval=1 | not-eval=5 | tau= 0.97 | n_kendall=12
values=array([[1633.1550768485833],[65.26910757262064],[93.08308025797925],[-2.7222522349370597],[527.6967963585894],[-2.7222522349370593]])
eval-idx=array([5],dtype=uint64)
eval=1 | not-eval=5 | tau= 0.94 | n_kendall=12
values=array([[80.40309980501064],[-49.41845128638387],[-49.41845128638386],[1476.091923722848],[269.4794512101213],[890.3574290928112]])
eval-idx=array([2],dtype=uint64)
eval=1 | not-eval=5 | tau= 0.97 | n_kendall=12
values=array([[449.53801639368106],[-3.923874266488534],[10.18073051114762],[87.22516668347151],[-9.821895061308007],[-9.821895061308005]])
eval-idx=array([5],dtype=uint64)
eval=6 | not-eval=0 | tau= 0.38 | n_kendall=12
values=array([[41.3109381578501],[-30.86039761254447],[120.65576989575538],[-23.735940673783066],[233.25830433600845],[-26.29245546573175]])
eval-idx=array([0,1,2,3,4,5],dtype=uint64)
eval=1 | not-eval=5 | tau= 0.97 | n_kendall=12
values=array([[201.4896072667769],[-24.692473617429666],[-54.09150985063856],[-54.09150985063855],[-28.33434295795406],[45.45828049702679]])
eval-idx=array([3],dtype=uint64)
eval=1 | not-eval=5 | tau= 0.91 | n_kendall=12
values=array([[112.327221421481],[829.3212571204697],[22.823335933289208],[-45.36607072728743],[-54.255324669282444],[-54.25532466928245]])
eval-idx=array([4],dtype=uint64)
eval=1 | not-eval=5 | tau= 0.91 | n_kendall=12
values=array([[-2.7827165321366927],[-25.451733247311108],[-29.653761295410373],[-11.111065388519048],[-29.65376129541037],[56.04650573117293]])
eval-idx=array([4],dtype=uint64)
eval=1 | not-eval=5 | tau= 0.94 | n_kendall=12
values=array([[-13.058506620393828],[27.133901573965517],[-26.796754638228037],[-44.188992318231584],[-51.57663229244632],[-51.57663229244631]])
eval-idx=array([5],dtype=uint64)
eval=1 | not-eval=5 | tau= 0.91 | n_kendall=12
values=array([[-54.232151431401725],[-26.373305791207095],[-17.16195398166616],[-45.892314609118515],[-54.23215143140173],[-48.90440057864883]])
eval-idx=array([0],dtype=uint64)
eval=6 | not-eval=0 | tau= 0.64 | n_kendall=12
values=array([[-48.0280728077837],[-22.206146342139903],[-51.74726999882783],[-48.459927677830805],[-54.307458879836695],[-54.67241728565731]])
eval-idx=array([0,1,2,3,4,5],dtype=uint64)
eval=6 | not-eval=0 | tau= 0.56 | n_kendall=12
values=array([[-52.40909099452641],[-45.30039664039256],[-35.96559770993366],[-43.230073902204936],[-52.78023354066489],[-47.96167038964839]])
eval-idx=array([0,1,2,3,4,5],dtype=uint64)
eval=1 | not-eval=5 | tau= 0.94 | n_kendall=12
values=array([[-52.247092008877054],[-54.691598298210934],[-54.69159829821093],[-52.55597138772004],[-54.346692643074576],[-54.550995294078625]])
eval-idx=array([2],dtype=uint64)
eval=1 | not-eval=5 | tau= 0.94 | n_kendall=12
values=array([[-52.30013202349145],[-54.55710616889104],[-54.26861541875764],[-54.505622164182235],[-54.744062308840775],[-54.74406230884078]])
eval-idx=array([4],dtype=uint64)
eval=1 | not-eval=5 | tau= 0.91 | n_kendall=12
values=array([[-51.87075974824828],[-50.94555972361348],[-50.51347597266696],[-20.452240208568455],[-48.664250372879856],[-51.870759748248275]])
eval-idx=array([5],dtype=uint64)
eval=1 | not-eval=5 | tau= 0.97 | n_kendall=12
values=array([[-54.281845948705715],[-54.494276384910485],[-52.197781645398464],[-54.33020197912344],[-54.49427638491048],[-52.98890347042887]])
eval-idx=array([4],dtype=uint64)
eval=1 | not-eval=5 | tau= 0.91 | n_kendall=12
values=array([[-54.73693125657051],[-54.68706581836707],[-54.7369312565705],[-54.638513251818885],[-53.272993570542845],[-53.62645797106907]])
eval-idx=array([2],dtype=uint64)
eval=1 | not-eval=5 | tau= 1.00 | n_kendall=12
values=array([[-54.699872891653946],[-54.71501087663192],[-54.71399533428933],[-54.715010876631915],[-54.29358847189205],[-54.22441367576268]])
eval-idx=array([3],dtype=uint64)
eval=1 | not-eval=5 | tau= 0.97 | n_kendall=12
values=array([[-53.85384087906999],[-54.42098767201294],[-54.12686256674895],[-54.57684497074285],[-54.57684497074284],[-54.23898706487316]])
eval-idx=array([4],dtype=uint64)
eval=1 | not-eval=5 | tau= 0.97 | n_kendall=12
values=array([[-54.72493270074276],[-54.71675323062516],[-54.264525199407316],[-54.67595376524964],[-52.90726966735718],[-54.724932700742755]])
eval-idx=array([5],dtype=uint64)
eval=1 | not-eval=5 | tau= 0.97 | n_kendall=12
values=array([[-54.587878118749536],[-54.74162177699945],[-53.21100005107228],[-53.54643834759471],[-54.36509353659139],[-54.74162177699946]])
eval-idx=array([1],dtype=uint64)
eval=1 | not-eval=5 | tau= 0.97 | n_kendall=12
values=array([[-54.72268791689795],[-54.741912705179075],[-54.62709205589829],[-54.750554581883804],[-54.74781775034399],[-54.75055458188381]])
eval-idx=array([3],dtype=uint64)
eval=1 | not-eval=5 | tau= 0.94 | n_kendall=12
values=array([[-54.74274994552896],[-54.73952614560954],[-54.704186024816856],[-54.57025574339398],[-54.72230004825661],[-54.74274994552897]])
eval-idx=array([0],dtype=uint64)
eval=6 | not-eval=0 | tau= 0.51 | n_kendall=12
values=array([[-54.741209292932155],[-54.70750817676098],[-54.57231927002634],[-54.66756889585997],[-54.54921418408783],[-54.62535553061337]])
eval-idx=array([0,1,2,3,4,5],dtype=uint64)
eval=1 | not-eval=5 | tau= 0.94 | n_kendall=12
values=array([[-54.64396145926835],[-54.67775812662752],[-54.74409186094724],[-54.744091860947236],[-54.73466567314243],[-54.63543642328919]])
eval-idx=array([3],dtype=uint64)
eval=1 | not-eval=5 | tau= 0.94 | n_kendall=12
values=array([[-54.7308956013971],[-54.576530477602404],[-54.50795401943916],[-54.68534747406364],[-54.734829343433674],[-54.73482934343368]])
eval-idx=array([4],dtype=uint64)
eval=1 | not-eval=5 | tau= 1.00 | n_kendall=12
values=array([[-54.718413152030934],[-54.754509043130014],[-54.75360629615841],[-54.72074475574465],[-54.75450904313002],[-54.704642034087605]])
eval-idx=array([1],dtype=uint64)
eval=1 | not-eval=5 | tau= 0.97 | n_kendall=12
values=array([[-54.60205896468471],[-54.73788315126987],[-54.72984761214454],[-54.75415405655491],[-54.711998830949945],[-54.75415405655492]])
eval-idx=array([3],dtype=uint64)
eval=1 | not-eval=5 | tau= 1.00 | n_kendall=12
values=array([[-54.74222973919084],[-54.75111937189418],[-54.74156658266727],[-54.75111937189417],[-54.72841373478193],[-54.733010649501786]])
eval-idx=array([3],dtype=uint64)
eval=1 | not-eval=5 | tau= 0.97 | n_kendall=12
values=array([[-54.754490905242434],[-54.75449090524243],[-54.70372661747928],[-54.72131937274231],[-54.728264067658976],[-54.730972788387994]])
eval-idx=array([1],dtype=uint64)
eval=6 | not-eval=0 | tau= 0.56 | n_kendall=12
values=array([[-54.74322984848881],[-54.73121045482644],[-54.70823651316829],[-54.751730176879505],[-54.753029922080465],[-54.75073340149239]])
eval-idx=array([0,1,2,3,4,5],dtype=uint64)
eval=6 | not-eval=0 | tau= 0.51 | n_kendall=12
values=array([[-54.752787233432116],[-54.704456653941584],[-54.751342472079735],[-54.75289498033607],[-54.74430138183185],[-54.75097783309612]])
eval-idx=array([0,1,2,3,4,5],dtype=uint64)
eval=6 | not-eval=0 | tau= 0.73 | n_kendall=12
values=array([[-54.7487136161977],[-54.74925357164072],[-54.74884916258545],[-54.752208717172586],[-54.75226251804731],[-54.75392782589353]])
eval-idx=array([0,1,2,3,4,5],dtype=uint64)
eval=1 | not-eval=5 | tau= 0.91 | n_kendall=12
values=array([[-54.75392382854976],[-54.751303029729826],[-54.75364173140402],[-54.753974688699415],[-54.75397468869942],[-54.746184882346576]])
eval-idx=array([3],dtype=uint64)
eval=1 | not-eval=5 | tau= 0.91 | n_kendall=12
values=array([[-54.753550134401294],[-54.754470977633915],[-54.75452165533188],[-54.754266424226685],[-54.75452165533187],[-54.75268797901176]])
eval-idx=array([4],dtype=uint64)
eval=6 | not-eval=0 | tau= 0.29 | n_kendall=12
values=array([[-54.74891980568603],[-54.75370977757252],[-54.75140919577458],[-54.75847734329994],[-54.756372726578356],[-54.75144904811087]])
eval-idx=array([0,1,2,3,4,5],dtype=uint64)
eval=1 | not-eval=5 | tau= 0.97 | n_kendall=12
values=array([[-54.765141929573296],[-54.76303452403052],[-54.76360877884417],[-54.76364512863883],[-54.75895405417278],[-54.76514192957329]])
eval-idx=array([5],dtype=uint64)
eval=6 | not-eval=0 | tau= 0.56 | n_kendall=12
values=array([[-54.737051613614476],[-54.75884451121749],[-54.75508664896788],[-54.7588803757468],[-54.76274890544399],[-54.761291684722586]])
eval-idx=array([0,1,2,3,4,5],dtype=uint64)
eval=1 | not-eval=5 | tau= 0.88 | n_kendall=12
values=array([[-54.761230417763535],[-54.759580494995156],[-54.757248001811995],[-54.68963549847654],[-54.76123041776353],[-54.73823066187404]])
eval-idx=array([4],dtype=uint64)
eval=1 | not-eval=5 | tau= 0.88 | n_kendall=12
values=array([[-54.75536555158078],[-54.740819047553366],[-54.76503408187901],[-54.76616725238643],[-54.766167252386424],[-54.757168227344316]])
eval-idx=array([4],dtype=uint64)
eval=6 | not-eval=0 | tau= 0.29 | n_kendall=12
values=array([[-54.778581031939915],[-54.7678292012515],[-54.77367899616619],[-54.75918950673638],[-54.7533290416806],[-54.73211491608418]])
eval-idx=array([0,1,2,3,4,5],dtype=uint64)
eval=6 | not-eval=0 | tau= 0.47 | n_kendall=12
values=array([[-54.57283689109429],[-54.75237488126282],[-54.768867881313824],[-54.56073088994197],[-54.776763947844906],[-54.7157005631332]])
eval-idx=array([0,1,2,3,4,5],dtype=uint64)
eval=6 | not-eval=0 | tau= 0.64 | n_kendall=12
values=array([[-54.77183484432321],[-54.76638854951789],[-54.77099313650003],[-54.73509249333228],[-54.74839482546845],[-54.76783027144468]])
eval-idx=array([0,1,2,3,4,5],dtype=uint64)
eval=6 | not-eval=0 | tau= 0.91 | n_kendall=12
values=array([[-54.752815884902176],[-54.76976256363125],[-54.758418274766434],[-54.78510629222432],[-54.74311149554387],[-54.77112149214855]])
eval-idx=array([0,1,2,3,4,5],dtype=uint64)
eval=6 | not-eval=0 | tau= 0.42 | n_kendall=12
values=array([[-54.76413745957451],[-54.78189198644124],[-54.76963044711314],[-54.76969411205473],[-54.76684910686148],[-54.75830892403026]])
eval-idx=array([0,1,2,3,4,5],dtype=uint64)
eval=6 | not-eval=0 | tau= 0.47 | n_kendall=12
values=array([[-54.77173244079067],[-54.779915711211984],[-54.76470037096353],[-54.78446783213393],[-54.78079901132791],[-54.78942057237491]])
eval-idx=array([0,1,2,3,4,5],dtype=uint64)
eval=6 | not-eval=0 | tau= 0.29 | n_kendall=12
values=array([[-54.7853860496591],[-54.77268632800343],[-54.77427094045294],[-54.78083930999366],[-54.77330438625814],[-54.76483725197262]])
eval-idx=array([0,1,2,3,4,5],dtype=uint64)
eval=6 | not-eval=0 | tau= 0.11 | n_kendall=12
values=array([[-54.78353634553997],[-54.78946748598685],[-54.774548211369755],[-54.78042115716297],[-54.781181044844544],[-54.7403327533553]])
eval-idx=array([0,1,2,3,4,5],dtype=uint64)
eval=6 | not-eval=0 | tau= 0.47 | n_kendall=12
values=array([[-54.7706085562671],[-54.790594549737826],[-54.781028777109995],[-54.78691478674694],[-54.79394142324489],[-54.778662823320936]])
eval-idx=array([0,1,2,3,4,5],dtype=uint64)
eval=6 | not-eval=0 | tau= 0.11 | n_kendall=12
values=array([[-54.789265519295284],[-54.79456686231467],[-54.79400140360837],[-54.79783056095776],[-54.795020414616324],[-54.793293829149675]])
eval-idx=array([0,1,2,3,4,5],dtype=uint64)
eval=1 | not-eval=5 | tau= 0.94 | n_kendall=12
values=array([[-54.79756655668759],[-54.77964813728348],[-54.798954905161054],[-54.7891194819934],[-54.79895490516106],[-54.788259017044886]])
eval-idx=array([2],dtype=uint64)
eval=6 | not-eval=0 | tau= 0.51 | n_kendall=12
values=array([[-54.805110045558024],[-54.79001110900751],[-54.78428091648541],[-54.792882379451626],[-54.80673194035268],[-54.7887261278636]])
eval-idx=array([0,1,2,3,4,5],dtype=uint64)
eval=6 | not-eval=0 | tau= 0.47 | n_kendall=12
values=array([[-54.80447101662499],[-54.80408817650499],[-54.80479988408253],[-54.78369944413921],[-54.78627082607915],[-54.81206093801701]])
eval-idx=array([0,1,2,3,4,5],dtype=uint64)
eval=6 | not-eval=0 | tau=-0.38 | n_kendall=12
values=array([[-54.800721846632115],[-54.81295825043737],[-54.81268633434904],[-54.809514948322324],[-54.80882451685917],[-54.824377309066975]])
eval-idx=array([0,1,2,3,4,5],dtype=uint64)
eval=1 | not-eval=5 | tau= 0.94 | n_kendall=12
values=array([[-54.79863297857794],[-54.80226260236819],[-54.831960525534164],[-54.83196052553416],[-54.79358228341426],[-54.79246930592192]])
eval-idx=array([3],dtype=uint64)
eval=1 | not-eval=5 | tau= 0.88 | n_kendall=12
values=array([[-54.83761856143607],[-54.85278765630793],[-54.81072876756227],[-54.80616341421861],[-54.811064874393466],[-54.852787656307925]])
eval-idx=array([5],dtype=uint64)
eval=6 | not-eval=0 | tau= 0.24 | n_kendall=12
values=array([[-54.858807515648294],[-54.813103112952504],[-54.87939464760572],[-54.77362380594916],[-54.80072644752117],[-54.67408380900142]])
eval-idx=array([0,1,2,3,4,5],dtype=uint64)
eval=6 | not-eval=0 | tau= 0.33 | n_kendall=12
values=array([[-54.831118950504425],[-54.82510906343619],[-54.85517995584953],[-54.721555615034255],[-54.842414580138644],[-54.77696857461328]])
eval-idx=array([0,1,2,3,4,5],dtype=uint64)
eval=6 | not-eval=0 | tau=-0.16 | n_kendall=12
values=array([[-54.874740695447244],[-54.84433037605232],[-54.84704991384392],[-54.88523926612632],[-54.819893045030184],[-54.883149884778575]])
eval-idx=array([0,1,2,3,4,5],dtype=uint64)
eval=6 | not-eval=0 | tau=-0.07 | n_kendall=12
values=array([[-54.830365271094685],[-54.9008910893064],[-54.86896294366779],[-54.87901952567475],[-54.83555328660209],[-54.85762136455835]])
eval-idx=array([0,1,2,3,4,5],dtype=uint64)
eval=6 | not-eval=0 | tau= 0.38 | n_kendall=12
values=array([[-54.90640028859103],[-54.85101707194874],[-54.895069751031514],[-54.88701249946373],[-54.88038584216736],[-54.89977460335938]])
eval-idx=array([0,1,2,3,4,5],dtype=uint64)
eval=6 | not-eval=0 | tau= 0.11 | n_kendall=12
values=array([[-54.84268941744339],[-54.86441936575217],[-54.856101680222274],[-54.89745046250085],[-54.88824105428719],[-54.90385568933088]])
eval-idx=array([0,1,2,3,4,5],dtype=uint64)
eval=6 | not-eval=0 | tau= 0.20 | n_kendall=12
values=array([[-54.901209432507365],[-54.90091217695857],[-54.90208298625758],[-54.89746345397541],[-54.897190956704506],[-54.877068615085555]])
eval-idx=array([0,1,2,3,4,5],dtype=uint64)
eval=6 | not-eval=0 | tau= 0.47 | n_kendall=12
values=array([[-54.903850422781645],[-54.89925130199426],[-54.88346654010655],[-54.897381042301525],[-54.89781776842259],[-54.911562662923785]])
eval-idx=array([0,1,2,3,4,5],dtype=uint64)
eval=6 | not-eval=0 | tau= 0.69 | n_kendall=12
values=array([[-54.91649807250549],[-54.89663651214793],[-54.9175297791784],[-54.89500205569968],[-54.89588379632129],[-54.88559842516268]])
eval-idx=array([0,1,2,3,4,5],dtype=uint64)
eval=6 | not-eval=0 | tau= 0.07 | n_kendall=12
values=array([[-54.911719351384775],[-54.91275237399039],[-54.927669992965725],[-54.93463691454152],[-54.90976664345709],[-54.91479392482392]])
eval-idx=array([0,1,2,3,4,5],dtype=uint64)
eval=6 | not-eval=0 | tau= 0.42 | n_kendall=12
values=array([[-54.897499655597215],[-54.91015093039718],[-54.81256596718121],[-54.933306556551464],[-54.85932012802106],[-54.930055289311625]])
eval-idx=array([0,1,2,3,4,5],dtype=uint64)
eval=6 | not-eval=0 | tau= 0.16 | n_kendall=12
values=array([[-54.89746324550911],[-54.93771744050166],[-54.89124517026211],[-54.920018421424956],[-54.889157433666405],[-54.93555146775629]])
eval-idx=array([0,1,2,3,4,5],dtype=uint64)
eval=6 | not-eval=0 | tau= 0.69 | n_kendall=12
values=array([[-54.909896379153416],[-54.93306718588511],[-54.93959153136573],[-54.93938167121016],[-54.938249580057125],[-54.91527935409384]])
eval-idx=array([0,1,2,3,4,5],dtype=uint64)
eval=6 | not-eval=0 | tau= 0.51 | n_kendall=12
values=array([[-54.93629477997945],[-54.89255205720198],[-54.88495414105221],[-54.905869971238424],[-54.92017723365159],[-54.890596993605065]])
eval-idx=array([0,1,2,3,4,5],dtype=uint64)
eval=6 | not-eval=0 | tau= 0.38 | n_kendall=12
values=array([[-54.9322116534174],[-54.93514425867796],[-54.911563018220136],[-54.938682588694675],[-54.91887677291982],[-54.91932240461575]])
eval-idx=array([0,1,2,3,4,5],dtype=uint64)
eval=6 | not-eval=0 | tau= 0.47 | n_kendall=12
values=array([[-54.9348032213334],[-54.937473553167685],[-54.936949847830974],[-54.931034165533156],[-54.9360648251162],[-54.936081985149244]])
eval-idx=array([0,1,2,3,4,5],dtype=uint64)
eval=6 | not-eval=0 | tau= 0.29 | n_kendall=12
values=array([[-54.93615273715144],[-54.93870616003536],[-54.939795457493204],[-54.939720067704876],[-54.935834563208516],[-54.93830988737032]])
eval-idx=array([0,1,2,3,4,5],dtype=uint64)
eval=6 | not-eval=0 | tau= 0.38 | n_kendall=12
values=array([[-54.9368788615365],[-54.93686507327418],[-54.93844539970738],[-54.93546972933518],[-54.93945676165946],[-54.939743304829676]])
eval-idx=array([0,1,2,3,4,5],dtype=uint64)
eval=3 | not-eval=3 | tau= 0.88 | n_kendall=12
values=array([[-54.939486078111166],[-54.93931477965239],[-54.93763392345486],[-54.93930228369924],[-54.939745876758145],[-54.93974587675815]])
eval-idx=array([0,1,4],dtype=uint64)
eval=6 | not-eval=0 | tau= 0.38 | n_kendall=12
values=array([[-54.939947187616525],[-54.93970918220988],[-54.939429307277365],[-54.93996616307163],[-54.939955931056964],[-54.93997907271574]])
eval-idx=array([0,1,2,3,4,5],dtype=uint64)
eval=6 | not-eval=0 | tau= 0.51 | n_kendall=12
values=array([[-54.938951428881076],[-54.93993213422803],[-54.93997783037086],[-54.939771632477886],[-54.939653825774116],[-54.93991887043181]])
eval-idx=array([0,1,2,3,4,5],dtype=uint64)
eval=6 | not-eval=0 | tau= 0.78 | n_kendall=12
values=array([[-54.939603585348614],[-54.939665096881285],[-54.93877648422372],[-54.93900255936785],[-54.938997333844156],[-54.939864872476676]])
eval-idx=array([0,1,2,3,4,5],dtype=uint64)
eval=6 | not-eval=0 | tau= 0.47 | n_kendall=12
values=array([[-54.939032540166515],[-54.939374649979634],[-54.9392496219059],[-54.939907530728306],[-54.93990508359099],[-54.93990634546017]])
eval-idx=array([0,1,2,3,4,5],dtype=uint64)
eval=6 | not-eval=0 | tau= 0.60 | n_kendall=12
values=array([[-54.939826910135956],[-54.939388680249486],[-54.939833894886114],[-54.93998890882702],[-54.93959237394584],[-54.93981269119218]])
eval-idx=array([0,1,2,3,4,5],dtype=uint64)
eval=6 | not-eval=0 | tau= 0.29 | n_kendall=12
values=array([[-54.93996585316812],[-54.93996371679619],[-54.93995891828456],[-54.93965091474913],[-54.939888174276966],[-54.93982293638905]])
eval-idx=array([0,1,2,3,4,5],dtype=uint64)
eval=6 | not-eval=0 | tau= 0.24 | n_kendall=12
values=array([[-54.939934401839345],[-54.93988748363596],[-54.93996405658212],[-54.93999945131304],[-54.939940578916335],[-54.939992719136036]])
eval-idx=array([0,1,2,3,4,5],dtype=uint64)
eval=6 | not-eval=0 | tau= 0.38 | n_kendall=12
values=array([[-54.93998892547195],[-54.939975371077956],[-54.939780884712405],[-54.93996318015013],[-54.93998236722749],[-54.93998076226863]])
eval-idx=array([0,1,2,3,4,5],dtype=uint64)
eval=6 | not-eval=0 | tau= 0.24 | n_kendall=12
values=array([[-54.9399921405799],[-54.93990821316718],[-54.939973057598756],[-54.939935925002466],[-54.93971891550811],[-54.939874283904764]])
eval-idx=array([0,1,2,3,4,5],dtype=uint64)
eval=6 | not-eval=0 | tau= 0.60 | n_kendall=12
values=array([[-54.939972530261244],[-54.939982903370094],[-54.93992484279267],[-54.939933424075754],[-54.93991049854959],[-54.93999936980279]])
eval-idx=array([0,1,2,3,4,5],dtype=uint64)
eval=6 | not-eval=0 | tau= 0.42 | n_kendall=12
values=array([[-54.93999706477229],[-54.93999613356556],[-54.93999822612559],[-54.93999668554557],[-54.939997496846566],[-54.93997195298996]])
eval-idx=array([0,1,2,3,4,5],dtype=uint64)
eval=6 | not-eval=0 | tau= 0.42 | n_kendall=12
values=array([[-54.93999759909087],[-54.939984778579564],[-54.93999370137214],[-54.93998875647997],[-54.93999908366109],[-54.93997389980076]])
eval-idx=array([0,1,2,3,4,5],dtype=uint64)
eval=6 | not-eval=0 | tau= 0.64 | n_kendall=12
values=array([[-54.93999521435613],[-54.93999358847927],[-54.93999933304127],[-54.93999916497604],[-54.939997552514996],[-54.93999845203146]])
eval-idx=array([0,1,2,3,4,5],dtype=uint64)
eval=6 | not-eval=0 | tau= 0.60 | n_kendall=12
values=array([[-54.939997617999744],[-54.93999302781109],[-54.93999022723188],[-54.93999729326758],[-54.93999791715495],[-54.93999619865775]])
eval-idx=array([0,1,2,3,4,5],dtype=uint64)
eval=6 | not-eval=0 | tau=-0.11 | n_kendall=12
values=array([[-54.939999035665785],[-54.93999781114353],[-54.93999614035973],[-54.93999766321825],[-54.939994997683954],[-54.93999576996192]])
eval-idx=array([0,1,2,3,4,5],dtype=uint64)
eval=6 | not-eval=0 | tau= 0.29 | n_kendall=12
values=array([[-54.93999784913416],[-54.93999665337586],[-54.939996350316186],[-54.93999634924348],[-54.93999991441922],[-54.93999933769593]])
eval-idx=array([0,1,2,3,4,5],dtype=uint64)
eval=6 | not-eval=0 | tau= 0.56 | n_kendall=12
values=array([[-54.9399978274056],[-54.939999522233244],[-54.93999910119382],[-54.939999842866996],[-54.93999983566627],[-54.939993294934695]])
eval-idx=array([0,1,2,3,4,5],dtype=uint64)
eval=6 | not-eval=0 | tau= 0.33 | n_kendall=12
values=array([[-54.93999995132914],[-54.93999998851392],[-54.93999916007515],[-54.93999780500175],[-54.9399978680261],[-54.93999980767153]])
eval-idx=array([0,1,2,3,4,5],dtype=uint64)
eval=6 | not-eval=0 | tau= 0.60 | n_kendall=12
values=array([[-54.93999930108147],[-54.939999605274],[-54.93999993773332],[-54.939999772512955],[-54.93999962984635],[-54.93999996698998]])
eval-idx=array([0,1,2,3,4,5],dtype=uint64)
eval=6 | not-eval=0 | tau= 0.64 | n_kendall=12
values=array([[-54.93999959029521],[-54.93999996757144],[-54.93999973155362],[-54.939999550406206],[-54.93999991454648],[-54.9399999777829]])
eval-idx=array([0,1,2,3,4,5],dtype=uint64)
eval=1 | not-eval=5 | tau= 0.67 | n_kendall=12
values=array([[-54.939999990920306],[-54.939999689653696],[-54.93999994121443],[-54.939999267203454],[-54.9399999909203],[-54.9399990408801]])
eval-idx=array([4],dtype=uint64)
 2D 10-fun   1-inst  500-budget  True-solved 423-evals  690-cma-evals 1474s 0-restarts  6-init-pop (Surrogate(ensemble=Raf(data_noise=0), subset=ClosestToEachTestPoint(Mahalanobis, n_max_coef=20), x_tf=ShiftAndScaleByEs, y_tf=MinAdjustedLog), EvaluateUntilKendallThreshold(mean_criterion, tau_threshold=0.85, offset=True), n_min_fn=get_dim) 9.1e-09-delta-f
