Arguments: Namespace(dim=2, fun=3, inst=None, crit='mean')
(3_w,6)-aCMA-ES (mu_w=2.0,w_1=63%) in dimension 2 (seed=1, Mon Apr 29 14:27:36 2024)
iohexp--d-2--f-3--i-1--b-500__pycma--init-pop-6__(Surrogate(ensemble=Raf(data_noise=0), subset=ClosestToEachTestPoint(Mahalanobis, n_max_coef=20), x_tf=ShiftAndScaleByEs, y_tf=MinAdjustedLog), EvaluateUntilKendallThreshold(mean_criterion, tau_threshold=0.85, offset=True), n_min_fn=get_dim)
values=array([[-287.0682424155375],[-246.10791116941664],[-2.4915017820714525],[-274.46228867699506],[-360.34571728268673],[-59.115186394674765]])
eval-idx=array([0,1,2,3,4,5],dtype=uint64)
eval=1 | not-eval=5 | tau= 1.00 | n_kendall= 7
values=array([[-414.9050166373286],[-301.9129749838956],[-392.0726789381395],[-421.1667258225059],[-421.16672582250584],[-308.585903456338]])
eval-idx=array([4],dtype=uint64)
eval=1 | not-eval=5 | tau= 1.00 | n_kendall= 8
values=array([[-281.45232507958883],[-328.0936201285674],[-391.8699239059671],[-386.81359143682033],[-381.97521521627567],[-391.86992390596714]])
eval-idx=array([2],dtype=uint64)
eval=1 | not-eval=5 | tau= 1.00 | n_kendall= 9
values=array([[-427.9929953230719],[-322.43519838521553],[-415.73152876221025],[-427.99299532307197],[-410.52458789797925],[-408.3275051279154]])
eval-idx=array([0],dtype=uint64)
eval=1 | not-eval=5 | tau= 1.00 | n_kendall=10
values=array([[-431.9268482782615],[-412.03015848016685],[-435.0662029357005],[-435.0662029357006],[-416.7330346320477],[-430.25876020007973]])
eval-idx=array([2],dtype=uint64)
eval=1 | not-eval=5 | tau= 1.00 | n_kendall=11
values=array([[-441.71560702390923],[-431.7671766250765],[-434.003660713939],[-353.43494576246553],[-303.3076968392602],[-441.7156070239092]])
eval-idx=array([5],dtype=uint64)
eval=1 | not-eval=5 | tau= 0.97 | n_kendall=12
values=array([[-409.31025296517095],[-346.84727757596187],[-429.5991514666006],[-411.45790933102467],[-429.5991514666005],[-427.4437675769476]])
eval-idx=array([4],dtype=uint64)
eval=1 | not-eval=5 | tau= 0.91 | n_kendall=12
values=array([[-411.05573166652346],[-283.0562109860416],[416.195798545617],[169.01296680880466],[-411.0557316665234],[-363.0533269846557]])
eval-idx=array([4],dtype=uint64)
eval=6 | not-eval=0 | tau=-0.20 | n_kendall=12
values=array([[-316.9503280011098],[-171.32222225720676],[127.84904017755599],[-283.03672006018814],[-263.1645474032307],[-433.13697268915683]])
eval-idx=array([0,1,2,3,4,5],dtype=uint64)
eval=1 | not-eval=5 | tau= 0.91 | n_kendall=12
values=array([[-427.8108537036326],[-369.83035974387127],[-442.6684373155501],[-443.5405663235519],[-443.54056632355196],[-405.8616395832957]])
eval-idx=array([3],dtype=uint64)
eval=1 | not-eval=5 | tau= 0.94 | n_kendall=12
values=array([[-424.0070583203007],[-383.69868778348456],[-336.95190869001993],[-440.3648533921776],[-430.7059950109642],[-440.3648533921777]])
eval-idx=array([3],dtype=uint64)
eval=1 | not-eval=5 | tau= 0.94 | n_kendall=12
values=array([[-424.22303805181997],[-361.6527398069633],[-259.3926999974261],[-424.2230380518199],[-408.1403504019934],[-423.3545604796224]])
eval-idx=array([3],dtype=uint64)
eval=1 | not-eval=5 | tau= 0.94 | n_kendall=12
values=array([[-437.24155112074],[-427.5300651628125],[-424.20328552836213],[-336.860121835781],[-377.87234884602907],[-437.2415511207399]])
eval-idx=array([5],dtype=uint64)
eval=1 | not-eval=5 | tau= 0.91 | n_kendall=12
values=array([[-432.09424326660866],[-420.8274662699465],[-418.63518761166335],[-435.15978406027085],[-435.1597840602709],[-433.72447935428454]])
eval-idx=array([3],dtype=uint64)
eval=1 | not-eval=5 | tau= 0.97 | n_kendall=12
values=array([[-410.00098924037184],[-426.3964369205905],[-434.1975521690692],[-433.60892883578873],[-433.08453025183485],[-434.1975521690691]])
eval-idx=array([5],dtype=uint64)
eval=1 | not-eval=5 | tau= 0.97 | n_kendall=12
values=array([[-443.94377509880786],[-451.71397005592127],[-441.26249399388826],[-451.7139700559213],[-444.3427763054213],[-449.5464367091872]])
eval-idx=array([1],dtype=uint64)
eval=1 | not-eval=5 | tau= 0.97 | n_kendall=12
values=array([[-444.3725608306465],[-366.15786351657925],[-444.73891228661716],[-444.7389122866171],[-441.4988962241741],[-436.3230382600458]])
eval-idx=array([3],dtype=uint64)
eval=6 | not-eval=0 | tau= 0.02 | n_kendall=12
values=array([[-437.57852157705463],[-444.3297580917659],[-406.9670688647409],[-438.47638273642775],[-418.29212820932],[-429.2581400858887]])
eval-idx=array([0,1,2,3,4,5],dtype=uint64)
eval=6 | not-eval=0 | tau= 0.38 | n_kendall=12
values=array([[-427.35053052103734],[-425.80650492667786],[-430.8391280989968],[-406.55531409736955],[-422.23679259596554],[-434.66103393036406]])
eval-idx=array([0,1,2,3,4,5],dtype=uint64)
eval=6 | not-eval=0 | tau= 0.33 | n_kendall=12
values=array([[-443.8586136013987],[-426.6387834635222],[-437.09209429661496],[-448.8675054257908],[-425.7731604508822],[-424.4236886435723]])
eval-idx=array([0,1,2,3,4,5],dtype=uint64)
eval=6 | not-eval=0 | tau= 0.42 | n_kendall=12
values=array([[-418.85868557949397],[-418.85840733775916],[-441.59372677217686],[-454.7049068121085],[-435.06151895576875],[-432.4891345199526]])
eval-idx=array([0,1,2,3,4,5],dtype=uint64)
eval=6 | not-eval=0 | tau= 0.33 | n_kendall=12
values=array([[-410.8930971352356],[-434.6183074478996],[-435.0024506665817],[-434.75958900586613],[-441.2133312465256],[-433.96003055871284]])
eval-idx=array([0,1,2,3,4,5],dtype=uint64)
eval=6 | not-eval=0 | tau=-0.24 | n_kendall=12
values=array([[-445.95556931761087],[-429.7870675517871],[-428.9625691635523],[-428.6599497445873],[-439.4408192486021],[-416.59370053361215]])
eval-idx=array([0,1,2,3,4,5],dtype=uint64)
eval=6 | not-eval=0 | tau= 0.07 | n_kendall=12
values=array([[-424.67472760351785],[-430.2514972528535],[-437.65663495714864],[-439.4692903283433],[-448.580029423514],[-442.19130172132265]])
eval-idx=array([0,1,2,3,4,5],dtype=uint64)
eval=6 | not-eval=0 | tau= 0.51 | n_kendall=12
values=array([[-435.35060576999615],[-441.0057519625687],[-426.5600457189926],[-425.068990476775],[-437.0177268462304],[-439.9750871383971]])
eval-idx=array([0,1,2,3,4,5],dtype=uint64)
eval=1 | not-eval=5 | tau= 0.91 | n_kendall=12
values=array([[-438.3959514908228],[-425.5837815730913],[-431.00974164222947],[-440.5009659527148],[-440.50096595271486],[-436.68708072408447]])
eval-idx=array([3],dtype=uint64)
eval=1 | not-eval=5 | tau= 0.88 | n_kendall=12
values=array([[-439.8863586884787],[-436.18052948278273],[-439.88635868847865],[-436.1251508990084],[-429.54465727647755],[-426.0009189715999]])
eval-idx=array([2],dtype=uint64)
eval=6 | not-eval=0 | tau= 0.29 | n_kendall=12
values=array([[-449.9377860369047],[-430.2384006427214],[-447.1302295457783],[-435.89381635132116],[-425.4769918128447],[-440.98181605196805]])
eval-idx=array([0,1,2,3,4,5],dtype=uint64)
eval=6 | not-eval=0 | tau= 0.20 | n_kendall=12
values=array([[-429.2543938896793],[-434.861061349908],[-440.25500853247513],[-427.4513821860689],[-440.6773171738716],[-438.20621183763024]])
eval-idx=array([0,1,2,3,4,5],dtype=uint64)
eval=6 | not-eval=0 | tau= 0.69 | n_kendall=12
values=array([[-429.88232413192316],[-429.1262260569546],[-433.01349265484663],[-459.71090730589907],[-435.23655379262925],[-445.7714207624423]])
eval-idx=array([0,1,2,3,4,5],dtype=uint64)
eval=6 | not-eval=0 | tau= 0.73 | n_kendall=12
values=array([[-442.2444537320777],[-446.6732952463391],[-445.09025853167236],[-440.92265190539774],[-433.03105094199066],[-442.68625589194085]])
eval-idx=array([0,1,2,3,4,5],dtype=uint64)
eval=6 | not-eval=0 | tau= 0.20 | n_kendall=12
values=array([[-445.13345099832316],[-437.74039669444886],[-430.92466176160053],[-422.01272267712494],[-440.1642895317385],[-455.6484021381834]])
eval-idx=array([0,1,2,3,4,5],dtype=uint64)
eval=6 | not-eval=0 | tau= 0.07 | n_kendall=12
values=array([[-434.69165674655727],[-435.58001904072137],[-424.56607679723214],[-447.36675106575893],[-432.6128729813006],[-440.58276870912624]])
eval-idx=array([0,1,2,3,4,5],dtype=uint64)
eval=6 | not-eval=0 | tau= 0.47 | n_kendall=12
values=array([[-415.85583618093],[-438.83062540604004],[-436.20421850474423],[-430.800764606781],[-451.2763994831182],[-427.7058274765029]])
eval-idx=array([0,1,2,3,4,5],dtype=uint64)
eval=1 | not-eval=5 | tau= 0.91 | n_kendall=12
values=array([[-456.09337801059183],[-447.95617873833424],[-452.15245966436163],[-411.3372737262825],[-451.8450212084109],[-456.0933780105918]])
eval-idx=array([5],dtype=uint64)
eval=6 | not-eval=0 | tau= 0.11 | n_kendall=12
values=array([[-438.89990240196573],[-435.3777489097107],[-437.8350963234745],[-440.90097379311294],[-455.9959781107234],[-428.5778948143667]])
eval-idx=array([0,1,2,3,4,5],dtype=uint64)
eval=6 | not-eval=0 | tau= 0.64 | n_kendall=12
values=array([[-430.06905218802734],[-441.885066155089],[-458.0247462075827],[-444.5855854440324],[-446.6402601683218],[-436.89573772592985]])
eval-idx=array([0,1,2,3,4,5],dtype=uint64)
eval=6 | not-eval=0 | tau= 0.02 | n_kendall=12
values=array([[-451.6667934602022],[-436.343857778881],[-425.6328508043705],[-426.04613674772406],[-448.54116193354935],[-454.87860080269394]])
eval-idx=array([0,1,2,3,4,5],dtype=uint64)
eval=6 | not-eval=0 | tau= 0.60 | n_kendall=12
values=array([[-442.28347154812207],[-442.43608605048627],[-443.98396084333893],[-424.233353400867],[-437.9513732048208],[-438.57794233881964]])
eval-idx=array([0,1,2,3,4,5],dtype=uint64)
eval=6 | not-eval=0 | tau= 0.69 | n_kendall=12
values=array([[-443.708216067131],[-460.32598154108655],[-452.2585173810464],[-429.5462546804137],[-443.67510958808293],[-445.9975680261815]])
eval-idx=array([0,1,2,3,4,5],dtype=uint64)
eval=6 | not-eval=0 | tau= 0.73 | n_kendall=12
values=array([[-441.13008051802416],[-435.0007921126535],[-435.84351195558054],[-442.3326660835261],[-439.56608944607876],[-423.9848713049505]])
eval-idx=array([0,1,2,3,4,5],dtype=uint64)
eval=1 | not-eval=5 | tau= 0.88 | n_kendall=12
values=array([[-443.0030654640359],[-452.2267127668219],[-442.58134797171004],[-439.9328867491069],[-452.22671276682195],[-442.528420012978]])
eval-idx=array([1],dtype=uint64)
eval=1 | not-eval=5 | tau= 0.91 | n_kendall=12
values=array([[-444.4478108784438],[-448.5231398241686],[-440.6212175868123],[-429.59177619047995],[-432.0252744216529],[-448.52313982416854]])
eval-idx=array([5],dtype=uint64)
eval=1 | not-eval=5 | tau= 0.94 | n_kendall=12
values=array([[-445.0125765776997],[-447.86412060461987],[-457.75471034631323],[-457.7547103463132],[-430.04453427536134],[-456.89778771731926]])
eval-idx=array([3],dtype=uint64)
eval=1 | not-eval=5 | tau= 0.97 | n_kendall=12
values=array([[-442.1772137825176],[-451.31029817764204],[-421.31729384249587],[-438.21890588130043],[-451.310298177642],[-438.9471172537218]])
eval-idx=array([4],dtype=uint64)
eval=6 | not-eval=0 | tau= 0.56 | n_kendall=12
values=array([[-441.0540393667876],[-432.242910276002],[-433.9603092429169],[-422.5644283768939],[-456.03807023729746],[-442.74615846356096]])
eval-idx=array([0,1,2,3,4,5],dtype=uint64)
eval=6 | not-eval=0 | tau= 0.42 | n_kendall=12
values=array([[-411.11603006834997],[-422.89496106973206],[-441.80206438118313],[-451.1539414397747],[-440.6239007636433],[-418.0193386556124]])
eval-idx=array([0,1,2,3,4,5],dtype=uint64)
eval=6 | not-eval=0 | tau= 0.78 | n_kendall=12
values=array([[-416.7672060657859],[-442.15674481765467],[-444.19818547610953],[-434.8535058441387],[-432.1836092711252],[-446.50639161404894]])
eval-idx=array([0,1,2,3,4,5],dtype=uint64)
eval=6 | not-eval=0 | tau= 0.78 | n_kendall=12
values=array([[-448.0104402820405],[-427.05890924803276],[-444.19483000561667],[-446.50783364346375],[-430.22041428804386],[-431.38338314757766]])
eval-idx=array([0,1,2,3,4,5],dtype=uint64)
eval=1 | not-eval=5 | tau= 0.94 | n_kendall=12
values=array([[-440.42019419836225],[-453.1428887897759],[-452.18353925322305],[-445.86222251138304],[-453.14288878977595],[-435.14533424977816]])
eval-idx=array([1],dtype=uint64)
eval=1 | not-eval=5 | tau= 0.97 | n_kendall=12
values=array([[-448.38785809626563],[-449.8746773633009],[-447.890347349125],[-449.87467736330086],[-448.95027593118107],[-444.936016747651]])
eval-idx=array([3],dtype=uint64)
eval=1 | not-eval=5 | tau= 0.97 | n_kendall=12
values=array([[-460.1505916053097],[-452.46666331748537],[-458.97805965466],[-459.70451840270954],[-460.15059160530967],[-455.82703108870385]])
eval-idx=array([4],dtype=uint64)
eval=1 | not-eval=5 | tau= 0.94 | n_kendall=12
values=array([[-453.8199660871641],[-457.5425002827692],[-453.9856841715517],[-444.918860622319],[-458.7870662506477],[-458.78706625064774]])
eval-idx=array([4],dtype=uint64)
eval=1 | not-eval=5 | tau= 0.94 | n_kendall=12
values=array([[-451.81302483338965],[-452.98548278929434],[-450.5467599824259],[-444.51622441650835],[-446.30085963404383],[-452.9854827892944]])
eval-idx=array([1],dtype=uint64)
eval=1 | not-eval=5 | tau= 0.94 | n_kendall=12
values=array([[-456.97080077258624],[-460.83744029525974],[-456.5618658756059],[-457.6135286761441],[-460.8374402952597],[-450.9133344479124]])
eval-idx=array([4],dtype=uint64)
eval=1 | not-eval=5 | tau= 0.94 | n_kendall=12
values=array([[-458.62565658841817],[-459.0006817864691],[-459.00068178646916],[-450.70115633265993],[-456.2184990011206],[-446.83189454198373]])
eval-idx=array([1],dtype=uint64)
eval=1 | not-eval=5 | tau= 0.97 | n_kendall=12
values=array([[-451.22945192019813],[-459.6742654917678],[-460.25592007218046],[-457.38673829588515],[-460.2559200721804],[-445.7866888214584]])
eval-idx=array([4],dtype=uint64)
eval=1 | not-eval=5 | tau= 0.97 | n_kendall=12
values=array([[-441.8190696592225],[-453.68106054965045],[-449.54962233649013],[-461.1343764672504],[-461.67296144398136],[-461.6729614439814]])
eval-idx=array([4],dtype=uint64)
eval=1 | not-eval=5 | tau= 1.00 | n_kendall=12
values=array([[-455.9196033137342],[-459.1491820440994],[-461.5418641851295],[-460.6232318006138],[-461.54186418512944],[-459.05276056185073]])
eval-idx=array([4],dtype=uint64)
eval=1 | not-eval=5 | tau= 0.97 | n_kendall=12
values=array([[-461.03700551392944],[-458.6217578387754],[-461.10304253871413],[-454.5920325858074],[-455.2771168174256],[-461.1030425387141]])
eval-idx=array([5],dtype=uint64)
eval=1 | not-eval=5 | tau= 0.97 | n_kendall=12
values=array([[-453.3381279109953],[-460.8026406961828],[-458.65493339316464],[-460.8026406961827],[-458.7346644321191],[-457.30980866869777]])
eval-idx=array([3],dtype=uint64)
eval=1 | not-eval=5 | tau= 0.94 | n_kendall=12
values=array([[-458.4843960603416],[-461.24028006338364],[-461.2402800633836],[-454.13589963116914],[-458.4199212258394],[-457.2631488105943]])
eval-idx=array([2],dtype=uint64)
eval=1 | not-eval=5 | tau= 0.94 | n_kendall=12
values=array([[-461.79978066949604],[-461.59422669353916],[-461.8074174062293],[-461.0787751928952],[-461.30775805683953],[-461.8074174062294]])
eval-idx=array([2],dtype=uint64)
eval=1 | not-eval=5 | tau= 0.97 | n_kendall=12
values=array([[-461.8323079559034],[-461.9544818499565],[-459.80752517851147],[-458.98099109409804],[-461.02444753967643],[-461.95448184995655]])
eval-idx=array([1],dtype=uint64)
eval=1 | not-eval=5 | tau= 0.94 | n_kendall=12
values=array([[-461.28534024557575],[-462.0143724124983],[-461.4909213710979],[-461.33113835579223],[-462.01437241249823],[-461.87317593808103]])
eval-idx=array([4],dtype=uint64)
eval=1 | not-eval=5 | tau= 0.91 | n_kendall=12
values=array([[-462.0093947113476],[-461.9246428043018],[-461.64777802656516],[-462.0093947113477],[-461.73803326652154],[-461.23232773899565]])
eval-idx=array([0],dtype=uint64)
eval=1 | not-eval=5 | tau= 0.94 | n_kendall=12
values=array([[-461.91654196996126],[-462.0591753729099],[-462.05917537291],[-462.01714187155],[-461.6349697024151],[-461.8407854997849]])
eval-idx=array([1],dtype=uint64)
eval=1 | not-eval=5 | tau= 1.00 | n_kendall=12
values=array([[-462.04952928586727],[-461.3161156963799],[-461.5747069912275],[-462.0495292858673],[-462.02632966581206],[-461.2337162682452]])
eval-idx=array([0],dtype=uint64)
eval=1 | not-eval=5 | tau= 0.97 | n_kendall=12
values=array([[-461.94238817447587],[-462.0846353892669],[-462.0074280497652],[-462.0281032271378],[-462.08463538926685],[-462.05532021311006]])
eval-idx=array([4],dtype=uint64)
eval=1 | not-eval=5 | tau= 0.97 | n_kendall=12
values=array([[-462.0787210420206],[-462.06442654359046],[-462.088480659292],[-462.0166384228217],[-462.08848065929203],[-462.0452554894844]])
eval-idx=array([2],dtype=uint64)
eval=1 | not-eval=5 | tau= 0.97 | n_kendall=12
values=array([[-462.0468588886444],[-462.0718816614227],[-461.8183980573741],[-462.079125748134],[-462.0100036470555],[-462.07912574813395]])
eval-idx=array([5],dtype=uint64)
eval=1 | not-eval=5 | tau= 1.00 | n_kendall=12
values=array([[-462.0806683803134],[-461.9742195477753],[-462.08066838031345],[-462.07539841033645],[-462.0796210675413],[-462.07299129548863]])
eval-idx=array([0],dtype=uint64)
eval=1 | not-eval=5 | tau= 0.91 | n_kendall=12
values=array([[-462.0835709494363],[-462.0759772492547],[-462.0769597064728],[-461.951342533183],[-462.02764778950467],[-462.08357094943636]])
eval-idx=array([0],dtype=uint64)
eval=1 | not-eval=5 | tau= 0.97 | n_kendall=12
values=array([[-462.0791538257989],[-462.0839028074431],[-462.0752396993732],[-462.0882413815787],[-462.08824138157865],[-462.0513842704692]])
eval-idx=array([4],dtype=uint64)
eval=1 | not-eval=5 | tau= 0.94 | n_kendall=12
values=array([[-462.0874904289664],[-462.08854586158196],[-462.06535993003575],[-462.0843932174668],[-462.088545861582],[-462.0837835121145]])
eval-idx=array([1],dtype=uint64)
eval=1 | not-eval=5 | tau= 1.00 | n_kendall=12
values=array([[-462.0888409709219],[-462.08884097092186],[-462.0767478758651],[-462.0563757938745],[-462.0662834456973],[-462.08882814350244]])
eval-idx=array([1],dtype=uint64)
eval=1 | not-eval=5 | tau= 1.00 | n_kendall=12
values=array([[-462.0881583515636],[-462.08905468879755],[-462.0890546887976],[-462.08670351940015],[-462.0882189583517],[-462.0881789913943]])
eval-idx=array([1],dtype=uint64)
eval=1 | not-eval=5 | tau= 0.97 | n_kendall=12
values=array([[-462.08897823399445],[-462.08905349085876],[-462.0890534908587],[-462.0886702373631],[-462.0889353537916],[-462.08794198866565]])
eval-idx=array([2],dtype=uint64)
eval=1 | not-eval=5 | tau= 1.00 | n_kendall=12
values=array([[-462.08942952975],[-462.08937149617833],[-462.0894030050818],[-462.0894295297501],[-462.08761951572933],[-462.0894163477424]])
eval-idx=array([0],dtype=uint64)
eval=1 | not-eval=5 | tau= 0.91 | n_kendall=12
values=array([[-462.0883147781924],[-462.08936977640894],[-462.0853195632115],[-462.089369776409],[-462.08726799397914],[-462.08379843047027]])
eval-idx=array([1],dtype=uint64)
eval=1 | not-eval=5 | tau= 0.97 | n_kendall=12
values=array([[-462.08984675498573],[-462.088971615707],[-462.08864838102846],[-462.08934216270063],[-462.0888917177729],[-462.0898467549858]])
eval-idx=array([0],dtype=uint64)
eval=1 | not-eval=5 | tau= 0.97 | n_kendall=12
values=array([[-462.0887153363571],[-462.08952092166237],[-462.08906821494145],[-462.08992627833277],[-462.0895086640253],[-462.0899262783327]])
eval-idx=array([5],dtype=uint64)
eval=2 | not-eval=4 | tau= 1.00 | n_kendall=12
values=array([[-462.08988337151015],[-462.0898545370963],[-462.08984534851396],[-462.0898512084984],[-462.0898833715102],[-462.08964699610465]])
eval-idx=array([0,3],dtype=uint64)
eval=1 | not-eval=5 | tau= 1.00 | n_kendall=12
values=array([[-462.0898682881387],[-462.08979945304895],[-462.0894332461727],[-462.08976764022424],[-462.0898571554912],[-462.08986828813863]])
eval-idx=array([5],dtype=uint64)
eval=1 | not-eval=5 | tau= 1.00 | n_kendall=12
values=array([[-462.089641671332],[-462.0897727320012],[-462.08975434404726],[-462.0896838031363],[-462.0897727320013],[-462.0889254831269]])
eval-idx=array([1],dtype=uint64)
eval=1 | not-eval=5 | tau= 1.00 | n_kendall=12
values=array([[-462.0894001244861],[-462.0894667286383],[-462.0898165386475],[-462.08981653864754],[-462.089279266235],[-462.0896760774941]])
eval-idx=array([2],dtype=uint64)
eval=1 | not-eval=5 | tau= 0.97 | n_kendall=12
values=array([[-462.0897604832616],[-462.08950258923215],[-462.0891943583049],[-462.0898132888124],[-462.0892819770409],[-462.0898132888125]])
eval-idx=array([3],dtype=uint64)
eval=6 | not-eval=0 | tau= 0.47 | n_kendall=12
values=array([[-462.089824716577],[-462.0889107555215],[-462.08949118547946],[-462.0899227709923],[-462.0899936378135],[-462.08833557093345]])
eval-idx=array([0,1,2,3,4,5],dtype=uint64)
eval=1 | not-eval=5 | tau= 0.94 | n_kendall=12
values=array([[-462.08934899408166],[-462.0899538474355],[-462.08999386322796],[-462.0899938632279],[-462.08989622034375],[-462.08942147797075]])
eval-idx=array([3],dtype=uint64)
eval=1 | not-eval=5 | tau= 0.97 | n_kendall=12
values=array([[-462.089931856788],[-462.0884250561705],[-462.0887312428604],[-462.08993185678804],[-462.08968791409075],[-462.0887649058603]])
eval-idx=array([0],dtype=uint64)
eval=1 | not-eval=5 | tau= 0.97 | n_kendall=12
values=array([[-462.0898796020142],[-462.0899419628771],[-462.0892780828464],[-462.08994196287705],[-462.08921300191076],[-462.0895596453206]])
eval-idx=array([3],dtype=uint64)
eval=1 | not-eval=5 | tau= 1.00 | n_kendall=12
values=array([[-462.0898468631987],[-462.0899124081632],[-462.0899124081631],[-462.0896167416212],[-462.08975890931396],[-462.08974926421604]])
eval-idx=array([2],dtype=uint64)
eval=1 | not-eval=5 | tau= 1.00 | n_kendall=12
values=array([[-462.08988548632476],[-462.08995632481066],[-462.08997854981055],[-462.0899785498106],[-462.0898874852562],[-462.0899660992334]])
eval-idx=array([2],dtype=uint64)
eval=1 | not-eval=5 | tau= 0.94 | n_kendall=12
values=array([[-462.08996835488443],[-462.0898994672025],[-462.0899236471717],[-462.0899683548845],[-462.0899507701056],[-462.0899617194515]])
eval-idx=array([0],dtype=uint64)
eval=1 | not-eval=5 | tau= 0.91 | n_kendall=12
values=array([[-462.08999801205806],[-462.08763672877717],[-462.0896869771467],[-462.089998012058],[-462.08995341711073],[-462.0896924405405]])
eval-idx=array([3],dtype=uint64)
eval=1 | not-eval=5 | tau= 0.97 | n_kendall=12
values=array([[-462.08992314053404],[-462.0899904875272],[-462.08978575297795],[-462.08990494805465],[-462.08994315970926],[-462.08999048752725]])
eval-idx=array([1],dtype=uint64)
eval=1 | not-eval=5 | tau= 0.97 | n_kendall=12
values=array([[-462.08994075667346],[-462.08997584392347],[-462.0899857317557],[-462.08998573175575],[-462.08991004347416],[-462.0899716730874]])
eval-idx=array([2],dtype=uint64)
eval=1 | not-eval=5 | tau= 0.97 | n_kendall=12
values=array([[-462.0898755516037],[-462.08997586045774],[-462.0899771121139],[-462.08998803606784],[-462.08998548497254],[-462.0899880360678]])
eval-idx=array([5],dtype=uint64)
eval=1 | not-eval=5 | tau= 0.97 | n_kendall=12
values=array([[-462.0899823902122],[-462.0899623987526],[-462.08994327765856],[-462.0899704829919],[-462.08997692693714],[-462.08998239021224]])
eval-idx=array([0],dtype=uint64)
eval=1 | not-eval=5 | tau= 0.97 | n_kendall=12
values=array([[-462.08999914338045],[-462.08994165946825],[-462.0899991433804],[-462.0899912507994],[-462.08999216883933],[-462.0899968893637]])
eval-idx=array([2],dtype=uint64)
eval=1 | not-eval=5 | tau= 0.97 | n_kendall=12
values=array([[-462.08999833995483],[-462.0899983399548],[-462.0899963557185],[-462.08996489998685],[-462.08998719949636],[-462.0899668926325]])
eval-idx=array([1],dtype=uint64)
eval=1 | not-eval=5 | tau= 0.97 | n_kendall=12
values=array([[-462.0899999743537],[-462.08999944529336],[-462.08999997435365],[-462.0899987638239],[-462.08999171323205],[-462.089998341532]])
eval-idx=array([2],dtype=uint64)
eval=1 | not-eval=5 | tau= 0.97 | n_kendall=12
values=array([[-462.08999810328413],[-462.0899930367966],[-462.08997292788086],[-462.0899935869542],[-462.08999942759397],[-462.0899994275939]])
eval-idx=array([5],dtype=uint64)
eval=1 | not-eval=5 | tau= 0.94 | n_kendall=12
values=array([[-462.08999771309544],[-462.0899813688096],[-462.0899977130955],[-462.0899943958945],[-462.0899893267107],[-462.0899943409262]])
eval-idx=array([0],dtype=uint64)
eval=1 | not-eval=5 | tau= 0.97 | n_kendall=12
values=array([[-462.08996668872044],[-462.0899997644728],[-462.0899589473776],[-462.089963730012],[-462.0899967319569],[-462.08999976447274]])
eval-idx=array([5],dtype=uint64)
eval=1 | not-eval=5 | tau= 1.00 | n_kendall=12
values=array([[-462.08999986351665],[-462.089999250594],[-462.0899993847382],[-462.08999908657876],[-462.0899998635166],[-462.0899981979247]])
eval-idx=array([4],dtype=uint64)
eval=1 | not-eval=5 | tau= 1.00 | n_kendall=12
values=array([[-462.08999989321364],[-462.08999562347304],[-462.0899997736776],[-462.08999931194415],[-462.0899998932136],[-462.0899884419505]])
eval-idx=array([4],dtype=uint64)
eval=1 | not-eval=5 | tau= 0.97 | n_kendall=12
values=array([[-462.08999823291236],[-462.0899990314511],[-462.0899998397662],[-462.08999996435506],[-462.0899996220182],[-462.0899999643551]])
eval-idx=array([3],dtype=uint64)
eval=1 | not-eval=5 | tau= 0.94 | n_kendall=12
values=array([[-462.0899998910148],[-462.08999742430996],[-462.0899998910149],[-462.0899983982406],[-462.08999968817864],[-462.0899993915725]])
eval-idx=array([0],dtype=uint64)
eval=1 | not-eval=5 | tau= 0.97 | n_kendall=12
values=array([[-462.0899987503477],[-462.08999771366473],[-462.08999970807963],[-462.08999967307005],[-462.0899993192249],[-462.0899997080796]])
eval-idx=array([5],dtype=uint64)
eval=1 | not-eval=5 | tau= 0.97 | n_kendall=12
values=array([[-462.0899990068895],[-462.08999918108543],[-462.08999887345504],[-462.08999925728017],[-462.08999935605925],[-462.0899993560592]])
eval-idx=array([5],dtype=uint64)
eval=1 | not-eval=5 | tau= 1.00 | n_kendall=12
values=array([[-462.0899993373394],[-462.0899993339373],[-462.08999925841516],[-462.08999957689906],[-462.089999576899],[-462.0899994787811]])
eval-idx=array([4],dtype=uint64)
eval=1 | not-eval=5 | tau= 0.97 | n_kendall=12
values=array([[-462.08999982103273],[-462.08999986171466],[-462.0899993879228],[-462.0899995901885],[-462.08999942978664],[-462.0899998617146]])
eval-idx=array([5],dtype=uint64)
eval=1 | not-eval=5 | tau= 1.00 | n_kendall=12
values=array([[-462.0899998823921],[-462.0899997605919],[-462.08999988239214],[-462.0899993150793],[-462.08999950076446],[-462.0899998729187]])
eval-idx=array([0],dtype=uint64)
eval=1 | not-eval=5 | tau= 0.97 | n_kendall=12
values=array([[-462.08999937518644],[-462.08999969855375],[-462.0899996985537],[-462.08999941742564],[-462.0899995695131],[-462.0899996923715]])
eval-idx=array([2],dtype=uint64)
eval=1 | not-eval=5 | tau= 0.97 | n_kendall=12
values=array([[-462.0899997910112],[-462.08999996978713],[-462.0899999697872],[-462.08999968096197],[-462.089999966212],[-462.0899998639841]])
eval-idx=array([1],dtype=uint64)
eval=1 | not-eval=5 | tau= 1.00 | n_kendall=12
values=array([[-462.0899996300428],[-462.0899992391824],[-462.089999842355],[-462.08999990095174],[-462.08999993119227],[-462.0899999311922]])
eval-idx=array([5],dtype=uint64)
eval=1 | not-eval=5 | tau= 0.97 | n_kendall=12
values=array([[-462.0899996164485],[-462.08999984991306],[-462.0899997655092],[-462.0899999938018],[-462.0899996784131],[-462.08999999380177]])
eval-idx=array([5],dtype=uint64)
 2D  3-fun   1-inst  500-budget  True-solved 259-evals  702-cma-evals 1498s 0-restarts  6-init-pop (Surrogate(ensemble=Raf(data_noise=0), subset=ClosestToEachTestPoint(Mahalanobis, n_max_coef=20), x_tf=ShiftAndScaleByEs, y_tf=MinAdjustedLog), EvaluateUntilKendallThreshold(mean_criterion, tau_threshold=0.85, offset=True), n_min_fn=get_dim) 6.2e-09-delta-f
