Arguments: Namespace(dim=2, fun=1, inst=None, crit='mean')
(3_w,6)-aCMA-ES (mu_w=2.0,w_1=63%) in dimension 2 (seed=1, Mon Apr 29 14:27:36 2024)
iohexp--d-2--f-1--i-1--b-500__pycma--init-pop-6__(Surrogate(ensemble=Raf(data_noise=0), subset=ClosestToEachTestPoint(Mahalanobis, n_max_coef=20), x_tf=ShiftAndScaleByEs, y_tf=MinAdjustedLog), EvaluateUntilKendallThreshold(mean_criterion, tau_threshold=0.85, offset=True), n_min_fn=get_dim)
values=array([[88.45981593359384],[82.17235533905831],[93.54215017678143],[90.0907278388481],[80.06146485047483],[95.39929543018378]])
eval-idx=array([0,1,2,3,4,5],dtype=uint64)
eval=1 | not-eval=5 | tau= 0.90 | n_kendall= 7
values=array([[80.38099279432174],[87.30120906038053],[80.54908967903397],[81.92239121446185],[80.38099279432176],[83.6271893692971]])
eval-idx=array([0],dtype=uint64)
eval=6 | not-eval=0 | tau= 0.11 | n_kendall=12
values=array([[80.4691281413831],[81.966562101356],[80.80062948588127],[82.08369587826418],[83.04498553310339],[81.64158075690268]])
eval-idx=array([0,1,2,3,4,5],dtype=uint64)
eval=1 | not-eval=5 | tau= 0.94 | n_kendall=12
values=array([[81.02301128043067],[80.47710667693242],[80.64885640035413],[80.60181352552432],[80.47710667693241],[82.71847983216155]])
eval-idx=array([4],dtype=uint64)
eval=1 | not-eval=5 | tau= 0.97 | n_kendall=12
values=array([[79.85432958365456],[79.80158615226617],[79.86983588260645],[79.80158615226618],[80.70785177027798],[80.11590930677464]])
eval-idx=array([1],dtype=uint64)
eval=1 | not-eval=5 | tau= 0.97 | n_kendall=12
values=array([[80.01144105497416],[79.55105569383093],[79.55105569383092],[79.80402840973369],[82.07532978773983],[79.91533015955855]])
eval-idx=array([2],dtype=uint64)
eval=1 | not-eval=5 | tau= 0.94 | n_kendall=12
values=array([[79.70702861422315],[82.79042393199896],[79.66242412091613],[79.69655861138577],[79.58688678894529],[79.5868867889453]])
eval-idx=array([4],dtype=uint64)
eval=1 | not-eval=5 | tau= 1.00 | n_kendall=12
values=array([[79.51190914171681],[79.57517245331344],[79.57969942822763],[79.54271504101924],[79.58504461248164],[79.51190914171683]])
eval-idx=array([0],dtype=uint64)
eval=1 | not-eval=5 | tau= 1.00 | n_kendall=12
values=array([[79.53091529940917],[79.55555270519301],[79.75372722491906],[79.53091529940919],[79.55690019141626],[79.64126321993807]])
eval-idx=array([0],dtype=uint64)
eval=6 | not-eval=0 | tau= 0.38 | n_kendall=12
values=array([[79.52636460833912],[79.57184594629511],[79.52786354108063],[79.5615347079731],[79.59133751661398],[79.48679141271748]])
eval-idx=array([0,1,2,3,4,5],dtype=uint64)
eval=1 | not-eval=5 | tau= 0.97 | n_kendall=12
values=array([[79.52215044170316],[79.48915932759252],[79.61453194034885],[79.48915932759253],[79.57093259115538],[79.51973193973885]])
eval-idx=array([1],dtype=uint64)
eval=1 | not-eval=5 | tau= 1.00 | n_kendall=12
values=array([[79.4979175035006],[79.49166961276968],[79.50202736939696],[79.48263057028801],[79.482630570288],[79.4991473258048]])
eval-idx=array([4],dtype=uint64)
eval=1 | not-eval=5 | tau= 0.94 | n_kendall=12
values=array([[79.49745938464196],[79.49950125444032],[79.50111267102407],[79.58708070746039],[79.57499648197123],[79.49745938464194]])
eval-idx=array([5],dtype=uint64)
eval=1 | not-eval=5 | tau= 1.00 | n_kendall=12
values=array([[79.49678194062635],[79.52539521470149],[79.50007495555234],[79.4970302043772],[79.49678194062636],[79.49924411218784]])
eval-idx=array([0],dtype=uint64)
eval=1 | not-eval=5 | tau= 0.97 | n_kendall=12
values=array([[75681.57041385362],[79.48785392419188],[91.6429230793014],[79.4878539241919],[80.3740469238402],[79.72169710078546]])
eval-idx=array([1],dtype=uint64)
eval=1 | not-eval=5 | tau= 1.00 | n_kendall=12
values=array([[79.48445320670797],[79.48268678986322],[79.48931782555175],[79.48270027139377],[79.4850088939234],[79.48268678986324]])
eval-idx=array([1],dtype=uint64)
eval=1 | not-eval=5 | tau= 0.94 | n_kendall=12
values=array([[79.49758839571462],[79.50883596689789],[79.48111213680289],[79.48600675629547],[79.48111213680288],[79.50562076182385]])
eval-idx=array([4],dtype=uint64)
eval=6 | not-eval=0 | tau= 0.47 | n_kendall=12
values=array([[79.49594144914573],[79.48458727519288],[79.49900618645123],[79.49053656141798],[79.49128556085073],[79.48375439124597]])
eval-idx=array([0,1,2,3,4,5],dtype=uint64)
eval=1 | not-eval=5 | tau= 1.00 | n_kendall=12
values=array([[79.48174632417665],[79.48494357723705],[79.48583956984417],[79.4858402458974],[79.50829470409506],[79.48174632417667]])
eval-idx=array([0],dtype=uint64)
eval=1 | not-eval=5 | tau= 1.00 | n_kendall=12
values=array([[79.48089787375814],[79.48089787375812],[79.48638055477147],[79.48564693323952],[79.48220610125615],[79.48609539447423]])
eval-idx=array([1],dtype=uint64)
eval=1 | not-eval=5 | tau= 0.94 | n_kendall=12
values=array([[79.48032153252831],[79.48318375802926],[79.48023219131291],[79.48059284027944],[79.48562476844535],[79.48023219131292]])
eval-idx=array([2],dtype=uint64)
eval=1 | not-eval=5 | tau= 1.00 | n_kendall=12
values=array([[79.48306160384863],[79.48121610742251],[79.48072043408851],[79.48036416647213],[79.48239491981643],[79.48036416647211]])
eval-idx=array([5],dtype=uint64)
eval=1 | not-eval=5 | tau= 0.97 | n_kendall=12
values=array([[79.48056178201281],[79.48024399217692],[79.48121604698795],[79.4810449325655],[79.48114887226494],[79.48024399217691]])
eval-idx=array([5],dtype=uint64)
eval=1 | not-eval=5 | tau= 0.94 | n_kendall=12
values=array([[79.48032144195138],[79.48038092831439],[79.48001022249386],[79.48005266870304],[79.4800143644055],[79.48001022249387]])
eval-idx=array([2],dtype=uint64)
eval=1 | not-eval=5 | tau= 0.97 | n_kendall=12
values=array([[79.48010699502946],[79.48001720463482],[79.48026819592937],[79.48006064874352],[79.48001720463483],[79.48008122999438]])
eval-idx=array([1],dtype=uint64)
eval=1 | not-eval=5 | tau= 1.00 | n_kendall=12
values=array([[79.4804100372999],[79.48014251981668],[79.4802693334013],[79.48008275052811],[79.48006392876461],[79.4800639287646]])
eval-idx=array([5],dtype=uint64)
eval=1 | not-eval=5 | tau= 1.00 | n_kendall=12
values=array([[79.48021762520311],[79.48060528061156],[79.48007124934966],[79.48003925498816],[79.48003925498817],[79.48009001519155]])
eval-idx=array([3],dtype=uint64)
eval=1 | not-eval=5 | tau= 1.00 | n_kendall=12
values=array([[79.4800667085273],[79.48003722814155],[79.48004351866719],[79.48006025215338],[79.48003722814154],[79.48051363690826]])
eval-idx=array([4],dtype=uint64)
eval=1 | not-eval=5 | tau= 1.00 | n_kendall=12
values=array([[79.48039036904946],[79.48049792166964],[79.48004010672821],[79.48000905887766],[79.48000905887767],[79.48001361271437]])
eval-idx=array([3],dtype=uint64)
eval=1 | not-eval=5 | tau= 0.94 | n_kendall=12
values=array([[79.48004290333894],[79.48001854334703],[79.48000554994726],[79.4800146139522],[79.48000554994725],[79.48002027549224]])
eval-idx=array([4],dtype=uint64)
eval=1 | not-eval=5 | tau= 1.00 | n_kendall=12
values=array([[79.48001589865841],[79.48001297061117],[79.48001034557706],[79.48008264095206],[79.48000837936263],[79.48000837936262]])
eval-idx=array([5],dtype=uint64)
eval=1 | not-eval=5 | tau= 0.97 | n_kendall=12
values=array([[79.48000344635373],[79.48001141570019],[79.48001761148176],[79.48000838506991],[79.48000344635375],[79.48001280594067]])
eval-idx=array([0],dtype=uint64)
eval=1 | not-eval=5 | tau= 1.00 | n_kendall=12
values=array([[79.48000372787004],[79.48000372787003],[79.48001024352048],[79.48001592624736],[79.48000526019338],[79.48000814434738]])
eval-idx=array([1],dtype=uint64)
eval=1 | not-eval=5 | tau= 0.94 | n_kendall=12
values=array([[79.48000717977772],[79.48000647536828],[79.48000672784927],[79.48000339004676],[79.48000339004675],[79.4800112829587]])
eval-idx=array([4],dtype=uint64)
eval=1 | not-eval=5 | tau= 1.00 | n_kendall=12
values=array([[79.4800007605801],[79.4800012095369],[79.48000076058008],[79.48001774052445],[79.48000110825524],[79.48000738026893]])
eval-idx=array([2],dtype=uint64)
eval=1 | not-eval=5 | tau= 1.00 | n_kendall=12
values=array([[79.4800023849102],[79.48000067269055],[79.48000260584197],[79.48000170133545],[79.48000067269054],[79.48000291618976]])
eval-idx=array([4],dtype=uint64)
eval=1 | not-eval=5 | tau= 0.97 | n_kendall=12
values=array([[79.48000091962358],[79.48000091962359],[79.48000101290403],[79.48000122565067],[79.48000837555597],[79.48000239185377]])
eval-idx=array([0],dtype=uint64)
eval=1 | not-eval=5 | tau= 1.00 | n_kendall=12
values=array([[79.48000025437457],[79.48000029443469],[79.48000028103603],[79.48000025437459],[79.48000318547219],[79.48000640339357]])
eval-idx=array([0],dtype=uint64)
eval=1 | not-eval=5 | tau= 1.00 | n_kendall=12
values=array([[79.48000010236319],[79.48000017136926],[79.48000055901741],[79.48000052876854],[79.48000010236318],[79.48000107654991]])
eval-idx=array([4],dtype=uint64)
eval=6 | not-eval=0 | tau= 0.29 | n_kendall=12
values=array([[79.48000039332695],[79.48000025656857],[79.48000097306408],[79.4800000980629],[79.48000115353709],[79.4800003100236]])
eval-idx=array([0,1,2,3,4,5],dtype=uint64)
eval=1 | not-eval=5 | tau= 0.94 | n_kendall=12
values=array([[79.48000048787848],[79.48000001028869],[79.48000008093275],[79.4800001487492],[79.48000039412814],[79.48000001028868]])
eval-idx=array([5],dtype=uint64)
eval=1 | not-eval=5 | tau= 0.91 | n_kendall=12
values=array([[79.48000000865878],[79.48000040034702],[79.48000046325667],[79.48000014853152],[79.4800003699517],[79.48000000865879]])
eval-idx=array([0],dtype=uint64)
 2D  1-fun   1-inst  500-budget  True-solved  67-evals  246-cma-evals  583s 0-restarts  6-init-pop (Surrogate(ensemble=Raf(data_noise=0), subset=ClosestToEachTestPoint(Mahalanobis, n_max_coef=20), x_tf=ShiftAndScaleByEs, y_tf=MinAdjustedLog), EvaluateUntilKendallThreshold(mean_criterion, tau_threshold=0.85, offset=True), n_min_fn=get_dim) 8.7e-09-delta-f
