args = Namespace(dim=2, fun=10, inst=None, crit='mean')
(3_w,6)-aCMA-ES (mu_w=2.0,w_1=63%) in dimension 2 (seed=1, Wed Apr 24 17:40:02 2024)
=== iohexp--d-2--f-10--i-1--b-500__pycma--init-pop-6__None
 2D 10-fun   1-inst  500-budget  True-solved 417-evals  414-cma-evals    0s 0-restarts  6-init-pop 9.8e-10-delta-f          1-seed
