args = Namespace(dim=2, fun=10, inst=None, crit='mean')
(3_w,6)-aCMA-ES (mu_w=2.0,w_1=63%) in dimension 2 (seed=1, Sat Apr 27 01:22:12 2024)
=== iohexp--d-2--f-10--i-1--b-500__pycma--init-pop-6__(Surrogate(model=Raf(data_noise=0.01), subset=ClosestToEachTestPoint(Mahalanobis, n_max_coef=20), x_tf=ShiftAndScaleByEs, y_tf=MinAdjustedLog), EvaluateUntilKendallThreshold(mean_criterion, tau_threshold=0.85, offset=True), n_min_fn=get_dim)
subset-max-norm=1.306599897541423 | norm-max=12.13941703508117
subset-idx-size=6

NN: 0
epoch: 200 , mse_ 11.57 , loss_anch 34.404 tau-train= 0.87
epoch: 400 , mse_ 3.467 , loss_anch 22.227 tau-train= 1.00
epoch: 600 , mse_ 1.526 , loss_anch 16.92 tau-train= 1.00
epoch: 800 , mse_ 1.347 , loss_anch 15.187 tau-train= 1.00
epoch: 1000 , mse_ 1.205 , loss_anch 14.083 tau-train= 1.00

NN: 1
epoch: 200 , mse_ 1.213 , loss_anch 25.428 tau-train= 1.00
epoch: 400 , mse_ 0.577 , loss_anch 15.441 tau-train= 1.00
epoch: 600 , mse_ 0.305 , loss_anch 11.154 tau-train= 1.00
epoch: 800 , mse_ 0.171 , loss_anch 8.906 tau-train= 1.00
epoch: 1000 , mse_ 0.119 , loss_anch 8.08 tau-train= 1.00

NN: 2
epoch: 200 , mse_ 2.883 , loss_anch 8.589 tau-train= 1.00
epoch: 400 , mse_ 0.896 , loss_anch 6.107 tau-train= 1.00
epoch: 600 , mse_ 0.366 , loss_anch 5.073 tau-train= 1.00
epoch: 800 , mse_ 0.197 , loss_anch 4.474 tau-train= 1.00
epoch: 1000 , mse_ 0.132 , loss_anch 4.084 tau-train= 1.00

NN: 3
epoch: 200 , mse_ 2.728 , loss_anch 31.045 tau-train= 1.00
epoch: 400 , mse_ 1.32 , loss_anch 19.361 tau-train= 1.00
epoch: 600 , mse_ 0.953 , loss_anch 17.146 tau-train= 1.00
epoch: 800 , mse_ 0.533 , loss_anch 14.859 tau-train= 1.00
epoch: 1000 , mse_ 0.394 , loss_anch 13.456 tau-train= 1.00

NN: 4
epoch: 200 , mse_ 0.381 , loss_anch 12.812 tau-train= 1.00
epoch: 400 , mse_ 0.103 , loss_anch 6.881 tau-train= 1.00
epoch: 600 , mse_ 0.063 , loss_anch 5.494 tau-train= 1.00
epoch: 800 , mse_ 0.053 , loss_anch 4.93 tau-train= 1.00
epoch: 1000 , mse_ 0.048 , loss_anch 4.656 tau-train= 1.00
tau-train-ens=0.9999999999999999
tau-archive=0.9999999999999999
eval=1 | not-eval=5 | tau= 0.90 | n_kendall= 7 | std(means)/mean(stds)=1293855.13 | std(means)=7.59e+05 | mean(stds)=5.86e-01
delta_f=2.32e+05
tau-population= 0.07 | tau-pop-final= 0.07 | final-target-hit=False
tau-mean-first=+0.07 | tau-mean-last=+0.20 | tau-LogN=+0.20 | tau-median=+0.07
subset-max-norm=1.279778090774865 | norm-max=12.13941703508117
subset-idx-size=7

NN: 0
epoch: 200 , mse_ 3.097 , loss_anch 14.511 tau-train= 1.00
epoch: 400 , mse_ 0.684 , loss_anch 10.254 tau-train= 1.00
epoch: 600 , mse_ 0.276 , loss_anch 8.294 tau-train= 1.00
epoch: 800 , mse_ 0.189 , loss_anch 7.208 tau-train= 1.00
epoch: 1000 , mse_ 0.133 , loss_anch 6.39 tau-train= 1.00

NN: 1
epoch: 200 , mse_ 1.642 , loss_anch 28.821 tau-train= 1.00
epoch: 400 , mse_ 0.856 , loss_anch 18.458 tau-train= 1.00
epoch: 600 , mse_ 0.215 , loss_anch 13.177 tau-train= 1.00
epoch: 800 , mse_ 0.098 , loss_anch 10.547 tau-train= 1.00
epoch: 1000 , mse_ 0.074 , loss_anch 9.43 tau-train= 1.00

NN: 2
epoch: 200 , mse_ 1.391 , loss_anch 42.735 tau-train= 1.00
epoch: 400 , mse_ 0.726 , loss_anch 30.453 tau-train= 1.00
epoch: 600 , mse_ 0.488 , loss_anch 25.388 tau-train= 1.00
epoch: 800 , mse_ 0.344 , loss_anch 22.457 tau-train= 1.00
epoch: 1000 , mse_ 0.265 , loss_anch 20.403 tau-train= 1.00

NN: 3
epoch: 200 , mse_ 3.592 , loss_anch 36.929 tau-train= 1.00
epoch: 400 , mse_ 1.809 , loss_anch 24.623 tau-train= 1.00
epoch: 600 , mse_ 1.275 , loss_anch 22.38 tau-train= 1.00
epoch: 800 , mse_ 0.988 , loss_anch 20.611 tau-train= 1.00
epoch: 1000 , mse_ 0.938 , loss_anch 20.306 tau-train= 1.00

NN: 4
epoch: 200 , mse_ 1.049 , loss_anch 37.402 tau-train= 1.00
epoch: 400 , mse_ 0.537 , loss_anch 23.834 tau-train= 1.00
epoch: 600 , mse_ 0.338 , loss_anch 18.797 tau-train= 1.00
epoch: 800 , mse_ 0.189 , loss_anch 16.084 tau-train= 1.00
epoch: 1000 , mse_ 0.189 , loss_anch 14.734 tau-train= 1.00
tau-train-ens=1.0
tau-archive=0.9999999999999999
eval=1 | not-eval=5 | tau= 0.86 | n_kendall= 8 | std(means)/mean(stds)=480516.98 | std(means)=2.34e+05 | mean(stds)=4.88e-01
delta_f=1.23e+05
tau-population= 0.47 | tau-pop-final= 0.47 | final-target-hit=False
tau-mean-first=+0.47 | tau-mean-last=+0.47 | tau-LogN=+0.47 | tau-median=+0.60
subset-max-norm=2.5530080616842836 | norm-max=12.13941703508117
subset-idx-size=8

NN: 0
epoch: 200 , mse_ 2.477 , loss_anch 43.247 tau-train= 0.93
epoch: 400 , mse_ 0.815 , loss_anch 36.625 tau-train= 0.93
epoch: 600 , mse_ 0.426 , loss_anch 33.079 tau-train= 1.00
epoch: 800 , mse_ 0.333 , loss_anch 30.842 tau-train= 1.00
epoch: 1000 , mse_ 0.302 , loss_anch 29.248 tau-train= 1.00

NN: 1
epoch: 200 , mse_ 0.607 , loss_anch 24.838 tau-train= 1.00
epoch: 400 , mse_ 0.241 , loss_anch 17.751 tau-train= 1.00
epoch: 600 , mse_ 0.17 , loss_anch 14.668 tau-train= 1.00
epoch: 800 , mse_ 0.133 , loss_anch 13.191 tau-train= 1.00
epoch: 1000 , mse_ 0.114 , loss_anch 12.243 tau-train= 1.00

NN: 2
epoch: 200 , mse_ 2.011 , loss_anch 46.687 tau-train= 1.00
epoch: 400 , mse_ 1.189 , loss_anch 35.437 tau-train= 1.00
epoch: 600 , mse_ 0.808 , loss_anch 29.913 tau-train= 1.00
epoch: 800 , mse_ 0.574 , loss_anch 26.528 tau-train= 1.00
epoch: 1000 , mse_ 0.459 , loss_anch 24.168 tau-train= 1.00

NN: 3
epoch: 200 , mse_ 2.841 , loss_anch 46.885 tau-train= 1.00
epoch: 400 , mse_ 1.674 , loss_anch 32.361 tau-train= 1.00
epoch: 600 , mse_ 1.071 , loss_anch 26.589 tau-train= 1.00
epoch: 800 , mse_ 0.885 , loss_anch 24.005 tau-train= 1.00
epoch: 1000 , mse_ 0.818 , loss_anch 23.243 tau-train= 1.00

NN: 4
epoch: 200 , mse_ 0.298 , loss_anch 11.753 tau-train= 1.00
epoch: 400 , mse_ 0.122 , loss_anch 7.494 tau-train= 1.00
epoch: 600 , mse_ 0.087 , loss_anch 6.405 tau-train= 1.00
epoch: 800 , mse_ 0.073 , loss_anch 5.901 tau-train= 1.00
epoch: 1000 , mse_ 0.064 , loss_anch 5.634 tau-train= 1.00
tau-train-ens=0.9999999999999998
tau-archive=1.0
eval=1 | not-eval=5 | tau= 1.00 | n_kendall= 9 | std(means)/mean(stds)=434107.55 | std(means)=4.82e+05 | mean(stds)=1.11e+00
delta_f=1.23e+05
tau-population= 0.33 | tau-pop-final= 0.33 | final-target-hit=False
tau-mean-first=+0.33 | tau-mean-last=+0.47 | tau-LogN=+0.33 | tau-median=+0.33
subset-max-norm=2.2090383961883955 | norm-max=12.13941703508117
subset-idx-size=9

NN: 0
epoch: 200 , mse_ 87.812 , loss_anch 158.503 tau-train= 0.89
epoch: 400 , mse_ 6.076 , loss_anch 81.566 tau-train= 0.94
epoch: 600 , mse_ 3.146 , loss_anch 66.805 tau-train= 0.94
epoch: 800 , mse_ 2.509 , loss_anch 59.239 tau-train= 0.94
epoch: 1000 , mse_ 2.101 , loss_anch 54.933 tau-train= 0.94

NN: 1
epoch: 200 , mse_ 5.419 , loss_anch 104.561 tau-train= 0.94
epoch: 400 , mse_ 3.282 , loss_anch 72.46 tau-train= 1.00
epoch: 600 , mse_ 2.028 , loss_anch 55.905 tau-train= 1.00
epoch: 800 , mse_ 1.572 , loss_anch 50.216 tau-train= 1.00
epoch: 1000 , mse_ 1.4 , loss_anch 46.795 tau-train= 1.00

NN: 2
epoch: 200 , mse_ 19.369 , loss_anch 103.61 tau-train= 0.94
epoch: 400 , mse_ 5.796 , loss_anch 66.865 tau-train= 0.94
epoch: 600 , mse_ 3.483 , loss_anch 56.52 tau-train= 0.94
epoch: 800 , mse_ 2.76 , loss_anch 51.032 tau-train= 0.94
epoch: 1000 , mse_ 2.32 , loss_anch 47.014 tau-train= 0.94

NN: 3
epoch: 200 , mse_ 28.426 , loss_anch 205.339 tau-train= 0.94
epoch: 400 , mse_ 15.145 , loss_anch 140.688 tau-train= 0.94
epoch: 600 , mse_ 9.92 , loss_anch 122.301 tau-train= 0.94
epoch: 800 , mse_ 7.555 , loss_anch 107.099 tau-train= 0.94
epoch: 1000 , mse_ 6.601 , loss_anch 98.666 tau-train= 0.94

NN: 4
epoch: 200 , mse_ 1.471 , loss_anch 39.017 tau-train= 1.00
epoch: 400 , mse_ 0.849 , loss_anch 28.339 tau-train= 1.00
epoch: 600 , mse_ 0.589 , loss_anch 22.574 tau-train= 1.00
epoch: 800 , mse_ 0.493 , loss_anch 20.675 tau-train= 1.00
epoch: 1000 , mse_ 0.445 , loss_anch 19.956 tau-train= 1.00
tau-train-ens=0.9444444444444445
tau-archive=0.9285714285714285
eval=1 | not-eval=5 | tau= 0.91 | n_kendall=10 | std(means)/mean(stds)=236475.15 | std(means)=8.35e+04 | mean(stds)=3.53e-01
delta_f=8.46e+00
tau-population= 0.60 | tau-pop-final= 0.47 | final-target-hit=False
tau-mean-first=+0.60 | tau-mean-last=+0.47 | tau-LogN=+0.47 | tau-median=+0.47
