Arguments: Namespace(dim=2, fun=13, inst=None, crit='mean')
(3_w,6)-aCMA-ES (mu_w=2.0,w_1=63%) in dimension 2 (seed=1, Tue Apr 30 14:44:21 2024)
iohexp--d-2--f-13--i-1--b-500__pycma--init-pop-6__None
values=array([[603.5367532937423],[491.5181587599802],[508.3937218643375],[692.2040801532262],[190.0352947469712],[782.8425806580905]])
eval-idx=array([0,1,2,3,4,5],dtype=uint64)
values=array([[125.07292749002514],[748.2521511911802],[217.83967230271065],[207.15435841016242],[343.97703230574484],[562.3555422120498]])
eval-idx=array([0,1,2,3,4,5],dtype=uint64)
values=array([[383.1942867887583],[83.51359262829571],[100.38605176196434],[119.92078872129966],[139.2965595671017],[97.54105559589716]])
eval-idx=array([0,1,2,3,4,5],dtype=uint64)
values=array([[255.16223529640558],[506.16298409422575],[139.22202450764598],[45.68582210456793],[57.32001525294332],[284.1796168720439]])
eval-idx=array([0,1,2,3,4,5],dtype=uint64)
values=array([[36.55522606275419],[64.98186285602213],[283.024060975819],[91.4430368955517],[185.87110482672915],[72.80893386401928]])
eval-idx=array([0,1,2,3,4,5],dtype=uint64)
values=array([[149.78910748993184],[126.84667067779455],[119.75795115212286],[195.43494358767038],[389.07679521324724],[213.39278608119045]])
eval-idx=array([0,1,2,3,4,5],dtype=uint64)
values=array([[118.21129269144646],[154.37867380856557],[69.00227045731586],[126.14890151806551],[83.83302221397652],[123.21863362026657]])
eval-idx=array([0,1,2,3,4,5],dtype=uint64)
values=array([[93.4313697590654],[52.5458697582113],[76.28414745291022],[183.12792075972646],[50.525587965038284],[114.14742964856909]])
eval-idx=array([0,1,2,3,4,5],dtype=uint64)
values=array([[42.407584492005185],[70.31335922165624],[70.41928312752333],[56.213089388997034],[87.68313334882045],[100.39808225047248]])
eval-idx=array([0,1,2,3,4,5],dtype=uint64)
values=array([[46.586216270183165],[94.33904108405736],[68.78961229003892],[49.928463038584574],[34.98211818040585],[74.79206854880798]])
eval-idx=array([0,1,2,3,4,5],dtype=uint64)
values=array([[32.06846278539144],[72.17864729051588],[98.85377545350273],[86.7768511889459],[74.94910127425257],[34.35997928679966]])
eval-idx=array([0,1,2,3,4,5],dtype=uint64)
values=array([[61.01259705501565],[54.456348212807896],[46.5289829408302],[55.56140850986057],[32.521700256547994],[58.638624344820435]])
eval-idx=array([0,1,2,3,4,5],dtype=uint64)
values=array([[46.805996426524395],[37.23215439851231],[40.619356827149424],[31.56008132083486],[59.8460126323967],[44.85204952068644]])
eval-idx=array([0,1,2,3,4,5],dtype=uint64)
values=array([[31.168693280335148],[35.38001301077776],[41.48371843929887],[38.80686448858201],[44.56448637607155],[56.06762626192557]])
eval-idx=array([0,1,2,3,4,5],dtype=uint64)
values=array([[83.87763516350957],[42.89606244522606],[83.93340615902356],[32.98376438645226],[59.49398522835881],[46.25400421010825]])
eval-idx=array([0,1,2,3,4,5],dtype=uint64)
values=array([[48.228978725975736],[37.23612881448184],[34.72905397550318],[36.8281500578459],[33.00360380779239],[44.93592907293127]])
eval-idx=array([0,1,2,3,4,5],dtype=uint64)
values=array([[48.54859783804892],[39.3848618824224],[36.96841519090411],[38.93821606926489],[31.842548587684767],[32.65786267298131]])
eval-idx=array([0,1,2,3,4,5],dtype=uint64)
values=array([[42.12047391211591],[44.040103832828436],[43.321292777864784],[33.785730340014126],[38.09469395979444],[41.94902919284573]])
eval-idx=array([0,1,2,3,4,5],dtype=uint64)
values=array([[34.78638982312405],[38.25066155865676],[38.86070769572355],[39.17864499974665],[40.5581043244763],[34.21989858554129]])
eval-idx=array([0,1,2,3,4,5],dtype=uint64)
values=array([[34.481516510233824],[31.13509804858481],[31.597848249161697],[32.7010476277523],[36.9012837701256],[38.41789928538678]])
eval-idx=array([0,1,2,3,4,5],dtype=uint64)
values=array([[31.294602669523783],[32.27116407476204],[32.0074863907835],[33.24132545069881],[37.434937999819944],[30.800409502915507]])
eval-idx=array([0,1,2,3,4,5],dtype=uint64)
values=array([[35.360240757458705],[31.1622982523894],[34.024741928072565],[30.900879385429786],[32.13309497965425],[31.588091888078587]])
eval-idx=array([0,1,2,3,4,5],dtype=uint64)
values=array([[31.01807599923013],[31.338273413787515],[31.53820154463932],[32.11937391502732],[32.01411514883897],[32.836399944188585]])
eval-idx=array([0,1,2,3,4,5],dtype=uint64)
values=array([[31.283931756979854],[30.55166269199642],[30.99535080460258],[31.04983633000505],[31.149810455619807],[31.103921717265994]])
eval-idx=array([0,1,2,3,4,5],dtype=uint64)
values=array([[31.3704125696469],[30.31207478777742],[31.227512012933452],[30.457661077514757],[30.842104342124248],[31.051363250764357]])
eval-idx=array([0,1,2,3,4,5],dtype=uint64)
values=array([[32.16872232853503],[31.180969026802213],[30.102243271046973],[30.453062160991294],[30.918665816215512],[31.23386455316873]])
eval-idx=array([0,1,2,3,4,5],dtype=uint64)
values=array([[31.200535100243457],[32.18329983098207],[30.662727881963388],[30.82850908637725],[30.41542559114982],[30.498395563322525]])
eval-idx=array([0,1,2,3,4,5],dtype=uint64)
values=array([[30.508391269096784],[30.323342307655384],[30.140255998803273],[30.42244214607044],[30.723421837242984],[31.00776743568828]])
eval-idx=array([0,1,2,3,4,5],dtype=uint64)
values=array([[31.36781080800795],[31.589082775903314],[30.12824730049781],[30.26855310776226],[30.20430371330287],[30.25955321524424]])
eval-idx=array([0,1,2,3,4,5],dtype=uint64)
values=array([[30.365027713508486],[30.163356020045835],[30.197701543819466],[30.436223609173318],[30.107532261101486],[30.36494611628128]])
eval-idx=array([0,1,2,3,4,5],dtype=uint64)
values=array([[30.171609243151156],[30.568554192013885],[30.073151716068615],[30.81367223370917],[30.16078993769161],[30.10710116423083]])
eval-idx=array([0,1,2,3,4,5],dtype=uint64)
values=array([[30.188811140408788],[30.353461034480468],[30.52155841952087],[30.430767480169965],[30.15433867397454],[30.406814741335165]])
eval-idx=array([0,1,2,3,4,5],dtype=uint64)
values=array([[30.319441715802288],[30.15907945080908],[30.061066900043812],[30.081067529073103],[30.06374123089987],[30.002860309715167]])
eval-idx=array([0,1,2,3,4,5],dtype=uint64)
values=array([[30.348684553121174],[30.034630904342162],[30.247911814431],[30.01272079870413],[30.081477480751804],[30.43694328014616]])
eval-idx=array([0,1,2,3,4,5],dtype=uint64)
values=array([[30.142155752996448],[30.290572497388673],[30.312920583357922],[30.500996049350974],[30.213288169182498],[30.199131459027765]])
eval-idx=array([0,1,2,3,4,5],dtype=uint64)
values=array([[30.19078329873891],[29.989107830216767],[30.37439714308717],[30.02147047317556],[30.04337896457611],[30.336697493776246]])
eval-idx=array([0,1,2,3,4,5],dtype=uint64)
values=array([[30.06806088533398],[30.098441748868154],[30.04486904980602],[30.125854029990506],[30.116306088230417],[30.151695690416943]])
eval-idx=array([0,1,2,3,4,5],dtype=uint64)
values=array([[30.034245934277504],[30.042653305161092],[30.102978837048255],[30.061561398735137],[30.09412548230874],[30.131936212627313]])
eval-idx=array([0,1,2,3,4,5],dtype=uint64)
values=array([[30.096657107720038],[30.019588102082103],[29.98927894916045],[30.160720927878568],[30.019653654898853],[30.22618864520061]])
eval-idx=array([0,1,2,3,4,5],dtype=uint64)
values=array([[30.011386916946893],[30.012925434738065],[30.072390520697773],[30.023077171733988],[30.14002999606134],[29.979002810312082]])
eval-idx=array([0,1,2,3,4,5],dtype=uint64)
values=array([[30.03617751658203],[30.012287874534724],[30.082928253464207],[30.08958136408913],[30.064249160984712],[29.986844885462904]])
eval-idx=array([0,1,2,3,4,5],dtype=uint64)
values=array([[30.003747503138],[30.022132052662922],[30.024193383118032],[30.019292951529142],[30.045217900770982],[30.001120725503018]])
eval-idx=array([0,1,2,3,4,5],dtype=uint64)
values=array([[30.015360595913954],[30.024048582153032],[30.034766940714388],[30.007778484261483],[29.979902528753556],[29.975703706833492]])
eval-idx=array([0,1,2,3,4,5],dtype=uint64)
values=array([[29.999358631853646],[29.98006593517668],[30.018450921380165],[29.994900818013953],[29.999602732530416],[30.015035703445584]])
eval-idx=array([0,1,2,3,4,5],dtype=uint64)
values=array([[30.007443151265186],[30.008163911918125],[29.998293916512452],[29.98576415864522],[29.98832534991699],[30.032649329552484]])
eval-idx=array([0,1,2,3,4,5],dtype=uint64)
values=array([[29.980538092337884],[30.012057478220658],[29.999984259686176],[29.99770244697578],[29.98706426373025],[29.973382478734703]])
eval-idx=array([0,1,2,3,4,5],dtype=uint64)
values=array([[29.984766220703865],[29.983552435418005],[29.98979478450472],[29.986870183963596],[29.97846771591072],[29.987028565500424]])
eval-idx=array([0,1,2,3,4,5],dtype=uint64)
values=array([[30.034277486984095],[29.982521128197927],[29.982530771695608],[29.975933424558946],[29.987314454505928],[29.977797064820024]])
eval-idx=array([0,1,2,3,4,5],dtype=uint64)
values=array([[29.976912778821823],[29.980153331822613],[29.979448069795286],[29.981328990341936],[29.98362767526601],[29.987186403721275]])
eval-idx=array([0,1,2,3,4,5],dtype=uint64)
values=array([[29.976737191245956],[29.973560127212483],[29.985339520893312],[29.981728247425835],[29.983618380189338],[29.978703095039855]])
eval-idx=array([0,1,2,3,4,5],dtype=uint64)
values=array([[29.974817680926165],[29.97181515013987],[29.97437803011149],[29.975823569619703],[29.979465896214226],[29.976896575139968]])
eval-idx=array([0,1,2,3,4,5],dtype=uint64)
values=array([[29.972078550048597],[29.985741151585326],[29.974378646103993],[29.97235944492872],[29.97236244035545],[29.97574194981502]])
eval-idx=array([0,1,2,3,4,5],dtype=uint64)
values=array([[29.976893251188773],[29.976262194030625],[29.977311892407936],[29.974873156782156],[29.97155592881633],[29.971231070231806]])
eval-idx=array([0,1,2,3,4,5],dtype=uint64)
values=array([[29.971911554418032],[29.97279993210024],[29.975726705492125],[29.973971033685416],[29.973673620115125],[29.976556532837844]])
eval-idx=array([0,1,2,3,4,5],dtype=uint64)
values=array([[29.973650933049306],[29.973374588699087],[29.97408654085287],[29.972847050623077],[29.971868118036404],[29.971761757109157]])
eval-idx=array([0,1,2,3,4,5],dtype=uint64)
values=array([[29.972639537433736],[29.97136622711976],[29.97115120235979],[29.973478304612012],[29.97379578152962],[29.975606107254865]])
eval-idx=array([0,1,2,3,4,5],dtype=uint64)
values=array([[29.970569486795245],[29.97177379433581],[29.97121877904204],[29.970321675667304],[29.973039351812073],[29.976266884112924]])
eval-idx=array([0,1,2,3,4,5],dtype=uint64)
values=array([[29.974088660444952],[29.971051547659847],[29.971572088299652],[29.970944393912802],[29.970389347537406],[29.970059849789898]])
eval-idx=array([0,1,2,3,4,5],dtype=uint64)
values=array([[29.97084394110445],[29.97124268674234],[29.971293028518478],[29.970664079008632],[29.97062298032393],[29.971877382579713]])
eval-idx=array([0,1,2,3,4,5],dtype=uint64)
values=array([[29.970701750970623],[29.97094033198102],[29.97055165559366],[29.970635174956524],[29.9709001515305],[29.970240381428393]])
eval-idx=array([0,1,2,3,4,5],dtype=uint64)
values=array([[29.971650001010435],[29.970637890240994],[29.971104372047673],[29.970289476099783],[29.970555428023502],[29.970329660888925]])
eval-idx=array([0,1,2,3,4,5],dtype=uint64)
values=array([[29.971181634928175],[29.970336834998104],[29.97004789823489],[29.97124465924641],[29.970196388549006],[29.970793341751733]])
eval-idx=array([0,1,2,3,4,5],dtype=uint64)
values=array([[29.97009739320148],[29.97016509075361],[29.970075194709178],[29.97042480961684],[29.97033934664107],[29.970146625128386]])
eval-idx=array([0,1,2,3,4,5],dtype=uint64)
values=array([[29.97017299961836],[29.970031776809396],[29.970326693726943],[29.970309267769746],[29.9701446898511],[29.970151893542653]])
eval-idx=array([0,1,2,3,4,5],dtype=uint64)
values=array([[29.970329294523527],[29.970085815965426],[29.970239945824904],[29.970249016552987],[29.97009608566633],[29.970165824553003]])
eval-idx=array([0,1,2,3,4,5],dtype=uint64)
values=array([[29.9700948122886],[29.970041928640146],[29.970158885923254],[29.970081223318452],[29.97007824790606],[29.970229504837125]])
eval-idx=array([0,1,2,3,4,5],dtype=uint64)
values=array([[29.970029988250083],[29.97006451215621],[29.97007293428201],[29.970047149244042],[29.970085344666195],[29.970179225954386]])
eval-idx=array([0,1,2,3,4,5],dtype=uint64)
values=array([[29.970028863628624],[29.97009156733058],[29.970074859837553],[29.97001955800608],[29.97003874074935],[29.970178572785805]])
eval-idx=array([0,1,2,3,4,5],dtype=uint64)
values=array([[29.97005933970852],[29.97002734264341],[29.97003659094084],[29.97001372308266],[29.97006215834093],[29.9700407005518]])
eval-idx=array([0,1,2,3,4,5],dtype=uint64)
values=array([[29.970015093896446],[29.9700145898284],[29.97001805437689],[29.97002745861795],[29.970032096236654],[29.97001906651926]])
eval-idx=array([0,1,2,3,4,5],dtype=uint64)
values=array([[29.970040686595905],[29.970002044149876],[29.97004224338695],[29.970031804437575],[29.970021311871808],[29.97000832816214]])
eval-idx=array([0,1,2,3,4,5],dtype=uint64)
values=array([[29.97001149075401],[29.970030008717828],[29.970025450180522],[29.970015925532124],[29.970024315497312],[29.97001349634214]])
eval-idx=array([0,1,2,3,4,5],dtype=uint64)
values=array([[29.97000637274076],[29.970011767414665],[29.97001438949207],[29.970025761576093],[29.97003386728851],[29.970008758917455]])
eval-idx=array([0,1,2,3,4,5],dtype=uint64)
values=array([[29.970009837597686],[29.970007617816194],[29.97000774329457],[29.97000453986135],[29.970010822357775],[29.97001927527767]])
eval-idx=array([0,1,2,3,4,5],dtype=uint64)
values=array([[29.970006165647764],[29.970007194890627],[29.970028331560574],[29.970018315475365],[29.97000770885675],[29.970008049490005]])
eval-idx=array([0,1,2,3,4,5],dtype=uint64)
values=array([[29.970004533974603],[29.97000908766572],[29.970005581107934],[29.970015548814672],[29.97001493746673],[29.97001200510851]])
eval-idx=array([0,1,2,3,4,5],dtype=uint64)
values=array([[29.970006849555507],[29.97000729334232],[29.970004018732098],[29.97000288796491],[29.970007507453225],[29.970009260664934]])
eval-idx=array([0,1,2,3,4,5],dtype=uint64)
values=array([[29.970005184573274],[29.97000258709132],[29.970004154665585],[29.970007917014645],[29.970005356742902],[29.97000182022061]])
eval-idx=array([0,1,2,3,4,5],dtype=uint64)
values=array([[29.970005529675557],[29.97000430067023],[29.97000484860088],[29.970006734944025],[29.97000180211747],[29.970003987300462]])
eval-idx=array([0,1,2,3,4,5],dtype=uint64)
values=array([[29.97000577661236],[29.97000144965352],[29.970003516656234],[29.97000213242975],[29.970004878799646],[29.970003760904444]])
eval-idx=array([0,1,2,3,4,5],dtype=uint64)
values=array([[29.970002388568584],[29.970000367116203],[29.97000476500149],[29.970000986402493],[29.970001323079398],[29.970001300563673]])
eval-idx=array([0,1,2,3,4,5],dtype=uint64)
values=array([[29.970002027338175],[29.970003551852475],[29.970006399240894],[29.97000092050042],[29.970001608746518],[29.970000417535832]])
eval-idx=array([0,1,2,3,4,5],dtype=uint64)
values=array([[29.970000375611548],[29.970001104743954],[29.970000201110103],[29.970000928269574],[29.97000133355013],[29.970002848739338]])
eval-idx=array([0,1,2,3,4,5],dtype=uint64)
values=array([[29.9700030414933],[29.970000640881633]])
eval-idx=array([0,1],dtype=uint64)
 2D 13-fun   1-inst  500-budget False-solved 500-evals  498-cma-evals    0s 0-restarts  6-init-pop 2.0e-07-delta-f
