Arguments: Namespace(dim=2, fun=7, inst=None, crit='mean')
(3_w,6)-aCMA-ES (mu_w=2.0,w_1=63%) in dimension 2 (seed=1, Tue Apr 30 14:44:21 2024)
iohexp--d-2--f-7--i-1--b-500__pycma--init-pop-6__None
values=array([[156.9200237935313],[364.30824179485165],[324.9383675143155],[190.5679859043215],[93.54091559010935],[155.44995611502202]])
eval-idx=array([0,1,2,3,4,5],dtype=uint64)
values=array([[111.55770498623173],[271.5994619573517],[109.20046630160601],[116.85433551752517],[160.7820604487129],[323.41821923534843]])
eval-idx=array([0,1,2,3,4,5],dtype=uint64)
values=array([[114.57296124393677],[140.32650564952795],[115.11677485107613],[220.41838071472455],[254.5038199169983],[190.5679859043215]])
eval-idx=array([0,1,2,3,4,5],dtype=uint64)
values=array([[150.18701989864482],[342.9398066020268],[106.37691105305333],[103.78755398936906],[122.38486391535841],[97.60995333434538]])
eval-idx=array([0,1,2,3,4,5],dtype=uint64)
values=array([[95.00863388735908],[103.37502847307834],[164.85485886863648],[103.37502847307834],[136.3302159574762],[101.21453554943632]])
eval-idx=array([0,1,2,3,4,5],dtype=uint64)
values=array([[144.89660758853984],[125.84040812142109],[119.87767589613927],[164.30018281980279],[528.8222950137681],[175.0887141135172]])
eval-idx=array([0,1,2,3,4,5],dtype=uint64)
values=array([[126.03814219774529],[155.44995611502202],[109.20046630160601],[126.03814219774529],[99.67441897403481],[111.55770498623173]])
eval-idx=array([0,1,2,3,4,5],dtype=uint64)
values=array([[115.11677485107613],[98.3482403109842],[109.20046630160601],[164.85485886863648],[94.32587149819872],[115.11677485107613]])
eval-idx=array([0,1,2,3,4,5],dtype=uint64)
values=array([[95.00863388735908],[98.3482403109842],[102.55464944174969],[101.21453554943632],[103.37502847307834],[112.53908440989065]])
eval-idx=array([0,1,2,3,4,5],dtype=uint64)
values=array([[95.34366236043742],[108.5674890287555],[95.00863388735908],[96.59560090238011],[93.0361464944175],[101.21453554943632]])
eval-idx=array([0,1,2,3,4,5],dtype=uint64)
values=array([[93.54091559010935],[99.673992210227],[126.09793955128707],[113.20288128099011],[103.37502847307834],[93.54091559010935]])
eval-idx=array([0,1,2,3,4,5],dtype=uint64)
values=array([[94.23616501947443],[95.34366236043742],[98.3482403109842],[100.37086354763274],[93.54091559010935],[95.00863388735908]])
eval-idx=array([0,1,2,3,4,5],dtype=uint64)
values=array([[93.97110385561918],[93.82707099404304],[93.45715847183976],[99.673992210227],[95.44019339797313],[93.54091559010935]])
eval-idx=array([0,1,2,3,4,5],dtype=uint64)
values=array([[93.2690040812142],[93.54091559010935],[93.54091559010935],[93.72396337639562],[94.39329843706577],[94.32587149819872]])
eval-idx=array([0,1,2,3,4,5],dtype=uint64)
values=array([[95.34366236043742],[93.82707099404304],[101.43044001569321],[96.16966147804443],[98.47104666565461],[96.8636778558669]])
eval-idx=array([0,1,2,3,4,5],dtype=uint64)
values=array([[92.9460091559011],[93.82707099404304],[93.54091559010935],[93.72396337639562],[93.62769648824735],[94.54259886107687]])
eval-idx=array([0,1,2,3,4,5],dtype=uint64)
values=array([[94.95355998430679],[93.54091559010935],[93.1359908440989],[94.95355998430679],[92.96068633887359],[93.54091559010935]])
eval-idx=array([0,1,2,3,4,5],dtype=uint64)
values=array([[93.54091559010935],[93.82707099404304],[93.54091559010935],[93.54091559010935],[93.27157939551287],[92.96500193397974]])
eval-idx=array([0,1,2,3,4,5],dtype=uint64)
values=array([[93.0044439909762],[93.04847553989369],[94.95355998430679],[93.04847553989369],[93.54091559010935],[92.94]])
eval-idx=array([0,1,2,3,4,5],dtype=uint64)
 2D  7-fun   1-inst  500-budget  True-solved 114-evals  108-cma-evals    0s 0-restarts  6-init-pop 0.0e+00-delta-f
