Arguments: Namespace(dim=2, fun=10, inst=None, crit='mean')
(3_w,6)-aCMA-ES (mu_w=2.0,w_1=63%) in dimension 2 (seed=1, Tue Apr 30 14:44:21 2024)
iohexp--d-2--f-10--i-1--b-500__pycma--init-pop-6__None
values=array([[1963980.4784358204],[231937.7533496397],[5031204.04907246],[1361949.64114772],[2058818.8045613489],[2878714.0605664863]])
eval-idx=array([0,1,2,3,4,5],dtype=uint64)
values=array([[723885.8405934277],[483309.2077003479],[3052439.9585006144],[1716778.9464512367],[1342900.3280989362],[3224585.208273044]])
eval-idx=array([0,1,2,3,4,5],dtype=uint64)
values=array([[1592384.3761474267],[346944.8631689156],[642301.4209321284],[517809.1864450872],[1870459.973246156],[107221.97420175384]])
eval-idx=array([0,1,2,3,4,5],dtype=uint64)
values=array([[2.0282543688813848e+06],[3.8086240127271260e+06],[1.9127404755811365e+06],[1.4291004578538152e+03],[5.8029967966336897e+05],[2.1395472092279829e+06]])
eval-idx=array([0,1,2,3,4,5],dtype=uint64)
values=array([[9.0263916122553738e+00],[1.2326835947692633e+04],[2.3334879364050450e+06],[1.2475922237604359e+05],[7.0758963064307568e+05],[7.3866131615605365e+04]])
eval-idx=array([0,1,2,3,4,5],dtype=uint64)
values=array([[172204.5155518568],[158867.30214561117],[171851.88809239308],[1702329.4389905515],[3062858.015726549],[1953400.4252369069]])
eval-idx=array([0,1,2,3,4,5],dtype=uint64)
values=array([[289059.0749273597],[42171.12975272496],[70728.97263465973],[307846.1440719654],[27198.648221352432],[249204.74535891294]])
eval-idx=array([0,1,2,3,4,5],dtype=uint64)
values=array([[7.8577140050651069e+04],[2.3513686883587452e+04],[6.4640879926958980e+04],[5.2893205405109376e+05],[4.5757499431259106e+02],[1.6503434149900480e+05]])
eval-idx=array([0,1,2,3,4,5],dtype=uint64)
values=array([[25126.994264285],[67075.31476178046],[38335.75210806308],[11307.40338383124],[163942.08095560558],[49560.117830753916]])
eval-idx=array([0,1,2,3,4,5],dtype=uint64)
values=array([[3178.1944164866263],[89563.70108081178],[29500.135150340506],[865.7720757542434],[4334.347404064237],[79614.78053779631]])
eval-idx=array([0,1,2,3,4,5],dtype=uint64)
values=array([[1193.5099877702178],[91832.2128664509],[74672.53955072131],[86958.83508563753],[29370.111672485167],[3538.538597944333]])
eval-idx=array([0,1,2,3,4,5],dtype=uint64)
values=array([[47966.42955708397],[2091.600419056682],[111.01701790497617],[3646.672285620118],[7047.688331504665],[8389.54284478461]])
eval-idx=array([0,1,2,3,4,5],dtype=uint64)
values=array([[6882.524116613902],[546.4051909967313],[2464.68085918722],[3119.6209754373504],[34496.129591352284],[4614.368798640378]])
eval-idx=array([0,1,2,3,4,5],dtype=uint64)
values=array([[93.81385421649793],[1374.4286478944223],[366.2099178299323],[2811.191889566228],[4939.638816288251],[17028.3102073521]])
eval-idx=array([0,1,2,3,4,5],dtype=uint64)
values=array([[2.8649906847246944e+04],[1.6198289364563827e+03],[3.5472237530349601e+04],[1.8770549180817895e+00],[8.6171504480239764e+03],[2.7568746115731869e+03]])
eval-idx=array([0,1,2,3,4,5],dtype=uint64)
values=array([[3422.7127017830785],[463.8612406446535],[37.93394167029227],[412.5872041227499],[13.821020500805844],[2385.763190352964]])
eval-idx=array([0,1,2,3,4,5],dtype=uint64)
values=array([[3026.4070611541792],[294.1371581838929],[392.6183501724385],[750.9924665895869],[-35.120061413998954],[-23.368517391146455]])
eval-idx=array([0,1,2,3,4,5],dtype=uint64)
values=array([[471.04624629485767],[900.0049732861653],[1013.3046370287527],[-44.78296033884877],[486.7000086767204],[896.0178176311833]])
eval-idx=array([0,1,2,3,4,5],dtype=uint64)
values=array([[-12.433293002169933],[468.6328401766223],[713.3881112178719],[636.5043591687372],[873.1732135456525],[240.5143136961729]])
eval-idx=array([0,1,2,3,4,5],dtype=uint64)
values=array([[73.04422941592779],[-23.700266307486242],[81.4281378057218],[-50.940352718079744],[300.72729889324773],[815.9775753827041]])
eval-idx=array([0,1,2,3,4,5],dtype=uint64)
values=array([[2.031777413641926],[-48.90151268281478],[121.67661191140616],[26.308281460270535],[726.2491498028473],[-25.624556455791385]])
eval-idx=array([0,1,2,3,4,5],dtype=uint64)
values=array([[1089.6038758599286],[-47.10643467812859],[920.5790017369475],[-41.3000655850958],[-20.55627706907792],[16.87456610696789]])
eval-idx=array([0,1,2,3,4,5],dtype=uint64)
values=array([[-12.872943804652948],[-12.909629760762385],[-38.299954973160624],[296.35909315646524],[192.639892857371],[196.74246699455304]])
eval-idx=array([0,1,2,3,4,5],dtype=uint64)
values=array([[259.53509900741875],[-49.489472443600704],[-3.402006813522995],[-31.31825279679327],[-23.431043435996152],[-29.407543431869122]])
eval-idx=array([0,1,2,3,4,5],dtype=uint64)
values=array([[104.92341761166978],[-48.3396425746242],[-5.771520229256609],[-49.64451465380291],[-34.18487128624159],[74.04604248574915]])
eval-idx=array([0,1,2,3,4,5],dtype=uint64)
values=array([[147.60205182137472],[-17.826251626244655],[-46.902389998544464],[-48.1731293160458],[-30.004077658857497],[-6.186741389272456]])
eval-idx=array([0,1,2,3,4,5],dtype=uint64)
values=array([[-20.122915745716206],[74.02802113942394],[-46.1625439447837],[-38.70855302159189],[-47.383144148920394],[-48.01979204062797]])
eval-idx=array([0,1,2,3,4,5],dtype=uint64)
values=array([[-47.43774962151509],[-46.57628510085218],[-50.88329216417186],[-49.459369247158],[-41.794631456699236],[-21.896226160619435]])
eval-idx=array([0,1,2,3,4,5],dtype=uint64)
values=array([[-24.127960500270163],[-18.94899080735425],[-52.35097965311939],[-51.23391789985929],[-51.25000664213239],[-50.754039775616924]])
eval-idx=array([0,1,2,3,4,5],dtype=uint64)
values=array([[-48.53691260966075],[-52.48770185856392],[-51.11240914604015],[-49.262804576029204],[-52.382046517830084],[-50.06447891767536]])
eval-idx=array([0,1,2,3,4,5],dtype=uint64)
values=array([[-52.92744868426803],[-35.55174456460273],[-53.83666876741387],[-42.26788665442333],[-50.73534835909652],[-52.371760003322365]])
eval-idx=array([0,1,2,3,4,5],dtype=uint64)
values=array([[-51.139809030821766],[-45.22170578963124],[-32.57626787500611],[-33.047688027069256],[-52.499468642041506],[-42.59137661843335]])
eval-idx=array([0,1,2,3,4,5],dtype=uint64)
values=array([[-47.06191060829157],[-51.993805435764166],[-52.81442532086684],[-53.30664027842222],[-54.11623944211322],[-54.25884835778345]])
eval-idx=array([0,1,2,3,4,5],dtype=uint64)
values=array([[-36.152130465150634],[-52.84775731654647],[-47.97365987428972],[-54.86474119550535],[-53.281155916348034],[-38.54433253216686]])
eval-idx=array([0,1,2,3,4,5],dtype=uint64)
values=array([[-53.72697174075628],[-45.837846001885374],[-49.368940503494464],[-40.14668583846671],[-47.39343733153771],[-50.59844316141673]])
eval-idx=array([0,1,2,3,4,5],dtype=uint64)
values=array([[-51.71135582891675],[-54.66604809175444],[-42.56741552988695],[-54.392534441572785],[-54.57464934291858],[-51.31074565849555]])
eval-idx=array([0,1,2,3,4,5],dtype=uint64)
values=array([[-53.871616931833685],[-53.21143295358492],[-54.82914141501486],[-54.42663785880041],[-51.405530471080155],[-52.781605740428766]])
eval-idx=array([0,1,2,3,4,5],dtype=uint64)
values=array([[-54.585287052162684],[-53.284056839207466],[-52.55375876069042],[-53.30494679671223],[-54.011467174186],[-52.83374440812354]])
eval-idx=array([0,1,2,3,4,5],dtype=uint64)
values=array([[-54.12916543204955],[-54.828188794224545],[-54.9199277687261],[-53.52316087568643],[-54.759746808263124],[-52.23041222262269]])
eval-idx=array([0,1,2,3,4,5],dtype=uint64)
values=array([[-54.707403151420195],[-54.80819328899655],[-54.26142225711095],[-54.71628092371764],[-52.73733530518609],[-54.827256185086355]])
eval-idx=array([0,1,2,3,4,5],dtype=uint64)
values=array([[-54.156436165699894],[-54.839798073879884],[-54.20430847358394],[-54.247976062992],[-53.97191392666554],[-54.93557871126855]])
eval-idx=array([0,1,2,3,4,5],dtype=uint64)
values=array([[-54.86585145474837],[-54.521120092150426],[-54.4784899042568],[-54.74611167617287],[-54.49153230736933],[-54.83896379837113]])
eval-idx=array([0,1,2,3,4,5],dtype=uint64)
values=array([[-54.80277404924159],[-54.732024831398775],[-54.67385876485582],[-54.78169608463591],[-54.894435135538394],[-54.93690304913541]])
eval-idx=array([0,1,2,3,4,5],dtype=uint64)
values=array([[-54.87644597731597],[-54.90205625805529],[-54.8204250424361],[-54.822082423266735],[-54.89908420560793],[-54.83820511645679]])
eval-idx=array([0,1,2,3,4,5],dtype=uint64)
values=array([[-54.689336427721884],[-54.832322311612046],[-54.88526114725224],[-54.93286846406569],[-54.91158424553915],[-54.770887837370516]])
eval-idx=array([0,1,2,3,4,5],dtype=uint64)
values=array([[-54.935922195373024],[-54.85036831930159],[-54.801005347911904],[-54.875120700434444],[-54.910871477354846],[-54.9224533962651]])
eval-idx=array([0,1,2,3,4,5],dtype=uint64)
values=array([[-54.8640173983472],[-54.92830176393727],[-54.90687303402666],[-54.92385910332639],[-54.93271924372089],[-54.91923409233959]])
eval-idx=array([0,1,2,3,4,5],dtype=uint64)
values=array([[-54.774818997973476],[-54.93403816264806],[-54.92798205717406],[-54.93711184216975],[-54.89544490788534],[-54.93626295725207]])
eval-idx=array([0,1,2,3,4,5],dtype=uint64)
values=array([[-54.93755253074967],[-54.92238217540982],[-54.936675296625125],[-54.93371941731814],[-54.92899354036351],[-54.92484683106998]])
eval-idx=array([0,1,2,3,4,5],dtype=uint64)
values=array([[-54.92728329060375],[-54.93992317440421],[-54.91913349510283],[-54.927024786536776],[-54.9280528437294],[-54.93092627528679]])
eval-idx=array([0,1,2,3,4,5],dtype=uint64)
values=array([[-54.93634316966473],[-54.93861981330007],[-54.936728740534605],[-54.9379644774205],[-54.93278561651823],[-54.93438589877811]])
eval-idx=array([0,1,2,3,4,5],dtype=uint64)
values=array([[-54.93994076504326],[-54.92823985451954],[-54.939711452177825],[-54.93990535189838],[-54.93846072362572],[-54.93875661321904]])
eval-idx=array([0,1,2,3,4,5],dtype=uint64)
values=array([[-54.93832108458687],[-54.93892386808246],[-54.938548508959485],[-54.938573076017946],[-54.939991858878244],[-54.939614322284335]])
eval-idx=array([0,1,2,3,4,5],dtype=uint64)
values=array([[-54.93969808796447],[-54.939635447333636],[-54.93806118219192],[-54.93919340640806],[-54.939302542477996],[-54.9373515597329]])
eval-idx=array([0,1,2,3,4,5],dtype=uint64)
values=array([[-54.93953251684028],[-54.93903001610699],[-54.93861456460554],[-54.93966375536973],[-54.93975601497733],[-54.939662205550405]])
eval-idx=array([0,1,2,3,4,5],dtype=uint64)
values=array([[-54.93926131080129],[-54.93998533002185],[-54.93985371341214],[-54.93935426067424],[-54.939642544585084],[-54.939320983338106]])
eval-idx=array([0,1,2,3,4,5],dtype=uint64)
values=array([[-54.93992215269543],[-54.939894370952864],[-54.93998356666479],[-54.93997231041606],[-54.939836915629975],[-54.93896722382327]])
eval-idx=array([0,1,2,3,4,5],dtype=uint64)
values=array([[-54.93960920048327],[-54.93991421278114],[-54.93990359435338],[-54.939978685140204],[-54.93999251503346],[-54.93999840498003]])
eval-idx=array([0,1,2,3,4,5],dtype=uint64)
values=array([[-54.939913579306335],[-54.93995705401955],[-54.93993939219678],[-54.93993993201787],[-54.93999201522],[-54.93990834728936]])
eval-idx=array([0,1,2,3,4,5],dtype=uint64)
values=array([[-54.93993545283002],[-54.93985772653365],[-54.939983773725025],[-54.93995360439075],[-54.93995552861699],[-54.939995090172246]])
eval-idx=array([0,1,2,3,4,5],dtype=uint64)
values=array([[-54.93989886360887],[-54.93997756359609],[-54.93994212685391],[-54.93999316058566],[-54.93997681876574],[-54.93999125574846]])
eval-idx=array([0,1,2,3,4,5],dtype=uint64)
values=array([[-54.939966294581545],[-54.93999265422295],[-54.93999883929741],[-54.93992100820785],[-54.93998619223823],[-54.93997600200025]])
eval-idx=array([0,1,2,3,4,5],dtype=uint64)
values=array([[-54.93999633873401],[-54.93999906703654],[-54.93999861973799],[-54.939998690204895],[-54.93999978437213],[-54.939999358276545]])
eval-idx=array([0,1,2,3,4,5],dtype=uint64)
values=array([[-54.93999586107973],[-54.93999986323007],[-54.93998606726589],[-54.939987655811684],[-54.93998951765883],[-54.9399988865925]])
eval-idx=array([0,1,2,3,4,5],dtype=uint64)
values=array([[-54.93998829846968],[-54.939999509227725],[-54.939996768391254],[-54.939996340025345],[-54.93999667246071],[-54.939992553058275]])
eval-idx=array([0,1,2,3,4,5],dtype=uint64)
values=array([[-54.93999788328819],[-54.93999942523126],[-54.939994716544874],[-54.93999970870572],[-54.939998810105415],[-54.93999571250603]])
eval-idx=array([0,1,2,3,4,5],dtype=uint64)
values=array([[-54.939999613707634],[-54.93999950940918],[-54.93999956787161],[-54.93999979383693],[-54.93999845246369],[-54.93999704524824]])
eval-idx=array([0,1,2,3,4,5],dtype=uint64)
values=array([[-54.93999990149511],[-54.93999802973244],[-54.93999820655426],[-54.9399999301914],[-54.9399998492249],[-54.9399959097105]])
eval-idx=array([0,1,2,3,4,5],dtype=uint64)
values=array([[-54.93999953109221],[-54.939999965175154],[-54.93999975504553],[-54.93999976061586],[-54.939999660148494],[-54.939999814643684]])
eval-idx=array([0,1,2,3,4,5],dtype=uint64)
values=array([[-54.93999988738254],[-54.939999957285664],[-54.9399999990217],[nan],[nan],[nan]])
eval-idx=array([0,1,2,3,4,5],dtype=uint64)
 2D 10-fun   1-inst  500-budget  True-solved 417-evals  414-cma-evals    0s 0-restarts  6-init-pop 9.8e-10-delta-f
