Arguments: Namespace(dim=2, fun=8, inst=None, crit='mean')
(3_w,6)-aCMA-ES (mu_w=2.0,w_1=63%) in dimension 2 (seed=1, Tue Apr 30 14:31:50 2024)
iohexp--d-2--f-8--i-1--b-500__pycma--init-pop-6__None
values=array([[33928.60746287999],[210.24458316836228],[12239.744815625763],[43455.14348784005],[547.6906946846979],[34699.49509455502]])
eval-idx=array([0,1,2,3,4,5],dtype=uint64)
values=array([[636.6854087065919],[3331.65628332106],[750.6261789565095],[178.46328650371663],[9234.39929092371],[256.29013219885064]])
eval-idx=array([0,1,2,3,4,5],dtype=uint64)
values=array([[164.46721501107112],[319.94858704093485],[158.49186370345365],[511.2072908713651],[735.9635249344108],[342.6081439016722]])
eval-idx=array([0,1,2,3,4,5],dtype=uint64)
values=array([[287.4456307096116],[468.16241215298544],[165.6492348364848],[160.42498203922],[149.68241278939416],[368.44941356467126]])
eval-idx=array([0,1,2,3,4,5],dtype=uint64)
values=array([[160.15905997625305],[154.4113568011101],[224.0982149227325],[149.3792341145727],[235.80190200915098],[174.5496224537468]])
eval-idx=array([0,1,2,3,4,5],dtype=uint64)
values=array([[179.63470332099274],[165.65886648003666],[165.62391341512537],[194.36093689168376],[187.85285507751536],[187.34287062861827]])
eval-idx=array([0,1,2,3,4,5],dtype=uint64)
values=array([[163.3064063033453],[157.79967100115502],[152.73646399323877],[166.21862158725924],[157.5277932514153],[166.56053225618217]])
eval-idx=array([0,1,2,3,4,5],dtype=uint64)
values=array([[158.4910391644013],[149.1756307183559],[150.9433086395832],[181.36125014083376],[154.43152770876648],[163.0005028029294]])
eval-idx=array([0,1,2,3,4,5],dtype=uint64)
values=array([[151.5151860460181],[159.5892163591997],[162.03410742479397],[150.1346647833037],[160.35371105833994],[161.08528991670136]])
eval-idx=array([0,1,2,3,4,5],dtype=uint64)
values=array([[149.9594024476085],[150.44772909211767],[159.00521707290005],[156.400343286116],[154.4985402914244],[156.45379478133182]])
eval-idx=array([0,1,2,3,4,5],dtype=uint64)
values=array([[149.87456730909622],[150.0651336836629],[158.45854876138665],[155.00909514777862],[152.26309993396742],[149.47485400483106]])
eval-idx=array([0,1,2,3,4,5],dtype=uint64)
values=array([[149.549832568424],[151.48764261686054],[151.02570205363392],[151.14822300677426],[149.45283929600325],[150.8592262236986]])
eval-idx=array([0,1,2,3,4,5],dtype=uint64)
values=array([[149.55933489148035],[149.21900254426188],[149.28283343140123],[149.22358622650862],[149.66436570495165],[149.5138550466177]])
eval-idx=array([0,1,2,3,4,5],dtype=uint64)
values=array([[149.21213025276148],[149.33226490827747],[149.18056811051295],[149.35424755293087],[149.45828300979613],[149.70657153699574]])
eval-idx=array([0,1,2,3,4,5],dtype=uint64)
values=array([[150.20065884162463],[149.16124419016455],[150.55058026184042],[149.20806979435284],[149.68472198374357],[149.38428534912484]])
eval-idx=array([0,1,2,3,4,5],dtype=uint64)
values=array([[149.26579853635306],[149.1702727031024],[149.15553009835838],[149.19270073164122],[149.16949379115516],[149.28945148528575]])
eval-idx=array([0,1,2,3,4,5],dtype=uint64)
values=array([[149.29336360837146],[149.20194315239445],[149.1796426195895],[149.18484177095144],[149.15236607464473],[149.16102993132606]])
eval-idx=array([0,1,2,3,4,5],dtype=uint64)
values=array([[149.17156673765433],[149.20893165263246],[149.33223030729454],[149.15486897851963],[149.1922021887692],[149.2560992408769]])
eval-idx=array([0,1,2,3,4,5],dtype=uint64)
values=array([[149.1655829722162],[149.19930023333376],[149.21037008595093],[149.2102526163714],[149.25013256776063],[149.1646899336006]])
eval-idx=array([0,1,2,3,4,5],dtype=uint64)
values=array([[149.16833092296176],[149.15539609794925],[149.15345855554207],[149.1642724924428],[149.18831669377929],[149.21120243204314]])
eval-idx=array([0,1,2,3,4,5],dtype=uint64)
values=array([[149.15349564947664],[149.15811132862666],[149.15374195819408],[149.16372860987997],[149.19913088081518],[149.15298758832154]])
eval-idx=array([0,1,2,3,4,5],dtype=uint64)
values=array([[149.18700726520876],[149.15559624576795],[149.17452778397066],[149.15440308095245],[149.15860582011507],[149.15542678542857]])
eval-idx=array([0,1,2,3,4,5],dtype=uint64)
values=array([[149.15395085705345],[149.15512067723708],[149.15634585373803],[149.15924665989462],[149.1580927926692],[149.15881733141836]])
eval-idx=array([0,1,2,3,4,5],dtype=uint64)
values=array([[149.15150026253485],[149.15228014230527],[149.1533383482976],[149.15405561419368],[149.15444877702637],[149.15429633184579]])
eval-idx=array([0,1,2,3,4,5],dtype=uint64)
values=array([[149.15623723836524],[149.15142782155806],[149.15422282907494],[149.1516803562116],[149.15036904668432],[149.15630230494637]])
eval-idx=array([0,1,2,3,4,5],dtype=uint64)
values=array([[149.16843534593923],[149.1528508304881],[149.15419974794048],[149.15184510857085],[149.15327514881417],[149.15290513403502]])
eval-idx=array([0,1,2,3,4,5],dtype=uint64)
values=array([[149.15538643054106],[149.16233916491984],[149.15244985387505],[149.15339787216115],[149.15283825601006],[149.15308514481242]])
eval-idx=array([0,1,2,3,4,5],dtype=uint64)
values=array([[149.15200030420235],[149.15092859956727],[149.15099444726695],[149.15156152517804],[149.1522535099816],[149.1558923544961]])
eval-idx=array([0,1,2,3,4,5],dtype=uint64)
values=array([[149.15452232807135],[149.15551720655048],[149.15072884802],[149.15078731280497],[149.15091557771044],[149.1510892243319]])
eval-idx=array([0,1,2,3,4,5],dtype=uint64)
values=array([[149.15200113520729],[149.15070653460978],[149.15236880755546],[149.151139031516],[149.1505208430691],[149.15104074612435]])
eval-idx=array([0,1,2,3,4,5],dtype=uint64)
values=array([[149.15195526887592],[149.15328799297748],[149.1511198558938],[149.1542652832707],[149.1501843037132],[149.1505117130161]])
eval-idx=array([0,1,2,3,4,5],dtype=uint64)
values=array([[149.15038063237913],[149.15014524319741],[149.15143875139958],[149.1520595061862],[149.15016537937572],[149.15103342767867]])
eval-idx=array([0,1,2,3,4,5],dtype=uint64)
values=array([[149.15072483628964],[149.1501881069305],[149.15037104193115],[149.15297964896777],[149.1500774394283],[149.15067008196692]])
eval-idx=array([0,1,2,3,4,5],dtype=uint64)
values=array([[149.15177280589026],[149.15088765265875],[149.1507022069104],[149.15012307432107],[149.1501529074559],[149.15150166547116]])
eval-idx=array([0,1,2,3,4,5],dtype=uint64)
values=array([[149.15051677422096],[149.15231057947508],[149.15026899639759],[149.15154898097342],[149.15133254003854],[149.1505810003482]])
eval-idx=array([0,1,2,3,4,5],dtype=uint64)
values=array([[149.15087033352395],[149.1500410460978],[149.15242276201548],[149.15011707295903],[149.15010985571084],[149.15095886304516]])
eval-idx=array([0,1,2,3,4,5],dtype=uint64)
values=array([[149.1503078474124],[149.15045530428938],[149.1501102261009],[149.15030336443678],[149.150663780284],[149.15048185439616]])
eval-idx=array([0,1,2,3,4,5],dtype=uint64)
values=array([[149.1502160180155],[149.15058654845896],[149.15081419878373],[149.1505949904249],[149.15031631278208],[149.15056575276986]])
eval-idx=array([0,1,2,3,4,5],dtype=uint64)
values=array([[149.15025401964536],[149.1500186885114],[149.15001395713261],[149.150606766175],[149.15012628142165],[149.1507300351674]])
eval-idx=array([0,1,2,3,4,5],dtype=uint64)
values=array([[149.15011999937357],[149.15011164325975],[149.15026410272685],[149.15000346524496],[149.1503765333868],[149.15005183672062]])
eval-idx=array([0,1,2,3,4,5],dtype=uint64)
values=array([[149.15010031437507],[149.15002257552615],[149.15020707494702],[149.15025219421415],[149.15013571388718],[149.1500100232877]])
eval-idx=array([0,1,2,3,4,5],dtype=uint64)
values=array([[149.1500215886953],[149.15007084122308],[149.1500949851834],[149.15003644642331],[149.15008974852432],[149.15001556089877]])
eval-idx=array([0,1,2,3,4,5],dtype=uint64)
values=array([[149.1500304286412],[149.1500472418183],[149.15006325744568],[149.15003571798704],[149.15001699025714],[149.15000237897024]])
eval-idx=array([0,1,2,3,4,5],dtype=uint64)
values=array([[149.15001835297252],[149.1500075367022],[149.15003857542808],[149.150028864617],[149.1500115942341],[149.1500351773052]])
eval-idx=array([0,1,2,3,4,5],dtype=uint64)
values=array([[149.15006564376918],[149.150025578414],[149.1500126098585],[149.15000094385334],[149.15000647929267],[149.15003634453154]])
eval-idx=array([0,1,2,3,4,5],dtype=uint64)
values=array([[149.1500017555024],[149.1500182016826],[149.15003843126556],[149.15001539707998],[149.15000893882365],[149.1500085769033]])
eval-idx=array([0,1,2,3,4,5],dtype=uint64)
values=array([[149.15002979678508],[149.1500017752962],[149.15000611923244],[149.15000449995284],[149.15000398509216],[149.1500046956371]])
eval-idx=array([0,1,2,3,4,5],dtype=uint64)
values=array([[149.15005248404145],[149.1500007345298],[149.15000370496355],[149.15000209590758],[149.15001386189383],[149.15000143592715]])
eval-idx=array([0,1,2,3,4,5],dtype=uint64)
values=array([[149.1500009864946],[149.15000521009168],[149.15000104306992],[149.15000086100656],[149.1500034385991],[149.15000387848957]])
eval-idx=array([0,1,2,3,4,5],dtype=uint64)
values=array([[149.1500038411074],[149.15000058337444],[149.15000508853464],[149.15000352906432],[149.15000263410286],[149.15000306851965]])
eval-idx=array([0,1,2,3,4,5],dtype=uint64)
values=array([[149.15000161462766],[149.150001069043],[149.15000179214766],[149.15000046147273],[149.15000295440208],[149.15000171468907]])
eval-idx=array([0,1,2,3,4,5],dtype=uint64)
values=array([[149.15000015020675],[149.15000194903246],[149.15000004836207],[149.15000016125748],[149.15000026540062],[149.15000041238784]])
eval-idx=array([0,1,2,3,4,5],dtype=uint64)
values=array([[149.15000029521866],[149.1500001677947],[149.150000259094],[149.15000064632508],[149.15000003140375],[149.15000027758242]])
eval-idx=array([0,1,2,3,4,5],dtype=uint64)
values=array([[149.150000162008],[149.1500001089313],[149.150000695313],[149.15000039578192],[149.15000033288203],[149.15000074706242]])
eval-idx=array([0,1,2,3,4,5],dtype=uint64)
values=array([[149.15000020403252],[149.15000025973947],[149.15000040813925],[149.1500001394985],[149.15000002402556],[149.1500002869115]])
eval-idx=array([0,1,2,3,4,5],dtype=uint64)
values=array([[149.15000044110408],[149.15000005837805],[149.15000001444128],[149.15000024369337],[149.15000015768734],[149.15000033214457]])
eval-idx=array([0,1,2,3,4,5],dtype=uint64)
values=array([[149.15000001885704],[149.1500000460142],[149.15000000951466],[nan],[nan],[nan]])
eval-idx=array([0,1,2,3,4,5],dtype=uint64)
 2D  8-fun   1-inst  500-budget  True-solved 339-evals  336-cma-evals    0s 0-restarts  6-init-pop 9.5e-09-delta-f
