Arguments: Namespace(dim=2, fun=2, inst=None, crit='mean')
(3_w,6)-aCMA-ES (mu_w=2.0,w_1=63%) in dimension 2 (seed=1, Tue Apr 30 14:44:21 2024)
iohexp--d-2--f-2--i-1--b-500__pycma--init-pop-6__None
values=array([[3176754.9927798104],[6296575.316215447],[24392865.545349322],[4000861.3326702304],[856183.1553994647],[20619702.206610728]])
eval-idx=array([0,1,2,3,4,5],dtype=uint64)
values=array([[452554.4102795553],[9633951.608274857],[1043350.1330473771],[1860102.2700085011],[469218.2544687933],[6656723.264728183]])
eval-idx=array([0,1,2,3,4,5],dtype=uint64)
values=array([[2336977.6028414196],[11774.05133816675],[7578.141480203381],[306763.611781908],[386489.46843396616],[197699.98061071493]])
eval-idx=array([0,1,2,3,4,5],dtype=uint64)
values=array([[7.0154231552482012e+05],[2.9689679260828816e+06],[4.4958915908306386e+04],[1.5515831941896988e+05],[7.4418659756917828e+02],[2.1122949061588483e+05]])
eval-idx=array([0,1,2,3,4,5],dtype=uint64)
values=array([[2122.85677325913],[7381.20189886752],[564716.588754795],[26823.647654115877],[262471.10725155397],[31731.10497133527]])
eval-idx=array([0,1,2,3,4,5],dtype=uint64)
values=array([[99114.0906999727],[62926.62813267316],[53425.84811467219],[166445.0672752462],[841583.7181065602],[220195.12651338388]])
eval-idx=array([0,1,2,3,4,5],dtype=uint64)
values=array([[45269.77800760343],[122781.18311118914],[6431.7393685950665],[54028.82379597652],[22562.393279917982],[53705.753335205]])
eval-idx=array([0,1,2,3,4,5],dtype=uint64)
values=array([[25724.602681710694],[2520.804132720707],[7536.210695408949],[143102.22429915093],[2938.1420246691096],[42240.67049945431]])
eval-idx=array([0,1,2,3,4,5],dtype=uint64)
values=array([[3.4948658933540382e+03],[2.1574601554777080e+04],[2.5509269883317425e+04],[5.1420574310731126e-01],[3.6594138362729100e+04],[3.3689051904389766e+04]])
eval-idx=array([0,1,2,3,4,5],dtype=uint64)
values=array([[3185.728243596828],[38698.07177242007],[13168.600663575919],[4556.023614422904],[1949.5770764853032],[7248.949286982053]])
eval-idx=array([0,1,2,3,4,5],dtype=uint64)
values=array([[1686.9582522149344],[4156.882061306506],[36362.09616274777],[27121.498996190734],[14119.688352003841],[228.2145086327401]])
eval-idx=array([0,1,2,3,4,5],dtype=uint64)
values=array([[3591.9319064977594],[8581.266786336397],[6736.225321693196],[5914.752001187456],[180.00801006539768],[4530.883883050431]])
eval-idx=array([0,1,2,3,4,5],dtype=uint64)
values=array([[496.0210868432931],[-209.1554899254277],[-148.48447121632125],[-184.58382468737145],[1893.8248872414333],[313.1330034089849]])
eval-idx=array([0,1,2,3,4,5],dtype=uint64)
values=array([[-188.18181257966603],[-156.80517113632018],[-58.15215472565558],[-102.02733114952188],[149.0664403652138],[1077.3583956843813]])
eval-idx=array([0,1,2,3,4,5],dtype=uint64)
values=array([[3495.9398279743914],[215.59188988297245],[3427.07756554727],[-202.22858657700863],[1177.387495854095],[156.70726051497348]])
eval-idx=array([0,1,2,3,4,5],dtype=uint64)
values=array([[37.26194864057331],[-95.75515019606158],[-180.24501877493847],[2.7909279482845477],[-113.2458944574555],[349.88621708679716]])
eval-idx=array([0,1,2,3,4,5],dtype=uint64)
values=array([[392.22972551397004],[128.07491905029286],[-55.395126027862574],[-34.91680401429423],[-209.0384057857062],[-192.04964744047712]])
eval-idx=array([0,1,2,3,4,5],dtype=uint64)
values=array([[-188.35726931425356],[-83.15157212842767],[136.81138910249655],[-197.05774660999663],[-22.862254266093203],[23.56421035659389]])
eval-idx=array([0,1,2,3,4,5],dtype=uint64)
values=array([[-168.67659822726702],[-16.30842785674841],[35.744958311291924],[31.575302416926974],[5.104379061352091],[-183.01853205536128]])
eval-idx=array([0,1,2,3,4,5],dtype=uint64)
values=array([[-181.95967169100396],[-207.60625480055944],[-202.71340780091484],[-209.14036143366263],[-133.73257621729374],[-11.920135950796237]])
eval-idx=array([0,1,2,3,4,5],dtype=uint64)
values=array([[-205.16715407897058],[-205.0610607745558],[-183.29556952233608],[-182.08242917795914],[-47.13122094435917],[-207.93692953265216]])
eval-idx=array([0,1,2,3,4,5],dtype=uint64)
values=array([[-37.95356729583699],[-208.91667976777896],[-143.36181272859113],[-208.73838948834285],[-206.80018125876944],[-203.89473480095396]])
eval-idx=array([0,1,2,3,4,5],dtype=uint64)
values=array([[-207.56761027646098],[-207.04916221026045],[-207.9235834121555],[-184.40733574826888],[-191.76272907633756],[-186.9603179000753]])
eval-idx=array([0,1,2,3,4,5],dtype=uint64)
values=array([[-184.8997095616119],[-209.02212155865368],[-206.70370311074655],[-208.50681768212027],[-207.81302315724247],[-208.10829887623657]])
eval-idx=array([0,1,2,3,4,5],dtype=uint64)
values=array([[-199.80914046040778],[-208.99451791673573],[-206.14290884180068],[-209.20606752945665],[-208.78314703727446],[-201.47069714919493]])
eval-idx=array([0,1,2,3,4,5],dtype=uint64)
values=array([[-193.04412327553626],[-207.12271519579673],[-208.6194638705156],[-209.1006346891962],[-208.1750311261439],[-206.27767699494154]])
eval-idx=array([0,1,2,3,4,5],dtype=uint64)
values=array([[-207.4903143492673],[-200.834364271199],[-208.96102854115875],[-208.30754010239204],[-209.05646234332653],[-209.10430613271114]])
eval-idx=array([0,1,2,3,4,5],dtype=uint64)
values=array([[-209.06940849908764],[-208.88491930507914],[-209.2237094097689],[-209.23385016702215],[-208.64463742235174],[-207.48100046542933]])
eval-idx=array([0,1,2,3,4,5],dtype=uint64)
values=array([[-207.61499564750602],[-207.21602443806762],[-209.34608532462877],[-209.29167699606108],[-209.28581118728138],[-209.26884605485378]])
eval-idx=array([0,1,2,3,4,5],dtype=uint64)
values=array([[-209.0686427481144],[-209.33242678504087],[-209.2047004602346],[-209.1276923616287],[-209.34002199044465],[-209.2391789181471]])
eval-idx=array([0,1,2,3,4,5],dtype=uint64)
values=array([[-209.27022466285138],[-208.50934169177572],[-209.35630116079074],[-208.61209517751522],[-209.29436372596402],[-209.32124394782136]])
eval-idx=array([0,1,2,3,4,5],dtype=uint64)
values=array([[-209.2816676590409],[-209.00797262502667],[-208.79170478855627],[-208.89282793204092],[-209.31121299762083],[-209.03775654022647]])
eval-idx=array([0,1,2,3,4,5],dtype=uint64)
values=array([[-209.19482931998184],[-209.33350539384273],[-209.3488016432538],[-209.34228051631356],[-209.37093430154638],[-209.36783283086018]])
eval-idx=array([0,1,2,3,4,5],dtype=uint64)
values=array([[-209.18629507083344],[-209.39958721888516],[-209.29649046744288],[-209.38571836457263],[-209.36586539295837],[-209.15817108192024]])
eval-idx=array([0,1,2,3,4,5],dtype=uint64)
values=array([[-209.4914998031812],[-209.57135293976592],[-209.18277496188267],[-209.05875794312308],[-209.3828873009648],[-209.24731867583026]])
eval-idx=array([0,1,2,3,4,5],dtype=uint64)
values=array([[-209.42185225457516],[-209.3567463967033],[-209.1697394100648],[-209.46090018982756],[-209.4446645207631],[-209.76244200540086]])
eval-idx=array([0,1,2,3,4,5],dtype=uint64)
values=array([[-209.5343079543093],[-209.3728919526119],[-209.86366177365903],[-209.87355337889102],[-208.9927716645203],[-208.66082704131682]])
eval-idx=array([0,1,2,3,4,5],dtype=uint64)
values=array([[-209.70553270981128],[-208.72200074717912],[-209.1685080247991],[-209.19354214851614],[-209.2192860333535],[-208.33543753646404]])
eval-idx=array([0,1,2,3,4,5],dtype=uint64)
values=array([[-209.17687054461018],[-209.43211975227885],[-209.57029045572838],[-209.08046279980294],[-209.86616529056403],[-209.09436612104216]])
eval-idx=array([0,1,2,3,4,5],dtype=uint64)
values=array([[-209.74921698880874],[-209.8225139253339],[-209.53339533123776],[-209.59512005884667],[-207.94581335778042],[-209.76865582773863]])
eval-idx=array([0,1,2,3,4,5],dtype=uint64)
values=array([[-209.33134392103224],[-209.78342512749066],[-209.32673821414178],[-209.54798461593057],[-209.1753099712182],[-209.87558781062052]])
eval-idx=array([0,1,2,3,4,5],dtype=uint64)
values=array([[-209.8295327983043],[-209.54787789876067],[-209.54096694648058],[-209.68665694070614],[-209.45050467423428],[-209.77909024188543]])
eval-idx=array([0,1,2,3,4,5],dtype=uint64)
values=array([[-209.7424945773104],[-209.68826082784398],[-209.64184736429752],[-209.8374228994343],[-209.82664431904593],[-209.86328222668234]])
eval-idx=array([0,1,2,3,4,5],dtype=uint64)
values=array([[-209.83833472833643],[-209.87440266027124],[-209.58298879022948],[-209.84955842839224],[-209.81633229644916],[-209.61475451141087]])
eval-idx=array([0,1,2,3,4,5],dtype=uint64)
values=array([[-209.73551853281765],[-209.6969105441232],[-209.84789915780382],[-209.8770398618295],[-209.8516373719674],[-209.67829681002465]])
eval-idx=array([0,1,2,3,4,5],dtype=uint64)
values=array([[-209.87406736711614],[-209.80307690209528],[-209.76315595485877],[-209.84000917170275],[-209.83014364976796],[-209.85178552221626]])
eval-idx=array([0,1,2,3,4,5],dtype=uint64)
values=array([[-209.80417414142394],[-209.87498164373017],[-209.8648212855915],[-209.86585788095613],[-209.86628493420855],[-209.86402937302555]])
eval-idx=array([0,1,2,3,4,5],dtype=uint64)
values=array([[-209.72017466633937],[-209.87879992872783],[-209.86631435953694],[-209.87348767619193],[-209.84506574965175],[-209.87703682672915]])
eval-idx=array([0,1,2,3,4,5],dtype=uint64)
values=array([[-209.8781603937141],[-209.86912301971333],[-209.87625806338792],[-209.87617335616113],[-209.87132681561556],[-209.86562253524383]])
eval-idx=array([0,1,2,3,4,5],dtype=uint64)
values=array([[-209.86582154297383],[-209.87999227033268],[-209.86364851350714],[-209.86982242655088],[-209.86985046261427],[-209.873253025251]])
eval-idx=array([0,1,2,3,4,5],dtype=uint64)
values=array([[-209.8774040128225],[-209.87936167833163],[-209.8778739327906],[-209.87866575738659],[-209.87463323353523],[-209.875510502489]])
eval-idx=array([0,1,2,3,4,5],dtype=uint64)
values=array([[-209.87989245595975],[-209.8703546362706],[-209.87943524433717],[-209.87985279729733],[-209.87871280497524],[-209.87900617068902]])
eval-idx=array([0,1,2,3,4,5],dtype=uint64)
values=array([[-209.87824950605741],[-209.8786412002611],[-209.87736406070218],[-209.87933884431422],[-209.87982408825943],[-209.87986739900788]])
eval-idx=array([0,1,2,3,4,5],dtype=uint64)
values=array([[-209.87980797518063],[-209.87980014288365],[-209.87883054569897],[-209.87949713671432],[-209.87958104065063],[-209.87859488666854]])
eval-idx=array([0,1,2,3,4,5],dtype=uint64)
values=array([[-209.8796782947654],[-209.8792822083205],[-209.87901963671985],[-209.87984122270007],[-209.8798102235759],[-209.8798179947314]])
eval-idx=array([0,1,2,3,4,5],dtype=uint64)
values=array([[-209.8790570220254],[-209.87973655597733],[-209.87997755228758],[-209.8793851842733],[-209.87944900115932],[-209.87891859254034]])
eval-idx=array([0,1,2,3,4,5],dtype=uint64)
values=array([[-209.8799752175301],[-209.87974285265378],[-209.87996768620238],[-209.87997842572494],[-209.87975654857362],[-209.87905881963113]])
eval-idx=array([0,1,2,3,4,5],dtype=uint64)
values=array([[-209.87980732956788],[-209.8799701696927],[-209.87999564303695],[-209.87990395633915],[-209.8799326662527],[-209.87997071176557]])
eval-idx=array([0,1,2,3,4,5],dtype=uint64)
values=array([[-209.8799053507923],[-209.8799325596895],[-209.87991935007415],[-209.87991347865278],[-209.87998674056468],[-209.87987966211276]])
eval-idx=array([0,1,2,3,4,5],dtype=uint64)
values=array([[-209.8799138471223],[-209.87983345534855],[-209.87997634206886],[-209.87994630565],[-209.87995258929828],[-209.8799876643795]])
eval-idx=array([0,1,2,3,4,5],dtype=uint64)
values=array([[-209.8799013948828],[-209.87997577280885],[-209.87993231144964],[-209.879984599118],[-209.87996703823785],[-209.8799920707891]])
eval-idx=array([0,1,2,3,4,5],dtype=uint64)
values=array([[-209.87997372932907],[-209.87998451232548],[-209.87999696117998],[-209.87991417105363],[-209.8799771876183],[-209.87996754033705]])
eval-idx=array([0,1,2,3,4,5],dtype=uint64)
values=array([[-209.879993537258],[-209.87999770571037],[-209.8799959500432],[-209.87999948262174],[-209.87999993418953],[-209.8799976562858]])
eval-idx=array([0,1,2,3,4,5],dtype=uint64)
values=array([[-209.87999288976079],[-209.87999987275137],[-209.8799814628518],[-209.8799775296441],[-209.8799863858488],[-209.87999856767868]])
eval-idx=array([0,1,2,3,4,5],dtype=uint64)
values=array([[-209.87997825768463],[-209.87999899039607],[-209.87999625929072],[-209.87999593466193],[-209.87999351137023],[-209.8799919171587]])
eval-idx=array([0,1,2,3,4,5],dtype=uint64)
values=array([[-209.8799964281255],[-209.87999824923918],[-209.8799917849557],[-209.87999904033887],[-209.87999701239752],[-209.879992058362]])
eval-idx=array([0,1,2,3,4,5],dtype=uint64)
values=array([[-209.87999898361616],[-209.879999408948],[-209.87999907044295],[-209.87999928149375],[-209.8799960235976],[-209.87999396148012]])
eval-idx=array([0,1,2,3,4,5],dtype=uint64)
values=array([[-209.87999958555753],[-209.87999573231772],[-209.87999632757138],[-209.87999855391527],[-209.8799988004282],[-209.87998677087393]])
eval-idx=array([0,1,2,3,4,5],dtype=uint64)
values=array([[-209.879996036102],[-209.87999971814088],[-209.87999886851995],[-209.87999834671362],[-209.87999962495215],[-209.8799983485394]])
eval-idx=array([0,1,2,3,4,5],dtype=uint64)
values=array([[-209.8799993372617],[-209.87999994086073],[-209.87999990659236],[-209.87999990490113],[-209.8799999158409],[-209.87999979581346]])
eval-idx=array([0,1,2,3,4,5],dtype=uint64)
values=array([[-209.8799990951527],[-209.87999912699564],[-209.87999893001617],[-209.87999964479363],[-209.8799997635471],[-209.879999718504]])
eval-idx=array([0,1,2,3,4,5],dtype=uint64)
values=array([[-209.87999964283864],[-209.87999889631863],[-209.87999971244395],[-209.87999987044324],[-209.87999979880522],[-209.8799996439452]])
eval-idx=array([0,1,2,3,4,5],dtype=uint64)
values=array([[-209.8799999993483],[nan],[nan],[nan],[nan],[nan]])
eval-idx=array([0,1,2,3,4,5],dtype=uint64)
 2D  2-fun   1-inst  500-budget  True-solved 433-evals  432-cma-evals    0s 0-restarts  6-init-pop 6.5e-10-delta-f
