(3_w,6)-aCMA-ES (mu_w=2.0,w_1=63%) in dimension 2 (seed=1, Thu Apr 18 13:02:34 2024)
tau= 1.00
tau= 0.33
tau= 0.60
tau=-0.73
tau= 0.33
tau= 0.47
tau=-0.07
tau= 0.73
tau= 0.60
tau=-0.07
tau= 0.47
tau= 0.47
tau= 0.33
tau= 0.47
tau= 0.87
tau= 0.33
tau= 0.73
tau= 0.87
tau= 0.60
tau= 0.73
tau= 0.47
tau= 0.60
tau= 0.73
tau= 1.00
tau= 0.60
tau= 0.73
tau= 0.87
tau= 0.87
tau= 1.00
tau= 0.87
tau= 1.00
tau= 0.60
tau= 0.73
tau= 0.60
tau= 0.73
tau= 0.60
tau= 1.00
tau= 0.73
tau= 0.87
tau= 0.73
tau= 1.00
tau= 0.87
tau= 0.73
tau= 0.73
tau= 0.87
tau= 0.87
tau= 0.60
tau= 0.60
tau= 0.87
tau= 0.47
tau= 0.60
tau= 0.73
tau= 1.00
tau= 0.73
tau= 0.87
tau= 1.00
tau= 0.60
tau= 0.87
tau= 0.47
tau= 0.73
tau= 0.73
tau= 0.33
tau= 0.47
tau= 0.47
tau= 0.60
tau=-0.07
tau= 0.73
tau= 0.47
tau= 0.20
tau= 0.73
tau= 0.60
tau= 0.47
tau= 0.47
tau= 0.47
tau= 0.33
tau= 0.47
tau= 0.87
tau= 0.60
tau= 0.60
tau=-0.33
tau= 0.73
tau= 0.47
tau= 1.00
 2D  3-fun   1-inst  500-budget False-solved 500-evals  498-cma-evals 2783s 0-restarts  6-init-pop (Surrogate(model=Raf(data_noise=0.01), subset=ClosestToEachTestPoint(Mahalanobis, n_max_coef=20), sns=shift_and_scale_x_by_es_y_by_train), evaluate_all_kendall, n_min_fn=get_dim) 3.7e+00-delta-f          1-seed
