(3_w,6)-aCMA-ES (mu_w=2.0,w_1=63%) in dimension 2 (seed=1, Sun Apr 21 00:03:56 2024)
subset-idx-size=6
tau-train-ens=0.9999999999999999
tau-archive=0.9999999999999999
eval=1 | not-eval=5 | tau= 1.00 | n_kendall= 7 | std(means)/mean(stds)=  3.80 | std(means)=1.90e+05 | mean(stds)=5.00e+04
tau-population= 0.60
subset-idx-size=7
tau-train-ens=1.0
tau-archive=0.9999999999999999
eval=1 | not-eval=5 | tau= 0.93 | n_kendall= 8 | std(means)/mean(stds)=  0.31 | std(means)=2.32e+04 | mean(stds)=7.47e+04
tau-population= 0.73
subset-idx-size=8
tau-train-ens=0.9999999999999998
tau-archive=1.0
eval=1 | not-eval=5 | tau= 0.89 | n_kendall= 9 | std(means)/mean(stds)=  2.88 | std(means)=1.38e+05 | mean(stds)=4.78e+04
tau-population= 0.47
subset-idx-size=9
tau-train-ens=1.0
tau-archive=0.9999999999999998
eval=1 | not-eval=5 | tau= 1.00 | n_kendall=10 | std(means)/mean(stds)=  1.19 | std(means)=2.84e+04 | mean(stds)=2.38e+04
tau-population= 0.87
subset-idx-size=10
tau-train-ens=0.9555555555555554
tau-archive=0.9444444444444445
eval=1 | not-eval=5 | tau= 0.85 | n_kendall=11 | std(means)/mean(stds)=  1.78 | std(means)=5.13e+04 | mean(stds)=2.88e+04
tau-population= 0.60
subset-idx-size=11
tau-train-ens=0.8909090909090909
tau-archive=0.8666666666666666
eval=6 | not-eval=0 | tau=-0.02 | n_kendall=12 | std(means)/mean(stds)=  0.37 | std(means)=3.48e+03 | mean(stds)=9.48e+03
tau-population=-0.33
subset-idx-size=12
tau-train-ens=0.9272727272727274
tau-archive=0.9272727272727274
eval=6 | not-eval=0 | tau= 0.16 | n_kendall=12 | std(means)/mean(stds)=  5.84 | std(means)=1.78e+03 | mean(stds)=3.05e+02
tau-population= 0.07
subset-idx-size=12
tau-train-ens=0.8181818181818182
tau-archive=0.8181818181818182
eval=6 | not-eval=0 | tau= 0.78 | n_kendall=12 | std(means)/mean(stds)=  5.85 | std(means)=4.92e+03 | mean(stds)=8.40e+02
tau-population= 1.00
subset-idx-size=12
tau-train-ens=0.9636363636363636
tau-archive=0.9636363636363636
eval=6 | not-eval=0 | tau= 0.24 | n_kendall=12 | std(means)/mean(stds)=  0.55 | std(means)=1.15e+03 | mean(stds)=2.08e+03
tau-population=-0.20
subset-idx-size=12
tau-train-ens=0.9272727272727274
tau-archive=0.9272727272727274
eval=6 | not-eval=0 | tau= 0.73 | n_kendall=12 | std(means)/mean(stds)=  1.50 | std(means)=1.36e+03 | mean(stds)=9.06e+02
tau-population= 0.73
subset-idx-size=12
tau-train-ens=0.45454545454545453
tau-archive=0.45454545454545453
eval=6 | not-eval=0 | tau=-0.24 | n_kendall=12 | std(means)/mean(stds)=  0.61 | std(means)=1.51e+03 | mean(stds)=2.45e+03
tau-population=-0.33
subset-idx-size=12
tau-train-ens=0.16363636363636364
tau-archive=0.16363636363636364
eval=6 | not-eval=0 | tau= 0.73 | n_kendall=12 | std(means)/mean(stds)= 10.62 | std(means)=1.95e+04 | mean(stds)=1.84e+03
tau-population= 0.73
subset-idx-size=12
tau-train-ens=0.9272727272727274
tau-archive=0.9272727272727274
eval=6 | not-eval=0 | tau= 0.51 | n_kendall=12 | std(means)/mean(stds)=  1.35 | std(means)=6.86e+02 | mean(stds)=5.08e+02
tau-population= 0.07
subset-idx-size=12
tau-train-ens=0.6727272727272727
tau-archive=0.6727272727272727
eval=6 | not-eval=0 | tau= 0.60 | n_kendall=12 | std(means)/mean(stds)=  1.71 | std(means)=4.17e+03 | mean(stds)=2.44e+03
tau-population= 0.87
subset-idx-size=12
tau-train-ens=0.6000000000000001
tau-archive=0.6000000000000001
eval=6 | not-eval=0 | tau= 0.51 | n_kendall=12 | std(means)/mean(stds)=  0.28 | std(means)=2.01e+02 | mean(stds)=7.17e+02
tau-population= 0.33
subset-idx-size=12
tau-train-ens=0.3090909090909091
tau-archive=0.3090909090909091
eval=6 | not-eval=0 | tau= 0.51 | n_kendall=12 | std(means)/mean(stds)=  1.26 | std(means)=3.88e+03 | mean(stds)=3.09e+03
tau-population= 0.87
subset-idx-size=12
tau-train-ens=0.7818181818181819
tau-archive=0.7818181818181819
eval=6 | not-eval=0 | tau= 0.60 | n_kendall=12 | std(means)/mean(stds)=  1.25 | std(means)=6.63e+02 | mean(stds)=5.29e+02
tau-population= 0.47
subset-idx-size=12
tau-train-ens=0.9636363636363636
tau-archive=0.9636363636363636
eval=1 | not-eval=5 | tau= 0.91 | n_kendall=12 | std(means)/mean(stds)=  2.43 | std(means)=6.40e+02 | mean(stds)=2.63e+02
tau-population= 0.60
subset-idx-size=12
tau-train-ens=0.9272727272727274
tau-archive=0.9272727272727274
eval=1 | not-eval=5 | tau= 0.88 | n_kendall=12 | std(means)/mean(stds)=  0.87 | std(means)=2.30e+02 | mean(stds)=2.64e+02
tau-population= 0.33
subset-idx-size=12
tau-train-ens=0.45454545454545453
tau-archive=0.45454545454545453
eval=6 | not-eval=0 | tau= 0.02 | n_kendall=12 | std(means)/mean(stds)=  0.51 | std(means)=5.75e+01 | mean(stds)=1.12e+02
tau-population=-0.60
subset-idx-size=12
tau-train-ens=1.0
tau-archive=1.0
eval=1 | not-eval=5 | tau= 1.00 | n_kendall=12 | std(means)/mean(stds)= 13.95 | std(means)=7.98e-01 | mean(stds)=5.72e-02
tau-population= 0.87
subset-idx-size=12
tau-train-ens=1.0
tau-archive=1.0
eval=1 | not-eval=5 | tau= 1.00 | n_kendall=12 | std(means)/mean(stds)=  6.57 | std(means)=9.04e-01 | mean(stds)=1.38e-01
tau-population= 1.00
subset-idx-size=12
tau-train-ens=1.0
tau-archive=1.0
eval=6 | not-eval=0 | tau=-0.02 | n_kendall=12 | std(means)/mean(stds)=  4.98 | std(means)=6.19e-01 | mean(stds)=1.24e-01
tau-population=-0.47
subset-idx-size=12
tau-train-ens=0.6000000000000001
tau-archive=0.6000000000000001
eval=6 | not-eval=0 | tau= 0.56 | n_kendall=12 | std(means)/mean(stds)= 16.97 | std(means)=2.83e+02 | mean(stds)=1.67e+01
tau-population= 0.73
subset-idx-size=12
tau-train-ens=0.6727272727272727
tau-archive=0.6727272727272727
eval=6 | not-eval=0 | tau= 0.47 | n_kendall=12 | std(means)/mean(stds)=  5.26 | std(means)=3.35e+02 | mean(stds)=6.36e+01
tau-population= 0.73
subset-idx-size=12
tau-train-ens=0.5272727272727272
tau-archive=0.5272727272727272
eval=6 | not-eval=0 | tau=-0.24 | n_kendall=12 | std(means)/mean(stds)=  1.94 | std(means)=2.26e+02 | mean(stds)=1.17e+02
tau-population=-0.20
subset-idx-size=12
tau-train-ens=0.2727272727272727
tau-archive=0.2727272727272727
eval=6 | not-eval=0 | tau= 0.51 | n_kendall=12 | std(means)/mean(stds)=  1.34 | std(means)=1.33e+02 | mean(stds)=9.96e+01
tau-population= 0.60
subset-idx-size=12
tau-train-ens=0.5272727272727272
tau-archive=0.5272727272727272
eval=6 | not-eval=0 | tau=-0.11 | n_kendall=12 | std(means)/mean(stds)=  0.45 | std(means)=2.97e+01 | mean(stds)=6.66e+01
tau-population=-0.47
subset-idx-size=12
tau-train-ens=0.6363636363636364
tau-archive=0.6363636363636364
eval=6 | not-eval=0 | tau=-0.07 | n_kendall=12 | std(means)/mean(stds)=  2.94 | std(means)=4.59e+01 | mean(stds)=1.56e+01
tau-population= 0.07
subset-idx-size=12
tau-train-ens=0.1272727272727273
tau-archive=0.1272727272727273
eval=6 | not-eval=0 | tau= 0.47 | n_kendall=12 | std(means)/mean(stds)=  3.87 | std(means)=2.69e+01 | mean(stds)=6.96e+00
tau-population= 0.73
subset-idx-size=12
tau-train-ens=0.4909090909090909
tau-archive=0.4909090909090909
eval=6 | not-eval=0 | tau= 0.20 | n_kendall=12 | std(means)/mean(stds)=  3.03 | std(means)=9.64e+00 | mean(stds)=3.18e+00
tau-population= 0.20
subset-idx-size=12
tau-train-ens=0.6000000000000001
tau-archive=0.6000000000000001
eval=6 | not-eval=0 | tau= 0.33 | n_kendall=12 | std(means)/mean(stds)=  8.78 | std(means)=2.48e+01 | mean(stds)=2.83e+00
tau-population= 0.47
subset-idx-size=12
tau-train-ens=0.6000000000000001
tau-archive=0.6000000000000001
eval=6 | not-eval=0 | tau= 0.64 | n_kendall=12 | std(means)/mean(stds)=  7.56 | std(means)=5.36e+01 | mean(stds)=7.08e+00
tau-population= 0.87
subset-idx-size=12
tau-train-ens=0.8181818181818182
tau-archive=0.8181818181818182
eval=6 | not-eval=0 | tau= 0.64 | n_kendall=12 | std(means)/mean(stds)=  4.08 | std(means)=2.15e+01 | mean(stds)=5.28e+00
tau-population= 0.73
subset-idx-size=12
tau-train-ens=0.7818181818181819
tau-archive=0.7818181818181819
eval=6 | not-eval=0 | tau= 0.02 | n_kendall=12 | std(means)/mean(stds)=  0.94 | std(means)=3.30e+00 | mean(stds)=3.53e+00
tau-population= 0.20
subset-idx-size=12
tau-train-ens=0.9272727272727274
tau-archive=0.9272727272727274
eval=1 | not-eval=5 | tau= 0.94 | n_kendall=12 | std(means)/mean(stds)=  3.31 | std(means)=1.19e+01 | mean(stds)=3.60e+00
tau-population= 1.00
subset-idx-size=12
tau-train-ens=0.7454545454545454
tau-archive=0.7454545454545454
eval=6 | not-eval=0 | tau= 0.78 | n_kendall=12 | std(means)/mean(stds)=  5.95 | std(means)=8.40e+00 | mean(stds)=1.41e+00
tau-population= 0.87
subset-idx-size=12
tau-train-ens=0.7454545454545454
tau-archive=0.7454545454545454
eval=6 | not-eval=0 | tau= 0.64 | n_kendall=12 | std(means)/mean(stds)=  3.29 | std(means)=4.33e+00 | mean(stds)=1.31e+00
tau-population= 0.73
subset-idx-size=12
tau-train-ens=0.9272727272727274
tau-archive=0.9272727272727274
eval=6 | not-eval=0 | tau= 0.16 | n_kendall=12 | std(means)/mean(stds)=  0.99 | std(means)=7.78e-01 | mean(stds)=7.85e-01
tau-population= 0.20
subset-idx-size=12
tau-train-ens=0.8545454545454545
tau-archive=0.8545454545454545
eval=1 | not-eval=5 | tau= 0.88 | n_kendall=12 | std(means)/mean(stds)=  0.87 | std(means)=1.46e+00 | mean(stds)=1.67e+00
tau-population= 0.07
subset-idx-size=12
tau-train-ens=0.9272727272727274
tau-archive=0.9272727272727274
eval=6 | not-eval=0 | tau= 0.38 | n_kendall=12 | std(means)/mean(stds)=  1.91 | std(means)=1.87e-01 | mean(stds)=9.76e-02
tau-population= 0.20
subset-idx-size=12
tau-train-ens=0.6727272727272727
tau-archive=0.6727272727272727
eval=6 | not-eval=0 | tau=-0.02 | n_kendall=12 | std(means)/mean(stds)=  2.09 | std(means)=7.35e-01 | mean(stds)=3.51e-01
tau-population=-0.33
subset-idx-size=12
tau-train-ens=0.7454545454545454
tau-archive=0.7454545454545454
eval=6 | not-eval=0 | tau= 0.33 | n_kendall=12 | std(means)/mean(stds)=  2.71 | std(means)=1.75e+00 | mean(stds)=6.47e-01
tau-population= 0.47
subset-idx-size=12
tau-train-ens=0.7454545454545454
tau-archive=0.7454545454545454
eval=6 | not-eval=0 | tau= 0.60 | n_kendall=12 | std(means)/mean(stds)=  4.34 | std(means)=1.41e+00 | mean(stds)=3.25e-01
tau-population= 0.73
subset-idx-size=12
tau-train-ens=0.6000000000000001
tau-archive=0.6000000000000001
eval=6 | not-eval=0 | tau=-0.24 | n_kendall=12 | std(means)/mean(stds)=  2.59 | std(means)=9.71e-01 | mean(stds)=3.75e-01
tau-population=-0.07
subset-idx-size=12
tau-train-ens=0.4909090909090909
tau-archive=0.4909090909090909
eval=6 | not-eval=0 | tau= 0.16 | n_kendall=12 | std(means)/mean(stds)=  0.88 | std(means)=3.07e-01 | mean(stds)=3.51e-01
tau-population=-0.07
subset-idx-size=12
tau-train-ens=0.5272727272727272
tau-archive=0.5272727272727272
eval=6 | not-eval=0 | tau= 0.20 | n_kendall=12 | std(means)/mean(stds)=  2.77 | std(means)=2.70e+00 | mean(stds)=9.73e-01
tau-population= 0.47
subset-idx-size=12
tau-train-ens=0.38181818181818183
tau-archive=0.38181818181818183
eval=6 | not-eval=0 | tau= 0.24 | n_kendall=12 | std(means)/mean(stds)= 13.11 | std(means)=2.27e+00 | mean(stds)=1.73e-01
tau-population= 0.33
subset-idx-size=12
tau-train-ens=0.6000000000000001
tau-archive=0.6000000000000001
eval=6 | not-eval=0 | tau= 0.69 | n_kendall=12 | std(means)/mean(stds)=  3.18 | std(means)=2.73e+00 | mean(stds)=8.57e-01
tau-population= 0.73
subset-idx-size=12
tau-train-ens=0.8909090909090909
tau-archive=0.8909090909090909
eval=1 | not-eval=5 | tau= 0.88 | n_kendall=12 | std(means)/mean(stds)=  0.34 | std(means)=7.13e-02 | mean(stds)=2.07e-01
tau-population= 0.33
subset-idx-size=12
tau-train-ens=0.8545454545454545
tau-archive=0.8545454545454545
eval=6 | not-eval=0 | tau= 0.11 | n_kendall=12 | std(means)/mean(stds)=  1.44 | std(means)=3.34e-01 | mean(stds)=2.32e-01
tau-population=-0.47
subset-idx-size=12
tau-train-ens=0.5636363636363636
tau-archive=0.5636363636363636
eval=6 | not-eval=0 | tau= 0.33 | n_kendall=12 | std(means)/mean(stds)=  0.52 | std(means)=2.42e-02 | mean(stds)=4.64e-02
tau-population= 0.20
subset-idx-size=12
tau-train-ens=1.0
tau-archive=1.0
eval=6 | not-eval=0 | tau= 0.60 | n_kendall=12 | std(means)/mean(stds)=  7.65 | std(means)=8.80e-04 | mean(stds)=1.15e-04
tau-population= 0.33
subset-idx-size=12
tau-train-ens=0.34545454545454546
tau-archive=0.34545454545454546
eval=6 | not-eval=0 | tau= 0.73 | n_kendall=12 | std(means)/mean(stds)=  5.78 | std(means)=6.09e-01 | mean(stds)=1.05e-01
tau-population= 1.00
subset-idx-size=12
tau-train-ens=0.6363636363636364
tau-archive=0.6363636363636364
eval=6 | not-eval=0 | tau=-0.07 | n_kendall=12 | std(means)/mean(stds)=  0.62 | std(means)=1.09e-02 | mean(stds)=1.75e-02
tau-population=-0.60
subset-idx-size=12
tau-train-ens=0.6000000000000001
tau-archive=0.6000000000000001
eval=6 | not-eval=0 | tau= 0.11 | n_kendall=12 | std(means)/mean(stds)=  0.85 | std(means)=7.12e-03 | mean(stds)=8.33e-03
tau-population= 0.33
subset-idx-size=12
tau-train-ens=0.9636363636363636
tau-archive=0.9636363636363636
eval=1 | not-eval=5 | tau= 0.97 | n_kendall=12 | std(means)/mean(stds)=  1.77 | std(means)=1.96e-03 | mean(stds)=1.11e-03
tau-population= 0.33
subset-idx-size=12
tau-train-ens=0.9636363636363636
tau-archive=0.9636363636363636
eval=1 | not-eval=5 | tau= 0.97 | n_kendall=12 | std(means)/mean(stds)=  0.92 | std(means)=4.39e-03 | mean(stds)=4.75e-03
tau-population= 1.00
subset-idx-size=12
tau-train-ens=1.0
tau-archive=1.0
eval=6 | not-eval=0 | tau= 0.20 | n_kendall=12 | std(means)/mean(stds)=  0.32 | std(means)=4.91e-04 | mean(stds)=1.53e-03
tau-population=-0.20
subset-idx-size=12
tau-train-ens=0.7818181818181819
tau-archive=0.7818181818181819
eval=6 | not-eval=0 | tau= 0.38 | n_kendall=12 | std(means)/mean(stds)=  3.48 | std(means)=5.02e-02 | mean(stds)=1.44e-02
tau-population= 0.47
subset-idx-size=12
tau-train-ens=0.7090909090909091
tau-archive=0.7090909090909091
eval=6 | not-eval=0 | tau= 0.51 | n_kendall=12 | std(means)/mean(stds)=  0.76 | std(means)=8.93e-03 | mean(stds)=1.18e-02
tau-population= 0.20
subset-idx-size=12
tau-train-ens=0.7454545454545454
tau-archive=0.7454545454545454
eval=6 | not-eval=0 | tau=-0.51 | n_kendall=12 | std(means)/mean(stds)=  0.37 | std(means)=4.16e-03 | mean(stds)=1.11e-02
tau-population=-0.87
subset-idx-size=12
tau-train-ens=0.5272727272727272
tau-archive=0.5272727272727272
eval=6 | not-eval=0 | tau= 0.07 | n_kendall=12 | std(means)/mean(stds)=  1.25 | std(means)=7.72e-03 | mean(stds)=6.17e-03
tau-population=-0.20
subset-idx-size=12
tau-train-ens=1.0
tau-archive=1.0
eval=1 | not-eval=5 | tau= 1.00 | n_kendall=12 | std(means)/mean(stds)=  6.63 | std(means)=8.27e-05 | mean(stds)=1.25e-05
tau-population= 0.47
subset-idx-size=12
tau-train-ens=1.0
tau-archive=1.0
eval=6 | not-eval=0 | tau= 0.24 | n_kendall=12 | std(means)/mean(stds)=  9.31 | std(means)=3.61e-05 | mean(stds)=3.88e-06
tau-population=-0.20
subset-idx-size=12
tau-train-ens=0.41818181818181815
tau-archive=0.41818181818181815
eval=6 | not-eval=0 | tau= 0.07 | n_kendall=12 | std(means)/mean(stds)=  0.92 | std(means)=1.85e-03 | mean(stds)=2.00e-03
tau-population= 0.47
subset-idx-size=12
tau-train-ens=0.38181818181818183
tau-archive=0.38181818181818183
eval=6 | not-eval=0 | tau= 0.64 | n_kendall=12 | std(means)/mean(stds)=  3.33 | std(means)=1.45e-02 | mean(stds)=4.36e-03
tau-population= 0.73
subset-idx-size=12
tau-train-ens=0.4909090909090909
tau-archive=0.4909090909090909
eval=6 | not-eval=0 | tau= 0.33 | n_kendall=12 | std(means)/mean(stds)=  0.86 | std(means)=5.31e-04 | mean(stds)=6.16e-04
tau-population= 0.07
subset-idx-size=12
tau-train-ens=0.5272727272727272
tau-archive=0.5272727272727272
eval=6 | not-eval=0 | tau= 0.42 | n_kendall=12 | std(means)/mean(stds)=  1.97 | std(means)=7.70e-03 | mean(stds)=3.91e-03
tau-population= 0.33
subset-idx-size=12
tau-train-ens=0.8909090909090909
tau-archive=0.8909090909090909
eval=1 | not-eval=5 | tau= 0.88 | n_kendall=12 | std(means)/mean(stds)=  1.43 | std(means)=9.98e-04 | mean(stds)=7.00e-04
tau-population= 1.00
subset-idx-size=12
tau-train-ens=0.9272727272727274
tau-archive=0.9272727272727274
eval=1 | not-eval=5 | tau= 0.91 | n_kendall=12 | std(means)/mean(stds)=  2.79 | std(means)=5.07e-04 | mean(stds)=1.82e-04
tau-population= 0.87
subset-idx-size=12
tau-train-ens=0.9636363636363636
tau-archive=0.9636363636363636
eval=1 | not-eval=5 | tau= 0.94 | n_kendall=12 | std(means)/mean(stds)=  5.00 | std(means)=3.97e-04 | mean(stds)=7.94e-05
tau-population= 0.73
subset-idx-size=12
tau-train-ens=0.9272727272727274
tau-archive=0.9272727272727274
eval=6 | not-eval=0 | tau=-0.33 | n_kendall=12 | std(means)/mean(stds)=  2.93 | std(means)=7.75e-05 | mean(stds)=2.65e-05
tau-population=-0.87
subset-idx-size=12
tau-train-ens=0.7454545454545454
tau-archive=0.7454545454545454
eval=6 | not-eval=0 | tau= 0.96 | n_kendall=12 | std(means)/mean(stds)=  7.83 | std(means)=1.76e-04 | mean(stds)=2.25e-05
tau-population= 1.00
subset-idx-size=12
tau-train-ens=0.5272727272727272
tau-archive=0.5272727272727272
eval=6 | not-eval=0 | tau= 0.42 | n_kendall=12 | std(means)/mean(stds)=  1.79 | std(means)=7.27e-05 | mean(stds)=4.06e-05
tau-population= 0.33
subset-idx-size=12
tau-train-ens=0.8181818181818182
tau-archive=0.8181818181818182
eval=6 | not-eval=0 | tau= 0.47 | n_kendall=12 | std(means)/mean(stds)=  0.77 | std(means)=1.61e-05 | mean(stds)=2.10e-05
tau-population= 0.07
subset-idx-size=12
tau-train-ens=0.8181818181818182
tau-archive=0.8181818181818182
eval=6 | not-eval=0 | tau= 0.20 | n_kendall=12 | std(means)/mean(stds)= 14.08 | std(means)=1.50e-04 | mean(stds)=1.07e-05
tau-population= 0.20
subset-idx-size=12
tau-train-ens=0.4909090909090909
tau-archive=0.4909090909090909
eval=6 | not-eval=0 | tau=-0.33 | n_kendall=12 | std(means)/mean(stds)=  3.56 | std(means)=1.59e-04 | mean(stds)=4.48e-05
tau-population=-0.60
subset-idx-size=12
tau-train-ens=0.5272727272727272
tau-archive=0.5272727272727272
eval=6 | not-eval=0 | tau= 0.87 | n_kendall=12 | std(means)/mean(stds)=  2.67 | std(means)=1.33e-04 | mean(stds)=4.99e-05
tau-population= 0.73
subset-idx-size=12
tau-train-ens=0.8909090909090909
tau-archive=0.8909090909090909
eval=6 | not-eval=0 | tau= 0.73 | n_kendall=12 | std(means)/mean(stds)=  1.58 | std(means)=7.68e-06 | mean(stds)=4.88e-06
tau-population= 0.73
subset-idx-size=12
tau-train-ens=0.6727272727272727
tau-archive=0.6727272727272727
eval=6 | not-eval=0 | tau= 0.42 | n_kendall=12 | std(means)/mean(stds)=  3.06 | std(means)=2.90e-05 | mean(stds)=9.49e-06
tau-population= 0.60
subset-idx-size=12
tau-train-ens=0.6363636363636364
tau-archive=0.6363636363636364
eval=6 | not-eval=0 | tau=-0.51 | n_kendall=12 | std(means)/mean(stds)=  3.28 | std(means)=4.94e-06 | mean(stds)=1.51e-06
tau-population=-0.60
subset-idx-size=12
tau-train-ens=0.41818181818181815
tau-archive=0.41818181818181815
eval=6 | not-eval=0 | tau= 0.33 | n_kendall=12 | std(means)/mean(stds)=  2.54 | std(means)=6.70e-06 | mean(stds)=2.64e-06
tau-population=-0.07
subset-idx-size=12
tau-train-ens=1.0
tau-archive=1.0
eval=6 | not-eval=0 | tau= 0.33 | n_kendall=12 | std(means)/mean(stds)=  8.68 | std(means)=5.36e-08 | mean(stds)=6.18e-09
tau-population=-1.00
subset-idx-size=12
tau-train-ens=0.8909090909090909
tau-archive=0.8909090909090909
eval=6 | not-eval=0 | tau= 0.64 | n_kendall=12 | std(means)/mean(stds)=  5.27 | std(means)=5.84e-06 | mean(stds)=1.11e-06
tau-population=  nan
subset-idx-size=12
tau-train-ens=0.5272727272727272
tau-archive=0.5272727272727272
eval=6 | not-eval=0 | tau=-0.11 | n_kendall=12 | std(means)/mean(stds)=  3.28 | std(means)=4.23e-06 | mean(stds)=1.29e-06
tau-population=  nan
subset-idx-size=12
tau-train-ens=0.5636363636363636
tau-archive=0.5636363636363636
eval=2 | not-eval=4 | tau= 0.33 | n_kendall=12 | std(means)/mean(stds)=  0.79 | std(means)=1.90e-06 | mean(stds)=2.42e-06
tau-population=  nan
 2D  6-fun   1-inst  500-budget  True-solved 434-evals  522-cma-evals  503s 0-restarts  6-init-pop (Surrogate(model=<__main__.Eaf object at 0x7f231febdaf0>, subset=LastN), EvaluateUntilKendallThreshold(mean_criterion, tau_threshold=0.85, offset=True), n_min_fn=get_dim) 5.7e-09-delta-f          1-seed
