(3_w,6)-aCMA-ES (mu_w=2.0,w_1=63%) in dimension 2 (seed=1, Sat Apr 20 23:54:43 2024)
subset-idx-size=6
tau-archive=0.9999999999999999
eval=1 | not-eval=5 | tau= 1.00 | n_kendall= 7 | std(means)/mean(stds)=  2.12 | std(means)=1.51e+05 | mean(stds)=7.14e+04
tau-population= 0.73
subset-idx-size=7
tau-archive=0.9999999999999999
eval=1 | not-eval=5 | tau= 0.93 | n_kendall= 8 | std(means)/mean(stds)=  0.33 | std(means)=3.19e+04 | mean(stds)=9.74e+04
tau-population=-0.33
subset-idx-size=8
tau-archive=0.8095238095238096
eval=6 | not-eval=0 | tau= 0.51 | n_kendall=12 | std(means)/mean(stds)=  1.81 | std(means)=1.67e+05 | mean(stds)=9.23e+04
tau-population= 0.60
subset-idx-size=12
tau-archive=0.7818181818181819
eval=6 | not-eval=0 | tau= 0.20 | n_kendall=12 | std(means)/mean(stds)=  0.34 | std(means)=1.68e+04 | mean(stds)=4.91e+04
tau-population=-0.20
subset-idx-size=12
tau-archive=0.0909090909090909
eval=6 | not-eval=0 | tau= 0.38 | n_kendall=12 | std(means)/mean(stds)=  2.17 | std(means)=1.56e+05 | mean(stds)=7.20e+04
tau-population= 0.73
subset-idx-size=12
tau-archive=0.1272727272727273
eval=6 | not-eval=0 | tau= 0.51 | n_kendall=12 | std(means)/mean(stds)=  2.23 | std(means)=1.59e+05 | mean(stds)=7.12e+04
tau-population= 0.73
subset-idx-size=12
tau-archive=0.7454545454545454
eval=6 | not-eval=0 | tau= 0.07 | n_kendall=12 | std(means)/mean(stds)=  1.29 | std(means)=8.17e+04 | mean(stds)=6.31e+04
tau-population=-0.73
subset-idx-size=12
tau-archive=0.8181818181818182
eval=6 | not-eval=0 | tau= 0.24 | n_kendall=12 | std(means)/mean(stds)=  2.00 | std(means)=1.37e+04 | mean(stds)=6.84e+03
tau-population= 0.33
subset-idx-size=12
tau-archive=0.2727272727272727
eval=6 | not-eval=0 | tau= 0.24 | n_kendall=12 | std(means)/mean(stds)=  2.79 | std(means)=1.24e+04 | mean(stds)=4.42e+03
tau-population= 0.60
subset-idx-size=12
tau-archive=0.2727272727272727
eval=6 | not-eval=0 | tau= 0.38 | n_kendall=12 | std(means)/mean(stds)=  5.03 | std(means)=1.90e+04 | mean(stds)=3.78e+03
tau-population= 0.33
subset-idx-size=12
tau-archive=-0.018181818181818184
eval=6 | not-eval=0 | tau=-0.82 | n_kendall=12 | std(means)/mean(stds)=  0.93 | std(means)=8.33e+03 | mean(stds)=8.98e+03
tau-population=-1.00
subset-idx-size=12
tau-archive=-0.2727272727272727
eval=6 | not-eval=0 | tau=-0.51 | n_kendall=12 | std(means)/mean(stds)=  0.71 | std(means)=6.60e+03 | mean(stds)=9.35e+03
tau-population=-0.20
subset-idx-size=12
tau-archive=0.05454545454545454
eval=6 | not-eval=0 | tau= 0.24 | n_kendall=12 | std(means)/mean(stds)=  2.96 | std(means)=3.24e+03 | mean(stds)=1.09e+03
tau-population= 0.60
subset-idx-size=12
tau-archive=-0.05454545454545454
eval=6 | not-eval=0 | tau= 0.38 | n_kendall=12 | std(means)/mean(stds)=  1.84 | std(means)=5.39e+03 | mean(stds)=2.92e+03
tau-population= 0.60
subset-idx-size=12
tau-archive=0.6727272727272727
eval=6 | not-eval=0 | tau= 0.51 | n_kendall=12 | std(means)/mean(stds)=  0.97 | std(means)=4.29e+03 | mean(stds)=4.43e+03
tau-population= 0.20
subset-idx-size=12
tau-archive=0.6363636363636364
eval=6 | not-eval=0 | tau= 0.47 | n_kendall=12 | std(means)/mean(stds)=  0.54 | std(means)=9.00e+03 | mean(stds)=1.66e+04
tau-population= 0.20
subset-idx-size=12
tau-archive=0.7454545454545454
eval=6 | not-eval=0 | tau= 0.64 | n_kendall=12 | std(means)/mean(stds)=  2.59 | std(means)=1.73e+03 | mean(stds)=6.69e+02
tau-population= 0.47
subset-idx-size=12
tau-archive=0.9272727272727274
eval=6 | not-eval=0 | tau= 0.73 | n_kendall=12 | std(means)/mean(stds)=  2.55 | std(means)=1.61e+03 | mean(stds)=6.33e+02
tau-population= 0.87
subset-idx-size=12
tau-archive=0.8545454545454545
eval=6 | not-eval=0 | tau= 0.16 | n_kendall=12 | std(means)/mean(stds)=  1.44 | std(means)=1.29e+03 | mean(stds)=8.93e+02
tau-population=-0.20
subset-idx-size=12
tau-archive=0.9272727272727274
eval=6 | not-eval=0 | tau=-0.20 | n_kendall=12 | std(means)/mean(stds)=  0.30 | std(means)=1.18e+02 | mean(stds)=3.97e+02
tau-population=-0.60
subset-idx-size=12
tau-archive=0.9636363636363636
eval=1 | not-eval=5 | tau= 0.97 | n_kendall=12 | std(means)/mean(stds)=  3.03 | std(means)=2.26e+01 | mean(stds)=7.46e+00
tau-population=-0.20
subset-idx-size=12
tau-archive=1.0
eval=1 | not-eval=5 | tau= 1.00 | n_kendall=12 | std(means)/mean(stds)=  4.34 | std(means)=1.81e+00 | mean(stds)=4.16e-01
tau-population= 1.00
subset-idx-size=12
tau-archive=0.9636363636363636
eval=1 | not-eval=5 | tau= 0.97 | n_kendall=12 | std(means)/mean(stds)=  1.05 | std(means)=1.23e+00 | mean(stds)=1.17e+00
tau-population= 0.60
subset-idx-size=12
tau-archive=1.0
eval=1 | not-eval=5 | tau= 1.00 | n_kendall=12 | std(means)/mean(stds)=  1.29 | std(means)=1.37e+00 | mean(stds)=1.06e+00
tau-population= 0.87
subset-idx-size=12
tau-archive=0.9272727272727274
eval=6 | not-eval=0 | tau= 0.51 | n_kendall=12 | std(means)/mean(stds)=  0.87 | std(means)=1.91e+00 | mean(stds)=2.19e+00
tau-population= 0.33
subset-idx-size=12
tau-archive=-0.05454545454545454
eval=6 | not-eval=0 | tau=-0.16 | n_kendall=12 | std(means)/mean(stds)=  0.87 | std(means)=3.54e+02 | mean(stds)=4.05e+02
tau-population=-0.07
subset-idx-size=12
tau-archive=0.34545454545454546
eval=6 | not-eval=0 | tau= 0.47 | n_kendall=12 | std(means)/mean(stds)=  1.58 | std(means)=3.34e+02 | mean(stds)=2.12e+02
tau-population= 0.47
subset-idx-size=12
tau-archive=0.6000000000000001
eval=6 | not-eval=0 | tau= 0.02 | n_kendall=12 | std(means)/mean(stds)=  3.09 | std(means)=2.39e+03 | mean(stds)=7.73e+02
tau-population= 0.20
subset-idx-size=12
tau-archive=0.38181818181818183
eval=6 | not-eval=0 | tau= 0.29 | n_kendall=12 | std(means)/mean(stds)=  3.78 | std(means)=6.95e+02 | mean(stds)=1.84e+02
tau-population= 0.73
subset-idx-size=12
tau-archive=0.3090909090909091
eval=6 | not-eval=0 | tau=-0.11 | n_kendall=12 | std(means)/mean(stds)=  1.18 | std(means)=1.28e+02 | mean(stds)=1.08e+02
tau-population=-0.07
subset-idx-size=12
tau-archive=-0.0909090909090909
eval=6 | not-eval=0 | tau=-0.38 | n_kendall=12 | std(means)/mean(stds)=  2.88 | std(means)=1.82e+02 | mean(stds)=6.32e+01
tau-population=-0.33
subset-idx-size=12
tau-archive=0.8545454545454545
eval=2 | not-eval=4 | tau= 0.88 | n_kendall=12 | std(means)/mean(stds)=  1.75 | std(means)=2.66e+00 | mean(stds)=1.52e+00
tau-population= 0.87
subset-idx-size=12
tau-archive=0.8909090909090909
eval=6 | not-eval=0 | tau= 0.82 | n_kendall=12 | std(means)/mean(stds)=  2.02 | std(means)=2.53e+00 | mean(stds)=1.25e+00
tau-population= 1.00
subset-idx-size=12
tau-archive=0.8181818181818182
eval=6 | not-eval=0 | tau= 0.60 | n_kendall=12 | std(means)/mean(stds)=  2.67 | std(means)=9.70e+01 | mean(stds)=3.63e+01
tau-population= 0.73
subset-idx-size=12
tau-archive=0.8909090909090909
eval=1 | not-eval=5 | tau= 0.88 | n_kendall=12 | std(means)/mean(stds)=  0.56 | std(means)=1.62e+01 | mean(stds)=2.87e+01
tau-population=-0.07
subset-idx-size=12
tau-archive=0.9636363636363636
eval=6 | not-eval=0 | tau=-0.11 | n_kendall=12 | std(means)/mean(stds)=  1.37 | std(means)=2.92e+01 | mean(stds)=2.14e+01
tau-population= 0.07
subset-idx-size=12
tau-archive=0.7090909090909091
eval=6 | not-eval=0 | tau= 0.51 | n_kendall=12 | std(means)/mean(stds)=  2.74 | std(means)=2.10e+01 | mean(stds)=7.65e+00
tau-population= 0.33
subset-idx-size=12
tau-archive=0.9272727272727274
eval=1 | not-eval=5 | tau= 0.88 | n_kendall=12 | std(means)/mean(stds)=  2.46 | std(means)=6.05e+01 | mean(stds)=2.46e+01
tau-population= 0.60
subset-idx-size=12
tau-archive=0.8909090909090909
eval=6 | not-eval=0 | tau= 0.29 | n_kendall=12 | std(means)/mean(stds)=  1.12 | std(means)=1.72e+01 | mean(stds)=1.54e+01
tau-population= 0.07
subset-idx-size=12
tau-archive=0.8909090909090909
eval=1 | not-eval=5 | tau= 0.88 | n_kendall=12 | std(means)/mean(stds)=  0.69 | std(means)=8.96e+00 | mean(stds)=1.29e+01
tau-population= 0.60
subset-idx-size=12
tau-archive=0.6000000000000001
eval=6 | not-eval=0 | tau= 0.02 | n_kendall=12 | std(means)/mean(stds)=  0.54 | std(means)=4.38e+00 | mean(stds)=8.10e+00
tau-population= 0.07
subset-idx-size=12
tau-archive=1.0
eval=1 | not-eval=5 | tau= 1.00 | n_kendall=12 | std(means)/mean(stds)=  2.44 | std(means)=2.56e-02 | mean(stds)=1.05e-02
tau-population= 0.60
subset-idx-size=12
tau-archive=1.0
eval=1 | not-eval=5 | tau= 0.97 | n_kendall=12 | std(means)/mean(stds)=  0.55 | std(means)=2.17e-02 | mean(stds)=3.95e-02
tau-population= 0.07
subset-idx-size=12
tau-archive=1.0
eval=1 | not-eval=5 | tau= 1.00 | n_kendall=12 | std(means)/mean(stds)=  0.81 | std(means)=2.44e-02 | mean(stds)=3.01e-02
tau-population= 0.07
subset-idx-size=12
tau-archive=1.0
eval=1 | not-eval=5 | tau= 1.00 | n_kendall=12 | std(means)/mean(stds)=  1.29 | std(means)=2.27e-02 | mean(stds)=1.76e-02
tau-population= 0.20
subset-idx-size=12
tau-archive=1.0
eval=6 | not-eval=0 | tau= 0.24 | n_kendall=12 | std(means)/mean(stds)=  0.53 | std(means)=1.46e-02 | mean(stds)=2.76e-02
tau-population=-0.07
subset-idx-size=12
tau-archive=0.6363636363636364
eval=6 | not-eval=0 | tau=-0.20 | n_kendall=12 | std(means)/mean(stds)=  0.42 | std(means)=6.26e+00 | mean(stds)=1.49e+01
tau-population=-0.60
subset-idx-size=12
tau-archive=0.5636363636363636
eval=6 | not-eval=0 | tau= 0.11 | n_kendall=12 | std(means)/mean(stds)=  2.65 | std(means)=6.55e+00 | mean(stds)=2.47e+00
tau-population=-0.20
subset-idx-size=12
tau-archive=0.34545454545454546
eval=6 | not-eval=0 | tau= 0.42 | n_kendall=12 | std(means)/mean(stds)=  0.31 | std(means)=2.63e+00 | mean(stds)=8.50e+00
tau-population= 0.73
subset-idx-size=12
tau-archive=0.5272727272727272
eval=6 | not-eval=0 | tau= 0.16 | n_kendall=12 | std(means)/mean(stds)=  0.33 | std(means)=1.57e+00 | mean(stds)=4.82e+00
tau-population= 0.07
subset-idx-size=12
tau-archive=0.7090909090909091
eval=6 | not-eval=0 | tau= 0.56 | n_kendall=12 | std(means)/mean(stds)=  0.96 | std(means)=1.70e+00 | mean(stds)=1.76e+00
tau-population= 0.60
subset-idx-size=12
tau-archive=0.5272727272727272
eval=6 | not-eval=0 | tau= 0.20 | n_kendall=12 | std(means)/mean(stds)=  0.50 | std(means)=1.60e+00 | mean(stds)=3.23e+00
tau-population= 0.07
subset-idx-size=12
tau-archive=0.6727272727272727
eval=6 | not-eval=0 | tau= 0.02 | n_kendall=12 | std(means)/mean(stds)=  0.13 | std(means)=2.71e-01 | mean(stds)=2.14e+00
tau-population=-0.20
subset-idx-size=12
tau-archive=0.5272727272727272
eval=6 | not-eval=0 | tau= 0.29 | n_kendall=12 | std(means)/mean(stds)=  1.30 | std(means)=1.80e+00 | mean(stds)=1.39e+00
tau-population= 0.33
subset-idx-size=12
tau-archive=0.5636363636363636
eval=6 | not-eval=0 | tau= 0.11 | n_kendall=12 | std(means)/mean(stds)=  2.31 | std(means)=2.32e-01 | mean(stds)=1.01e-01
tau-population= 0.47
subset-idx-size=12
tau-archive=0.41818181818181815
eval=6 | not-eval=0 | tau= 0.20 | n_kendall=12 | std(means)/mean(stds)=  2.63 | std(means)=1.41e+00 | mean(stds)=5.36e-01
tau-population=-0.07
subset-idx-size=12
tau-archive=0.4909090909090909
eval=6 | not-eval=0 | tau=-0.33 | n_kendall=12 | std(means)/mean(stds)=  1.75 | std(means)=6.03e-01 | mean(stds)=3.43e-01
tau-population=-0.20
subset-idx-size=12
tau-archive=0.2
eval=6 | not-eval=0 | tau= 0.69 | n_kendall=12 | std(means)/mean(stds)=  2.90 | std(means)=4.31e-01 | mean(stds)=1.49e-01
tau-population= 0.47
subset-idx-size=12
tau-archive=0.8545454545454545
eval=6 | not-eval=0 | tau= 0.38 | n_kendall=12 | std(means)/mean(stds)=  0.96 | std(means)=1.13e-01 | mean(stds)=1.18e-01
tau-population= 0.07
subset-idx-size=12
tau-archive=0.7090909090909091
eval=6 | not-eval=0 | tau=-0.42 | n_kendall=12 | std(means)/mean(stds)=  0.58 | std(means)=3.34e-02 | mean(stds)=5.78e-02
tau-population=-1.00
subset-idx-size=12
tau-archive=0.9272727272727274
eval=1 | not-eval=5 | tau= 0.91 | n_kendall=12 | std(means)/mean(stds)=  2.19 | std(means)=8.05e-03 | mean(stds)=3.67e-03
tau-population=-0.33
subset-idx-size=12
tau-archive=0.8909090909090909
eval=1 | not-eval=5 | tau= 0.91 | n_kendall=12 | std(means)/mean(stds)=  0.77 | std(means)=4.18e-04 | mean(stds)=5.45e-04
tau-population= 1.00
subset-idx-size=12
tau-archive=0.9636363636363636
eval=1 | not-eval=5 | tau= 0.97 | n_kendall=12 | std(means)/mean(stds)=  1.44 | std(means)=5.69e-04 | mean(stds)=3.96e-04
tau-population= 0.73
subset-idx-size=12
tau-archive=1.0
eval=1 | not-eval=5 | tau= 0.97 | n_kendall=12 | std(means)/mean(stds)=  1.85 | std(means)=1.29e-03 | mean(stds)=6.99e-04
tau-population= 0.47
subset-idx-size=12
tau-archive=1.0
eval=6 | not-eval=0 | tau= 0.20 | n_kendall=12 | std(means)/mean(stds)=  1.52 | std(means)=1.26e-03 | mean(stds)=8.26e-04
tau-population=-0.20
subset-idx-size=12
tau-archive=0.2727272727272727
eval=6 | not-eval=0 | tau= 0.24 | n_kendall=12 | std(means)/mean(stds)=  0.49 | std(means)=3.25e-01 | mean(stds)=6.70e-01
tau-population=-0.07
subset-idx-size=12
tau-archive=-0.0909090909090909
eval=6 | not-eval=0 | tau= 0.29 | n_kendall=12 | std(means)/mean(stds)=  1.77 | std(means)=2.14e+00 | mean(stds)=1.21e+00
tau-population= 0.47
subset-idx-size=12
tau-archive=-0.05454545454545454
eval=6 | not-eval=0 | tau=-0.73 | n_kendall=12 | std(means)/mean(stds)=  2.74 | std(means)=3.60e-01 | mean(stds)=1.32e-01
tau-population=-0.87
subset-idx-size=12
tau-archive=-0.0909090909090909
eval=6 | not-eval=0 | tau=-0.56 | n_kendall=12 | std(means)/mean(stds)=  1.50 | std(means)=1.94e-01 | mean(stds)=1.30e-01
tau-population=-0.87
subset-idx-size=12
tau-archive=1.0
eval=1 | not-eval=5 | tau= 1.00 | n_kendall=12 | std(means)/mean(stds)=  1.10 | std(means)=2.72e-04 | mean(stds)=2.47e-04
tau-population= 0.33
subset-idx-size=12
tau-archive=0.9636363636363636
eval=6 | not-eval=0 | tau=-0.20 | n_kendall=12 | std(means)/mean(stds)=  0.64 | std(means)=2.35e-04 | mean(stds)=3.68e-04
tau-population=-0.33
subset-idx-size=12
tau-archive=0.6000000000000001
eval=6 | not-eval=0 | tau= 0.82 | n_kendall=12 | std(means)/mean(stds)=  4.53 | std(means)=5.07e-01 | mean(stds)=1.12e-01
tau-population= 0.60
subset-idx-size=12
tau-archive=0.8909090909090909
eval=6 | not-eval=0 | tau= 0.51 | n_kendall=12 | std(means)/mean(stds)=  2.12 | std(means)=1.41e-01 | mean(stds)=6.65e-02
tau-population= 0.47
subset-idx-size=12
tau-archive=0.7818181818181819
eval=6 | not-eval=0 | tau=-0.11 | n_kendall=12 | std(means)/mean(stds)=  1.03 | std(means)=6.08e-02 | mean(stds)=5.90e-02
tau-population=-0.20
subset-idx-size=12
tau-archive=0.7454545454545454
eval=6 | not-eval=0 | tau=-0.20 | n_kendall=12 | std(means)/mean(stds)=  0.56 | std(means)=5.33e-03 | mean(stds)=9.56e-03
tau-population=-0.33
subset-idx-size=12
tau-archive=0.5272727272727272
eval=6 | not-eval=0 | tau= 0.11 | n_kendall=12 | std(means)/mean(stds)=  3.03 | std(means)=6.13e-02 | mean(stds)=2.02e-02
tau-population= 0.20
subset-idx-size=12
tau-archive=0.6363636363636364
eval=6 | not-eval=0 | tau= 0.02 | n_kendall=12 | std(means)/mean(stds)=  0.76 | std(means)=1.65e-02 | mean(stds)=2.18e-02
tau-population=-0.07
subset-idx-size=12
tau-archive=0.0909090909090909
eval=6 | not-eval=0 | tau= 0.64 | n_kendall=12 | std(means)/mean(stds)=  2.31 | std(means)=1.01e-02 | mean(stds)=4.40e-03
tau-population= 0.60
subset-idx-size=12
tau-archive=0.6363636363636364
eval=6 | not-eval=0 | tau= 0.78 | n_kendall=12 | std(means)/mean(stds)=  1.70 | std(means)=4.61e-03 | mean(stds)=2.71e-03
tau-population= 0.73
subset-idx-size=12
tau-archive=0.7818181818181819
eval=6 | not-eval=0 | tau=-0.02 | n_kendall=12 | std(means)/mean(stds)=  0.57 | std(means)=7.46e-04 | mean(stds)=1.30e-03
tau-population=-0.07
subset-idx-size=12
tau-archive=0.8181818181818182
eval=6 | not-eval=0 | tau=-0.02 | n_kendall=12 | std(means)/mean(stds)=  1.22 | std(means)=8.20e-05 | mean(stds)=6.73e-05
tau-population=-0.20
subset-idx-size=12
tau-archive=0.7454545454545454
eval=6 | not-eval=0 | tau=-0.24 | n_kendall=12 | std(means)/mean(stds)=  4.21 | std(means)=2.92e-04 | mean(stds)=6.95e-05
tau-population=-0.73
subset-idx-size=12
tau-archive=0.7090909090909091
eval=6 | not-eval=0 | tau=-0.24 | n_kendall=12 | std(means)/mean(stds)=  1.63 | std(means)=1.77e-04 | mean(stds)=1.09e-04
tau-population=-0.33
subset-idx-size=12
tau-archive=1.0
eval=6 | not-eval=0 | tau= 0.33 | n_kendall=12 | std(means)/mean(stds)=  2.24 | std(means)=5.89e-06 | mean(stds)=2.63e-06
tau-population=-1.00
subset-idx-size=12
tau-archive=0.7454545454545454
eval=6 | not-eval=0 | tau= 0.82 | n_kendall=12 | std(means)/mean(stds)=  2.18 | std(means)=2.74e-04 | mean(stds)=1.26e-04
tau-population=  nan
subset-idx-size=12
tau-archive=0.6000000000000001
eval=6 | not-eval=0 | tau=-0.11 | n_kendall=12 | std(means)/mean(stds)=  2.07 | std(means)=3.73e-04 | mean(stds)=1.80e-04
tau-population=  nan
subset-idx-size=12
tau-archive=0.6000000000000001
eval=6 | not-eval=0 | tau= 0.02 | n_kendall=12 | std(means)/mean(stds)=  0.65 | std(means)=2.42e-04 | mean(stds)=3.74e-04
tau-population=  nan
subset-idx-size=12
tau-archive=0.8181818181818182
eval=6 | not-eval=0 | tau= 0.24 | n_kendall=12 | std(means)/mean(stds)=  0.86 | std(means)=2.49e-05 | mean(stds)=2.89e-05
tau-population=  nan
subset-idx-size=12
tau-archive=0.23636363636363636
eval=6 | not-eval=0 | tau= 0.78 | n_kendall=12 | std(means)/mean(stds)=  3.57 | std(means)=2.34e-03 | mean(stds)=6.57e-04
tau-population=  nan
subset-idx-size=12
tau-archive=0.41818181818181815
eval=6 | not-eval=0 | tau=-0.02 | n_kendall=12 | std(means)/mean(stds)=  1.00 | std(means)=2.60e-04 | mean(stds)=2.60e-04
tau-population=  nan
subset-idx-size=12
tau-archive=0.2727272727272727
eval=6 | not-eval=0 | tau= 0.02 | n_kendall=12 | std(means)/mean(stds)=  1.62 | std(means)=1.37e-03 | mean(stds)=8.42e-04
tau-population=  nan
subset-idx-size=12
tau-archive=0.5272727272727272
eval=6 | not-eval=0 | tau= 0.07 | n_kendall=12 | std(means)/mean(stds)=  1.86 | std(means)=2.43e-04 | mean(stds)=1.31e-04
tau-population=  nan
subset-idx-size=12
tau-archive=0.38181818181818183
eval=6 | not-eval=0 | tau=-0.02 | n_kendall=12 | std(means)/mean(stds)=  2.07 | std(means)=5.13e-04 | mean(stds)=2.48e-04
tau-population=  nan
subset-idx-size=12
tau-archive=0.05454545454545454
eval=6 | not-eval=0 | tau=-0.24 | n_kendall=12 | std(means)/mean(stds)=  0.76 | std(means)=3.31e-05 | mean(stds)=4.38e-05
tau-population=  nan
subset-idx-size=12
tau-archive=0.5636363636363636
eval=6 | not-eval=0 | tau=-0.51 | n_kendall=12 | std(means)/mean(stds)=  0.62 | std(means)=7.45e-06 | mean(stds)=1.20e-05
tau-population=  nan
subset-idx-size=12
tau-archive=0.9636363636363636
eval=6 | not-eval=0 | tau=-0.11 | n_kendall=12 | std(means)/mean(stds)=  1.81 | std(means)=2.74e-07 | mean(stds)=1.51e-07
tau-population=  nan
subset-idx-size=12
tau-archive=0.9636363636363636
eval=6 | not-eval=0 | tau= 0.24 | n_kendall=12 | std(means)/mean(stds)=  0.55 | std(means)=6.45e-08 | mean(stds)=1.17e-07
tau-population=  nan
subset-idx-size=12
tau-archive=0.4909090909090909
eval=6 | not-eval=0 | tau= 0.76 | n_kendall=12 | std(means)/mean(stds)=  0.58 | std(means)=4.83e-06 | mean(stds)=8.32e-06
tau-population=  nan
 2D  6-fun   1-inst  500-budget False-solved 500-evals  588-cma-evals  462s 0-restarts  6-init-pop (Surrogate(model=Raf(data_noise=0.01), subset=LastN), EvaluateUntilKendallThreshold(mean_criterion, tau_threshold=0.85, offset=True), n_min_fn=get_dim) 3.0e-07-delta-f          1-seed
