(3_w,6)-aCMA-ES (mu_w=2.0,w_1=63%) in dimension 2 (seed=1, Thu Apr 18 19:02:33 2024)
eval=1 | not-eval=5 | tau= 1.00 | n_kendall= 7 | std(means)/mean(stds)=  1.29 | std(means)=1.21e+05 | mean(stds)=9.35e+04
tau-population= 0.87
eval=6 | not-eval=0 | tau= 0.55 | n_kendall=12 | std(means)/mean(stds)=  0.22 | std(means)=3.06e+04 | mean(stds)=1.40e+05
tau-population= 0.87
eval=6 | not-eval=0 | tau= 0.27 | n_kendall=12 | std(means)/mean(stds)=  1.25 | std(means)=1.08e+05 | mean(stds)=8.62e+04
tau-population= 0.47
eval=6 | not-eval=0 | tau= 0.12 | n_kendall=12 | std(means)/mean(stds)=  0.40 | std(means)=1.02e+04 | mean(stds)=2.56e+04
tau-population=-0.73
eval=6 | not-eval=0 | tau= 0.09 | n_kendall=12 | std(means)/mean(stds)=  0.61 | std(means)=2.44e+04 | mean(stds)=4.02e+04
tau-population= 0.47
eval=6 | not-eval=0 | tau=-0.09 | n_kendall=12 | std(means)/mean(stds)=  0.30 | std(means)=7.97e+03 | mean(stds)=2.68e+04
tau-population=-0.47
eval=6 | not-eval=0 | tau= 0.09 | n_kendall=12 | std(means)/mean(stds)=  0.58 | std(means)=2.33e+04 | mean(stds)=4.03e+04
tau-population= 0.20
eval=6 | not-eval=0 | tau= 0.42 | n_kendall=12 | std(means)/mean(stds)=  0.20 | std(means)=2.12e+03 | mean(stds)=1.08e+04
tau-population= 0.20
eval=6 | not-eval=0 | tau=-0.42 | n_kendall=12 | std(means)/mean(stds)=  0.41 | std(means)=1.80e+03 | mean(stds)=4.39e+03
tau-population=-0.47
eval=6 | not-eval=0 | tau= 0.36 | n_kendall=12 | std(means)/mean(stds)=  2.92 | std(means)=6.54e+03 | mean(stds)=2.24e+03
tau-population= 0.73
eval=6 | not-eval=0 | tau= 0.55 | n_kendall=12 | std(means)/mean(stds)=  0.98 | std(means)=5.78e+02 | mean(stds)=5.92e+02
tau-population= 0.33
eval=6 | not-eval=0 | tau=-0.06 | n_kendall=12 | std(means)/mean(stds)=  1.41 | std(means)=1.16e+03 | mean(stds)=8.24e+02
tau-population=-0.07
eval=6 | not-eval=0 | tau= 0.55 | n_kendall=12 | std(means)/mean(stds)=  1.41 | std(means)=1.34e+03 | mean(stds)=9.47e+02
tau-population= 1.00
eval=6 | not-eval=0 | tau= 0.70 | n_kendall=12 | std(means)/mean(stds)=  2.72 | std(means)=1.60e+03 | mean(stds)=5.88e+02
tau-population= 0.87
eval=6 | not-eval=0 | tau= 0.42 | n_kendall=12 | std(means)/mean(stds)=  0.78 | std(means)=3.31e+02 | mean(stds)=4.26e+02
tau-population=-0.20
eval=6 | not-eval=0 | tau= 0.73 | n_kendall=12 | std(means)/mean(stds)=  1.53 | std(means)=8.11e+02 | mean(stds)=5.30e+02
tau-population= 0.87
eval=6 | not-eval=0 | tau= 0.85 | n_kendall=12 | std(means)/mean(stds)=  1.62 | std(means)=1.40e+02 | mean(stds)=8.62e+01
tau-population= 0.60
eval=1 | not-eval=5 | tau= 0.91 | n_kendall=12 | std(means)/mean(stds)=  1.20 | std(means)=1.83e+02 | mean(stds)=1.52e+02
tau-population= 1.00
eval=6 | not-eval=0 | tau= 0.21 | n_kendall=12 | std(means)/mean(stds)=  0.64 | std(means)=9.41e+01 | mean(stds)=1.47e+02
tau-population=-0.07
eval=6 | not-eval=0 | tau= 0.64 | n_kendall=12 | std(means)/mean(stds)=  0.52 | std(means)=3.23e+01 | mean(stds)=6.17e+01
tau-population= 0.73
eval=6 | not-eval=0 | tau= 0.45 | n_kendall=12 | std(means)/mean(stds)=  1.40 | std(means)=2.28e+02 | mean(stds)=1.63e+02
tau-population= 0.33
eval=6 | not-eval=0 | tau= 0.67 | n_kendall=12 | std(means)/mean(stds)=  0.98 | std(means)=4.87e+01 | mean(stds)=4.96e+01
tau-population= 0.60
eval=6 | not-eval=0 | tau= 0.48 | n_kendall=12 | std(means)/mean(stds)=  0.44 | std(means)=2.55e+01 | mean(stds)=5.84e+01
tau-population= 0.20
eval=6 | not-eval=0 | tau= 0.24 | n_kendall=12 | std(means)/mean(stds)=  0.24 | std(means)=9.24e+00 | mean(stds)=3.77e+01
tau-population= 0.20
eval=6 | not-eval=0 | tau= 0.33 | n_kendall=12 | std(means)/mean(stds)=  0.39 | std(means)=7.54e+00 | mean(stds)=1.91e+01
tau-population= 0.07
eval=6 | not-eval=0 | tau= 0.45 | n_kendall=12 | std(means)/mean(stds)=  1.55 | std(means)=2.20e+01 | mean(stds)=1.42e+01
tau-population= 0.33
eval=6 | not-eval=0 | tau= 0.42 | n_kendall=12 | std(means)/mean(stds)=  0.64 | std(means)=2.70e+00 | mean(stds)=4.21e+00
tau-population= 0.07
eval=6 | not-eval=0 | tau= 0.21 | n_kendall=12 | std(means)/mean(stds)=  1.70 | std(means)=9.97e-01 | mean(stds)=5.88e-01
tau-population= 0.20
eval=6 | not-eval=0 | tau= 0.18 | n_kendall=12 | std(means)/mean(stds)=  0.54 | std(means)=2.65e+00 | mean(stds)=4.90e+00
tau-population= 0.33
eval=6 | not-eval=0 | tau= 0.61 | n_kendall=12 | std(means)/mean(stds)=  1.34 | std(means)=6.98e+00 | mean(stds)=5.22e+00
tau-population= 0.60
eval=6 | not-eval=0 | tau= 0.42 | n_kendall=12 | std(means)/mean(stds)=  0.62 | std(means)=3.24e+00 | mean(stds)=5.26e+00
tau-population= 0.33
eval=6 | not-eval=0 | tau= 0.61 | n_kendall=12 | std(means)/mean(stds)=  4.21 | std(means)=2.24e+00 | mean(stds)=5.32e-01
tau-population= 0.47
eval=6 | not-eval=0 | tau= 0.73 | n_kendall=12 | std(means)/mean(stds)=  6.08 | std(means)=5.88e+00 | mean(stds)=9.67e-01
tau-population= 1.00
eval=6 | not-eval=0 | tau= 0.79 | n_kendall=12 | std(means)/mean(stds)=  8.67 | std(means)=5.20e+00 | mean(stds)=6.00e-01
tau-population= 1.00
eval=6 | not-eval=0 | tau= 0.70 | n_kendall=12 | std(means)/mean(stds)=  1.10 | std(means)=7.33e-01 | mean(stds)=6.65e-01
tau-population= 0.87
eval=6 | not-eval=0 | tau= 0.88 | n_kendall=12 | std(means)/mean(stds)=  4.27 | std(means)=5.87e+00 | mean(stds)=1.37e+00
tau-population= 1.00
eval=5 | not-eval=1 | tau= 0.91 | n_kendall=12 | std(means)/mean(stds)=  3.26 | std(means)=2.43e+00 | mean(stds)=7.47e-01
tau-population= 1.00
eval=1 | not-eval=5 | tau= 0.88 | n_kendall=12 | std(means)/mean(stds)=  2.68 | std(means)=1.24e+00 | mean(stds)=4.63e-01
tau-population= 0.60
eval=6 | not-eval=0 | tau= 0.39 | n_kendall=12 | std(means)/mean(stds)=  0.80 | std(means)=1.55e-01 | mean(stds)=1.93e-01
tau-population=-0.07
eval=6 | not-eval=0 | tau= 0.12 | n_kendall=12 | std(means)/mean(stds)=  2.87 | std(means)=2.00e+00 | mean(stds)=6.98e-01
tau-population= 0.73
eval=6 | not-eval=0 | tau= 0.55 | n_kendall=12 | std(means)/mean(stds)=  0.65 | std(means)=3.13e-01 | mean(stds)=4.81e-01
tau-population= 0.73
eval=6 | not-eval=0 | tau= 0.58 | n_kendall=12 | std(means)/mean(stds)=  0.64 | std(means)=1.16e-01 | mean(stds)=1.80e-01
tau-population= 0.73
eval=6 | not-eval=0 | tau= 0.70 | n_kendall=12 | std(means)/mean(stds)=  4.12 | std(means)=1.66e+00 | mean(stds)=4.02e-01
tau-population= 0.73
eval=1 | not-eval=5 | tau= 0.88 | n_kendall=12 | std(means)/mean(stds)=  2.47 | std(means)=7.30e-01 | mean(stds)=2.96e-01
tau-population= 0.73
eval=1 | not-eval=5 | tau= 0.97 | n_kendall=12 | std(means)/mean(stds)=  1.33 | std(means)=7.34e-02 | mean(stds)=5.53e-02
tau-population= 0.87
eval=6 | not-eval=0 | tau= 0.58 | n_kendall=12 | std(means)/mean(stds)=  0.57 | std(means)=3.73e-02 | mean(stds)=6.50e-02
tau-population= 0.07
eval=6 | not-eval=0 | tau= 0.18 | n_kendall=12 | std(means)/mean(stds)=  3.84 | std(means)=1.98e+00 | mean(stds)=5.16e-01
tau-population= 0.60
eval=6 | not-eval=0 | tau= 0.73 | n_kendall=12 | std(means)/mean(stds)=  2.52 | std(means)=3.23e-01 | mean(stds)=1.28e-01
tau-population= 0.73
eval=6 | not-eval=0 | tau= 0.70 | n_kendall=12 | std(means)/mean(stds)=  1.83 | std(means)=2.65e-01 | mean(stds)=1.45e-01
tau-population= 1.00
eval=6 | not-eval=0 | tau= 0.67 | n_kendall=12 | std(means)/mean(stds)=  0.52 | std(means)=1.04e-02 | mean(stds)=2.00e-02
tau-population= 0.47
eval=6 | not-eval=0 | tau= 0.03 | n_kendall=12 | std(means)/mean(stds)=  0.59 | std(means)=2.50e-02 | mean(stds)=4.23e-02
tau-population= 0.33
eval=6 | not-eval=0 | tau= 0.48 | n_kendall=12 | std(means)/mean(stds)=  1.49 | std(means)=5.82e-02 | mean(stds)=3.91e-02
tau-population= 0.60
eval=6 | not-eval=0 | tau= 0.12 | n_kendall=12 | std(means)/mean(stds)=  0.22 | std(means)=4.09e-03 | mean(stds)=1.85e-02
tau-population=-0.20
eval=6 | not-eval=0 | tau= 0.64 | n_kendall=12 | std(means)/mean(stds)=  2.26 | std(means)=6.41e-02 | mean(stds)=2.84e-02
tau-population= 1.00
eval=6 | not-eval=0 | tau= 0.48 | n_kendall=12 | std(means)/mean(stds)=  0.96 | std(means)=1.40e-02 | mean(stds)=1.47e-02
tau-population= 0.07
eval=6 | not-eval=0 | tau= 0.06 | n_kendall=12 | std(means)/mean(stds)=  1.24 | std(means)=4.74e-02 | mean(stds)=3.83e-02
tau-population= 0.73
eval=6 | not-eval=0 | tau= 0.52 | n_kendall=12 | std(means)/mean(stds)=  0.84 | std(means)=1.05e-02 | mean(stds)=1.25e-02
tau-population= 0.47
eval=6 | not-eval=0 | tau= 0.36 | n_kendall=12 | std(means)/mean(stds)=  0.91 | std(means)=3.68e-02 | mean(stds)=4.06e-02
tau-population= 0.73
eval=6 | not-eval=0 | tau= 0.64 | n_kendall=12 | std(means)/mean(stds)=  0.73 | std(means)=3.48e-03 | mean(stds)=4.76e-03
tau-population= 0.47
eval=6 | not-eval=0 | tau= 0.21 | n_kendall=12 | std(means)/mean(stds)=  0.51 | std(means)=1.62e-03 | mean(stds)=3.20e-03
tau-population= 0.33
eval=6 | not-eval=0 | tau=-0.03 | n_kendall=12 | std(means)/mean(stds)=  0.86 | std(means)=1.49e-03 | mean(stds)=1.74e-03
tau-population=-0.33
eval=6 | not-eval=0 | tau=-0.06 | n_kendall=12 | std(means)/mean(stds)=  0.49 | std(means)=4.68e-03 | mean(stds)=9.59e-03
tau-population=-0.07
eval=6 | not-eval=0 | tau= 0.55 | n_kendall=12 | std(means)/mean(stds)=  3.73 | std(means)=5.53e-02 | mean(stds)=1.48e-02
tau-population= 0.73
eval=6 | not-eval=0 | tau= 0.61 | n_kendall=12 | std(means)/mean(stds)=  3.55 | std(means)=1.61e-02 | mean(stds)=4.54e-03
tau-population= 1.00
eval=6 | not-eval=0 | tau= 0.27 | n_kendall=12 | std(means)/mean(stds)=  0.84 | std(means)=1.30e-03 | mean(stds)=1.54e-03
tau-population= 0.20
eval=6 | not-eval=0 | tau= 0.39 | n_kendall=12 | std(means)/mean(stds)=  3.16 | std(means)=4.62e-03 | mean(stds)=1.46e-03
tau-population= 0.47
eval=6 | not-eval=0 | tau= 0.33 | n_kendall=12 | std(means)/mean(stds)=  1.08 | std(means)=3.09e-03 | mean(stds)=2.88e-03
tau-population= 0.60
eval=6 | not-eval=0 | tau= 0.64 | n_kendall=12 | std(means)/mean(stds)=  0.38 | std(means)=4.68e-04 | mean(stds)=1.23e-03
tau-population= 0.60
eval=6 | not-eval=0 | tau= 0.48 | n_kendall=12 | std(means)/mean(stds)=  0.81 | std(means)=5.88e-04 | mean(stds)=7.22e-04
tau-population= 0.60
eval=6 | not-eval=0 | tau= 0.21 | n_kendall=12 | std(means)/mean(stds)= 10.05 | std(means)=6.86e-03 | mean(stds)=6.82e-04
tau-population= 0.47
eval=6 | not-eval=0 | tau= 0.48 | n_kendall=12 | std(means)/mean(stds)=  1.06 | std(means)=7.89e-04 | mean(stds)=7.45e-04
tau-population= 0.47
eval=6 | not-eval=0 | tau= 0.39 | n_kendall=12 | std(means)/mean(stds)=  0.99 | std(means)=7.89e-04 | mean(stds)=8.01e-04
tau-population= 0.33
eval=6 | not-eval=0 | tau= 0.42 | n_kendall=12 | std(means)/mean(stds)=  0.64 | std(means)=5.34e-04 | mean(stds)=8.30e-04
tau-population= 0.60
eval=6 | not-eval=0 | tau= 0.30 | n_kendall=12 | std(means)/mean(stds)=  0.31 | std(means)=9.46e-05 | mean(stds)=3.10e-04
tau-population= 0.20
eval=6 | not-eval=0 | tau=-0.18 | n_kendall=12 | std(means)/mean(stds)=  0.67 | std(means)=8.65e-04 | mean(stds)=1.29e-03
tau-population= 0.20
eval=6 | not-eval=0 | tau= 0.48 | n_kendall=12 | std(means)/mean(stds)=  2.22 | std(means)=4.59e-04 | mean(stds)=2.07e-04
tau-population= 0.73
eval=6 | not-eval=0 | tau= 0.61 | n_kendall=12 | std(means)/mean(stds)=  5.63 | std(means)=3.52e-04 | mean(stds)=6.25e-05
tau-population= 0.33
eval=6 | not-eval=0 | tau= 0.33 | n_kendall=12 | std(means)/mean(stds)=  2.83 | std(means)=2.14e-04 | mean(stds)=7.57e-05
tau-population= 0.33
eval=6 | not-eval=0 | tau= 0.24 | n_kendall=12 | std(means)/mean(stds)=  0.74 | std(means)=6.67e-05 | mean(stds)=9.07e-05
tau-population= 0.07
eval=6 | not-eval=0 | tau=-0.18 | n_kendall=12 | std(means)/mean(stds)=  0.77 | std(means)=3.98e-05 | mean(stds)=5.17e-05
tau-population= 0.07
eval=6 | not-eval=0 | tau= 0.36 | n_kendall=12 | std(means)/mean(stds)=  1.20 | std(means)=7.51e-05 | mean(stds)=6.27e-05
tau-population= 0.60
eval=6 | not-eval=0 | tau= 0.03 | n_kendall=12 | std(means)/mean(stds)=  0.23 | std(means)=9.28e-06 | mean(stds)=4.11e-05
tau-population= 0.33
eval=4 | not-eval=2 | tau=-0.24 | n_kendall=12 | std(means)/mean(stds)=  0.24 | std(means)=5.94e-06 | mean(stds)=2.48e-05
tau-population=  nan
 2D  6-fun   1-inst  500-budget  True-solved 476-evals  498-cma-evals  501s 0-restarts  6-init-pop (Surrogate(model=Raf(data_noise=0.01), subset=ClosestToEachTestPoint(Mahalanobis, n_max_coef=20), sns=shift_and_scale_x_by_es_y_by_train), EvaluateUntilKendallThreshold(mean_criterion, tau_threshold=0.85, offset=True), n_min_fn=get_dim) 7.3e-09-delta-f          1-seed
