(3_w,6)-aCMA-ES (mu_w=2.0,w_1=63%) in dimension 2 (seed=1, Sat Apr 20 23:09:03 2024)
subset-max-norm=0.813101423315702 | norm-max=12.13941703508117
subset-idx-size=6
tau-train-ens=0.9999999999999999
tau-archive=0.9999999999999999
eval=1 | not-eval=5 | tau= 1.00 | n_kendall= 7 | std(means)/mean(stds)=  3.80 | std(means)=1.90e+05 | mean(stds)=5.00e+04
tau-population= 0.60
subset-max-norm=1.5226906446847963 | norm-max=12.13941703508117
subset-idx-size=7
tau-train-ens=1.0
tau-archive=0.9999999999999999
eval=1 | not-eval=5 | tau= 0.93 | n_kendall= 8 | std(means)/mean(stds)=  0.31 | std(means)=2.32e+04 | mean(stds)=7.47e+04
tau-population= 0.73
subset-max-norm=1.0420179307939448 | norm-max=12.13941703508117
subset-idx-size=8
tau-train-ens=0.9999999999999998
tau-archive=1.0
eval=1 | not-eval=5 | tau= 0.89 | n_kendall= 9 | std(means)/mean(stds)=  2.88 | std(means)=1.38e+05 | mean(stds)=4.78e+04
tau-population= 0.47
subset-max-norm=1.9449777423208967 | norm-max=12.13941703508117
subset-idx-size=9
tau-train-ens=1.0
tau-archive=0.9999999999999998
eval=1 | not-eval=5 | tau= 1.00 | n_kendall=10 | std(means)/mean(stds)=  1.19 | std(means)=2.84e+04 | mean(stds)=2.38e+04
tau-population= 0.87
subset-max-norm=2.128131011221187 | norm-max=12.13941703508117
subset-idx-size=10
tau-train-ens=0.9555555555555554
tau-archive=0.9444444444444445
eval=1 | not-eval=5 | tau= 0.85 | n_kendall=11 | std(means)/mean(stds)=  1.78 | std(means)=5.13e+04 | mean(stds)=2.88e+04
tau-population= 0.60
subset-max-norm=4.276046060680374 | norm-max=12.13941703508117
subset-idx-size=11
tau-train-ens=0.8909090909090909
tau-archive=0.8666666666666666
eval=6 | not-eval=0 | tau=-0.02 | n_kendall=12 | std(means)/mean(stds)=  0.37 | std(means)=3.48e+03 | mean(stds)=9.48e+03
tau-population=-0.33
subset-max-norm=3.9124893423216864 | norm-max=12.13941703508117
subset-idx-size=17
tau-train-ens=0.1272727272727273
tau-archive=0.1272727272727273
eval=6 | not-eval=0 | tau= 0.16 | n_kendall=12 | std(means)/mean(stds)=  2.03 | std(means)=9.33e+03 | mean(stds)=4.60e+03
tau-population=-0.07
subset-max-norm=5.831647227842957 | norm-max=12.13941703508117
subset-idx-size=23
tau-train-ens=0.6000000000000001
tau-archive=0.6000000000000001
eval=6 | not-eval=0 | tau= 0.78 | n_kendall=12 | std(means)/mean(stds)=  2.85 | std(means)=5.98e+03 | mean(stds)=2.10e+03
tau-population= 0.87
subset-max-norm=6.348817976884931 | norm-max=12.13941703508117
subset-idx-size=29
tau-train-ens=0.7818181818181819
tau-archive=0.7818181818181819
eval=6 | not-eval=0 | tau= 0.11 | n_kendall=12 | std(means)/mean(stds)=  0.70 | std(means)=9.65e+02 | mean(stds)=1.38e+03
tau-population=-0.20
subset-max-norm=5.858408924112607 | norm-max=12.13941703508117
subset-idx-size=35
tau-train-ens=0.45454545454545453
tau-archive=0.45454545454545453
eval=6 | not-eval=0 | tau= 0.51 | n_kendall=12 | std(means)/mean(stds)=  5.06 | std(means)=2.73e+04 | mean(stds)=5.38e+03
tau-population= 0.60
subset-max-norm=5.618278906594058 | norm-max=12.13941703508117
subset-idx-size=40
tau-train-ens=0.5636363636363636
tau-archive=0.5636363636363636
eval=6 | not-eval=0 | tau=-0.11 | n_kendall=12 | std(means)/mean(stds)=  1.77 | std(means)=1.62e+03 | mean(stds)=9.19e+02
tau-population=-0.60
subset-max-norm=4.626325901679797 | norm-max=12.13941703508117
subset-idx-size=40
tau-train-ens=0.41818181818181815
tau-archive=0.41818181818181815
eval=6 | not-eval=0 | tau= 0.64 | n_kendall=12 | std(means)/mean(stds)= 24.02 | std(means)=1.93e+04 | mean(stds)=8.04e+02
tau-population= 0.73
subset-max-norm=3.7072593630025925 | norm-max=12.13941703508117
subset-idx-size=40
tau-train-ens=0.7454545454545454
tau-archive=0.7454545454545454
eval=5 | not-eval=1 | tau= 0.88 | n_kendall=12 | std(means)/mean(stds)=  3.04 | std(means)=5.38e+02 | mean(stds)=1.77e+02
tau-population= 0.73
subset-max-norm=5.240280851428168 | norm-max=12.13941703508117
subset-idx-size=40
tau-train-ens=0.8181818181818182
tau-archive=0.8181818181818182
eval=6 | not-eval=0 | tau= 0.82 | n_kendall=12 | std(means)/mean(stds)= 10.43 | std(means)=2.05e+04 | mean(stds)=1.96e+03
tau-population= 1.00
subset-max-norm=3.837159048345766 | norm-max=12.13941703508117
subset-idx-size=40
tau-train-ens=0.41818181818181815
tau-archive=0.4909090909090909
eval=6 | not-eval=0 | tau= 0.64 | n_kendall=12 | std(means)/mean(stds)=  4.41 | std(means)=3.06e+02 | mean(stds)=6.94e+01
tau-population= 0.60
subset-max-norm=3.285970663713981 | norm-max=12.13941703508117
subset-idx-size=40
tau-train-ens=0.45454545454545453
tau-archive=0.5636363636363636
eval=6 | not-eval=0 | tau= 0.87 | n_kendall=12 | std(means)/mean(stds)= 21.97 | std(means)=5.80e+03 | mean(stds)=2.64e+02
tau-population= 1.00
subset-max-norm=2.742580434416565 | norm-max=12.13941703508117
subset-idx-size=40
tau-train-ens=0.5272727272727272
tau-archive=0.5272727272727272
eval=6 | not-eval=0 | tau= 0.47 | n_kendall=12 | std(means)/mean(stds)=  3.04 | std(means)=3.75e+02 | mean(stds)=1.23e+02
tau-population= 0.33
subset-max-norm=3.125450169952678 | norm-max=12.13941703508117
subset-idx-size=40
tau-train-ens=0.8909090909090909
tau-archive=0.7454545454545454
eval=6 | not-eval=0 | tau= 0.64 | n_kendall=12 | std(means)/mean(stds)=  5.36 | std(means)=6.04e+02 | mean(stds)=1.13e+02
tau-population= 1.00
subset-max-norm=2.688669084658083 | norm-max=12.13941703508117
subset-idx-size=40
tau-train-ens=0.9636363636363636
tau-archive=0.9272727272727274
eval=6 | not-eval=0 | tau=-0.16 | n_kendall=12 | std(means)/mean(stds)=  0.63 | std(means)=2.35e+01 | mean(stds)=3.70e+01
tau-population=-0.47
subset-max-norm=2.5508839470431566 | norm-max=12.13941703508117
subset-idx-size=40
tau-train-ens=0.4909090909090909
tau-archive=0.4909090909090909
eval=6 | not-eval=0 | tau= 0.47 | n_kendall=12 | std(means)/mean(stds)=  2.25 | std(means)=9.95e+01 | mean(stds)=4.42e+01
tau-population= 0.73
subset-max-norm=3.8601158649093534 | norm-max=12.13941703508117
subset-idx-size=40
tau-train-ens=0.38181818181818183
tau-archive=0.41818181818181815
eval=6 | not-eval=0 | tau= 0.78 | n_kendall=12 | std(means)/mean(stds)=  3.98 | std(means)=4.06e+02 | mean(stds)=1.02e+02
tau-population= 0.87
subset-max-norm=2.845884991705341 | norm-max=12.13941703508117
subset-idx-size=40
tau-train-ens=0.4909090909090909
tau-archive=0.45454545454545453
eval=6 | not-eval=0 | tau=-0.20 | n_kendall=12 | std(means)/mean(stds)=  1.35 | std(means)=5.29e+01 | mean(stds)=3.90e+01
tau-population=-0.60
subset-max-norm=3.2020727862974323 | norm-max=12.13941703508117
subset-idx-size=40
tau-train-ens=0.5272727272727272
tau-archive=0.5272727272727272
eval=6 | not-eval=0 | tau= 0.78 | n_kendall=12 | std(means)/mean(stds)=  2.16 | std(means)=6.20e+02 | mean(stds)=2.87e+02
tau-population= 0.87
subset-max-norm=2.564553868747261 | norm-max=12.13941703508117
subset-idx-size=40
tau-train-ens=0.34545454545454546
tau-archive=0.34545454545454546
eval=6 | not-eval=0 | tau= 0.64 | n_kendall=12 | std(means)/mean(stds)=  7.20 | std(means)=2.82e+02 | mean(stds)=3.91e+01
tau-population= 1.00
subset-max-norm=2.4929493510271077 | norm-max=12.13941703508117
subset-idx-size=40
tau-train-ens=0.7454545454545454
tau-archive=0.7454545454545454
eval=6 | not-eval=0 | tau= 0.69 | n_kendall=12 | std(means)/mean(stds)=  8.91 | std(means)=2.27e+02 | mean(stds)=2.55e+01
tau-population= 1.00
subset-max-norm=3.479214828735145 | norm-max=12.13941703508117
subset-idx-size=40
tau-train-ens=0.45454545454545453
tau-archive=0.5272727272727272
eval=6 | not-eval=0 | tau= 0.42 | n_kendall=12 | std(means)/mean(stds)= 10.27 | std(means)=3.99e+02 | mean(stds)=3.89e+01
tau-population= 0.20
subset-max-norm=2.2045400098933596 | norm-max=12.13941703508117
subset-idx-size=40
tau-train-ens=0.5636363636363636
tau-archive=0.5636363636363636
eval=6 | not-eval=0 | tau= 0.82 | n_kendall=12 | std(means)/mean(stds)=  5.24 | std(means)=5.68e+01 | mean(stds)=1.08e+01
tau-population= 1.00
subset-max-norm=2.151980518259261 | norm-max=12.13941703508117
subset-idx-size=40
tau-train-ens=0.7818181818181819
tau-archive=0.7454545454545454
eval=6 | not-eval=0 | tau= 0.78 | n_kendall=12 | std(means)/mean(stds)=  1.93 | std(means)=4.08e+01 | mean(stds)=2.12e+01
tau-population= 0.87
subset-max-norm=2.6815866823546424 | norm-max=12.13941703508117
subset-idx-size=40
tau-train-ens=0.7454545454545454
tau-archive=0.34545454545454546
eval=6 | not-eval=0 | tau= 0.29 | n_kendall=12 | std(means)/mean(stds)=  1.43 | std(means)=1.18e+01 | mean(stds)=8.24e+00
tau-population= 0.47
subset-max-norm=3.2236769714895495 | norm-max=12.13941703508117
subset-idx-size=40
tau-train-ens=0.6727272727272727
tau-archive=0.1272727272727273
eval=6 | not-eval=0 | tau= 0.38 | n_kendall=12 | std(means)/mean(stds)=  1.21 | std(means)=5.74e+00 | mean(stds)=4.75e+00
tau-population= 0.60
subset-max-norm=3.4745834798598545 | norm-max=12.13941703508117
subset-idx-size=40
tau-train-ens=0.41818181818181815
tau-archive=0.41818181818181815
eval=6 | not-eval=0 | tau= 0.51 | n_kendall=12 | std(means)/mean(stds)=  2.86 | std(means)=1.16e+01 | mean(stds)=4.07e+00
tau-population= 0.60
subset-max-norm=4.22261038586078 | norm-max=12.13941703508117
subset-idx-size=40
tau-train-ens=0.7454545454545454
tau-archive=0.45454545454545453
eval=6 | not-eval=0 | tau= 0.42 | n_kendall=12 | std(means)/mean(stds)= 16.89 | std(means)=2.50e+01 | mean(stds)=1.48e+00
tau-population= 0.47
subset-max-norm=4.363631459294032 | norm-max=12.13941703508117
subset-idx-size=40
tau-train-ens=0.3090909090909091
tau-archive=0.3090909090909091
eval=6 | not-eval=0 | tau= 0.78 | n_kendall=12 | std(means)/mean(stds)= 15.29 | std(means)=7.23e+01 | mean(stds)=4.73e+00
tau-population= 1.00
subset-max-norm=2.799872741470487 | norm-max=12.13941703508117
subset-idx-size=40
tau-train-ens=0.6000000000000001
tau-archive=0.6000000000000001
eval=6 | not-eval=0 | tau= 0.56 | n_kendall=12 | std(means)/mean(stds)= 24.04 | std(means)=2.83e+01 | mean(stds)=1.18e+00
tau-population= 0.60
subset-max-norm=3.1184773127091967 | norm-max=12.13941703508117
subset-idx-size=40
tau-train-ens=0.8545454545454545
tau-archive=0.6727272727272727
eval=6 | not-eval=0 | tau= 0.56 | n_kendall=12 | std(means)/mean(stds)= 12.23 | std(means)=1.54e+01 | mean(stds)=1.26e+00
tau-population= 0.73
subset-max-norm=2.601952675858355 | norm-max=12.13941703508117
subset-idx-size=40
tau-train-ens=0.7454545454545454
tau-archive=0.6727272727272727
eval=6 | not-eval=0 | tau= 0.73 | n_kendall=12 | std(means)/mean(stds)=  0.91 | std(means)=4.60e-01 | mean(stds)=5.05e-01
tau-population= 0.60
subset-max-norm=2.2428905021084438 | norm-max=12.13941703508117
subset-idx-size=40
tau-train-ens=0.5272727272727272
tau-archive=0.5272727272727272
eval=6 | not-eval=0 | tau= 0.51 | n_kendall=12 | std(means)/mean(stds)= 19.96 | std(means)=1.42e+01 | mean(stds)=7.11e-01
tau-population= 0.87
subset-max-norm=2.5595128392849937 | norm-max=12.13941703508117
subset-idx-size=40
tau-train-ens=0.4909090909090909
tau-archive=0.4909090909090909
eval=6 | not-eval=0 | tau= 0.69 | n_kendall=12 | std(means)/mean(stds)= 15.89 | std(means)=1.29e+01 | mean(stds)=8.10e-01
tau-population= 0.73
subset-max-norm=3.691799106120453 | norm-max=12.13941703508117
subset-idx-size=40
tau-train-ens=0.8545454545454545
tau-archive=0.8545454545454545
eval=6 | not-eval=0 | tau= 0.56 | n_kendall=12 | std(means)/mean(stds)=  2.63 | std(means)=8.49e-01 | mean(stds)=3.22e-01
tau-population= 0.47
subset-max-norm=3.5647621666108305 | norm-max=12.13941703508117
subset-idx-size=40
tau-train-ens=0.7818181818181819
tau-archive=0.5272727272727272
eval=6 | not-eval=0 | tau= 0.56 | n_kendall=12 | std(means)/mean(stds)=  1.01 | std(means)=2.24e-01 | mean(stds)=2.22e-01
tau-population= 0.60
subset-max-norm=1.6060254278166355 | norm-max=12.13941703508117
subset-idx-size=40
tau-train-ens=0.8181818181818182
tau-archive=0.8181818181818182
eval=6 | not-eval=0 | tau= 0.38 | n_kendall=12 | std(means)/mean(stds)=  1.10 | std(means)=9.35e-02 | mean(stds)=8.53e-02
tau-population= 0.20
subset-max-norm=2.107344360549826 | norm-max=12.13941703508117
subset-idx-size=40
tau-train-ens=0.3090909090909091
tau-archive=0.2
eval=6 | not-eval=0 | tau= 0.29 | n_kendall=12 | std(means)/mean(stds)=  5.21 | std(means)=1.37e+00 | mean(stds)=2.63e-01
tau-population= 0.60
subset-max-norm=3.3645748727705937 | norm-max=12.13941703508117
subset-idx-size=40
tau-train-ens=0.8545454545454545
tau-archive=0.8545454545454545
eval=6 | not-eval=0 | tau= 0.51 | n_kendall=12 | std(means)/mean(stds)=  8.61 | std(means)=4.71e+00 | mean(stds)=5.47e-01
tau-population= 0.87
subset-max-norm=2.1854585450559005 | norm-max=12.13941703508117
subset-idx-size=40
tau-train-ens=0.7818181818181819
tau-archive=0.7818181818181819
eval=6 | not-eval=0 | tau= 0.47 | n_kendall=12 | std(means)/mean(stds)=  3.79 | std(means)=1.40e+00 | mean(stds)=3.68e-01
tau-population= 0.20
subset-max-norm=2.2014386612942505 | norm-max=12.13941703508117
subset-idx-size=40
tau-train-ens=0.6363636363636364
tau-archive=0.6363636363636364
eval=6 | not-eval=0 | tau= 0.07 | n_kendall=12 | std(means)/mean(stds)=  1.57 | std(means)=9.32e-02 | mean(stds)=5.95e-02
tau-population= 0.20
subset-max-norm=3.335883850776346 | norm-max=12.13941703508117
subset-idx-size=40
tau-train-ens=0.6000000000000001
tau-archive=0.2727272727272727
eval=6 | not-eval=0 | tau= 0.64 | n_kendall=12 | std(means)/mean(stds)=  1.95 | std(means)=1.53e-01 | mean(stds)=7.85e-02
tau-population= 0.73
subset-max-norm=3.1143562477764974 | norm-max=12.13941703508117
subset-idx-size=40
tau-train-ens=0.2727272727272727
tau-archive=0.018181818181818184
eval=6 | not-eval=0 | tau= 0.47 | n_kendall=12 | std(means)/mean(stds)= 13.97 | std(means)=7.72e+00 | mean(stds)=5.52e-01
tau-population= 0.47
subset-max-norm=2.494154447458511 | norm-max=12.13941703508117
subset-idx-size=40
tau-train-ens=0.6000000000000001
tau-archive=0.6000000000000001
eval=6 | not-eval=0 | tau= 0.24 | n_kendall=12 | std(means)/mean(stds)=  3.44 | std(means)=3.17e-01 | mean(stds)=9.21e-02
tau-population= 0.47
subset-max-norm=2.17340551710896 | norm-max=12.13941703508117
subset-idx-size=40
tau-train-ens=0.4909090909090909
tau-archive=0.3090909090909091
eval=6 | not-eval=0 | tau= 0.56 | n_kendall=12 | std(means)/mean(stds)=  6.25 | std(means)=1.14e+00 | mean(stds)=1.83e-01
tau-population= 0.87
subset-max-norm=2.0351988766771085 | norm-max=12.13941703508117
subset-idx-size=40
tau-train-ens=0.9272727272727274
tau-archive=0.9272727272727274
eval=1 | not-eval=5 | tau= 0.91 | n_kendall=12 | std(means)/mean(stds)=  1.25 | std(means)=2.26e-02 | mean(stds)=1.80e-02
tau-population= 1.00
subset-max-norm=2.7396022310779657 | norm-max=12.13941703508117
subset-idx-size=40
tau-train-ens=0.6000000000000001
tau-archive=0.6000000000000001
eval=6 | not-eval=0 | tau= 0.56 | n_kendall=12 | std(means)/mean(stds)=  1.31 | std(means)=9.15e-02 | mean(stds)=6.98e-02
tau-population= 0.73
subset-max-norm=2.940839988017217 | norm-max=12.13941703508117
subset-idx-size=40
tau-train-ens=0.38181818181818183
tau-archive=0.38181818181818183
eval=6 | not-eval=0 | tau= 0.38 | n_kendall=12 | std(means)/mean(stds)=  8.11 | std(means)=2.39e-01 | mean(stds)=2.94e-02
tau-population= 0.73
subset-max-norm=2.8862477744491097 | norm-max=12.13941703508117
subset-idx-size=40
tau-train-ens=0.7454545454545454
tau-archive=0.7454545454545454
eval=6 | not-eval=0 | tau= 0.20 | n_kendall=12 | std(means)/mean(stds)=  1.30 | std(means)=5.01e-02 | mean(stds)=3.85e-02
tau-population=-0.33
subset-max-norm=4.200988335751227 | norm-max=12.13941703508117
subset-idx-size=40
tau-train-ens=0.41818181818181815
tau-archive=0.41818181818181815
eval=6 | not-eval=0 | tau= 0.56 | n_kendall=12 | std(means)/mean(stds)=  6.98 | std(means)=3.01e-01 | mean(stds)=4.32e-02
tau-population= 0.73
subset-max-norm=3.522076775796813 | norm-max=12.13941703508117
subset-idx-size=40
tau-train-ens=0.5636363636363636
tau-archive=0.5636363636363636
eval=6 | not-eval=0 | tau= 0.33 | n_kendall=12 | std(means)/mean(stds)=  1.80 | std(means)=2.69e-02 | mean(stds)=1.50e-02
tau-population= 0.33
subset-max-norm=5.541721074706478 | norm-max=12.13941703508117
subset-idx-size=40
tau-train-ens=0.38181818181818183
tau-archive=0.38181818181818183
eval=6 | not-eval=0 | tau= 0.60 | n_kendall=12 | std(means)/mean(stds)=  0.32 | std(means)=2.08e-03 | mean(stds)=6.52e-03
tau-population= 0.20
subset-max-norm=4.859105859158836 | norm-max=12.13941703508117
subset-idx-size=40
tau-train-ens=-0.23636363636363636
tau-archive=-0.23636363636363636
eval=6 | not-eval=0 | tau= 0.33 | n_kendall=12 | std(means)/mean(stds)=  1.89 | std(means)=3.85e-03 | mean(stds)=2.04e-03
tau-population= 0.33
subset-max-norm=5.036624468387079 | norm-max=12.13941703508117
subset-idx-size=40
tau-train-ens=0.2
tau-archive=0.2
eval=6 | not-eval=0 | tau=-0.11 | n_kendall=12 | std(means)/mean(stds)=  0.46 | std(means)=5.16e-03 | mean(stds)=1.11e-02
tau-population=-0.47
subset-max-norm=3.5727296872105065 | norm-max=12.13941703508117
subset-idx-size=40
tau-train-ens=0.34545454545454546
tau-archive=0.34545454545454546
eval=6 | not-eval=0 | tau= 0.07 | n_kendall=12 | std(means)/mean(stds)=  8.15 | std(means)=2.17e-01 | mean(stds)=2.67e-02
tau-population= 0.33
subset-max-norm=3.6086495164292045 | norm-max=12.13941703508117
subset-idx-size=40
tau-train-ens=0.38181818181818183
tau-archive=0.2
eval=6 | not-eval=0 | tau= 0.29 | n_kendall=12 | std(means)/mean(stds)=  4.78 | std(means)=3.10e-02 | mean(stds)=6.48e-03
tau-population= 0.73
subset-max-norm=3.8180946436979397 | norm-max=12.13941703508117
subset-idx-size=40
tau-train-ens=0.7090909090909091
tau-archive=0.4909090909090909
eval=6 | not-eval=0 | tau= 0.51 | n_kendall=12 | std(means)/mean(stds)=  2.90 | std(means)=6.49e-03 | mean(stds)=2.24e-03
tau-population= 0.33
subset-max-norm=4.140606496442565 | norm-max=12.13941703508117
subset-idx-size=40
tau-train-ens=0.9636363636363636
tau-archive=0.9636363636363636
eval=6 | not-eval=0 | tau=-0.07 | n_kendall=12 | std(means)/mean(stds)=  0.42 | std(means)=2.05e-04 | mean(stds)=4.91e-04
tau-population=-0.73
subset-max-norm=2.3225554842040603 | norm-max=12.13941703508117
subset-idx-size=40
tau-train-ens=0.8181818181818182
tau-archive=0.8181818181818182
eval=6 | not-eval=0 | tau= 0.42 | n_kendall=12 | std(means)/mean(stds)=  1.26 | std(means)=2.15e-03 | mean(stds)=1.70e-03
tau-population= 0.47
subset-max-norm=2.570705019255519 | norm-max=12.13941703508117
subset-idx-size=40
tau-train-ens=0.018181818181818184
tau-archive=0.018181818181818184
eval=6 | not-eval=0 | tau= 0.38 | n_kendall=12 | std(means)/mean(stds)=  0.64 | std(means)=1.66e-04 | mean(stds)=2.61e-04
tau-population= 0.60
subset-max-norm=2.4430539301151453 | norm-max=12.13941703508117
subset-idx-size=40
tau-train-ens=0.5636363636363636
tau-archive=0.5636363636363636
eval=6 | not-eval=0 | tau= 0.38 | n_kendall=12 | std(means)/mean(stds)=  0.62 | std(means)=3.21e-04 | mean(stds)=5.19e-04
tau-population= 0.20
subset-max-norm=2.5134852179267857 | norm-max=12.13941703508117
subset-idx-size=40
tau-train-ens=0.2
tau-archive=0.2
eval=6 | not-eval=0 | tau= 0.42 | n_kendall=12 | std(means)/mean(stds)=  3.28 | std(means)=1.87e-03 | mean(stds)=5.69e-04
tau-population= 0.60
subset-max-norm=4.100320536025669 | norm-max=12.13941703508117
subset-idx-size=40
tau-train-ens=0.0909090909090909
tau-archive=0.0909090909090909
eval=6 | not-eval=0 | tau= 0.69 | n_kendall=12 | std(means)/mean(stds)=  4.70 | std(means)=9.30e-03 | mean(stds)=1.98e-03
tau-population= 0.87
subset-max-norm=4.660970603022667 | norm-max=12.13941703508117
subset-idx-size=40
tau-train-ens=0.5272727272727272
tau-archive=0.5272727272727272
eval=6 | not-eval=0 | tau= 0.69 | n_kendall=12 | std(means)/mean(stds)=  0.42 | std(means)=7.24e-05 | mean(stds)=1.71e-04
tau-population= 0.87
subset-max-norm=5.414742245733827 | norm-max=12.13941703508117
subset-idx-size=40
tau-train-ens=0.7090909090909091
tau-archive=0.7090909090909091
eval=6 | not-eval=0 | tau=-0.02 | n_kendall=12 | std(means)/mean(stds)=  0.21 | std(means)=5.30e-05 | mean(stds)=2.57e-04
tau-population=-0.33
subset-max-norm=4.8058454644988435 | norm-max=12.13941703508117
subset-idx-size=40
tau-train-ens=0.2
tau-archive=0.2
eval=6 | not-eval=0 | tau= 0.38 | n_kendall=12 | std(means)/mean(stds)=  2.97 | std(means)=1.15e-02 | mean(stds)=3.88e-03
tau-population= 0.47
subset-max-norm=4.043914463771186 | norm-max=12.13941703508117
subset-idx-size=40
tau-train-ens=0.6727272727272727
tau-archive=0.6727272727272727
eval=6 | not-eval=0 | tau= 0.24 | n_kendall=12 | std(means)/mean(stds)= 11.75 | std(means)=2.52e-03 | mean(stds)=2.14e-04
tau-population= 0.20
subset-max-norm=3.380819202537007 | norm-max=12.13941703508117
subset-idx-size=40
tau-train-ens=0.7818181818181819
tau-archive=0.7818181818181819
eval=6 | not-eval=0 | tau= 0.38 | n_kendall=12 | std(means)/mean(stds)=  5.65 | std(means)=1.88e-03 | mean(stds)=3.33e-04
tau-population= 0.73
subset-max-norm=4.054861981850166 | norm-max=12.13941703508117
subset-idx-size=40
tau-train-ens=0.41818181818181815
tau-archive=0.41818181818181815
eval=6 | not-eval=0 | tau= 0.64 | n_kendall=12 | std(means)/mean(stds)=  7.71 | std(means)=1.19e-03 | mean(stds)=1.54e-04
tau-population= 0.73
subset-max-norm=3.1496634882507815 | norm-max=12.13941703508117
subset-idx-size=40
tau-train-ens=0.6000000000000001
tau-archive=0.6000000000000001
eval=6 | not-eval=0 | tau= 0.02 | n_kendall=12 | std(means)/mean(stds)=  1.39 | std(means)=6.24e-05 | mean(stds)=4.49e-05
tau-population=-0.47
subset-max-norm=6.375192813485426 | norm-max=12.13941703508117
subset-idx-size=40
tau-train-ens=0.5272727272727272
tau-archive=0.5272727272727272
eval=6 | not-eval=0 | tau=-0.33 | n_kendall=12 | std(means)/mean(stds)=  1.70 | std(means)=2.40e-04 | mean(stds)=1.41e-04
tau-population=-0.20
subset-max-norm=4.067876010177759 | norm-max=12.13941703508117
subset-idx-size=40
tau-train-ens=0.2
tau-archive=0.2
eval=6 | not-eval=0 | tau= 0.82 | n_kendall=12 | std(means)/mean(stds)=  4.95 | std(means)=1.14e-03 | mean(stds)=2.31e-04
tau-population= 0.87
subset-max-norm=4.852353202118718 | norm-max=12.13941703508117
subset-idx-size=40
tau-train-ens=0.7090909090909091
tau-archive=0.7090909090909091
eval=6 | not-eval=0 | tau= 0.56 | n_kendall=12 | std(means)/mean(stds)= 22.67 | std(means)=4.92e-04 | mean(stds)=2.17e-05
tau-population= 0.60
subset-max-norm=5.936834231501825 | norm-max=12.13941703508117
subset-idx-size=40
tau-train-ens=0.8909090909090909
tau-archive=0.8909090909090909
eval=1 | not-eval=5 | tau= 0.88 | n_kendall=12 | std(means)/mean(stds)=  2.04 | std(means)=9.73e-05 | mean(stds)=4.76e-05
tau-population= 0.33
subset-max-norm=9.356287621129596 | norm-max=12.13941703508117
subset-idx-size=40
tau-train-ens=0.16363636363636364
tau-archive=0.16363636363636364
eval=6 | not-eval=0 | tau= 0.11 | n_kendall=12 | std(means)/mean(stds)=  1.19 | std(means)=1.07e-05 | mean(stds)=9.03e-06
tau-population=-0.07
subset-max-norm=7.503571910097276 | norm-max=12.13941703508117
subset-idx-size=40
tau-train-ens=0.2727272727272727
tau-archive=0.2727272727272727
eval=6 | not-eval=0 | tau=-0.20 | n_kendall=12 | std(means)/mean(stds)=  2.74 | std(means)=1.01e-05 | mean(stds)=3.69e-06
tau-population=-0.33
subset-max-norm=6.056649837584952 | norm-max=12.13941703508117
subset-idx-size=40
tau-train-ens=0.2
tau-archive=0.2
eval=6 | not-eval=0 | tau=-0.11 | n_kendall=12 | std(means)/mean(stds)= 10.21 | std(means)=8.20e-05 | mean(stds)=8.03e-06
tau-population= 0.07
subset-max-norm=7.355629330057599 | norm-max=12.13941703508117
subset-idx-size=40
tau-train-ens=-0.018181818181818184
tau-archive=-0.018181818181818184
eval=6 | not-eval=0 | tau=-0.24 | n_kendall=12 | std(means)/mean(stds)=  2.61 | std(means)=7.00e-06 | mean(stds)=2.69e-06
tau-population=-0.33
subset-max-norm=6.011884200998814 | norm-max=12.13941703508117
subset-idx-size=40
tau-train-ens=0.018181818181818184
tau-archive=0.018181818181818184
eval=6 | not-eval=0 | tau=-0.33 | n_kendall=12 | std(means)/mean(stds)=  1.17 | std(means)=3.26e-06 | mean(stds)=2.79e-06
tau-population=-0.60
subset-max-norm=7.081055666224588 | norm-max=12.13941703508117
subset-idx-size=40
tau-train-ens=0.2
tau-archive=0.2
eval=6 | not-eval=0 | tau= 0.64 | n_kendall=12 | std(means)/mean(stds)=  8.93 | std(means)=5.32e-05 | mean(stds)=5.96e-06
tau-population= 1.00
subset-max-norm=3.612837972820765 | norm-max=12.13941703508117
subset-idx-size=40
tau-train-ens=0.2727272727272727
tau-archive=0.2727272727272727
eval=6 | not-eval=0 | tau= 0.73 | n_kendall=12 | std(means)/mean(stds)=  3.09 | std(means)=4.79e-06 | mean(stds)=1.55e-06
tau-population=  nan
subset-max-norm=3.0360565583754755 | norm-max=12.13941703508117
subset-idx-size=40
tau-train-ens=0.6727272727272727
tau-archive=0.6727272727272727
eval=6 | not-eval=0 | tau= 0.24 | n_kendall=12 | std(means)/mean(stds)=  2.37 | std(means)=3.83e-06 | mean(stds)=1.61e-06
tau-population=  nan
subset-max-norm=2.5014199792061387 | norm-max=12.13941703508117
subset-idx-size=40
tau-train-ens=0.41818181818181815
tau-archive=0.41818181818181815
eval=6 | not-eval=0 | tau= 0.42 | n_kendall=12 | std(means)/mean(stds)=  0.97 | std(means)=4.53e-07 | mean(stds)=4.67e-07
tau-population=  nan
subset-max-norm=3.985888811496789 | norm-max=12.13941703508117
subset-idx-size=40
tau-train-ens=0.3090909090909091
tau-archive=0.16363636363636364
eval=6 | not-eval=0 | tau= 0.51 | n_kendall=12 | std(means)/mean(stds)=  1.12 | std(means)=3.72e-07 | mean(stds)=3.33e-07
tau-population=  nan
subset-max-norm=3.4124638418681683 | norm-max=12.13941703508117
subset-idx-size=40
tau-train-ens=0.6363636363636364
tau-archive=0.05454545454545454
eval=2 | not-eval=4 | tau= 0.30 | n_kendall=12 | std(means)/mean(stds)=  3.48 | std(means)=4.08e-05 | mean(stds)=1.17e-05
tau-population=  nan
 2D  6-fun   1-inst  500-budget False-solved 500-evals  534-cma-evals  578s 0-restarts  6-init-pop (Surrogate(model=<__main__.Eaf object at 0x7f9d5197dac0>, subset=ClosestToEachTestPoint(Mahalanobis, n_max_coef=20)), EvaluateUntilKendallThreshold(mean_criterion, tau_threshold=0.85, offset=True), n_min_fn=get_dim) 1.1e-08-delta-f          1-seed
