(3_w,6)-aCMA-ES (mu_w=2.0,w_1=63%) in dimension 2 (seed=1, Sat Apr 20 14:11:10 2024)
subset-idx-size=6

NN: 0
epoch: 200 , mse_ 0.452 , loss_anch 7.345 tau-train= 1.00
epoch: 400 , mse_ 0.14 , loss_anch 5.664 tau-train= 1.00
epoch: 600 , mse_ 0.089 , loss_anch 4.922 tau-train= 1.00
epoch: 800 , mse_ 0.061 , loss_anch 4.495 tau-train= 1.00
epoch: 1000 , mse_ 0.041 , loss_anch 4.214 tau-train= 1.00

NN: 1
epoch: 200 , mse_ 0.069 , loss_anch 6.727 tau-train= 1.00
epoch: 400 , mse_ 0.043 , loss_anch 4.297 tau-train= 1.00
epoch: 600 , mse_ 0.03 , loss_anch 3.68 tau-train= 1.00
epoch: 800 , mse_ 0.025 , loss_anch 3.463 tau-train= 1.00
epoch: 1000 , mse_ 0.024 , loss_anch 3.385 tau-train= 1.00

NN: 2
epoch: 200 , mse_ 0.304 , loss_anch 8.042 tau-train= 1.00
epoch: 400 , mse_ 0.08 , loss_anch 6.254 tau-train= 1.00
epoch: 600 , mse_ 0.042 , loss_anch 5.512 tau-train= 1.00
epoch: 800 , mse_ 0.03 , loss_anch 5.03 tau-train= 1.00
epoch: 1000 , mse_ 0.025 , loss_anch 4.679 tau-train= 1.00

NN: 3
epoch: 200 , mse_ 0.27 , loss_anch 13.865 tau-train= 1.00
epoch: 400 , mse_ 0.186 , loss_anch 9.586 tau-train= 1.00
epoch: 600 , mse_ 0.138 , loss_anch 7.851 tau-train= 1.00
epoch: 800 , mse_ 0.131 , loss_anch 7.468 tau-train= 1.00
epoch: 1000 , mse_ 0.123 , loss_anch 7.318 tau-train= 1.00

NN: 4
epoch: 200 , mse_ 0.149 , loss_anch 15.687 tau-train= 1.00
epoch: 400 , mse_ 0.084 , loss_anch 10.689 tau-train= 1.00
epoch: 600 , mse_ 0.051 , loss_anch 6.769 tau-train= 1.00
epoch: 800 , mse_ 0.041 , loss_anch 5.834 tau-train= 1.00
epoch: 1000 , mse_ 0.036 , loss_anch 5.55 tau-train= 1.00
tau-train-ens=0.9999999999999999
tau-archive=0.9999999999999999
eval=1 | not-eval=5 | tau= 1.00 | n_kendall= 7 | std(means)/mean(stds)=  0.90 | std(means)=5.16e+00 | mean(stds)=5.75e+00
tau-population= 0.33
subset-idx-size=7

NN: 0
epoch: 200 , mse_ 0.842 , loss_anch 6.373 tau-train= 1.00
epoch: 400 , mse_ 0.177 , loss_anch 4.176 tau-train= 1.00
epoch: 600 , mse_ 0.071 , loss_anch 3.471 tau-train= 1.00
epoch: 800 , mse_ 0.044 , loss_anch 3.068 tau-train= 1.00
epoch: 1000 , mse_ 0.028 , loss_anch 2.789 tau-train= 1.00

NN: 1
epoch: 200 , mse_ 0.044 , loss_anch 4.801 tau-train= 1.00
epoch: 400 , mse_ 0.027 , loss_anch 3.756 tau-train= 1.00
epoch: 600 , mse_ 0.018 , loss_anch 3.155 tau-train= 1.00
epoch: 800 , mse_ 0.017 , loss_anch 2.976 tau-train= 1.00
epoch: 1000 , mse_ 0.016 , loss_anch 2.885 tau-train= 1.00

NN: 2
epoch: 200 , mse_ 0.075 , loss_anch 3.86 tau-train= 1.00
epoch: 400 , mse_ 0.018 , loss_anch 3.249 tau-train= 1.00
epoch: 600 , mse_ 0.006 , loss_anch 2.984 tau-train= 1.00
epoch: 800 , mse_ 0.004 , loss_anch 2.817 tau-train= 1.00
epoch: 1000 , mse_ 0.003 , loss_anch 2.686 tau-train= 1.00

NN: 3
epoch: 200 , mse_ 0.285 , loss_anch 10.156 tau-train= 1.00
epoch: 400 , mse_ 0.163 , loss_anch 5.67 tau-train= 1.00
epoch: 600 , mse_ 1.305 , loss_anch 6.14 tau-train= 1.00
epoch: 800 , mse_ 0.096 , loss_anch 4.987 tau-train= 1.00
epoch: 1000 , mse_ 0.095 , loss_anch 4.969 tau-train= 1.00

NN: 4
epoch: 200 , mse_ 0.061 , loss_anch 4.497 tau-train= 1.00
epoch: 400 , mse_ 0.033 , loss_anch 3.019 tau-train= 1.00
epoch: 600 , mse_ 0.029 , loss_anch 2.635 tau-train= 1.00
epoch: 800 , mse_ 0.021 , loss_anch 2.323 tau-train= 1.00
epoch: 1000 , mse_ 0.017 , loss_anch 2.168 tau-train= 1.00
tau-train-ens=1.0
tau-archive=0.9999999999999999
eval=1 | not-eval=5 | tau= 1.00 | n_kendall= 8 | std(means)/mean(stds)=  0.98 | std(means)=5.21e+00 | mean(stds)=5.30e+00
tau-population= 0.20
subset-idx-size=8

NN: 0
epoch: 200 , mse_ 0.349 , loss_anch 2.784 tau-train= 1.00
epoch: 400 , mse_ 0.052 , loss_anch 2.111 tau-train= 1.00
epoch: 600 , mse_ 0.019 , loss_anch 1.752 tau-train= 1.00
epoch: 800 , mse_ 0.012 , loss_anch 1.512 tau-train= 1.00
epoch: 1000 , mse_ 0.008 , loss_anch 1.331 tau-train= 1.00

NN: 1
epoch: 200 , mse_ 0.196 , loss_anch 17.885 tau-train= 1.00
epoch: 400 , mse_ 0.113 , loss_anch 13.388 tau-train= 1.00
epoch: 600 , mse_ 0.078 , loss_anch 10.262 tau-train= 1.00
epoch: 800 , mse_ 0.067 , loss_anch 8.051 tau-train= 1.00
epoch: 1000 , mse_ 0.06 , loss_anch 6.787 tau-train= 1.00

NN: 2
epoch: 200 , mse_ 2.784 , loss_anch 15.056 tau-train= 0.86
epoch: 400 , mse_ 1.62 , loss_anch 12.33 tau-train= 0.93
epoch: 600 , mse_ 1.31 , loss_anch 10.685 tau-train= 0.93
epoch: 800 , mse_ 1.036 , loss_anch 9.474 tau-train= 0.93
epoch: 1000 , mse_ 0.742 , loss_anch 8.306 tau-train= 0.93

NN: 3
epoch: 200 , mse_ 0.704 , loss_anch 21.824 tau-train= 1.00
epoch: 400 , mse_ 0.559 , loss_anch 17.832 tau-train= 1.00
epoch: 600 , mse_ 0.351 , loss_anch 14.437 tau-train= 1.00
epoch: 800 , mse_ 0.333 , loss_anch 13.985 tau-train= 1.00
epoch: 1000 , mse_ 0.32 , loss_anch 13.759 tau-train= 1.00

NN: 4
epoch: 200 , mse_ 0.22 , loss_anch 19.584 tau-train= 1.00
epoch: 400 , mse_ 0.169 , loss_anch 15.199 tau-train= 1.00
epoch: 600 , mse_ 0.159 , loss_anch 14.32 tau-train= 1.00
epoch: 800 , mse_ 0.155 , loss_anch 13.954 tau-train= 1.00
epoch: 1000 , mse_ 0.15 , loss_anch 13.783 tau-train= 1.00
tau-train-ens=0.9999999999999998
tau-archive=1.0
eval=6 | not-eval=0 | tau=-0.11 | n_kendall=12 | std(means)/mean(stds)=  0.24 | std(means)=3.24e+00 | mean(stds)=1.34e+01
tau-population=-0.20
subset-idx-size=14

NN: 0
epoch: 200 , mse_ 2.588 , loss_anch 11.464 tau-train= 0.93
epoch: 400 , mse_ 0.801 , loss_anch 9.009 tau-train= 0.96
epoch: 600 , mse_ 0.474 , loss_anch 7.705 tau-train= 0.96
epoch: 800 , mse_ 0.328 , loss_anch 6.764 tau-train= 0.96
epoch: 1000 , mse_ 0.244 , loss_anch 6.039 tau-train= 0.96

NN: 1
epoch: 200 , mse_ 0.417 , loss_anch 16.833 tau-train= 1.00
epoch: 400 , mse_ 0.142 , loss_anch 10.066 tau-train= 1.00
epoch: 600 , mse_ 0.065 , loss_anch 6.931 tau-train= 0.96
epoch: 800 , mse_ 0.051 , loss_anch 5.662 tau-train= 1.00
epoch: 1000 , mse_ 0.043 , loss_anch 4.977 tau-train= 1.00

NN: 2
epoch: 200 , mse_ 4.111 , loss_anch 21.444 tau-train= 0.93
epoch: 400 , mse_ 0.946 , loss_anch 15.526 tau-train= 0.96
epoch: 600 , mse_ 0.516 , loss_anch 13.819 tau-train= 0.96
epoch: 800 , mse_ 0.381 , loss_anch 12.756 tau-train= 0.96
epoch: 1000 , mse_ 0.298 , loss_anch 11.894 tau-train= 0.96

NN: 3
epoch: 200 , mse_ 0.373 , loss_anch 10.302 tau-train= 0.96
epoch: 400 , mse_ 0.141 , loss_anch 7.662 tau-train= 0.96
epoch: 600 , mse_ 0.106 , loss_anch 6.742 tau-train= 0.96
epoch: 800 , mse_ 0.09 , loss_anch 6.337 tau-train= 0.96
epoch: 1000 , mse_ 0.087 , loss_anch 6.057 tau-train= 1.00

NN: 4
epoch: 200 , mse_ 0.313 , loss_anch 8.838 tau-train= 0.93
epoch: 400 , mse_ 0.155 , loss_anch 6.152 tau-train= 1.00
epoch: 600 , mse_ 0.104 , loss_anch 4.901 tau-train= 1.00
epoch: 800 , mse_ 0.04 , loss_anch 3.564 tau-train= 1.00
epoch: 1000 , mse_ 0.036 , loss_anch 3.215 tau-train= 1.00
tau-train-ens=0.9636363636363636
tau-archive=0.9636363636363636
eval=1 | not-eval=5 | tau= 0.97 | n_kendall=12 | std(means)/mean(stds)=  0.96 | std(means)=4.86e+00 | mean(stds)=5.06e+00
tau-population= 0.73
subset-idx-size=15

NN: 0
epoch: 200 , mse_ 4.13 , loss_anch 11.626 tau-train= 0.96
epoch: 400 , mse_ 1.253 , loss_anch 7.89 tau-train= 0.96
epoch: 600 , mse_ 0.521 , loss_anch 6.395 tau-train= 1.00
epoch: 800 , mse_ 0.286 , loss_anch 5.611 tau-train= 1.00
epoch: 1000 , mse_ 0.174 , loss_anch 5.112 tau-train= 1.00

NN: 1
epoch: 200 , mse_ 0.582 , loss_anch 13.092 tau-train= 0.96
epoch: 400 , mse_ 0.318 , loss_anch 9.038 tau-train= 0.96
epoch: 600 , mse_ 0.288 , loss_anch 8.364 tau-train= 0.96
epoch: 800 , mse_ 3.887 , loss_anch 11.6 tau-train= 0.96
epoch: 1000 , mse_ 0.229 , loss_anch 7.825 tau-train= 0.96

NN: 2
epoch: 200 , mse_ 4.45 , loss_anch 9.951 tau-train= 0.93
epoch: 400 , mse_ 1.02 , loss_anch 5.574 tau-train= 1.00
epoch: 600 , mse_ 0.272 , loss_anch 3.923 tau-train= 1.00
epoch: 800 , mse_ 0.176 , loss_anch 3.41 tau-train= 1.00
epoch: 1000 , mse_ 0.131 , loss_anch 3.117 tau-train= 1.00

NN: 3
epoch: 200 , mse_ 0.143 , loss_anch 7.081 tau-train= 0.96
epoch: 400 , mse_ 0.068 , loss_anch 5.292 tau-train= 1.00
epoch: 600 , mse_ 0.039 , loss_anch 3.976 tau-train= 1.00
epoch: 800 , mse_ 0.041 , loss_anch 3.679 tau-train= 1.00
epoch: 1000 , mse_ 0.04 , loss_anch 3.597 tau-train= 1.00

NN: 4
epoch: 200 , mse_ 0.359 , loss_anch 11.559 tau-train= 1.00
epoch: 400 , mse_ 0.158 , loss_anch 9.146 tau-train= 1.00
epoch: 600 , mse_ 0.118 , loss_anch 8.0 tau-train= 1.00
epoch: 800 , mse_ 0.085 , loss_anch 7.42 tau-train= 1.00
epoch: 1000 , mse_ 0.07 , loss_anch 7.09 tau-train= 1.00
tau-train-ens=1.0
tau-archive=1.0
eval=1 | not-eval=5 | tau= 0.97 | n_kendall=12 | std(means)/mean(stds)=  0.59 | std(means)=5.11e+00 | mean(stds)=8.70e+00
tau-population= 0.87
subset-idx-size=16

NN: 0
epoch: 200 , mse_ 4.621 , loss_anch 9.937 tau-train= 0.96
epoch: 400 , mse_ 1.365 , loss_anch 6.564 tau-train= 0.96
epoch: 600 , mse_ 0.882 , loss_anch 5.762 tau-train= 0.96
epoch: 800 , mse_ 0.65 , loss_anch 5.222 tau-train= 0.96
epoch: 1000 , mse_ 0.482 , loss_anch 4.776 tau-train= 0.96

NN: 1
epoch: 200 , mse_ 0.272 , loss_anch 12.842 tau-train= 1.00
epoch: 400 , mse_ 0.153 , loss_anch 10.287 tau-train= 1.00
epoch: 600 , mse_ 0.137 , loss_anch 8.275 tau-train= 1.00
epoch: 800 , mse_ 0.116 , loss_anch 6.845 tau-train= 1.00
epoch: 1000 , mse_ 0.091 , loss_anch 6.182 tau-train= 1.00

NN: 2
epoch: 200 , mse_ 4.081 , loss_anch 8.704 tau-train= 1.00
epoch: 400 , mse_ 0.729 , loss_anch 4.895 tau-train= 1.00
epoch: 600 , mse_ 0.365 , loss_anch 3.814 tau-train= 0.96
epoch: 800 , mse_ 0.21 , loss_anch 3.182 tau-train= 0.96
epoch: 1000 , mse_ 0.171 , loss_anch 2.807 tau-train= 0.96

NN: 3
epoch: 200 , mse_ 0.311 , loss_anch 9.57 tau-train= 1.00
epoch: 400 , mse_ 0.109 , loss_anch 6.488 tau-train= 1.00
epoch: 600 , mse_ 0.05 , loss_anch 5.398 tau-train= 1.00
epoch: 800 , mse_ 0.051 , loss_anch 5.051 tau-train= 1.00
epoch: 1000 , mse_ 0.079 , loss_anch 4.912 tau-train= 1.00

NN: 4
epoch: 200 , mse_ 0.128 , loss_anch 6.367 tau-train= 1.00
epoch: 400 , mse_ 0.04 , loss_anch 3.741 tau-train= 1.00
epoch: 600 , mse_ 0.024 , loss_anch 2.736 tau-train= 1.00
epoch: 800 , mse_ 0.02 , loss_anch 2.415 tau-train= 1.00
epoch: 1000 , mse_ 0.018 , loss_anch 2.247 tau-train= 1.00
tau-train-ens=1.0
tau-archive=1.0
eval=1 | not-eval=5 | tau= 1.00 | n_kendall=12 | std(means)/mean(stds)=  1.45 | std(means)=1.31e+01 | mean(stds)=9.05e+00
tau-population= 1.00
subset-idx-size=17

NN: 0
epoch: 200 , mse_ 7.659 , loss_anch 14.837 tau-train= 0.93
epoch: 400 , mse_ 2.117 , loss_anch 9.13 tau-train= 0.96
epoch: 600 , mse_ 0.85 , loss_anch 7.187 tau-train= 1.00
epoch: 800 , mse_ 0.465 , loss_anch 6.128 tau-train= 1.00
epoch: 1000 , mse_ 0.291 , loss_anch 5.423 tau-train= 1.00

NN: 1
epoch: 200 , mse_ 0.303 , loss_anch 8.642 tau-train= 1.00
epoch: 400 , mse_ 0.113 , loss_anch 5.793 tau-train= 1.00
epoch: 600 , mse_ 0.061 , loss_anch 4.83 tau-train= 1.00
epoch: 800 , mse_ 0.055 , loss_anch 4.441 tau-train= 1.00
epoch: 1000 , mse_ 0.044 , loss_anch 4.027 tau-train= 1.00

NN: 2
epoch: 200 , mse_ 1.53 , loss_anch 10.028 tau-train= 1.00
epoch: 400 , mse_ 0.646 , loss_anch 7.451 tau-train= 1.00
epoch: 600 , mse_ 0.397 , loss_anch 6.102 tau-train= 1.00
epoch: 800 , mse_ 0.238 , loss_anch 5.107 tau-train= 1.00
epoch: 1000 , mse_ 0.139 , loss_anch 4.37 tau-train= 1.00

NN: 3
epoch: 200 , mse_ 0.829 , loss_anch 21.126 tau-train= 1.00
epoch: 400 , mse_ 0.694 , loss_anch 18.05 tau-train= 1.00
epoch: 600 , mse_ 0.507 , loss_anch 15.781 tau-train= 1.00
epoch: 800 , mse_ 0.288 , loss_anch 13.869 tau-train= 1.00
epoch: 1000 , mse_ 0.223 , loss_anch 12.206 tau-train= 1.00

NN: 4
epoch: 200 , mse_ 0.143 , loss_anch 6.926 tau-train= 1.00
epoch: 400 , mse_ 0.07 , loss_anch 4.568 tau-train= 1.00
epoch: 600 , mse_ 0.052 , loss_anch 3.732 tau-train= 1.00
epoch: 800 , mse_ 0.043 , loss_anch 3.265 tau-train= 1.00
epoch: 1000 , mse_ 0.035 , loss_anch 2.975 tau-train= 1.00
tau-train-ens=1.0
tau-archive=1.0
eval=1 | not-eval=5 | tau= 1.00 | n_kendall=12 | std(means)/mean(stds)=  0.54 | std(means)=6.82e+00 | mean(stds)=1.26e+01
tau-population= 0.33
subset-idx-size=18

NN: 0
epoch: 200 , mse_ 2.616 , loss_anch 9.432 tau-train= 1.00
epoch: 400 , mse_ 1.389 , loss_anch 7.469 tau-train= 1.00
epoch: 600 , mse_ 0.999 , loss_anch 6.453 tau-train= 1.00
epoch: 800 , mse_ 0.737 , loss_anch 5.74 tau-train= 1.00
epoch: 1000 , mse_ 0.543 , loss_anch 5.193 tau-train= 1.00

NN: 1
epoch: 200 , mse_ 0.112 , loss_anch 6.912 tau-train= 1.00
epoch: 400 , mse_ 0.073 , loss_anch 5.631 tau-train= 1.00
epoch: 600 , mse_ 0.053 , loss_anch 4.649 tau-train= 1.00
epoch: 800 , mse_ 0.046 , loss_anch 3.923 tau-train= 1.00
epoch: 1000 , mse_ 0.041 , loss_anch 3.498 tau-train= 1.00

NN: 2
epoch: 200 , mse_ 1.918 , loss_anch 9.991 tau-train= 1.00
epoch: 400 , mse_ 0.707 , loss_anch 8.316 tau-train= 1.00
epoch: 600 , mse_ 0.41 , loss_anch 7.431 tau-train= 1.00
epoch: 800 , mse_ 0.278 , loss_anch 6.79 tau-train= 1.00
epoch: 1000 , mse_ 0.198 , loss_anch 6.282 tau-train= 1.00

NN: 3
epoch: 200 , mse_ 0.825 , loss_anch 12.576 tau-train= 1.00
epoch: 400 , mse_ 0.245 , loss_anch 9.511 tau-train= 1.00
epoch: 600 , mse_ 0.151 , loss_anch 8.081 tau-train= 1.00
epoch: 800 , mse_ 0.128 , loss_anch 7.551 tau-train= 1.00
epoch: 1000 , mse_ 0.116 , loss_anch 7.117 tau-train= 1.00

NN: 4
epoch: 200 , mse_ 0.476 , loss_anch 9.788 tau-train= 0.96
epoch: 400 , mse_ 0.251 , loss_anch 6.549 tau-train= 1.00
epoch: 600 , mse_ 0.133 , loss_anch 5.222 tau-train= 1.00
epoch: 800 , mse_ 0.093 , loss_anch 4.683 tau-train= 1.00
epoch: 1000 , mse_ 0.071 , loss_anch 4.416 tau-train= 1.00
tau-train-ens=1.0
tau-archive=1.0
eval=1 | not-eval=5 | tau= 0.97 | n_kendall=12 | std(means)/mean(stds)=  1.30 | std(means)=1.19e+01 | mean(stds)=9.17e+00
tau-population= 0.87
subset-idx-size=19

NN: 0
epoch: 200 , mse_ 4.054 , loss_anch 9.137 tau-train= 0.96
epoch: 400 , mse_ 0.981 , loss_anch 5.939 tau-train= 1.00
epoch: 600 , mse_ 0.576 , loss_anch 5.111 tau-train= 1.00
epoch: 800 , mse_ 0.42 , loss_anch 4.561 tau-train= 1.00
epoch: 1000 , mse_ 0.32 , loss_anch 4.129 tau-train= 1.00

NN: 1
epoch: 200 , mse_ 0.225 , loss_anch 6.819 tau-train= 1.00
epoch: 400 , mse_ 0.146 , loss_anch 5.455 tau-train= 1.00
epoch: 600 , mse_ 0.098 , loss_anch 4.6 tau-train= 1.00
epoch: 800 , mse_ 0.085 , loss_anch 4.213 tau-train= 1.00
epoch: 1000 , mse_ 0.147 , loss_anch 4.053 tau-train= 1.00

NN: 2
epoch: 200 , mse_ 3.219 , loss_anch 10.08 tau-train= 0.96
epoch: 400 , mse_ 1.12 , loss_anch 7.31 tau-train= 1.00
epoch: 600 , mse_ 0.799 , loss_anch 6.396 tau-train= 1.00
epoch: 800 , mse_ 0.635 , loss_anch 5.797 tau-train= 1.00
epoch: 1000 , mse_ 0.516 , loss_anch 5.322 tau-train= 1.00

NN: 3
epoch: 200 , mse_ 1.148 , loss_anch 23.776 tau-train= 1.00
epoch: 400 , mse_ 0.421 , loss_anch 18.143 tau-train= 1.00
epoch: 600 , mse_ 0.277 , loss_anch 15.156 tau-train= 1.00
epoch: 800 , mse_ 0.224 , loss_anch 13.638 tau-train= 1.00
epoch: 1000 , mse_ 0.195 , loss_anch 12.022 tau-train= 1.00

NN: 4
epoch: 200 , mse_ 2.106 , loss_anch 14.912 tau-train= 1.00
epoch: 400 , mse_ 0.882 , loss_anch 11.775 tau-train= 1.00
epoch: 600 , mse_ 0.518 , loss_anch 10.506 tau-train= 1.00
epoch: 800 , mse_ 0.433 , loss_anch 9.862 tau-train= 1.00
epoch: 1000 , mse_ 0.353 , loss_anch 9.15 tau-train= 1.00
tau-train-ens=1.0
tau-archive=1.0
eval=1 | not-eval=5 | tau= 0.97 | n_kendall=12 | std(means)/mean(stds)=  1.11 | std(means)=1.18e+01 | mean(stds)=1.06e+01
tau-population= 0.73
subset-idx-size=20

NN: 0
epoch: 200 , mse_ 4.736 , loss_anch 10.745 tau-train= 0.93
epoch: 400 , mse_ 1.888 , loss_anch 7.683 tau-train= 0.93
epoch: 600 , mse_ 0.942 , loss_anch 6.34 tau-train= 0.96
epoch: 800 , mse_ 0.56 , loss_anch 5.535 tau-train= 0.96
epoch: 1000 , mse_ 0.404 , loss_anch 4.968 tau-train= 0.96

NN: 1
epoch: 200 , mse_ 0.613 , loss_anch 7.354 tau-train= 1.00
epoch: 400 , mse_ 0.331 , loss_anch 5.346 tau-train= 1.00
epoch: 600 , mse_ 0.161 , loss_anch 4.161 tau-train= 1.00
epoch: 800 , mse_ 0.11 , loss_anch 3.609 tau-train= 1.00
epoch: 1000 , mse_ 0.097 , loss_anch 3.376 tau-train= 1.00

NN: 2
epoch: 200 , mse_ 5.351 , loss_anch 17.753 tau-train= 0.96
epoch: 400 , mse_ 2.443 , loss_anch 12.354 tau-train= 0.96
epoch: 600 , mse_ 1.589 , loss_anch 10.046 tau-train= 0.96
epoch: 800 , mse_ 1.149 , loss_anch 8.716 tau-train= 1.00
epoch: 1000 , mse_ 0.855 , loss_anch 7.756 tau-train= 1.00

NN: 3
epoch: 200 , mse_ 0.728 , loss_anch 21.865 tau-train= 1.00
epoch: 400 , mse_ 0.483 , loss_anch 17.894 tau-train= 1.00
epoch: 600 , mse_ 0.409 , loss_anch 15.305 tau-train= 1.00
epoch: 800 , mse_ 0.327 , loss_anch 12.823 tau-train= 1.00
epoch: 1000 , mse_ 0.243 , loss_anch 11.188 tau-train= 1.00

NN: 4
epoch: 200 , mse_ 0.816 , loss_anch 9.433 tau-train= 1.00
epoch: 400 , mse_ 0.217 , loss_anch 5.871 tau-train= 1.00
epoch: 600 , mse_ 0.165 , loss_anch 4.976 tau-train= 1.00
epoch: 800 , mse_ 0.08 , loss_anch 4.237 tau-train= 1.00
epoch: 1000 , mse_ 0.087 , loss_anch 3.727 tau-train= 1.00
tau-train-ens=1.0
tau-archive=1.0
eval=1 | not-eval=5 | tau= 0.97 | n_kendall=12 | std(means)/mean(stds)=  0.83 | std(means)=2.01e+01 | mean(stds)=2.42e+01
tau-population=-0.33
subset-idx-size=21

NN: 0
epoch: 200 , mse_ 3.691 , loss_anch 15.793 tau-train= 0.93
epoch: 400 , mse_ 0.997 , loss_anch 12.137 tau-train= 0.96
epoch: 600 , mse_ 0.396 , loss_anch 10.448 tau-train= 1.00
epoch: 800 , mse_ 0.247 , loss_anch 9.363 tau-train= 1.00
epoch: 1000 , mse_ 0.204 , loss_anch 8.55 tau-train= 1.00

NN: 1
epoch: 200 , mse_ 0.923 , loss_anch 16.17 tau-train= 0.93
epoch: 400 , mse_ 0.791 , loss_anch 13.661 tau-train= 0.93
epoch: 600 , mse_ 0.695 , loss_anch 12.392 tau-train= 0.93
epoch: 800 , mse_ 0.629 , loss_anch 11.261 tau-train= 0.96
epoch: 1000 , mse_ 0.426 , loss_anch 9.42 tau-train= 0.96

NN: 2
epoch: 200 , mse_ 2.405 , loss_anch 7.099 tau-train= 1.00
epoch: 400 , mse_ 1.244 , loss_anch 5.293 tau-train= 1.00
epoch: 600 , mse_ 0.746 , loss_anch 4.353 tau-train= 1.00
epoch: 800 , mse_ 0.478 , loss_anch 3.777 tau-train= 1.00
epoch: 1000 , mse_ 0.334 , loss_anch 3.408 tau-train= 1.00

NN: 3
epoch: 200 , mse_ 1.667 , loss_anch 25.942 tau-train= 0.93
epoch: 400 , mse_ 0.983 , loss_anch 21.328 tau-train= 0.96
epoch: 600 , mse_ 0.82 , loss_anch 19.054 tau-train= 0.96
epoch: 800 , mse_ 0.564 , loss_anch 16.36 tau-train= 0.96
epoch: 1000 , mse_ 0.455 , loss_anch 14.59 tau-train= 0.96

NN: 4
epoch: 200 , mse_ 0.342 , loss_anch 10.018 tau-train= 1.00
epoch: 400 , mse_ 0.239 , loss_anch 8.336 tau-train= 1.00
epoch: 600 , mse_ 0.212 , loss_anch 7.448 tau-train= 1.00
epoch: 800 , mse_ 0.203 , loss_anch 6.801 tau-train= 1.00
epoch: 1000 , mse_ 0.155 , loss_anch 6.271 tau-train= 1.00
tau-train-ens=1.0
tau-archive=1.0
eval=1 | not-eval=5 | tau= 0.94 | n_kendall=12 | std(means)/mean(stds)=  0.48 | std(means)=4.51e+00 | mean(stds)=9.36e+00
tau-population= 0.60
subset-idx-size=22

NN: 0
epoch: 200 , mse_ 5.576 , loss_anch 10.472 tau-train= 0.89
epoch: 400 , mse_ 1.11 , loss_anch 5.893 tau-train= 0.93
epoch: 600 , mse_ 0.576 , loss_anch 4.918 tau-train= 0.96
epoch: 800 , mse_ 0.37 , loss_anch 4.439 tau-train= 0.96
epoch: 1000 , mse_ 0.282 , loss_anch 4.138 tau-train= 0.96

NN: 1
epoch: 200 , mse_ 2.215 , loss_anch 9.81 tau-train= 0.93
epoch: 400 , mse_ 0.626 , loss_anch 5.411 tau-train= 0.96
epoch: 600 , mse_ 0.377 , loss_anch 3.897 tau-train= 1.00
epoch: 800 , mse_ 0.262 , loss_anch 3.153 tau-train= 1.00
epoch: 1000 , mse_ 0.224 , loss_anch 2.868 tau-train= 1.00

NN: 2
epoch: 200 , mse_ 2.856 , loss_anch 15.369 tau-train= 1.00
epoch: 400 , mse_ 1.36 , loss_anch 11.196 tau-train= 1.00
epoch: 600 , mse_ 0.847 , loss_anch 9.311 tau-train= 1.00
epoch: 800 , mse_ 0.608 , loss_anch 8.148 tau-train= 1.00
epoch: 1000 , mse_ 0.496 , loss_anch 7.353 tau-train= 1.00

NN: 3
epoch: 200 , mse_ 1.531 , loss_anch 10.183 tau-train= 0.93
epoch: 400 , mse_ 0.796 , loss_anch 7.183 tau-train= 0.93
epoch: 600 , mse_ 0.553 , loss_anch 6.235 tau-train= 0.93
epoch: 800 , mse_ 0.366 , loss_anch 5.291 tau-train= 0.96
epoch: 1000 , mse_ 0.324 , loss_anch 5.126 tau-train= 0.93

NN: 4
epoch: 200 , mse_ 1.246 , loss_anch 11.117 tau-train= 0.85
epoch: 400 , mse_ 0.584 , loss_anch 7.88 tau-train= 0.93
epoch: 600 , mse_ 0.379 , loss_anch 6.455 tau-train= 0.93
epoch: 800 , mse_ 0.31 , loss_anch 5.529 tau-train= 0.93
epoch: 1000 , mse_ 0.238 , loss_anch 4.819 tau-train= 0.93
tau-train-ens=0.9636363636363636
tau-archive=0.9636363636363636
eval=1 | not-eval=5 | tau= 0.94 | n_kendall=12 | std(means)/mean(stds)=  0.90 | std(means)=1.49e+01 | mean(stds)=1.66e+01
tau-population= 1.00
subset-idx-size=23

NN: 0
epoch: 200 , mse_ 6.812 , loss_anch 10.31 tau-train= 0.82
epoch: 400 , mse_ 2.389 , loss_anch 6.214 tau-train= 0.75
epoch: 600 , mse_ 1.119 , loss_anch 4.94 tau-train= 0.78
epoch: 800 , mse_ 0.623 , loss_anch 4.319 tau-train= 0.82
epoch: 1000 , mse_ 0.393 , loss_anch 3.881 tau-train= 0.85

NN: 1
epoch: 200 , mse_ 1.141 , loss_anch 12.396 tau-train= 0.85
epoch: 400 , mse_ 0.409 , loss_anch 8.573 tau-train= 0.82
epoch: 600 , mse_ 0.338 , loss_anch 6.936 tau-train= 0.82
epoch: 800 , mse_ 0.33 , loss_anch 6.052 tau-train= 0.85
epoch: 1000 , mse_ 0.276 , loss_anch 5.564 tau-train= 0.85

NN: 2
epoch: 200 , mse_ 5.356 , loss_anch 13.875 tau-train= 0.85
epoch: 400 , mse_ 1.694 , loss_anch 8.73 tau-train= 0.85
epoch: 600 , mse_ 1.155 , loss_anch 7.318 tau-train= 0.89
epoch: 800 , mse_ 0.907 , loss_anch 6.531 tau-train= 0.89
epoch: 1000 , mse_ 0.775 , loss_anch 5.965 tau-train= 0.89

NN: 3
epoch: 200 , mse_ 2.253 , loss_anch 16.18 tau-train= 0.78
epoch: 400 , mse_ 1.28 , loss_anch 13.494 tau-train= 0.78
epoch: 600 , mse_ 0.718 , loss_anch 11.711 tau-train= 0.78
epoch: 800 , mse_ 0.654 , loss_anch 11.087 tau-train= 0.78
epoch: 1000 , mse_ 0.628 , loss_anch 10.653 tau-train= 0.78

NN: 4
epoch: 200 , mse_ 0.551 , loss_anch 5.673 tau-train= 0.82
epoch: 400 , mse_ 0.323 , loss_anch 4.068 tau-train= 0.82
epoch: 600 , mse_ 0.169 , loss_anch 3.136 tau-train= 0.85
epoch: 800 , mse_ 0.139 , loss_anch 2.713 tau-train= 0.85
epoch: 1000 , mse_ 0.129 , loss_anch 2.498 tau-train= 0.85
tau-train-ens=0.8545454545454545
tau-archive=0.8545454545454545
eval=6 | not-eval=0 | tau=-0.51 | n_kendall=12 | std(means)/mean(stds)=  0.76 | std(means)=5.75e+00 | mean(stds)=7.61e+00
tau-population=-0.60
subset-idx-size=29

NN: 0
epoch: 200 , mse_ 14.554 , loss_anch 23.194 tau-train= 0.09
epoch: 400 , mse_ 1.515 , loss_anch 11.024 tau-train= 0.35
epoch: 600 , mse_ 0.999 , loss_anch 10.315 tau-train= 0.31
epoch: 800 , mse_ 0.787 , loss_anch 9.797 tau-train= 0.35
epoch: 1000 , mse_ 0.657 , loss_anch 9.371 tau-train= 0.38

NN: 1
epoch: 200 , mse_ 0.96 , loss_anch 7.254 tau-train= 0.49
epoch: 400 , mse_ 0.602 , loss_anch 5.924 tau-train= 0.53
epoch: 600 , mse_ 0.438 , loss_anch 5.148 tau-train= 0.67
epoch: 800 , mse_ 0.277 , loss_anch 4.575 tau-train= 0.67
epoch: 1000 , mse_ 0.246 , loss_anch 4.27 tau-train= 0.75

NN: 2
epoch: 200 , mse_ 4.518 , loss_anch 7.481 tau-train= 0.13
epoch: 400 , mse_ 0.858 , loss_anch 3.584 tau-train= 0.35
epoch: 600 , mse_ 0.42 , loss_anch 2.861 tau-train= 0.38
epoch: 800 , mse_ 0.282 , loss_anch 2.517 tau-train= 0.38
epoch: 1000 , mse_ 0.217 , loss_anch 2.286 tau-train= 0.45

NN: 3
epoch: 200 , mse_ 3.319 , loss_anch 16.188 tau-train= 0.53
epoch: 400 , mse_ 0.817 , loss_anch 10.81 tau-train= 0.67
epoch: 600 , mse_ 0.623 , loss_anch 9.503 tau-train= 0.75
epoch: 800 , mse_ 0.373 , loss_anch 8.161 tau-train= 0.71
epoch: 1000 , mse_ 0.288 , loss_anch 7.413 tau-train= 0.75

NN: 4
epoch: 200 , mse_ 0.64 , loss_anch 4.846 tau-train= 0.75
epoch: 400 , mse_ 0.375 , loss_anch 3.92 tau-train= 0.78
epoch: 600 , mse_ 0.259 , loss_anch 3.271 tau-train= 0.78
epoch: 800 , mse_ 0.221 , loss_anch 2.88 tau-train= 0.78
epoch: 1000 , mse_ 0.206 , loss_anch 2.648 tau-train= 0.78
tau-train-ens=0.6727272727272727
tau-archive=0.6727272727272727
eval=6 | not-eval=0 | tau= 0.56 | n_kendall=12 | std(means)/mean(stds)=  0.54 | std(means)=7.78e+00 | mean(stds)=1.44e+01
tau-population= 0.73
subset-idx-size=35

NN: 0
epoch: 200 , mse_ 11.169 , loss_anch 14.543 tau-train= 0.16
epoch: 400 , mse_ 2.49 , loss_anch 6.429 tau-train= 0.31
epoch: 600 , mse_ 1.622 , loss_anch 5.501 tau-train= 0.42
epoch: 800 , mse_ 1.146 , loss_anch 4.918 tau-train= 0.42
epoch: 1000 , mse_ 0.918 , loss_anch 4.574 tau-train= 0.49

NN: 1
epoch: 200 , mse_ 1.268 , loss_anch 8.44 tau-train= 0.56
epoch: 400 , mse_ 0.429 , loss_anch 6.025 tau-train= 0.71
epoch: 600 , mse_ 0.3 , loss_anch 5.035 tau-train= 0.75
epoch: 800 , mse_ 0.25 , loss_anch 4.512 tau-train= 0.78
epoch: 1000 , mse_ 0.217 , loss_anch 4.088 tau-train= 0.82

NN: 2
epoch: 200 , mse_ 34.544 , loss_anch 38.853 tau-train= 0.42
epoch: 400 , mse_ 12.875 , loss_anch 17.852 tau-train= 0.35
epoch: 600 , mse_ 6.465 , loss_anch 11.357 tau-train= 0.42
epoch: 800 , mse_ 3.416 , loss_anch 8.212 tau-train= 0.42
epoch: 1000 , mse_ 1.924 , loss_anch 6.594 tau-train= 0.42

NN: 3
epoch: 200 , mse_ 3.093 , loss_anch 22.981 tau-train= 0.49
epoch: 400 , mse_ 1.259 , loss_anch 12.742 tau-train= 0.75
epoch: 600 , mse_ 0.969 , loss_anch 10.45 tau-train= 0.67
epoch: 800 , mse_ 0.687 , loss_anch 8.76 tau-train= 0.64
epoch: 1000 , mse_ 0.628 , loss_anch 7.734 tau-train= 0.67

NN: 4
epoch: 200 , mse_ 0.895 , loss_anch 9.159 tau-train= 0.71
epoch: 400 , mse_ 0.643 , loss_anch 7.482 tau-train= 0.75
epoch: 600 , mse_ 0.541 , loss_anch 6.397 tau-train= 0.78
epoch: 800 , mse_ 0.487 , loss_anch 5.789 tau-train= 0.82
epoch: 1000 , mse_ 0.423 , loss_anch 5.457 tau-train= 0.85
tau-train-ens=0.7818181818181819
tau-archive=0.7818181818181819
eval=6 | not-eval=0 | tau= 0.20 | n_kendall=12 | std(means)/mean(stds)=  0.38 | std(means)=4.29e+00 | mean(stds)=1.14e+01
tau-population= 0.20
subset-idx-size=40

NN: 0
epoch: 200 , mse_ 19.017 , loss_anch 21.155 tau-train= 0.02
epoch: 400 , mse_ 10.606 , loss_anch 12.83 tau-train= 0.05
epoch: 600 , mse_ 6.867 , loss_anch 9.206 tau-train= 0.09
epoch: 800 , mse_ 4.692 , loss_anch 7.148 tau-train= 0.20
epoch: 1000 , mse_ 3.318 , loss_anch 5.863 tau-train= 0.20

NN: 1
epoch: 200 , mse_ 1.088 , loss_anch 8.369 tau-train= 0.67
epoch: 400 , mse_ 0.474 , loss_anch 6.73 tau-train= 0.75
epoch: 600 , mse_ 0.3 , loss_anch 5.416 tau-train= 0.82
epoch: 800 , mse_ 0.262 , loss_anch 4.682 tau-train= 0.85
epoch: 1000 , mse_ 0.226 , loss_anch 4.293 tau-train= 0.89

NN: 2
epoch: 200 , mse_ 3.726 , loss_anch 12.037 tau-train= 0.20
epoch: 400 , mse_ 1.933 , loss_anch 8.421 tau-train= 0.09
epoch: 600 , mse_ 1.331 , loss_anch 6.927 tau-train= 0.24
epoch: 800 , mse_ 0.982 , loss_anch 5.942 tau-train= 0.27
epoch: 1000 , mse_ 0.77 , loss_anch 5.199 tau-train= 0.31

NN: 3
epoch: 200 , mse_ 1.977 , loss_anch 14.002 tau-train= 0.71
epoch: 400 , mse_ 1.579 , loss_anch 11.294 tau-train= 0.75
epoch: 600 , mse_ 1.373 , loss_anch 9.964 tau-train= 0.78
epoch: 800 , mse_ 1.221 , loss_anch 9.13 tau-train= 0.85
epoch: 1000 , mse_ 1.072 , loss_anch 8.379 tau-train= 0.85

NN: 4
epoch: 200 , mse_ 1.822 , loss_anch 7.337 tau-train= 0.75
epoch: 400 , mse_ 0.746 , loss_anch 4.991 tau-train= 0.85
epoch: 600 , mse_ 0.602 , loss_anch 3.957 tau-train= 0.82
epoch: 800 , mse_ 0.546 , loss_anch 3.509 tau-train= 0.89
epoch: 1000 , mse_ 0.438 , loss_anch 3.175 tau-train= 0.85
tau-train-ens=0.8545454545454545
tau-archive=0.8545454545454545
eval=1 | not-eval=5 | tau= 0.88 | n_kendall=12 | std(means)/mean(stds)=  0.86 | std(means)=9.39e+00 | mean(stds)=1.10e+01
tau-population= 0.33
subset-idx-size=40

NN: 0
epoch: 200 , mse_ 8.086 , loss_anch 9.594 tau-train= 0.27
epoch: 400 , mse_ 3.313 , loss_anch 5.006 tau-train= 0.60
epoch: 600 , mse_ 1.976 , loss_anch 3.69 tau-train= 0.71
epoch: 800 , mse_ 1.279 , loss_anch 2.936 tau-train= 0.82
epoch: 1000 , mse_ 0.978 , loss_anch 2.569 tau-train= 0.85

NN: 1
epoch: 200 , mse_ 1.827 , loss_anch 11.233 tau-train= 0.35
epoch: 400 , mse_ 0.903 , loss_anch 8.651 tau-train= 0.49
epoch: 600 , mse_ 0.815 , loss_anch 7.427 tau-train= 0.60
epoch: 800 , mse_ 0.731 , loss_anch 6.81 tau-train= 0.82
epoch: 1000 , mse_ 0.643 , loss_anch 6.334 tau-train= 0.82

NN: 2
epoch: 200 , mse_ 8.717 , loss_anch 12.98 tau-train= 0.24
epoch: 400 , mse_ 2.333 , loss_anch 7.338 tau-train= 0.24
epoch: 600 , mse_ 1.53 , loss_anch 6.141 tau-train= 0.27
epoch: 800 , mse_ 1.243 , loss_anch 5.443 tau-train= 0.38
epoch: 1000 , mse_ 1.101 , loss_anch 4.929 tau-train= 0.45

NN: 3
epoch: 200 , mse_ 5.1 , loss_anch 14.852 tau-train= 0.27
epoch: 400 , mse_ 2.43 , loss_anch 11.507 tau-train= 0.60
epoch: 600 , mse_ 1.354 , loss_anch 9.393 tau-train= 0.82
epoch: 800 , mse_ 1.145 , loss_anch 8.438 tau-train= 0.89
epoch: 1000 , mse_ 1.033 , loss_anch 7.988 tau-train= 0.93

NN: 4
epoch: 200 , mse_ 1.407 , loss_anch 10.055 tau-train= 0.71
epoch: 400 , mse_ 0.954 , loss_anch 7.805 tau-train= 0.78
epoch: 600 , mse_ 0.732 , loss_anch 6.584 tau-train= 0.85
epoch: 800 , mse_ 0.506 , loss_anch 5.779 tau-train= 0.85
epoch: 1000 , mse_ 0.502 , loss_anch 5.047 tau-train= 0.82
tau-train-ens=0.9636363636363636
tau-archive=0.9636363636363636
eval=1 | not-eval=5 | tau= 0.97 | n_kendall=12 | std(means)/mean(stds)=  0.87 | std(means)=1.48e+01 | mean(stds)=1.70e+01
tau-population=-0.07
subset-idx-size=40

NN: 0
epoch: 200 , mse_ 45.354 , loss_anch 49.489 tau-train=-0.31
epoch: 400 , mse_ 20.123 , loss_anch 24.731 tau-train= 0.09
epoch: 600 , mse_ 9.772 , loss_anch 14.577 tau-train= 0.09
epoch: 800 , mse_ 3.236 , loss_anch 8.551 tau-train= 0.27
epoch: 1000 , mse_ 1.853 , loss_anch 7.22 tau-train= 0.45

NN: 1
epoch: 200 , mse_ 8.861 , loss_anch 23.637 tau-train=-0.27
epoch: 400 , mse_ 2.578 , loss_anch 16.843 tau-train= 0.35
epoch: 600 , mse_ 1.925 , loss_anch 14.339 tau-train= 0.45
epoch: 800 , mse_ 1.644 , loss_anch 12.812 tau-train= 0.60
epoch: 1000 , mse_ 1.534 , loss_anch 11.849 tau-train= 0.64

NN: 2
epoch: 200 , mse_ 2.701 , loss_anch 8.811 tau-train= 0.49
epoch: 400 , mse_ 1.088 , loss_anch 6.09 tau-train= 0.64
epoch: 600 , mse_ 0.85 , loss_anch 5.118 tau-train= 0.67
epoch: 800 , mse_ 0.722 , loss_anch 4.477 tau-train= 0.75
epoch: 1000 , mse_ 0.607 , loss_anch 3.944 tau-train= 0.75

NN: 3
epoch: 200 , mse_ 7.209 , loss_anch 29.953 tau-train= 0.13
epoch: 400 , mse_ 2.275 , loss_anch 21.264 tau-train= 0.71
epoch: 600 , mse_ 1.989 , loss_anch 18.086 tau-train= 0.67
epoch: 800 , mse_ 1.846 , loss_anch 16.754 tau-train= 0.71
epoch: 1000 , mse_ 1.843 , loss_anch 16.234 tau-train= 0.67

NN: 4
epoch: 200 , mse_ 3.679 , loss_anch 19.312 tau-train= 0.60
epoch: 400 , mse_ 2.871 , loss_anch 15.462 tau-train= 0.64
epoch: 600 , mse_ 2.53 , loss_anch 13.985 tau-train= 0.60
epoch: 800 , mse_ 1.792 , loss_anch 11.875 tau-train= 0.56
epoch: 1000 , mse_ 1.473 , loss_anch 10.668 tau-train= 0.56
tau-train-ens=0.6727272727272727
tau-archive=0.6727272727272727
eval=6 | not-eval=0 | tau=-0.29 | n_kendall=12 | std(means)/mean(stds)=  0.20 | std(means)=6.69e+00 | mean(stds)=3.29e+01
tau-population=  nan
 2D  5-fun   1-inst  500-budget  True-solved  49-evals  108-cma-evals   90s 0-restarts  6-init-pop (Surrogate(model=Raf(data_noise=0.01), subset=ClosestToEachTestPoint(Mahalanobis, n_max_coef=20), sns=shift_and_scale_x_by_es_y_by_train), EvaluateUntilKendallThreshold(mean_criterion, tau_threshold=0.85, offset=True), n_min_fn=get_dim) 0.0e+00-delta-f          1-seed
