(3_w,6)-aCMA-ES (mu_w=2.0,w_1=63%) in dimension 2 (seed=1, Mon Apr 22 01:15:14 2024)
 2D  5-fun   1-inst  500-budget  True-solved  53-evals  192-cma-evals  182s 0-restarts  6-init-pop (Surrogate(model=Raf(data_noise=0.01), subset=ClosestToEachTestPoint(Mahalanobis, n_max_coef=20), x_tf=ShiftAndScaleByEs, y_tf=MinAdjustedLog), EvaluateUntilKendallThreshold(mean_criterion, tau_threshold=0.85, offset=True), n_min_fn=get_dim) 0.0e+00-delta-f          1-seed
