(3_w,6)-aCMA-ES (mu_w=2.0,w_1=63%) in dimension 2 (seed=1, Sun Apr 21 16:34:44 2024)
subset-idx-size=6
tau-train-ens=0.9999999999999999
tau-archive=0.9999999999999999
eval=1 | not-eval=5 | tau= 1.00 | n_kendall= 7 | std(means)/mean(stds)=  0.00 | std(means)=2.01e+05 | mean(stds)=4.12e+17
tau-population= 0.60
subset-idx-size=7
tau-train-ens=1.0
tau-archive=0.9999999999999999
eval=1 | not-eval=5 | tau= 0.93 | n_kendall= 8 | std(means)/mean(stds)=  0.00 | std(means)=9.66e+01 | mean(stds)=1.89e+06
tau-population=-0.75
subset-idx-size=8
tau-train-ens=0.9285714285714285
tau-archive=0.9047619047619049
eval=6 | not-eval=0 | tau= 0.60 | n_kendall=12 | std(means)/mean(stds)=  0.00 | std(means)=8.82e+05 | mean(stds)=2.03e+08
tau-population= 0.75
subset-idx-size=12
tau-train-ens=0.8545454545454545
tau-archive=0.8545454545454545
eval=6 | not-eval=0 | tau= 0.42 | n_kendall=12 | std(means)/mean(stds)=179.93 | std(means)=1.24e+03 | mean(stds)=6.88e+00
tau-population=-0.07
subset-idx-size=12
tau-train-ens=1.0
tau-archive=1.0
eval=1 | not-eval=5 | tau= 0.97 | n_kendall=12 | std(means)/mean(stds)=27471.93 | std(means)=2.27e+05 | mean(stds)=8.28e+00
tau-population= 1.00
subset-idx-size=12
tau-train-ens=1.0
tau-archive=1.0
eval=6 | not-eval=0 | tau= 0.16 | n_kendall=12 | std(means)/mean(stds)= 70.08 | std(means)=1.29e+02 | mean(stds)=1.85e+00
tau-population=-0.20
subset-idx-size=12
tau-train-ens=1.0
tau-archive=1.0
eval=1 | not-eval=5 | tau= 0.97 | n_kendall=12 | std(means)/mean(stds)= 37.15 | std(means)=4.26e+03 | mean(stds)=1.15e+02
tau-population= 0.47
subset-idx-size=12
tau-train-ens=0.9636363636363636
tau-archive=0.9636363636363636
eval=1 | not-eval=5 | tau= 0.94 | n_kendall=12 | std(means)/mean(stds)= 28.00 | std(means)=7.14e+01 | mean(stds)=2.55e+00
tau-population= 1.00
subset-idx-size=12
tau-train-ens=1.0
tau-archive=1.0
eval=1 | not-eval=5 | tau= 1.00 | n_kendall=12 | std(means)/mean(stds)=195.09 | std(means)=2.86e+02 | mean(stds)=1.46e+00
tau-population= 1.00
subset-idx-size=12
tau-train-ens=0.9636363636363636
tau-archive=0.9636363636363636
eval=1 | not-eval=5 | tau= 0.97 | n_kendall=12 | std(means)/mean(stds)=8899.45 | std(means)=2.85e+04 | mean(stds)=3.21e+00
tau-population= 0.60
subset-idx-size=12
tau-train-ens=1.0
tau-archive=1.0
eval=1 | not-eval=5 | tau= 0.94 | n_kendall=12 | std(means)/mean(stds)=  0.04 | std(means)=1.14e+01 | mean(stds)=2.70e+02
tau-population=-0.20
subset-idx-size=12
tau-train-ens=0.9272727272727274
tau-archive=0.9272727272727274
eval=1 | not-eval=5 | tau= 0.94 | n_kendall=12 | std(means)/mean(stds)=  0.03 | std(means)=1.27e+07 | mean(stds)=4.25e+08
tau-population= 0.87
subset-idx-size=12
tau-train-ens=0.9272727272727274
tau-archive=0.9272727272727274
eval=1 | not-eval=5 | tau= 0.88 | n_kendall=12 | std(means)/mean(stds)= 38.13 | std(means)=5.31e+01 | mean(stds)=1.39e+00
tau-population= 0.47
subset-idx-size=12
tau-train-ens=0.9636363636363636
tau-archive=0.9636363636363636
eval=1 | not-eval=5 | tau= 0.97 | n_kendall=12 | std(means)/mean(stds)=1253.00 | std(means)=2.31e+03 | mean(stds)=1.84e+00
tau-population= 0.47
subset-idx-size=12
tau-train-ens=0.9636363636363636
tau-archive=0.9636363636363636
eval=1 | not-eval=5 | tau= 0.97 | n_kendall=12 | std(means)/mean(stds)=  0.97 | std(means)=2.24e+00 | mean(stds)=2.31e+00
tau-population= 0.33
subset-idx-size=12
tau-train-ens=1.0
tau-archive=1.0
eval=6 | not-eval=0 | tau= 0.60 | n_kendall=12 | std(means)/mean(stds)=  2.44 | std(means)=5.33e+00 | mean(stds)=2.18e+00
tau-population= 0.33
subset-idx-size=12
tau-train-ens=0.9272727272727274
tau-archive=0.9272727272727274
eval=6 | not-eval=0 | tau= 0.47 | n_kendall=12 | std(means)/mean(stds)=  1.39 | std(means)=1.09e+01 | mean(stds)=7.79e+00
tau-population=-0.07
subset-idx-size=12
tau-train-ens=0.9272727272727274
tau-archive=0.9272727272727274
eval=5 | not-eval=1 | tau= 0.94 | n_kendall=12 | std(means)/mean(stds)=421.98 | std(means)=1.87e+03 | mean(stds)=4.44e+00
tau-population= 0.87
subset-idx-size=12
tau-train-ens=1.0
tau-archive=1.0
eval=1 | not-eval=5 | tau= 0.97 | n_kendall=12 | std(means)/mean(stds)=  0.61 | std(means)=1.60e+09 | mean(stds)=2.61e+09
tau-population= 0.47
subset-idx-size=12
tau-train-ens=0.7818181818181819
tau-archive=0.7818181818181819
eval=6 | not-eval=0 | tau= 0.11 | n_kendall=12 | std(means)/mean(stds)= 57.13 | std(means)=2.60e+02 | mean(stds)=4.55e+00
tau-population= 0.07
subset-idx-size=12
tau-train-ens=0.9636363636363636
tau-archive=0.9636363636363636
eval=1 | not-eval=5 | tau= 0.97 | n_kendall=12 | std(means)/mean(stds)=16807.37 | std(means)=9.07e+04 | mean(stds)=5.39e+00
tau-population= 1.00
subset-idx-size=12
tau-train-ens=1.0
tau-archive=1.0
eval=1 | not-eval=5 | tau= 0.94 | n_kendall=12 | std(means)/mean(stds)=281.71 | std(means)=1.13e+04 | mean(stds)=4.00e+01
tau-population= 0.87
subset-idx-size=12
tau-train-ens=0.9636363636363636
tau-archive=0.9636363636363636
eval=1 | not-eval=5 | tau= 0.94 | n_kendall=12 | std(means)/mean(stds)=  2.60 | std(means)=3.11e+00 | mean(stds)=1.20e+00
tau-population= 0.87
subset-idx-size=12
tau-train-ens=1.0
tau-archive=1.0
eval=1 | not-eval=5 | tau= 0.97 | n_kendall=12 | std(means)/mean(stds)=  0.68 | std(means)=1.19e+00 | mean(stds)=1.75e+00
tau-population= 0.33
subset-idx-size=12
tau-train-ens=0.9636363636363636
tau-archive=0.9636363636363636
eval=1 | not-eval=5 | tau= 0.97 | n_kendall=12 | std(means)/mean(stds)=  0.08 | std(means)=6.39e+00 | mean(stds)=7.98e+01
tau-population= 0.47
subset-idx-size=12
tau-train-ens=0.9636363636363636
tau-archive=0.9636363636363636
eval=6 | not-eval=0 | tau= 0.38 | n_kendall=12 | std(means)/mean(stds)=  1.36 | std(means)=3.06e+00 | mean(stds)=2.26e+00
tau-population= 0.20
subset-idx-size=12
tau-train-ens=1.0
tau-archive=1.0
eval=1 | not-eval=5 | tau= 0.97 | n_kendall=12 | std(means)/mean(stds)=  1.43 | std(means)=2.44e+00 | mean(stds)=1.71e+00
tau-population= 0.20
subset-idx-size=12
tau-train-ens=0.9636363636363636
tau-archive=0.9636363636363636
eval=1 | not-eval=5 | tau= 0.94 | n_kendall=12 | std(means)/mean(stds)= 50.16 | std(means)=1.57e+03 | mean(stds)=3.14e+01
tau-population= 0.73
subset-idx-size=12
tau-train-ens=0.9636363636363636
tau-archive=0.9636363636363636
eval=1 | not-eval=5 | tau= 0.94 | n_kendall=12 | std(means)/mean(stds)= 36.53 | std(means)=5.80e+01 | mean(stds)=1.59e+00
tau-population= 0.60
subset-idx-size=12
tau-train-ens=1.0
tau-archive=1.0
eval=1 | not-eval=5 | tau= 1.00 | n_kendall=12 | std(means)/mean(stds)=  1.65 | std(means)=2.16e+00 | mean(stds)=1.31e+00
tau-population= 1.00
subset-idx-size=12
tau-train-ens=1.0
tau-archive=1.0
eval=1 | not-eval=5 | tau= 1.00 | n_kendall=12 | std(means)/mean(stds)=  1.07 | std(means)=1.36e+00 | mean(stds)=1.27e+00
tau-population= 0.47
subset-idx-size=12
tau-train-ens=1.0
tau-archive=1.0
eval=1 | not-eval=5 | tau= 1.00 | n_kendall=12 | std(means)/mean(stds)=  0.58 | std(means)=6.88e-01 | mean(stds)=1.19e+00
tau-population= 0.87
subset-idx-size=12
tau-train-ens=1.0
tau-archive=1.0
eval=1 | not-eval=5 | tau= 1.00 | n_kendall=12 | std(means)/mean(stds)=  6.26 | std(means)=1.04e+01 | mean(stds)=1.67e+00
tau-population= 0.33
subset-idx-size=12
tau-train-ens=1.0
tau-archive=1.0
eval=1 | not-eval=5 | tau= 1.00 | n_kendall=12 | std(means)/mean(stds)=  1.19 | std(means)=1.30e+00 | mean(stds)=1.09e+00
tau-population= 0.47
subset-idx-size=12
tau-train-ens=1.0
tau-archive=1.0
eval=6 | not-eval=0 | tau= 0.02 | n_kendall=12 | std(means)/mean(stds)=  0.43 | std(means)=4.69e-01 | mean(stds)=1.09e+00
tau-population=-0.33
subset-idx-size=12
tau-train-ens=1.0
tau-archive=1.0
eval=1 | not-eval=5 | tau= 0.97 | n_kendall=12 | std(means)/mean(stds)= 10.82 | std(means)=1.73e+01 | mean(stds)=1.60e+00
tau-population= 0.47
subset-idx-size=12
tau-train-ens=1.0
tau-archive=1.0
eval=1 | not-eval=5 | tau= 1.00 | n_kendall=12 | std(means)/mean(stds)=  0.52 | std(means)=6.18e-01 | mean(stds)=1.19e+00
tau-population=-0.47
subset-idx-size=12
tau-train-ens=1.0
tau-archive=1.0
eval=1 | not-eval=5 | tau= 0.88 | n_kendall=12 | std(means)/mean(stds)=  1.86 | std(means)=2.46e+00 | mean(stds)=1.32e+00
tau-population=-0.60
subset-idx-size=12
tau-train-ens=1.0
tau-archive=1.0
eval=1 | not-eval=5 | tau= 1.00 | n_kendall=12 | std(means)/mean(stds)=  0.34 | std(means)=3.68e-01 | mean(stds)=1.10e+00
tau-population= 0.87
subset-idx-size=12
tau-train-ens=1.0
tau-archive=1.0
eval=1 | not-eval=5 | tau= 0.94 | n_kendall=12 | std(means)/mean(stds)=  0.45 | std(means)=5.64e-01 | mean(stds)=1.26e+00
tau-population= 0.20
subset-idx-size=12
tau-train-ens=1.0
tau-archive=1.0
eval=1 | not-eval=5 | tau= 1.00 | n_kendall=12 | std(means)/mean(stds)=  1.86 | std(means)=2.43e+00 | mean(stds)=1.31e+00
tau-population= 1.00
subset-idx-size=12
tau-train-ens=1.0
tau-archive=1.0
eval=1 | not-eval=5 | tau= 1.00 | n_kendall=12 | std(means)/mean(stds)=  0.39 | std(means)=4.80e-01 | mean(stds)=1.23e+00
tau-population=-0.33
subset-idx-size=12
tau-train-ens=1.0
tau-archive=1.0
eval=1 | not-eval=5 | tau= 0.94 | n_kendall=12 | std(means)/mean(stds)=  0.18 | std(means)=1.98e-01 | mean(stds)=1.10e+00
tau-population=-0.07
subset-idx-size=12
tau-train-ens=0.9636363636363636
tau-archive=0.9636363636363636
eval=1 | not-eval=5 | tau= 0.97 | n_kendall=12 | std(means)/mean(stds)=  0.29 | std(means)=3.09e-01 | mean(stds)=1.07e+00
tau-population= 0.87
subset-idx-size=12
tau-train-ens=1.0
tau-archive=1.0
eval=1 | not-eval=5 | tau= 1.00 | n_kendall=12 | std(means)/mean(stds)=  0.26 | std(means)=2.64e-01 | mean(stds)=1.03e+00
tau-population= 0.87
subset-idx-size=12
tau-train-ens=0.9636363636363636
tau-archive=0.9636363636363636
eval=1 | not-eval=5 | tau= 0.97 | n_kendall=12 | std(means)/mean(stds)=  0.22 | std(means)=2.44e-01 | mean(stds)=1.11e+00
tau-population= 0.47
subset-idx-size=12
tau-train-ens=0.9636363636363636
tau-archive=0.9636363636363636
eval=6 | not-eval=0 | tau= 0.60 | n_kendall=12 | std(means)/mean(stds)=  1.11 | std(means)=1.21e+00 | mean(stds)=1.08e+00
tau-population= 0.47
subset-idx-size=12
tau-train-ens=0.9636363636363636
tau-archive=0.9636363636363636
eval=1 | not-eval=5 | tau= 0.94 | n_kendall=12 | std(means)/mean(stds)=  2.01 | std(means)=2.28e+00 | mean(stds)=1.14e+00
tau-population= 0.20
subset-idx-size=12
tau-train-ens=0.9272727272727274
tau-archive=0.9272727272727274
eval=1 | not-eval=5 | tau= 0.94 | n_kendall=12 | std(means)/mean(stds)=  0.53 | std(means)=6.06e-01 | mean(stds)=1.15e+00
tau-population= 1.00
subset-idx-size=12
tau-train-ens=0.8909090909090909
tau-archive=0.8909090909090909
eval=6 | not-eval=0 | tau= 0.73 | n_kendall=12 | std(means)/mean(stds)=  0.16 | std(means)=1.71e-01 | mean(stds)=1.04e+00
tau-population= 0.87
subset-idx-size=12
tau-train-ens=1.0
tau-archive=1.0
eval=1 | not-eval=5 | tau= 1.00 | n_kendall=12 | std(means)/mean(stds)=  0.05 | std(means)=5.35e-02 | mean(stds)=1.01e+00
tau-population= 0.73
subset-idx-size=12
tau-train-ens=0.9636363636363636
tau-archive=0.9636363636363636
eval=1 | not-eval=5 | tau= 0.91 | n_kendall=12 | std(means)/mean(stds)=  0.05 | std(means)=5.54e-02 | mean(stds)=1.02e+00
tau-population= 0.60
subset-idx-size=12
tau-train-ens=0.9636363636363636
tau-archive=0.9636363636363636
eval=1 | not-eval=5 | tau= 0.97 | n_kendall=12 | std(means)/mean(stds)=  0.06 | std(means)=6.01e-02 | mean(stds)=1.02e+00
tau-population= 1.00
subset-idx-size=12
tau-train-ens=0.9636363636363636
tau-archive=0.9636363636363636
eval=1 | not-eval=5 | tau= 0.97 | n_kendall=12 | std(means)/mean(stds)=  0.03 | std(means)=2.85e-02 | mean(stds)=1.01e+00
tau-population= 1.00
subset-idx-size=12
tau-train-ens=0.9636363636363636
tau-archive=0.9636363636363636
eval=1 | not-eval=5 | tau= 0.97 | n_kendall=12 | std(means)/mean(stds)=  0.07 | std(means)=7.23e-02 | mean(stds)=1.01e+00
tau-population= 0.47
subset-idx-size=12
tau-train-ens=1.0
tau-archive=1.0
eval=1 | not-eval=5 | tau= 1.00 | n_kendall=12 | std(means)/mean(stds)=  0.17 | std(means)=1.76e-01 | mean(stds)=1.05e+00
tau-population= 0.47
subset-idx-size=12
tau-train-ens=1.0
tau-archive=1.0
eval=6 | not-eval=0 | tau= 0.60 | n_kendall=12 | std(means)/mean(stds)=  0.07 | std(means)=7.04e-02 | mean(stds)=1.03e+00
tau-population= 0.33
subset-idx-size=12
tau-train-ens=0.8181818181818182
tau-archive=0.8181818181818182
eval=6 | not-eval=0 | tau=-0.07 | n_kendall=12 | std(means)/mean(stds)=  0.14 | std(means)=1.81e-01 | mean(stds)=1.33e+00
tau-population=-0.33
subset-idx-size=12
tau-train-ens=0.7818181818181819
tau-archive=0.7818181818181819
eval=6 | not-eval=0 | tau= 0.56 | n_kendall=12 | std(means)/mean(stds)=  0.37 | std(means)=4.16e-01 | mean(stds)=1.12e+00
tau-population= 0.20
subset-idx-size=12
tau-train-ens=0.8909090909090909
tau-archive=0.8909090909090909
eval=1 | not-eval=5 | tau= 0.91 | n_kendall=12 | std(means)/mean(stds)=  0.04 | std(means)=4.39e-02 | mean(stds)=1.05e+00
tau-population= 1.00
subset-idx-size=12
tau-train-ens=0.9272727272727274
tau-archive=0.9272727272727274
eval=1 | not-eval=5 | tau= 0.88 | n_kendall=12 | std(means)/mean(stds)= 10.04 | std(means)=1.41e+02 | mean(stds)=1.40e+01
tau-population= 0.47
subset-idx-size=12
tau-train-ens=0.9272727272727274
tau-archive=0.9272727272727274
eval=6 | not-eval=0 | tau=-0.29 | n_kendall=12 | std(means)/mean(stds)=  0.20 | std(means)=2.71e-01 | mean(stds)=1.33e+00
tau-population=-0.60
subset-idx-size=12
tau-train-ens=1.0
tau-archive=1.0
eval=6 | not-eval=0 | tau= 0.42 | n_kendall=12 | std(means)/mean(stds)=  0.03 | std(means)=3.01e-02 | mean(stds)=1.02e+00
tau-population= 0.07
subset-idx-size=12
tau-train-ens=0.8909090909090909
tau-archive=0.8909090909090909
eval=1 | not-eval=5 | tau= 0.88 | n_kendall=12 | std(means)/mean(stds)=  0.36 | std(means)=3.85e-01 | mean(stds)=1.07e+00
tau-population= 0.07
subset-idx-size=12
tau-train-ens=0.9636363636363636
tau-archive=0.9636363636363636
eval=6 | not-eval=0 | tau= 0.33 | n_kendall=12 | std(means)/mean(stds)=  0.21 | std(means)=2.25e-01 | mean(stds)=1.05e+00
tau-population=-0.07
subset-idx-size=12
tau-train-ens=0.9636363636363636
tau-archive=0.9636363636363636
eval=1 | not-eval=5 | tau= 0.91 | n_kendall=12 | std(means)/mean(stds)=  0.03 | std(means)=2.85e-02 | mean(stds)=1.02e+00
tau-population= 0.60
subset-idx-size=12
tau-train-ens=1.0
tau-archive=1.0
eval=1 | not-eval=5 | tau= 1.00 | n_kendall=12 | std(means)/mean(stds)=  0.01 | std(means)=1.29e-02 | mean(stds)=1.01e+00
tau-population= 0.60
subset-idx-size=12
tau-train-ens=1.0
tau-archive=1.0
eval=1 | not-eval=5 | tau= 1.00 | n_kendall=12 | std(means)/mean(stds)=  0.03 | std(means)=3.05e-02 | mean(stds)=1.01e+00
tau-population= 1.00
subset-idx-size=12
tau-train-ens=1.0
tau-archive=1.0
eval=1 | not-eval=5 | tau= 1.00 | n_kendall=12 | std(means)/mean(stds)=  0.02 | std(means)=2.06e-02 | mean(stds)=1.01e+00
tau-population= 0.87
subset-idx-size=12
tau-train-ens=1.0
tau-archive=1.0
eval=1 | not-eval=5 | tau= 0.97 | n_kendall=12 | std(means)/mean(stds)=  0.03 | std(means)=3.62e-02 | mean(stds)=1.06e+00
tau-population=-0.07
subset-idx-size=12
tau-train-ens=1.0
tau-archive=1.0
eval=1 | not-eval=5 | tau= 1.00 | n_kendall=12 | std(means)/mean(stds)=  0.02 | std(means)=2.66e-02 | mean(stds)=1.08e+00
tau-population=-0.07
subset-idx-size=12
tau-train-ens=1.0
tau-archive=1.0
eval=1 | not-eval=5 | tau= 1.00 | n_kendall=12 | std(means)/mean(stds)=  0.04 | std(means)=4.42e-02 | mean(stds)=1.08e+00
tau-population= 1.00
subset-idx-size=12
tau-train-ens=1.0
tau-archive=1.0
eval=1 | not-eval=5 | tau= 1.00 | n_kendall=12 | std(means)/mean(stds)=  0.04 | std(means)=4.24e-02 | mean(stds)=1.02e+00
tau-population= 1.00
subset-idx-size=12
tau-train-ens=0.9636363636363636
tau-archive=0.9636363636363636
eval=1 | not-eval=5 | tau= 0.97 | n_kendall=12 | std(means)/mean(stds)=  0.04 | std(means)=3.61e-02 | mean(stds)=1.02e+00
tau-population= 0.33
subset-idx-size=12
tau-train-ens=1.0
tau-archive=1.0
eval=6 | not-eval=0 | tau=-0.29 | n_kendall=12 | std(means)/mean(stds)=  0.02 | std(means)=1.90e-02 | mean(stds)=1.03e+00
tau-population=-0.47
subset-idx-size=12
tau-train-ens=0.7090909090909091
tau-archive=0.7090909090909091
eval=6 | not-eval=0 | tau= 0.38 | n_kendall=12 | std(means)/mean(stds)=  0.36 | std(means)=9.70e-01 | mean(stds)=2.67e+00
tau-population=-0.33
subset-idx-size=12
tau-train-ens=0.7090909090909091
tau-archive=0.7090909090909091
eval=6 | not-eval=0 | tau= 0.07 | n_kendall=12 | std(means)/mean(stds)= 39.42 | std(means)=5.25e+01 | mean(stds)=1.33e+00
tau-population= 0.20
subset-idx-size=12
tau-train-ens=0.8545454545454545
tau-archive=0.8545454545454545
eval=6 | not-eval=0 | tau= 0.47 | n_kendall=12 | std(means)/mean(stds)=  7.38 | std(means)=8.22e+00 | mean(stds)=1.11e+00
tau-population= 0.47
subset-idx-size=12
tau-train-ens=0.7090909090909091
tau-archive=0.7090909090909091
eval=6 | not-eval=0 | tau= 0.38 | n_kendall=12 | std(means)/mean(stds)=  0.38 | std(means)=3.99e-01 | mean(stds)=1.05e+00
tau-population= 0.33
subset-idx-size=12
tau-train-ens=0.8181818181818182
tau-archive=0.8181818181818182
eval=6 | not-eval=0 | tau=-0.16 | n_kendall=12 | std(means)/mean(stds)=  0.06 | std(means)=6.35e-02 | mean(stds)=1.09e+00
tau-population=-0.07
subset-idx-size=12
tau-train-ens=0.6000000000000001
tau-archive=0.6000000000000001
eval=6 | not-eval=0 | tau= 0.51 | n_kendall=12 | std(means)/mean(stds)=  0.53 | std(means)=5.70e-01 | mean(stds)=1.08e+00
tau-population= 0.60
subset-idx-size=12
tau-train-ens=0.7090909090909091
tau-archive=0.7090909090909091
eval=6 | not-eval=0 | tau= 0.16 | n_kendall=12 | std(means)/mean(stds)=  0.18 | std(means)=1.91e-01 | mean(stds)=1.04e+00
tau-population= 0.20
subset-idx-size=12
tau-train-ens=0.3090909090909091
tau-archive=0.3090909090909091
eval=6 | not-eval=0 | tau=-0.02 | n_kendall=12 | std(means)/mean(stds)=  0.13 | std(means)=1.45e-01 | mean(stds)=1.13e+00
tau-population=-0.20
subset-idx-size=12
tau-train-ens=0.45454545454545453
tau-archive=0.45454545454545453
eval=6 | not-eval=0 | tau= 0.47 | n_kendall=12 | std(means)/mean(stds)=  0.07 | std(means)=7.47e-02 | mean(stds)=1.07e+00
tau-population= 0.47
subset-idx-size=12
tau-train-ens=0.6727272727272727
tau-archive=0.6727272727272727
eval=6 | not-eval=0 | tau= 0.07 | n_kendall=12 | std(means)/mean(stds)=  0.07 | std(means)=6.83e-02 | mean(stds)=1.04e+00
tau-population= 0.20
subset-idx-size=12
tau-train-ens=0.6000000000000001
tau-archive=0.6000000000000001
eval=6 | not-eval=0 | tau= 0.24 | n_kendall=12 | std(means)/mean(stds)=  0.05 | std(means)=5.54e-02 | mean(stds)=1.03e+00
tau-population= 0.20
subset-idx-size=12
tau-train-ens=0.45454545454545453
tau-archive=0.45454545454545453
eval=6 | not-eval=0 | tau= 0.42 | n_kendall=12 | std(means)/mean(stds)=  0.06 | std(means)=6.25e-02 | mean(stds)=1.05e+00
tau-population= 0.60
subset-idx-size=12
tau-train-ens=0.3090909090909091
tau-archive=0.3090909090909091
eval=6 | not-eval=0 | tau=-0.02 | n_kendall=12 | std(means)/mean(stds)=  0.01 | std(means)=1.40e-02 | mean(stds)=1.01e+00
tau-population=-0.20
subset-idx-size=12
tau-train-ens=0.16363636363636364
tau-archive=0.16363636363636364
eval=6 | not-eval=0 | tau= 0.73 | n_kendall=12 | std(means)/mean(stds)=  0.88 | std(means)=9.58e-01 | mean(stds)=1.09e+00
tau-population= 0.73
subset-idx-size=12
tau-train-ens=0.6000000000000001
tau-archive=0.6000000000000001
eval=6 | not-eval=0 | tau= 0.29 | n_kendall=12 | std(means)/mean(stds)=  0.07 | std(means)=7.26e-02 | mean(stds)=1.03e+00
tau-population=-0.20
subset-idx-size=12
tau-train-ens=0.7818181818181819
tau-archive=0.7818181818181819
eval=6 | not-eval=0 | tau= 0.60 | n_kendall=12 | std(means)/mean(stds)=  0.35 | std(means)=3.68e-01 | mean(stds)=1.04e+00
tau-population= 0.87
subset-idx-size=12
tau-train-ens=0.45454545454545453
tau-archive=0.45454545454545453
eval=6 | not-eval=0 | tau= 0.11 | n_kendall=12 | std(means)/mean(stds)=  0.01 | std(means)=1.04e-02 | mean(stds)=1.02e+00
tau-population= 0.07
subset-idx-size=12
tau-train-ens=0.8545454545454545
tau-archive=0.8545454545454545
eval=6 | not-eval=0 | tau= 0.20 | n_kendall=12 | std(means)/mean(stds)=  0.10 | std(means)=1.00e-01 | mean(stds)=1.04e+00
tau-population= 0.33
subset-idx-size=12
tau-train-ens=0.4909090909090909
tau-archive=0.4909090909090909
eval=6 | not-eval=0 | tau= 0.42 | n_kendall=12 | std(means)/mean(stds)=  0.00 | std(means)=2.11e-03 | mean(stds)=1.00e+00
tau-population= 0.07
subset-idx-size=12
tau-train-ens=0.41818181818181815
tau-archive=0.41818181818181815
eval=6 | not-eval=0 | tau=-0.20 | n_kendall=12 | std(means)/mean(stds)=  0.00 | std(means)=3.10e-03 | mean(stds)=1.01e+00
tau-population=-0.20
subset-idx-size=12
tau-train-ens=0.23636363636363636
tau-archive=0.23636363636363636
eval=6 | not-eval=0 | tau=-0.24 | n_kendall=12 | std(means)/mean(stds)=  0.01 | std(means)=6.33e-03 | mean(stds)=1.01e+00
tau-population=-0.47
subset-idx-size=12
tau-train-ens=-0.6000000000000001
tau-archive=-0.6000000000000001
eval=6 | not-eval=0 | tau=-0.47 | n_kendall=12 | std(means)/mean(stds)=  0.01 | std(means)=5.78e-03 | mean(stds)=1.01e+00
tau-population=-0.47
subset-idx-size=12
tau-train-ens=0.34545454545454546
tau-archive=0.34545454545454546
eval=6 | not-eval=0 | tau= 0.47 | n_kendall=12 | std(means)/mean(stds)=  0.00 | std(means)=2.58e-03 | mean(stds)=1.01e+00
tau-population= 0.33
subset-idx-size=12
tau-train-ens=0.018181818181818184
tau-archive=0.018181818181818184
eval=6 | not-eval=0 | tau=-0.16 | n_kendall=12 | std(means)/mean(stds)=  0.01 | std(means)=1.03e-02 | mean(stds)=1.01e+00
tau-population= 0.20
subset-idx-size=12
tau-train-ens=0.2
tau-archive=0.2
eval=6 | not-eval=0 | tau= 0.73 | n_kendall=12 | std(means)/mean(stds)=  0.02 | std(means)=2.35e-02 | mean(stds)=1.02e+00
tau-population= 1.00
subset-idx-size=12
tau-train-ens=0.41818181818181815
tau-archive=0.41818181818181815
eval=6 | not-eval=0 | tau= 0.11 | n_kendall=12 | std(means)/mean(stds)=  0.00 | std(means)=3.24e-03 | mean(stds)=1.01e+00
tau-population= 0.47
subset-idx-size=12
tau-train-ens=0.3090909090909091
tau-archive=0.3090909090909091
eval=6 | not-eval=0 | tau= 0.47 | n_kendall=12 | std(means)/mean(stds)=  0.04 | std(means)=3.74e-02 | mean(stds)=1.02e+00
tau-population= 0.33
subset-idx-size=12
tau-train-ens=0.7818181818181819
tau-archive=0.7818181818181819
eval=5 | not-eval=1 | tau= 0.88 | n_kendall=12 | std(means)/mean(stds)=  0.04 | std(means)=4.32e-02 | mean(stds)=1.01e+00
tau-population= 0.87
subset-idx-size=12
tau-train-ens=0.9636363636363636
tau-archive=0.9636363636363636
eval=1 | not-eval=5 | tau= 0.91 | n_kendall=12 | std(means)/mean(stds)=  0.05 | std(means)=4.94e-02 | mean(stds)=1.02e+00
tau-population= 0.33
subset-idx-size=12
tau-train-ens=0.9636363636363636
tau-archive=0.9636363636363636
eval=1 | not-eval=5 | tau= 0.94 | n_kendall=12 | std(means)/mean(stds)=  0.01 | std(means)=9.69e-03 | mean(stds)=1.01e+00
tau-population= 1.00
subset-idx-size=12
tau-train-ens=0.9272727272727274
tau-archive=0.9272727272727274
eval=6 | not-eval=0 | tau= 0.42 | n_kendall=12 | std(means)/mean(stds)=  0.01 | std(means)=1.51e-02 | mean(stds)=1.02e+00
tau-population= 0.20
subset-idx-size=12
tau-train-ens=0.7454545454545454
tau-archive=0.7454545454545454
eval=6 | not-eval=0 | tau= 0.02 | n_kendall=12 | std(means)/mean(stds)=  0.00 | std(means)=3.87e-03 | mean(stds)=1.01e+00
tau-population= 0.07
subset-idx-size=12
tau-train-ens=0.6363636363636364
tau-archive=0.6363636363636364
eval=6 | not-eval=0 | tau= 0.02 | n_kendall=12 | std(means)/mean(stds)=  0.01 | std(means)=5.57e-03 | mean(stds)=1.01e+00
tau-population= 0.20
subset-idx-size=12
tau-train-ens=0.16363636363636364
tau-archive=0.16363636363636364
eval=6 | not-eval=0 | tau=-0.02 | n_kendall=12 | std(means)/mean(stds)=  0.00 | std(means)=1.74e-03 | mean(stds)=1.00e+00
tau-population= 0.07
subset-idx-size=12
tau-train-ens=0.16363636363636364
tau-archive=0.16363636363636364
eval=6 | not-eval=0 | tau= 0.16 | n_kendall=12 | std(means)/mean(stds)=  0.00 | std(means)=2.40e-03 | mean(stds)=1.00e+00
tau-population= 0.07
subset-idx-size=12
tau-train-ens=0.4909090909090909
tau-archive=0.4909090909090909
eval=6 | not-eval=0 | tau=-0.02 | n_kendall=12 | std(means)/mean(stds)=  0.01 | std(means)=9.21e-03 | mean(stds)=1.01e+00
tau-population= 0.33
subset-idx-size=12
tau-train-ens=0.2727272727272727
tau-archive=0.2727272727272727
eval=6 | not-eval=0 | tau= 0.33 | n_kendall=12 | std(means)/mean(stds)=  0.01 | std(means)=5.26e-03 | mean(stds)=1.02e+00
tau-population=-0.47
subset-idx-size=12
tau-train-ens=0.16363636363636364
tau-archive=0.16363636363636364
eval=6 | not-eval=0 | tau= 0.51 | n_kendall=12 | std(means)/mean(stds)=  0.00 | std(means)=1.21e-03 | mean(stds)=1.00e+00
tau-population= 0.47
subset-idx-size=12
tau-train-ens=0.05454545454545454
tau-archive=0.03669879217087869
eval=6 | not-eval=0 | tau=-0.20 | n_kendall=12 | std(means)/mean(stds)=  0.00 | std(means)=8.81e-04 | mean(stds)=1.00e+00
tau-population=-0.07
subset-idx-size=12
tau-train-ens=-0.2
tau-archive=-0.2
eval=6 | not-eval=0 | tau=-0.38 | n_kendall=12 | std(means)/mean(stds)=  0.01 | std(means)=6.90e-03 | mean(stds)=1.01e+00
tau-population=-0.60
subset-idx-size=12
tau-train-ens=-0.16363636363636364
tau-archive=-0.16363636363636364
eval=6 | not-eval=0 | tau=-0.24 | n_kendall=12 | std(means)/mean(stds)=  0.00 | std(means)=3.02e-03 | mean(stds)=1.03e+00
tau-population= 0.07
subset-idx-size=12
tau-train-ens=0.16363636363636364
tau-archive=0.16363636363636364
eval=6 | not-eval=0 | tau=-0.07 | n_kendall=12 | std(means)/mean(stds)=  0.00 | std(means)=2.33e-03 | mean(stds)=1.00e+00
tau-population=-0.33
subset-idx-size=12
tau-train-ens=0.41818181818181815
tau-archive=0.41818181818181815
eval=6 | not-eval=0 | tau= 0.11 | n_kendall=12 | std(means)/mean(stds)=  0.01 | std(means)=9.08e-03 | mean(stds)=1.01e+00
tau-population=-0.20
subset-idx-size=12
tau-train-ens=-0.2
tau-archive=-0.2
eval=6 | not-eval=0 | tau= 0.11 | n_kendall=12 | std(means)/mean(stds)=  0.00 | std(means)=2.06e-03 | mean(stds)=1.00e+00
tau-population= 1.00
subset-idx-size=12
tau-train-ens=-0.5636363636363636
tau-archive=-0.5636363636363636
eval=6 | not-eval=0 | tau=-0.29 | n_kendall=12 | std(means)/mean(stds)=  0.00 | std(means)=2.50e-03 | mean(stds)=1.01e+00
tau-population=-0.07
subset-idx-size=12
tau-train-ens=0.38181818181818183
tau-archive=0.40368671387966554
eval=6 | not-eval=0 | tau= 0.27 | n_kendall=12 | std(means)/mean(stds)=  0.00 | std(means)=3.06e-03 | mean(stds)=1.01e+00
tau-population= 0.47
subset-idx-size=12
tau-train-ens=0.3090909090909091
tau-archive=0.3090909090909091
eval=6 | not-eval=0 | tau=-0.24 | n_kendall=12 | std(means)/mean(stds)=  0.00 | std(means)=3.11e-03 | mean(stds)=1.01e+00
tau-population=-0.20
subset-idx-size=12
tau-train-ens=0.41818181818181815
tau-archive=0.41818181818181815
eval=6 | not-eval=0 | tau= 0.16 | n_kendall=12 | std(means)/mean(stds)=  0.00 | std(means)=3.26e-03 | mean(stds)=1.01e+00
tau-population= 0.07
subset-idx-size=12
tau-train-ens=-0.2
tau-archive=-0.2
eval=6 | not-eval=0 | tau=-0.09 | n_kendall=12 | std(means)/mean(stds)=  0.00 | std(means)=2.77e-03 | mean(stds)=1.00e+00
tau-population= 0.07
subset-idx-size=12
tau-train-ens=0.6727272727272727
tau-archive=0.6727272727272727
eval=6 | not-eval=0 | tau= 0.38 | n_kendall=12 | std(means)/mean(stds)=  0.00 | std(means)=2.89e-03 | mean(stds)=1.01e+00
tau-population= 0.20
subset-idx-size=12
tau-train-ens=0.38181818181818183
tau-archive=0.36698792170878686
eval=6 | not-eval=0 | tau=-0.02 | n_kendall=12 | std(means)/mean(stds)=  0.00 | std(means)=3.27e-03 | mean(stds)=1.00e+00
tau-population= 0.07
subset-idx-size=12
tau-train-ens=-0.16363636363636364
tau-archive=-0.16363636363636364
eval=6 | not-eval=0 | tau= 0.07 | n_kendall=12 | std(means)/mean(stds)=  0.00 | std(means)=4.55e-03 | mean(stds)=1.01e+00
tau-population= 0.20
subset-idx-size=12
tau-train-ens=-0.0909090909090909
tau-archive=-0.07339758434175737
eval=6 | not-eval=0 | tau=-0.16 | n_kendall=12 | std(means)/mean(stds)=  0.00 | std(means)=3.17e-03 | mean(stds)=1.01e+00
tau-population= 0.07
subset-idx-size=12
tau-train-ens=-0.2727272727272727
tau-archive=-0.2727272727272727
eval=2 | not-eval=4 | tau=-0.09 | n_kendall=12 | std(means)/mean(stds)=  0.01 | std(means)=6.05e-03 | mean(stds)=1.01e+00
tau-population= 0.07
 2D  6-fun   1-inst  500-budget  True-solved 479-evals  774-cma-evals  597s 0-restarts  6-init-pop (Surrogate(model=<__main__.Eaf object at 0x7f5ea31c73a0>, subset=LastN), EvaluateUntilKendallThreshold(mean_criterion, tau_threshold=0.85, offset=True), n_min_fn=get_dim) 3.3e-09-delta-f          1-seed
