(3_w,6)-aCMA-ES (mu_w=2.0,w_1=63%) in dimension 2 (seed=1, Sat Apr 20 23:22:04 2024)
subset-max-norm=0.813101423315702 | norm-max=12.13941703508117
subset-idx-size=6
tau-train-ens=0.9999999999999999
tau-archive=0.9999999999999999
eval=1 | not-eval=5 | tau= 1.00 | n_kendall= 7 | std(means)/mean(stds)=  3.80 | std(means)=1.90e+05 | mean(stds)=5.00e+04
tau-population= 0.60
subset-max-norm=1.5226906446847963 | norm-max=12.13941703508117
subset-idx-size=7
tau-train-ens=1.0
tau-archive=0.9999999999999999
eval=1 | not-eval=5 | tau= 0.93 | n_kendall= 8 | std(means)/mean(stds)=  0.31 | std(means)=2.32e+04 | mean(stds)=7.47e+04
tau-population= 0.73
subset-max-norm=1.0420179307939448 | norm-max=12.13941703508117
subset-idx-size=8
tau-train-ens=0.9999999999999998
tau-archive=1.0
eval=1 | not-eval=5 | tau= 0.89 | n_kendall= 9 | std(means)/mean(stds)=  2.88 | std(means)=1.38e+05 | mean(stds)=4.78e+04
tau-population= 0.47
subset-max-norm=1.9449777423208967 | norm-max=12.13941703508117
subset-idx-size=9
tau-train-ens=1.0
tau-archive=0.9999999999999998
eval=1 | not-eval=5 | tau= 1.00 | n_kendall=10 | std(means)/mean(stds)=  1.19 | std(means)=2.84e+04 | mean(stds)=2.38e+04
tau-population= 0.87
subset-max-norm=2.128131011221187 | norm-max=12.13941703508117
subset-idx-size=10
tau-train-ens=0.9555555555555554
tau-archive=0.9444444444444445
eval=1 | not-eval=5 | tau= 0.85 | n_kendall=11 | std(means)/mean(stds)=  1.78 | std(means)=5.13e+04 | mean(stds)=2.88e+04
tau-population= 0.60
subset-max-norm=4.276046060680374 | norm-max=12.13941703508117
subset-idx-size=11
tau-train-ens=0.8909090909090909
tau-archive=0.8666666666666666
eval=6 | not-eval=0 | tau=-0.02 | n_kendall=12 | std(means)/mean(stds)=  0.37 | std(means)=3.48e+03 | mean(stds)=9.48e+03
tau-population=-0.33
subset-max-norm=3.9124893423216864 | norm-max=12.13941703508117
subset-idx-size=17
tau-train-ens=0.1272727272727273
tau-archive=0.1272727272727273
eval=6 | not-eval=0 | tau= 0.16 | n_kendall=12 | std(means)/mean(stds)=  2.03 | std(means)=9.33e+03 | mean(stds)=4.60e+03
tau-population=-0.07
subset-max-norm=3.925965599313516 | norm-max=12.13941703508117
subset-idx-size=20
tau-train-ens=0.6000000000000001
tau-archive=0.6000000000000001
eval=6 | not-eval=0 | tau= 0.73 | n_kendall=12 | std(means)/mean(stds)=  2.71 | std(means)=5.91e+03 | mean(stds)=2.18e+03
tau-population= 0.87
subset-max-norm=2.0690804900006468 | norm-max=12.13941703508117
subset-idx-size=20
tau-train-ens=0.8545454545454545
tau-archive=0.8909090909090909
eval=6 | not-eval=0 | tau= 0.16 | n_kendall=12 | std(means)/mean(stds)=  0.91 | std(means)=4.02e+02 | mean(stds)=4.41e+02
tau-population=-0.20
subset-max-norm=1.5740696883707646 | norm-max=12.13941703508117
subset-idx-size=20
tau-train-ens=0.38181818181818183
tau-archive=0.2
eval=6 | not-eval=0 | tau= 0.78 | n_kendall=12 | std(means)/mean(stds)=  4.96 | std(means)=3.12e+04 | mean(stds)=6.28e+03
tau-population= 0.73
subset-max-norm=1.6941620326719642 | norm-max=12.13941703508117
subset-idx-size=20
tau-train-ens=0.2
tau-archive=0.6363636363636364
eval=6 | not-eval=0 | tau=-0.42 | n_kendall=12 | std(means)/mean(stds)=  1.35 | std(means)=1.63e+03 | mean(stds)=1.21e+03
tau-population=-0.60
subset-max-norm=2.649824002384378 | norm-max=12.13941703508117
subset-idx-size=20
tau-train-ens=0.38181818181818183
tau-archive=-0.38181818181818183
eval=6 | not-eval=0 | tau= 0.73 | n_kendall=12 | std(means)/mean(stds)= 15.71 | std(means)=1.93e+04 | mean(stds)=1.23e+03
tau-population= 0.73
subset-max-norm=1.5967450908948893 | norm-max=12.13941703508117
subset-idx-size=20
tau-train-ens=0.6000000000000001
tau-archive=0.7454545454545454
eval=6 | not-eval=0 | tau= 0.73 | n_kendall=12 | std(means)/mean(stds)=  1.72 | std(means)=5.31e+02 | mean(stds)=3.08e+02
tau-population= 0.47
subset-max-norm=2.24275044478031 | norm-max=12.13941703508117
subset-idx-size=20
tau-train-ens=0.5636363636363636
tau-archive=0.6363636363636364
eval=6 | not-eval=0 | tau= 0.56 | n_kendall=12 | std(means)/mean(stds)=  5.12 | std(means)=1.22e+04 | mean(stds)=2.39e+03
tau-population= 0.87
subset-max-norm=1.1951779036397756 | norm-max=12.13941703508117
subset-idx-size=20
tau-train-ens=0.7454545454545454
tau-archive=0.34545454545454546
eval=6 | not-eval=0 | tau= 0.56 | n_kendall=12 | std(means)/mean(stds)=  1.64 | std(means)=1.09e+02 | mean(stds)=6.64e+01
tau-population= 0.47
subset-max-norm=1.6830173537505826 | norm-max=12.13941703508117
subset-idx-size=20
tau-train-ens=0.7818181818181819
tau-archive=0.2
eval=6 | not-eval=0 | tau= 0.56 | n_kendall=12 | std(means)/mean(stds)= 13.49 | std(means)=8.05e+03 | mean(stds)=5.97e+02
tau-population= 0.87
subset-max-norm=1.1682931375409193 | norm-max=12.13941703508117
subset-idx-size=20
tau-train-ens=0.38181818181818183
tau-archive=0.6363636363636364
eval=6 | not-eval=0 | tau= 0.24 | n_kendall=12 | std(means)/mean(stds)=  2.93 | std(means)=2.79e+02 | mean(stds)=9.53e+01
tau-population=-0.33
subset-max-norm=1.5551713377997785 | norm-max=12.13941703508117
subset-idx-size=20
tau-train-ens=0.6727272727272727
tau-archive=0.5636363636363636
eval=6 | not-eval=0 | tau= 0.60 | n_kendall=12 | std(means)/mean(stds)=  6.75 | std(means)=6.51e+02 | mean(stds)=9.65e+01
tau-population= 0.73
subset-max-norm=1.4772511441959493 | norm-max=12.13941703508117
subset-idx-size=20
tau-train-ens=0.7454545454545454
tau-archive=0.7818181818181819
eval=3 | not-eval=3 | tau= 0.88 | n_kendall=12 | std(means)/mean(stds)=  1.77 | std(means)=7.01e+01 | mean(stds)=3.95e+01
tau-population= 0.33
subset-max-norm=1.0951844678509821 | norm-max=12.13941703508117
subset-idx-size=20
tau-train-ens=0.6363636363636364
tau-archive=0.6000000000000001
eval=6 | not-eval=0 | tau= 0.07 | n_kendall=12 | std(means)/mean(stds)=  1.18 | std(means)=3.64e+01 | mean(stds)=3.08e+01
tau-population= 0.07
subset-max-norm=1.9855869871309264 | norm-max=12.13941703508117
subset-idx-size=20
tau-train-ens=0.7454545454545454
tau-archive=-0.018181818181818184
eval=6 | not-eval=0 | tau= 0.47 | n_kendall=12 | std(means)/mean(stds)=  5.70 | std(means)=3.15e+02 | mean(stds)=5.53e+01
tau-population= 0.87
subset-max-norm=1.3395521936209704 | norm-max=12.13941703508117
subset-idx-size=20
tau-train-ens=0.7090909090909091
tau-archive=0.3090909090909091
eval=6 | not-eval=0 | tau= 0.16 | n_kendall=12 | std(means)/mean(stds)=  1.53 | std(means)=2.88e+01 | mean(stds)=1.88e+01
tau-population= 0.20
subset-max-norm=1.340301520219571 | norm-max=12.13941703508117
subset-idx-size=20
tau-train-ens=0.7090909090909091
tau-archive=0.1272727272727273
eval=6 | not-eval=0 | tau= 0.33 | n_kendall=12 | std(means)/mean(stds)=  1.04 | std(means)=1.04e+01 | mean(stds)=1.01e+01
tau-population=-0.07
subset-max-norm=1.09143720963622 | norm-max=12.13941703508117
subset-idx-size=20
tau-train-ens=0.16363636363636364
tau-archive=-0.7090909090909091
eval=6 | not-eval=0 | tau= 0.11 | n_kendall=12 | std(means)/mean(stds)=  1.48 | std(means)=6.65e+01 | mean(stds)=4.50e+01
tau-population= 0.20
subset-max-norm=1.279265859373716 | norm-max=12.13941703508117
subset-idx-size=20
tau-train-ens=0.6363636363636364
tau-archive=0.2
eval=6 | not-eval=0 | tau= 0.47 | n_kendall=12 | std(means)/mean(stds)=  9.78 | std(means)=1.72e+03 | mean(stds)=1.75e+02
tau-population= 0.73
subset-max-norm=1.1056957504463494 | norm-max=12.13941703508117
subset-idx-size=20
tau-train-ens=0.38181818181818183
tau-archive=0.4909090909090909
eval=6 | not-eval=0 | tau= 0.51 | n_kendall=12 | std(means)/mean(stds)= 12.82 | std(means)=1.66e+03 | mean(stds)=1.29e+02
tau-population= 0.60
subset-max-norm=0.8085494156422414 | norm-max=12.13941703508117
subset-idx-size=20
tau-train-ens=0.6363636363636364
tau-archive=0.6727272727272727
eval=6 | not-eval=0 | tau= 0.33 | n_kendall=12 | std(means)/mean(stds)=  9.28 | std(means)=1.06e+02 | mean(stds)=1.15e+01
tau-population= 0.87
subset-max-norm=1.129868480713022 | norm-max=12.13941703508117
subset-idx-size=20
tau-train-ens=0.7090909090909091
tau-archive=0.6727272727272727
eval=6 | not-eval=0 | tau= 0.78 | n_kendall=12 | std(means)/mean(stds)= 25.15 | std(means)=6.58e+01 | mean(stds)=2.62e+00
tau-population= 0.87
subset-max-norm=0.642891228687855 | norm-max=12.13941703508117
subset-idx-size=20
tau-train-ens=0.8545454545454545
tau-archive=-0.16363636363636364
eval=6 | not-eval=0 | tau= 0.42 | n_kendall=12 | std(means)/mean(stds)=  5.84 | std(means)=4.01e+01 | mean(stds)=6.87e+00
tau-population= 0.60
subset-max-norm=1.5543451557468126 | norm-max=12.13941703508117
subset-idx-size=20
tau-train-ens=0.8545454545454545
tau-archive=0.23636363636363636
eval=6 | not-eval=0 | tau= 0.29 | n_kendall=12 | std(means)/mean(stds)=  1.58 | std(means)=1.09e+01 | mean(stds)=6.90e+00
tau-population= 0.07
subset-max-norm=1.8343422840275534 | norm-max=12.13941703508117
subset-idx-size=20
tau-train-ens=0.34545454545454546
tau-archive=0.6727272727272727
eval=6 | not-eval=0 | tau= 0.60 | n_kendall=12 | std(means)/mean(stds)=  3.46 | std(means)=9.87e+01 | mean(stds)=2.85e+01
tau-population= 0.87
subset-max-norm=1.6975023840616779 | norm-max=12.13941703508117
subset-idx-size=20
tau-train-ens=0.6727272727272727
tau-archive=0.5636363636363636
eval=6 | not-eval=0 | tau= 0.78 | n_kendall=12 | std(means)/mean(stds)=  8.30 | std(means)=1.44e+02 | mean(stds)=1.74e+01
tau-population= 0.73
subset-max-norm=2.1135185717591445 | norm-max=12.13941703508117
subset-idx-size=20
tau-train-ens=0.8545454545454545
tau-archive=0.3090909090909091
eval=6 | not-eval=0 | tau= 0.64 | n_kendall=12 | std(means)/mean(stds)= 20.95 | std(means)=2.31e+02 | mean(stds)=1.10e+01
tau-population= 1.00
subset-max-norm=1.3818238994699408 | norm-max=12.13941703508117
subset-idx-size=20
tau-train-ens=0.6727272727272727
tau-archive=0.7090909090909091
eval=6 | not-eval=0 | tau= 0.47 | n_kendall=12 | std(means)/mean(stds)= 34.22 | std(means)=8.38e+01 | mean(stds)=2.45e+00
tau-population= 0.60
subset-max-norm=1.3132474904217082 | norm-max=12.13941703508117
subset-idx-size=20
tau-train-ens=0.7090909090909091
tau-archive=0.6000000000000001
eval=6 | not-eval=0 | tau= 0.38 | n_kendall=12 | std(means)/mean(stds)=  2.20 | std(means)=1.06e+01 | mean(stds)=4.84e+00
tau-population= 0.60
subset-max-norm=1.2556469140934174 | norm-max=12.13941703508117
subset-idx-size=20
tau-train-ens=0.6727272727272727
tau-archive=0.23636363636363636
eval=6 | not-eval=0 | tau= 0.20 | n_kendall=12 | std(means)/mean(stds)= 29.03 | std(means)=8.45e+01 | mean(stds)=2.91e+00
tau-population= 0.60
subset-max-norm=1.309084299276629 | norm-max=12.13941703508117
subset-idx-size=20
tau-train-ens=0.8545454545454545
tau-archive=0.41818181818181815
eval=6 | not-eval=0 | tau= 0.82 | n_kendall=12 | std(means)/mean(stds)=  5.28 | std(means)=1.65e+01 | mean(stds)=3.12e+00
tau-population= 0.87
subset-max-norm=1.5771417492082729 | norm-max=12.13941703508117
subset-idx-size=20
tau-train-ens=0.7454545454545454
tau-archive=0.7090909090909091
eval=6 | not-eval=0 | tau= 0.91 | n_kendall=12 | std(means)/mean(stds)= 26.44 | std(means)=2.86e+01 | mean(stds)=1.08e+00
tau-population= 1.00
subset-max-norm=1.2801525236213374 | norm-max=12.13941703508117
subset-idx-size=20
tau-train-ens=0.5636363636363636
tau-archive=0.5636363636363636
eval=6 | not-eval=0 | tau= 0.24 | n_kendall=12 | std(means)/mean(stds)= 26.68 | std(means)=1.11e+01 | mean(stds)=4.15e-01
tau-population= 0.47
subset-max-norm=2.0076770660540406 | norm-max=12.13941703508117
subset-idx-size=20
tau-train-ens=0.7090909090909091
tau-archive=0.16363636363636364
eval=6 | not-eval=0 | tau= 0.87 | n_kendall=12 | std(means)/mean(stds)=  3.45 | std(means)=7.75e+00 | mean(stds)=2.25e+00
tau-population= 0.73
subset-max-norm=1.6530057319087752 | norm-max=12.13941703508117
subset-idx-size=20
tau-train-ens=0.6727272727272727
tau-archive=0.7454545454545454
eval=6 | not-eval=0 | tau= 0.42 | n_kendall=12 | std(means)/mean(stds)=  0.71 | std(means)=8.78e-02 | mean(stds)=1.23e-01
tau-population=-0.33
subset-max-norm=2.053571577928445 | norm-max=12.13941703508117
subset-idx-size=20
tau-train-ens=0.6000000000000001
tau-archive=0.1272727272727273
eval=6 | not-eval=0 | tau= 0.11 | n_kendall=12 | std(means)/mean(stds)=  4.97 | std(means)=1.10e+00 | mean(stds)=2.22e-01
tau-population=-0.07
subset-max-norm=1.7273946910542668 | norm-max=12.13941703508117
subset-idx-size=20
tau-train-ens=0.41818181818181815
tau-archive=-0.34545454545454546
eval=6 | not-eval=0 | tau= 0.33 | n_kendall=12 | std(means)/mean(stds)=  1.43 | std(means)=1.91e+00 | mean(stds)=1.34e+00
tau-population= 0.60
subset-max-norm=1.3472498813706877 | norm-max=12.13941703508117
subset-idx-size=20
tau-train-ens=0.4909090909090909
tau-archive=0.34545454545454546
eval=6 | not-eval=0 | tau= 0.73 | n_kendall=12 | std(means)/mean(stds)=  9.72 | std(means)=5.55e+00 | mean(stds)=5.70e-01
tau-population= 0.73
subset-max-norm=1.5728332491422876 | norm-max=12.13941703508117
subset-idx-size=20
tau-train-ens=0.6363636363636364
tau-archive=0.9272727272727274
eval=6 | not-eval=0 | tau= 0.56 | n_kendall=12 | std(means)/mean(stds)=  5.81 | std(means)=1.96e+00 | mean(stds)=3.37e-01
tau-population= 0.60
subset-max-norm=1.000934843524387 | norm-max=12.13941703508117
subset-idx-size=20
tau-train-ens=0.6363636363636364
tau-archive=0.6727272727272727
eval=6 | not-eval=0 | tau= 0.11 | n_kendall=12 | std(means)/mean(stds)=  1.04 | std(means)=3.17e-02 | mean(stds)=3.04e-02
tau-population=-0.20
subset-max-norm=2.4339314033569015 | norm-max=12.13941703508117
subset-idx-size=20
tau-train-ens=0.45454545454545453
tau-archive=-0.1272727272727273
eval=6 | not-eval=0 | tau= 0.11 | n_kendall=12 | std(means)/mean(stds)= 17.51 | std(means)=1.42e+01 | mean(stds)=8.12e-01
tau-population= 0.47
subset-max-norm=1.3048634264998378 | norm-max=12.13941703508117
subset-idx-size=20
tau-train-ens=0.4909090909090909
tau-archive=0.5272727272727272
eval=6 | not-eval=0 | tau= 0.87 | n_kendall=12 | std(means)/mean(stds)=  5.44 | std(means)=1.25e+00 | mean(stds)=2.29e-01
tau-population= 0.87
subset-max-norm=1.7049451065916248 | norm-max=12.13941703508117
subset-idx-size=20
tau-train-ens=0.38181818181818183
tau-archive=0.5272727272727272
eval=6 | not-eval=0 | tau= 0.73 | n_kendall=12 | std(means)/mean(stds)=  7.20 | std(means)=1.99e+00 | mean(stds)=2.76e-01
tau-population= 1.00
subset-max-norm=1.6136595504029536 | norm-max=12.13941703508117
subset-idx-size=20
tau-train-ens=0.7454545454545454
tau-archive=0.6000000000000001
eval=6 | not-eval=0 | tau= 0.69 | n_kendall=12 | std(means)/mean(stds)=  2.50 | std(means)=1.19e-02 | mean(stds)=4.75e-03
tau-population= 0.47
subset-max-norm=1.16240114928423 | norm-max=12.13941703508117
subset-idx-size=20
tau-train-ens=0.9272727272727274
tau-archive=0.9272727272727274
eval=1 | not-eval=5 | tau= 0.88 | n_kendall=12 | std(means)/mean(stds)=  4.09 | std(means)=1.16e-02 | mean(stds)=2.83e-03
tau-population= 0.60
subset-max-norm=1.8774784574996295 | norm-max=12.13941703508117
subset-idx-size=20
tau-train-ens=0.23636363636363636
tau-archive=-0.05454545454545454
eval=6 | not-eval=0 | tau=-0.11 | n_kendall=12 | std(means)/mean(stds)=  0.98 | std(means)=1.12e-02 | mean(stds)=1.14e-02
tau-population=-0.07
subset-max-norm=1.9299109516783757 | norm-max=12.13941703508117
subset-idx-size=20
tau-train-ens=0.05454545454545454
tau-archive=0.38181818181818183
eval=6 | not-eval=0 | tau= 0.47 | n_kendall=12 | std(means)/mean(stds)=  3.97 | std(means)=1.10e-01 | mean(stds)=2.78e-02
tau-population= 0.47
subset-max-norm=2.0592018646401002 | norm-max=12.13941703508117
subset-idx-size=20
tau-train-ens=0.34545454545454546
tau-archive=-0.018181818181818184
eval=6 | not-eval=0 | tau= 0.69 | n_kendall=12 | std(means)/mean(stds)=  6.33 | std(means)=2.70e-01 | mean(stds)=4.27e-02
tau-population= 0.87
subset-max-norm=1.7570468144136153 | norm-max=12.13941703508117
subset-idx-size=20
tau-train-ens=0.9272727272727274
tau-archive=0.6000000000000001
eval=6 | not-eval=0 | tau= 0.64 | n_kendall=12 | std(means)/mean(stds)= 16.53 | std(means)=4.18e-02 | mean(stds)=2.53e-03
tau-population= 0.60
subset-max-norm=2.427141676975647 | norm-max=12.13941703508117
subset-idx-size=20
tau-train-ens=0.6000000000000001
tau-archive=0.2727272727272727
eval=6 | not-eval=0 | tau= 0.42 | n_kendall=12 | std(means)/mean(stds)= 22.11 | std(means)=3.62e-02 | mean(stds)=1.64e-03
tau-population= 0.47
subset-max-norm=2.3319964927297763 | norm-max=12.13941703508117
subset-idx-size=20
tau-train-ens=0.7090909090909091
tau-archive=0.38181818181818183
eval=6 | not-eval=0 | tau=-0.02 | n_kendall=12 | std(means)/mean(stds)=  3.96 | std(means)=5.71e-03 | mean(stds)=1.44e-03
tau-population=-0.33
subset-max-norm=2.692260616319111 | norm-max=12.13941703508117
subset-idx-size=20
tau-train-ens=0.2727272727272727
tau-archive=-0.1272727272727273
eval=6 | not-eval=0 | tau= 0.91 | n_kendall=12 | std(means)/mean(stds)=  2.98 | std(means)=2.96e-02 | mean(stds)=9.94e-03
tau-population= 1.00
subset-max-norm=2.0644351329767465 | norm-max=12.13941703508117
subset-idx-size=20
tau-train-ens=0.9636363636363636
tau-archive=0.7454545454545454
eval=6 | not-eval=0 | tau= 0.56 | n_kendall=12 | std(means)/mean(stds)=  1.35 | std(means)=3.85e-03 | mean(stds)=2.84e-03
tau-population= 0.33
subset-max-norm=2.4196267556061897 | norm-max=12.13941703508117
subset-idx-size=20
tau-train-ens=0.7090909090909091
tau-archive=0.45454545454545453
eval=6 | not-eval=0 | tau= 0.42 | n_kendall=12 | std(means)/mean(stds)=  1.55 | std(means)=2.30e-03 | mean(stds)=1.49e-03
tau-population= 0.73
subset-max-norm=2.057232832839391 | norm-max=12.13941703508117
subset-idx-size=20
tau-train-ens=0.8909090909090909
tau-archive=0.05454545454545454
eval=6 | not-eval=0 | tau= 0.56 | n_kendall=12 | std(means)/mean(stds)=  7.22 | std(means)=5.48e-03 | mean(stds)=7.59e-04
tau-population= 0.47
subset-max-norm=2.0434350103224803 | norm-max=12.13941703508117
subset-idx-size=20
tau-train-ens=0.6727272727272727
tau-archive=0.5272727272727272
eval=6 | not-eval=0 | tau= 0.51 | n_kendall=12 | std(means)/mean(stds)=  5.50 | std(means)=1.99e-02 | mean(stds)=3.61e-03
tau-population= 0.33
subset-max-norm=1.1231592148407716 | norm-max=12.13941703508117
subset-idx-size=20
tau-train-ens=0.8181818181818182
tau-archive=0.6727272727272727
eval=6 | not-eval=0 | tau= 0.64 | n_kendall=12 | std(means)/mean(stds)=  1.83 | std(means)=3.53e-02 | mean(stds)=1.93e-02
tau-population= 0.73
subset-max-norm=0.9159775974373251 | norm-max=12.13941703508117
subset-idx-size=20
tau-train-ens=0.7090909090909091
tau-archive=0.5272727272727272
eval=6 | not-eval=0 | tau= 0.91 | n_kendall=12 | std(means)/mean(stds)=  3.27 | std(means)=4.96e-03 | mean(stds)=1.52e-03
tau-population= 1.00
subset-max-norm=1.3579069062766853 | norm-max=12.13941703508117
subset-idx-size=20
tau-train-ens=1.0
tau-archive=-0.16363636363636364
eval=6 | not-eval=0 | tau= 1.00 | n_kendall=12 | std(means)/mean(stds)= 29.23 | std(means)=4.47e-05 | mean(stds)=1.53e-06
tau-population= 1.00
subset-max-norm=1.1428456350707143 | norm-max=12.13941703508117
subset-idx-size=20
tau-train-ens=0.8181818181818182
tau-archive=-0.2727272727272727
eval=6 | not-eval=0 | tau= 0.47 | n_kendall=12 | std(means)/mean(stds)=  8.89 | std(means)=3.22e-03 | mean(stds)=3.62e-04
tau-population= 0.20
subset-max-norm=2.160871371960396 | norm-max=12.13941703508117
subset-idx-size=20
tau-train-ens=0.7090909090909091
tau-archive=0.23636363636363636
eval=6 | not-eval=0 | tau= 0.82 | n_kendall=12 | std(means)/mean(stds)= 13.59 | std(means)=4.04e-02 | mean(stds)=2.97e-03
tau-population= 1.00
subset-max-norm=2.127297719510249 | norm-max=12.13941703508117
subset-idx-size=20
tau-train-ens=0.8545454545454545
tau-archive=0.45454545454545453
eval=6 | not-eval=0 | tau= 0.42 | n_kendall=12 | std(means)/mean(stds)=  2.04 | std(means)=3.05e-04 | mean(stds)=1.50e-04
tau-population= 0.60
subset-max-norm=2.054587700028134 | norm-max=12.13941703508117
subset-idx-size=20
tau-train-ens=0.6727272727272727
tau-archive=0.7818181818181819
eval=6 | not-eval=0 | tau=-0.47 | n_kendall=12 | std(means)/mean(stds)=  4.24 | std(means)=2.62e-03 | mean(stds)=6.18e-04
tau-population=-0.87
subset-max-norm=1.9308995160417977 | norm-max=12.13941703508117
subset-idx-size=20
tau-train-ens=0.38181818181818183
tau-archive=0.16363636363636364
eval=6 | not-eval=0 | tau= 0.60 | n_kendall=12 | std(means)/mean(stds)=  7.54 | std(means)=3.16e-02 | mean(stds)=4.19e-03
tau-population= 0.47
subset-max-norm=2.08820755629171 | norm-max=12.13941703508117
subset-idx-size=20
tau-train-ens=0.5636363636363636
tau-archive=0.7090909090909091
eval=6 | not-eval=0 | tau= 0.60 | n_kendall=12 | std(means)/mean(stds)= 28.41 | std(means)=1.59e-02 | mean(stds)=5.60e-04
tau-population= 0.60
subset-max-norm=1.5697772671617232 | norm-max=12.13941703508117
subset-idx-size=20
tau-train-ens=0.38181818181818183
tau-archive=0.3090909090909091
eval=6 | not-eval=0 | tau=-0.11 | n_kendall=12 | std(means)/mean(stds)= 14.53 | std(means)=7.59e-03 | mean(stds)=5.22e-04
tau-population= 0.33
subset-max-norm=1.8732076244080058 | norm-max=12.13941703508117
subset-idx-size=20
tau-train-ens=0.45454545454545453
tau-archive=0.0909090909090909
eval=6 | not-eval=0 | tau= 0.56 | n_kendall=12 | std(means)/mean(stds)=  9.93 | std(means)=4.47e-03 | mean(stds)=4.50e-04
tau-population= 0.60
subset-max-norm=1.8684118317797802 | norm-max=12.13941703508117
subset-idx-size=20
tau-train-ens=0.8909090909090909
tau-archive=0.8181818181818182
eval=6 | not-eval=0 | tau= 0.11 | n_kendall=12 | std(means)/mean(stds)=  0.63 | std(means)=2.83e-06 | mean(stds)=4.47e-06
tau-population=-0.07
subset-max-norm=2.800931802115626 | norm-max=12.13941703508117
subset-idx-size=20
tau-train-ens=0.2727272727272727
tau-archive=0.34545454545454546
eval=6 | not-eval=0 | tau= 0.91 | n_kendall=12 | std(means)/mean(stds)=  0.88 | std(means)=1.13e-04 | mean(stds)=1.28e-04
tau-population= 1.00
subset-max-norm=2.6634814572524363 | norm-max=12.13941703508117
subset-idx-size=20
tau-train-ens=0.8181818181818182
tau-archive=0.6727272727272727
eval=6 | not-eval=0 | tau= 0.69 | n_kendall=12 | std(means)/mean(stds)=  0.78 | std(means)=2.92e-05 | mean(stds)=3.76e-05
tau-population= 0.60
subset-max-norm=2.0715669117324453 | norm-max=12.13941703508117
subset-idx-size=20
tau-train-ens=0.6363636363636364
tau-archive=0.6363636363636364
eval=6 | not-eval=0 | tau= 0.11 | n_kendall=12 | std(means)/mean(stds)=  5.89 | std(means)=2.82e-04 | mean(stds)=4.78e-05
tau-population= 0.07
subset-max-norm=1.8184465421345575 | norm-max=12.13941703508117
subset-idx-size=20
tau-train-ens=0.7818181818181819
tau-archive=0.6363636363636364
eval=6 | not-eval=0 | tau= 0.47 | n_kendall=12 | std(means)/mean(stds)=  2.74 | std(means)=4.48e-05 | mean(stds)=1.63e-05
tau-population= 0.33
subset-max-norm=1.9155031111845304 | norm-max=12.13941703508117
subset-idx-size=20
tau-train-ens=0.6363636363636364
tau-archive=0.8909090909090909
eval=1 | not-eval=5 | tau= 0.88 | n_kendall=12 | std(means)/mean(stds)=  4.72 | std(means)=4.54e-05 | mean(stds)=9.61e-06
tau-population= 1.00
subset-max-norm=2.3636753691820584 | norm-max=12.13941703508117
subset-idx-size=20
tau-train-ens=0.8909090909090909
tau-archive=0.8909090909090909
eval=6 | not-eval=0 | tau= 0.47 | n_kendall=12 | std(means)/mean(stds)=  1.02 | std(means)=4.52e-07 | mean(stds)=4.45e-07
tau-population= 0.47
subset-max-norm=2.742912829848615 | norm-max=12.13941703508117
subset-idx-size=20
tau-train-ens=1.0
tau-archive=0.6000000000000001
eval=6 | not-eval=0 | tau= 0.47 | n_kendall=12 | std(means)/mean(stds)=  9.30 | std(means)=3.74e-06 | mean(stds)=4.03e-07
tau-population= 0.47
subset-max-norm=3.3436052975882675 | norm-max=12.13941703508117
subset-idx-size=20
tau-train-ens=0.3090909090909091
tau-archive=0.23636363636363636
eval=6 | not-eval=0 | tau= 0.29 | n_kendall=12 | std(means)/mean(stds)=  1.03 | std(means)=1.72e-07 | mean(stds)=1.67e-07
tau-population= 0.47
subset-max-norm=1.8031352582771918 | norm-max=12.13941703508117
subset-idx-size=20
tau-train-ens=1.0
tau-archive=1.0
eval=1 | not-eval=5 | tau= 1.00 | n_kendall=12 | std(means)/mean(stds)= 24.25 | std(means)=6.61e-08 | mean(stds)=2.73e-09
tau-population= 1.00
subset-max-norm=3.0803742415865707 | norm-max=12.13941703508117
subset-idx-size=20
tau-train-ens=1.0
tau-archive=0.6363636363636364
eval=2 | not-eval=4 | tau= 0.94 | n_kendall=12 | std(means)/mean(stds)=  1.79 | std(means)=2.30e-06 | mean(stds)=1.29e-06
tau-population=-1.00
subset-max-norm=2.175753832866088 | norm-max=12.13941703508117
subset-idx-size=20
tau-train-ens=1.0
tau-archive=1.0
eval=1 | not-eval=5 | tau= 1.00 | n_kendall=12 | std(means)/mean(stds)=  2.08 | std(means)=5.03e-07 | mean(stds)=2.42e-07
tau-population=  nan
subset-max-norm=2.0906413738316596 | norm-max=12.13941703508117
subset-idx-size=20
tau-train-ens=0.9636363636363636
tau-archive=0.9636363636363636
eval=6 | not-eval=0 | tau= 0.60 | n_kendall=12 | std(means)/mean(stds)=  1.43 | std(means)=7.57e-07 | mean(stds)=5.29e-07
tau-population=  nan
subset-max-norm=1.480165678116687 | norm-max=12.13941703508117
subset-idx-size=20
tau-train-ens=0.9636363636363636
tau-archive=0.7818181818181819
eval=6 | not-eval=0 | tau=-0.02 | n_kendall=12 | std(means)/mean(stds)=  5.76 | std(means)=7.85e-07 | mean(stds)=1.36e-07
tau-population=  nan
subset-max-norm=1.1954513684419856 | norm-max=12.13941703508117
subset-idx-size=20
tau-train-ens=0.7818181818181819
tau-archive=0.23636363636363636
eval=6 | not-eval=0 | tau= 0.38 | n_kendall=12 | std(means)/mean(stds)=  7.56 | std(means)=5.52e-06 | mean(stds)=7.31e-07
tau-population=  nan
subset-max-norm=1.2750997565378344 | norm-max=12.13941703508117
subset-idx-size=20
tau-train-ens=0.7090909090909091
tau-archive=0.018181818181818184
eval=6 | not-eval=0 | tau= 1.00 | n_kendall=12 | std(means)/mean(stds)=  6.88 | std(means)=1.56e-05 | mean(stds)=2.26e-06
tau-population=  nan
subset-max-norm=0.7894356993960577 | norm-max=12.13941703508117
subset-idx-size=20
tau-train-ens=0.7818181818181819
tau-archive=0.8545454545454545
eval=6 | not-eval=0 | tau= 0.02 | n_kendall=12 | std(means)/mean(stds)=  4.70 | std(means)=4.35e-06 | mean(stds)=9.26e-07
tau-population=  nan
subset-max-norm=1.6888081903173 | norm-max=12.13941703508117
subset-idx-size=20
tau-train-ens=0.5636363636363636
tau-archive=0.5636363636363636
eval=6 | not-eval=0 | tau= 0.58 | n_kendall=12 | std(means)/mean(stds)=  4.19 | std(means)=9.58e-06 | mean(stds)=2.29e-06
tau-population=  nan
 2D  6-fun   1-inst  500-budget False-solved 500-evals  546-cma-evals  571s 0-restarts  6-init-pop (Surrogate(model=<__main__.Eaf object at 0x7f880627f940>, subset=ClosestToEachTestPoint(Mahalanobis, n_max_coef=10)), EvaluateUntilKendallThreshold(mean_criterion, tau_threshold=0.85, offset=True), n_min_fn=get_dim) 4.9e-08-delta-f          1-seed
