(3_w,6)-aCMA-ES (mu_w=2.0,w_1=63%) in dimension 2 (seed=1, Sun Apr 21 12:04:24 2024)
subset-max-norm=0.813101423315702 | norm-max=12.13941703508117
subset-idx-size=6
tau-train-ens=0.9999999999999999
tau-archive=0.9999999999999999
eval=1 | not-eval=5 | tau= 1.00 | n_kendall= 7 | std(means)/mean(stds)=  3.80 | std(means)=1.90e+05 | mean(stds)=5.00e+04
tau-population= 0.60
subset-max-norm=1.5226906446847963 | norm-max=12.13941703508117
subset-idx-size=7
tau-train-ens=1.0
tau-archive=0.9999999999999999
eval=1 | not-eval=5 | tau= 0.93 | n_kendall= 8 | std(means)/mean(stds)=  0.31 | std(means)=2.32e+04 | mean(stds)=7.47e+04
tau-population= 0.73
subset-max-norm=1.0420179307939448 | norm-max=12.13941703508117
subset-idx-size=8
tau-train-ens=0.9999999999999998
tau-archive=1.0
eval=1 | not-eval=5 | tau= 0.89 | n_kendall= 9 | std(means)/mean(stds)=  2.88 | std(means)=1.38e+05 | mean(stds)=4.78e+04
tau-population= 0.47
subset-max-norm=1.9449777423208967 | norm-max=12.13941703508117
subset-idx-size=9
tau-train-ens=1.0
tau-archive=0.9999999999999998
eval=1 | not-eval=5 | tau= 1.00 | n_kendall=10 | std(means)/mean(stds)=  1.19 | std(means)=2.84e+04 | mean(stds)=2.38e+04
tau-population= 0.87
subset-max-norm=2.128131011221187 | norm-max=12.13941703508117
subset-idx-size=10
tau-train-ens=0.9555555555555554
tau-archive=0.9444444444444445
eval=1 | not-eval=5 | tau= 0.85 | n_kendall=11 | std(means)/mean(stds)=  1.78 | std(means)=5.13e+04 | mean(stds)=2.88e+04
tau-population= 0.60
subset-max-norm=4.276046060680374 | norm-max=12.13941703508117
subset-idx-size=11
tau-train-ens=0.8909090909090909
tau-archive=0.8666666666666666
eval=6 | not-eval=0 | tau=-0.02 | n_kendall=12 | std(means)/mean(stds)=  0.37 | std(means)=3.48e+03 | mean(stds)=9.48e+03
tau-population=-0.33
subset-max-norm=2.0895104916854494 | norm-max=12.13941703508117
subset-idx-size=12
tau-train-ens=0.8545454545454545
tau-archive=0.7818181818181819
eval=6 | not-eval=0 | tau= 0.20 | n_kendall=12 | std(means)/mean(stds)=  2.47 | std(means)=1.24e+04 | mean(stds)=5.02e+03
tau-population=-0.07
subset-max-norm=1.3908273581243498 | norm-max=12.13941703508117
subset-idx-size=12
tau-train-ens=0.8181818181818182
tau-archive=0.41818181818181815
eval=6 | not-eval=0 | tau= 0.51 | n_kendall=12 | std(means)/mean(stds)=  6.80 | std(means)=4.33e+03 | mean(stds)=6.37e+02
tau-population= 0.73
subset-max-norm=1.4011405900811191 | norm-max=12.13941703508117
subset-idx-size=12
tau-train-ens=0.9272727272727274
tau-archive=-0.2727272727272727
eval=6 | not-eval=0 | tau=-0.29 | n_kendall=12 | std(means)/mean(stds)=  2.60 | std(means)=1.13e+03 | mean(stds)=4.34e+02
tau-population=-0.20
subset-max-norm=1.3118443230999557 | norm-max=12.13941703508117
subset-idx-size=12
> /home/jarda/Desktop/thesis/nncmaes/code/nncmaes.py(1335)__call__()
-> print("tau-train-ens={}".format(tau))
(Pdb) 0.6727272727272727
(Pdb) array([[ 3.19891446],
       [ 1.4210493 ],
       [-0.40092581],
       [-0.18078898],
       [-0.40335229],
       [-0.40618154],
       [ 1.28915995],
       [-0.40250719],
       [-0.40605918],
       [-0.40133047],
       [-0.40588192],
       [-0.40958466]])
(Pdb) array([[-0.25862931, -1.27112364],
       [-0.68653639,  1.8307258 ],
       [ 0.58880235,  1.61022783],
       [-0.85801246,  1.00459129],
       [ 0.32736383,  1.44432592],
       [ 0.12665548,  1.2389584 ],
       [ 0.17581755,  2.40313479],
       [ 0.55022432,  1.44004761],
       [ 0.59782893, -0.33097785],
       [ 1.32219386, -1.03893923],
       [ 0.68003935, -0.80273233],
       [-0.39818645,  0.29858716]])
(Pdb) array([[-0.0001286 ],
       [-0.00014511],
       [ 0.01017352],
       [-0.00029528],
       [ 0.0129409 ],
       [-0.00195316],
       [-0.00619036],
       [-0.01716817],
       [ 0.00012024],
       [ 0.00016113],
       [-0.0001947 ],
       [ 0.00016482]])
(Pdb) array([[1.65385326e-08],
       [2.10563425e-08],
       [1.03500476e-04],
       [8.71919107e-08],
       [1.67466896e-04],
       [3.81482839e-06],
       [3.83204996e-05],
       [2.94745942e-04],
       [1.44585717e-08],
       [2.59636379e-08],
       [3.79063109e-08],
       [2.71658615e-08]])
(Pdb) 
