(3_w,6)-aCMA-ES (mu_w=2.0,w_1=63%) in dimension 2 (seed=1, Sun Apr 21 15:28:28 2024)
subset-idx-size=6
tau-train-ens=0.9999999999999999
> /home/jarda/Desktop/thesis/nncmaes/code/nncmaes.py(1477)__call__()
-> return surrogate_model
(Pdb) tau-archive=0.9999999999999999
eval=1 | not-eval=5 | tau= 1.00 | n_kendall= 7 | std(means)/mean(stds)=  1.11 | std(means)=9.10e+04 | mean(stds)=8.22e+04
tau-population= 0.73
subset-idx-size=7
tau-train-ens=0.9047619047619049
> /home/jarda/Desktop/thesis/nncmaes/code/nncmaes.py(1477)__call__()
-> return surrogate_model
(Pdb) tau-archive=0.8666666666666666
eval=1 | not-eval=5 | tau= 0.86 | n_kendall= 8 | std(means)/mean(stds)=  0.45 | std(means)=3.37e+04 | mean(stds)=7.46e+04
tau-population=-0.47
subset-idx-size=8
tau-train-ens=0.9285714285714285
> /home/jarda/Desktop/thesis/nncmaes/code/nncmaes.py(1477)__call__()
-> return surrogate_model
(Pdb) tau-archive=0.9047619047619049
eval=6 | not-eval=0 | tau= 0.51 | n_kendall=12 | std(means)/mean(stds)=  1.02 | std(means)=8.11e+04 | mean(stds)=7.97e+04
tau-population= 0.60
subset-idx-size=9
> /home/jarda/Desktop/thesis/nncmaes/code/nncmaes.py(1363)__call__()
-> print("tau-train-ens={}".format(tau))
(Pdb) 0.5
(Pdb) array([[20.99094508],
       [10.91530183],
       [ 1.75609236],
       [ 1.41349417],
       [ 1.        ],
       [ 1.01772107],
       [ 1.04451974],
       [ 1.03755623],
       [ 1.00909757]])
(Pdb) array([[12.5047455],
       [ 9.802812 ],
       [ 9.558631 ],
       [ 9.298059 ],
       [ 6.1645026],
       [ 3.7689831],
       [ 2.0881836],
       [ 2.6996522],
       [ 3.5182235]], dtype=float32)
(Pdb) array([[[12.095935 ],
        [10.917236 ],
        [11.079685 ],
        [10.954501 ],
        [ 9.669837 ],
        [ 8.039156 ],
        [ 6.293101 ],
        [ 6.837726 ],
        [ 9.236594 ]],

       [[21.045527 ],
        [10.892245 ],
        [12.558386 ],
        [11.554194 ],
        [ 3.155028 ],
        [ 1.0158266],
        [ 1.0445496],
        [ 1.0367804],
        [ 1.0101165]],

       [[12.801532 ],
        [10.923594 ],
        [ 9.177406 ],
        [ 8.953693 ],
        [ 5.345817 ],
        [ 1.7761552],
        [ 1.045791 ],
        [ 1.1371452],
        [ 2.154879 ]],

       [[11.167414 ],
        [10.914698 ],
        [ 9.869132 ],
        [ 9.926325 ],
        [ 8.233713 ],
        [ 4.9701123],
        [ 1.0456055],
        [ 2.6315613],
        [ 2.57926  ]],

       [[ 5.413323 ],
        [ 5.366283 ],
        [ 5.1085477],
        [ 5.101587 ],
        [ 4.4181175],
        [ 3.0436647],
        [ 1.0118712],
        [ 1.8550484],
        [ 2.6102674]]], dtype=float32)
(Pdb) 