(3_w,6)-aCMA-ES (mu_w=2.0,w_1=63%) in dimension 2 (seed=1, Sun Apr 21 00:22:19 2024)
subset-idx-size=6
tau-train-ens=0.9999999999999999
tau-archive=0.9999999999999999
eval=1 | not-eval=5 | tau= 0.90 | n_kendall= 7 | std(means)/mean(stds)=  2.87 | std(means)=1.55e+06 | mean(stds)=5.41e+05
tau-population= 0.33
subset-idx-size=7
tau-train-ens=1.0
tau-archive=0.9999999999999999
eval=1 | not-eval=5 | tau= 1.00 | n_kendall= 8 | std(means)/mean(stds)=  2.46 | std(means)=6.38e+05 | mean(stds)=2.59e+05
tau-population= 0.60
subset-idx-size=8
tau-train-ens=0.9999999999999998
tau-archive=1.0
eval=1 | not-eval=5 | tau= 0.94 | n_kendall= 9 | std(means)/mean(stds)=  0.64 | std(means)=3.52e+05 | mean(stds)=5.47e+05
tau-population= 0.20
subset-idx-size=9
tau-train-ens=1.0
tau-archive=0.9999999999999998
eval=1 | not-eval=5 | tau= 1.00 | n_kendall=10 | std(means)/mean(stds)=  2.35 | std(means)=6.52e+05 | mean(stds)=2.78e+05
tau-population= 0.60
subset-idx-size=10
tau-train-ens=0.9999999999999999
tau-archive=1.0
eval=1 | not-eval=5 | tau= 1.00 | n_kendall=11 | std(means)/mean(stds)=  1.76 | std(means)=6.70e+05 | mean(stds)=3.81e+05
tau-population= 0.73
subset-idx-size=11
tau-train-ens=1.0
tau-archive=0.9999999999999999
eval=1 | not-eval=5 | tau= 0.97 | n_kendall=12 | std(means)/mean(stds)=  1.36 | std(means)=8.39e+04 | mean(stds)=6.17e+04
tau-population= 0.33
subset-idx-size=12
tau-train-ens=0.8909090909090909
tau-archive=0.8909090909090909
eval=6 | not-eval=0 | tau= 0.56 | n_kendall=12 | std(means)/mean(stds)=  1.86 | std(means)=8.26e+04 | mean(stds)=4.45e+04
tau-population= 0.47
subset-idx-size=12
tau-train-ens=0.9272727272727274
tau-archive=0.9272727272727274
eval=6 | not-eval=0 | tau= 0.64 | n_kendall=12 | std(means)/mean(stds)=  1.79 | std(means)=4.36e+04 | mean(stds)=2.43e+04
tau-population= 0.33
subset-idx-size=12
tau-train-ens=1.0
tau-archive=1.0
eval=1 | not-eval=5 | tau= 1.00 | n_kendall=12 | std(means)/mean(stds)=  2.41 | std(means)=3.58e+04 | mean(stds)=1.48e+04
tau-population= 0.87
subset-idx-size=12
tau-train-ens=1.0
tau-archive=1.0
eval=1 | not-eval=5 | tau= 0.91 | n_kendall=12 | std(means)/mean(stds)=  1.69 | std(means)=2.92e+04 | mean(stds)=1.73e+04
tau-population= 0.87
subset-idx-size=12
tau-train-ens=0.9636363636363636
tau-archive=0.9636363636363636
eval=1 | not-eval=5 | tau= 0.97 | n_kendall=12 | std(means)/mean(stds)=  4.62 | std(means)=1.47e+04 | mean(stds)=3.17e+03
tau-population= 0.20
subset-idx-size=12
tau-train-ens=1.0
tau-archive=1.0
eval=1 | not-eval=5 | tau= 1.00 | n_kendall=12 | std(means)/mean(stds)=  3.10 | std(means)=1.36e+04 | mean(stds)=4.40e+03
tau-population= 0.60
subset-idx-size=12
tau-train-ens=1.0
tau-archive=1.0
eval=1 | not-eval=5 | tau= 1.00 | n_kendall=12 | std(means)/mean(stds)=  3.00 | std(means)=4.66e+03 | mean(stds)=1.55e+03
tau-population= 0.87
subset-idx-size=12
tau-train-ens=0.9636363636363636
tau-archive=0.9636363636363636
eval=1 | not-eval=5 | tau= 0.97 | n_kendall=12 | std(means)/mean(stds)=  3.00 | std(means)=1.01e+04 | mean(stds)=3.38e+03
tau-population= 1.00
subset-idx-size=12
tau-train-ens=0.9636363636363636
tau-archive=0.9636363636363636
eval=1 | not-eval=5 | tau= 0.91 | n_kendall=12 | std(means)/mean(stds)=  3.33 | std(means)=2.45e+03 | mean(stds)=7.35e+02
tau-population= 0.87
subset-idx-size=12
tau-train-ens=0.8909090909090909
tau-archive=0.8909090909090909
eval=1 | not-eval=5 | tau= 0.88 | n_kendall=12 | std(means)/mean(stds)=  4.81 | std(means)=2.65e+03 | mean(stds)=5.51e+02
tau-population= 0.60
subset-idx-size=12
tau-train-ens=0.8909090909090909
tau-archive=0.8909090909090909
eval=1 | not-eval=5 | tau= 0.91 | n_kendall=12 | std(means)/mean(stds)=  1.30 | std(means)=1.04e+03 | mean(stds)=8.00e+02
tau-population= 0.47
subset-idx-size=12
tau-train-ens=0.8909090909090909
tau-archive=0.8909090909090909
eval=1 | not-eval=5 | tau= 0.88 | n_kendall=12 | std(means)/mean(stds)=  1.44 | std(means)=7.46e+02 | mean(stds)=5.17e+02
tau-population= 1.00
subset-idx-size=12
tau-train-ens=0.9636363636363636
tau-archive=0.9636363636363636
eval=6 | not-eval=0 | tau= 0.64 | n_kendall=12 | std(means)/mean(stds)=  2.50 | std(means)=4.05e+02 | mean(stds)=1.62e+02
tau-population= 0.33
subset-idx-size=12
tau-train-ens=1.0
tau-archive=1.0
eval=1 | not-eval=5 | tau= 1.00 | n_kendall=12 | std(means)/mean(stds)=  1.77 | std(means)=5.37e+01 | mean(stds)=3.03e+01
tau-population= 0.87
subset-idx-size=12
tau-train-ens=0.9636363636363636
tau-archive=0.9636363636363636
eval=1 | not-eval=5 | tau= 0.94 | n_kendall=12 | std(means)/mean(stds)=  2.86 | std(means)=1.07e+02 | mean(stds)=3.76e+01
tau-population= 0.87
subset-idx-size=12
tau-train-ens=1.0
tau-archive=1.0
eval=1 | not-eval=5 | tau= 1.00 | n_kendall=12 | std(means)/mean(stds)=  2.36 | std(means)=5.58e+01 | mean(stds)=2.36e+01
tau-population= 0.87
subset-idx-size=12
tau-train-ens=0.8181818181818182
tau-archive=0.8181818181818182
eval=2 | not-eval=4 | tau= 0.97 | n_kendall=12 | std(means)/mean(stds)=  1.13 | std(means)=1.23e+01 | mean(stds)=1.09e+01
tau-population= 0.73
subset-idx-size=12
tau-train-ens=1.0
tau-archive=1.0
eval=1 | not-eval=5 | tau= 0.94 | n_kendall=12 | std(means)/mean(stds)=  1.13 | std(means)=8.85e+00 | mean(stds)=7.82e+00
tau-population= 0.33
subset-idx-size=12
tau-train-ens=0.8181818181818182
tau-archive=0.8181818181818182
eval=3 | not-eval=3 | tau= 0.88 | n_kendall=12 | std(means)/mean(stds)=  1.93 | std(means)=1.19e+01 | mean(stds)=6.16e+00
tau-population= 1.00
subset-idx-size=12
tau-train-ens=0.9272727272727274
tau-archive=0.9272727272727274
eval=1 | not-eval=5 | tau= 0.94 | n_kendall=12 | std(means)/mean(stds)=  3.00 | std(means)=1.60e+01 | mean(stds)=5.35e+00
tau-population= 1.00
subset-idx-size=12
tau-train-ens=0.9636363636363636
tau-archive=0.9636363636363636
eval=1 | not-eval=5 | tau= 0.91 | n_kendall=12 | std(means)/mean(stds)=  3.04 | std(means)=4.41e+00 | mean(stds)=1.45e+00
tau-population= 1.00
subset-idx-size=12
tau-train-ens=1.0
tau-archive=1.0
eval=1 | not-eval=5 | tau= 0.97 | n_kendall=12 | std(means)/mean(stds)=  0.57 | std(means)=1.29e+00 | mean(stds)=2.26e+00
tau-population= 0.73
subset-idx-size=12
tau-train-ens=1.0
tau-archive=1.0
eval=1 | not-eval=5 | tau= 0.97 | n_kendall=12 | std(means)/mean(stds)=  1.01 | std(means)=8.23e-01 | mean(stds)=8.16e-01
tau-population= 0.47
subset-idx-size=12
tau-train-ens=1.0
tau-archive=1.0
eval=1 | not-eval=5 | tau= 0.94 | n_kendall=12 | std(means)/mean(stds)=  0.94 | std(means)=1.15e+00 | mean(stds)=1.22e+00
tau-population= 0.60
subset-idx-size=12
tau-train-ens=0.8909090909090909
tau-archive=0.8909090909090909
eval=6 | not-eval=0 | tau= 0.38 | n_kendall=12 | std(means)/mean(stds)=  1.97 | std(means)=1.97e+00 | mean(stds)=1.00e+00
tau-population= 0.20
subset-idx-size=12
tau-train-ens=1.0
tau-archive=1.0
eval=1 | not-eval=5 | tau= 1.00 | n_kendall=12 | std(means)/mean(stds)=  1.03 | std(means)=1.77e-01 | mean(stds)=1.72e-01
tau-population= 0.47
subset-idx-size=12
tau-train-ens=0.8909090909090909
tau-archive=0.8909090909090909
eval=1 | not-eval=5 | tau= 0.88 | n_kendall=12 | std(means)/mean(stds)=  0.60 | std(means)=1.72e-01 | mean(stds)=2.85e-01
tau-population= 0.07
subset-idx-size=12
tau-train-ens=1.0
tau-archive=1.0
eval=1 | not-eval=5 | tau= 0.97 | n_kendall=12 | std(means)/mean(stds)=  0.77 | std(means)=2.84e-01 | mean(stds)=3.67e-01
tau-population= 0.73
subset-idx-size=12
tau-train-ens=0.9636363636363636
tau-archive=0.9636363636363636
eval=1 | not-eval=5 | tau= 0.88 | n_kendall=12 | std(means)/mean(stds)=  0.79 | std(means)=2.13e-01 | mean(stds)=2.71e-01
tau-population=-0.33
subset-idx-size=12
tau-train-ens=0.8909090909090909
tau-archive=0.8909090909090909
eval=1 | not-eval=5 | tau= 0.91 | n_kendall=12 | std(means)/mean(stds)=  1.03 | std(means)=1.94e-01 | mean(stds)=1.89e-01
tau-population=-0.20
subset-idx-size=12
tau-train-ens=0.8909090909090909
tau-archive=0.8909090909090909
eval=1 | not-eval=5 | tau= 0.88 | n_kendall=12 | std(means)/mean(stds)=  1.43 | std(means)=4.04e-01 | mean(stds)=2.83e-01
tau-population=-0.20
subset-idx-size=12
tau-train-ens=0.8181818181818182
tau-archive=0.8181818181818182
eval=6 | not-eval=0 | tau= 0.33 | n_kendall=12 | std(means)/mean(stds)=  2.88 | std(means)=5.32e-01 | mean(stds)=1.85e-01
tau-population= 0.33
subset-idx-size=12
tau-train-ens=0.6727272727272727
tau-archive=0.6727272727272727
eval=6 | not-eval=0 | tau= 0.69 | n_kendall=12 | std(means)/mean(stds)=  2.99 | std(means)=1.11e-01 | mean(stds)=3.70e-02
tau-population= 0.60
subset-idx-size=12
tau-train-ens=1.0
tau-archive=1.0
eval=1 | not-eval=5 | tau= 1.00 | n_kendall=12 | std(means)/mean(stds)=  4.43 | std(means)=1.59e-01 | mean(stds)=3.59e-02
tau-population= 1.00
subset-idx-size=12
tau-train-ens=0.9272727272727274
tau-archive=0.9272727272727274
eval=6 | not-eval=0 | tau= 0.16 | n_kendall=12 | std(means)/mean(stds)=  1.32 | std(means)=3.28e-02 | mean(stds)=2.49e-02
tau-population=-0.33
subset-idx-size=12
tau-train-ens=0.9636363636363636
tau-archive=0.9636363636363636
eval=1 | not-eval=5 | tau= 0.91 | n_kendall=12 | std(means)/mean(stds)=  1.29 | std(means)=2.30e-02 | mean(stds)=1.78e-02
tau-population= 0.73
subset-idx-size=12
tau-train-ens=0.9272727272727274
tau-archive=0.9272727272727274
eval=6 | not-eval=0 | tau=-0.07 | n_kendall=12 | std(means)/mean(stds)=  1.54 | std(means)=2.04e-02 | mean(stds)=1.33e-02
tau-population=-0.07
subset-idx-size=12
tau-train-ens=0.9272727272727274
tau-archive=0.9272727272727274
eval=1 | not-eval=5 | tau= 0.94 | n_kendall=12 | std(means)/mean(stds)=  0.85 | std(means)=4.01e-03 | mean(stds)=4.72e-03
tau-population= 0.47
subset-idx-size=12
tau-train-ens=1.0
tau-archive=1.0
eval=1 | not-eval=5 | tau= 1.00 | n_kendall=12 | std(means)/mean(stds)=  0.93 | std(means)=5.64e-03 | mean(stds)=6.05e-03
tau-population= 1.00
subset-idx-size=12
tau-train-ens=0.9636363636363636
tau-archive=0.9636363636363636
eval=6 | not-eval=0 | tau= 0.42 | n_kendall=12 | std(means)/mean(stds)=  1.34 | std(means)=6.65e-03 | mean(stds)=4.96e-03
tau-population= 0.47
subset-idx-size=12
tau-train-ens=0.8909090909090909
tau-archive=0.8909090909090909
eval=6 | not-eval=0 | tau= 0.02 | n_kendall=12 | std(means)/mean(stds)=  5.70 | std(means)=7.68e-03 | mean(stds)=1.35e-03
tau-population=-0.33
subset-idx-size=12
tau-train-ens=0.9636363636363636
tau-archive=0.9636363636363636
eval=1 | not-eval=5 | tau= 0.97 | n_kendall=12 | std(means)/mean(stds)=  3.46 | std(means)=2.20e-03 | mean(stds)=6.36e-04
tau-population= 0.73
subset-idx-size=12
tau-train-ens=0.6000000000000001
tau-archive=0.6000000000000001
eval=6 | not-eval=0 | tau= 0.47 | n_kendall=12 | std(means)/mean(stds)=  2.16 | std(means)=2.65e-03 | mean(stds)=1.23e-03
tau-population= 0.20
subset-idx-size=12
tau-train-ens=0.9272727272727274
tau-archive=0.9272727272727274
eval=1 | not-eval=5 | tau= 0.94 | n_kendall=12 | std(means)/mean(stds)=  0.50 | std(means)=8.71e-04 | mean(stds)=1.74e-03
tau-population=-0.07
subset-idx-size=12
tau-train-ens=0.9272727272727274
tau-archive=0.9272727272727274
eval=1 | not-eval=5 | tau= 0.91 | n_kendall=12 | std(means)/mean(stds)=  2.38 | std(means)=2.64e-03 | mean(stds)=1.11e-03
tau-population= 0.20
subset-idx-size=12
tau-train-ens=0.7454545454545454
tau-archive=0.7454545454545454
eval=6 | not-eval=0 | tau= 0.07 | n_kendall=12 | std(means)/mean(stds)=  1.09 | std(means)=1.29e-03 | mean(stds)=1.19e-03
tau-population=-0.73
subset-idx-size=12
tau-train-ens=0.9272727272727274
tau-archive=0.9272727272727274
eval=6 | not-eval=0 | tau= 0.07 | n_kendall=12 | std(means)/mean(stds)=  2.70 | std(means)=2.09e-03 | mean(stds)=7.71e-04
tau-population=-0.60
subset-idx-size=12
tau-train-ens=0.8181818181818182
tau-archive=0.8181818181818182
eval=6 | not-eval=0 | tau= 0.29 | n_kendall=12 | std(means)/mean(stds)=  0.59 | std(means)=1.17e-03 | mean(stds)=1.97e-03
tau-population= 0.60
subset-idx-size=12
tau-train-ens=0.6727272727272727
tau-archive=0.6727272727272727
eval=3 | not-eval=3 | tau= 0.88 | n_kendall=12 | std(means)/mean(stds)=  1.98 | std(means)=3.19e-03 | mean(stds)=1.61e-03
tau-population= 0.20
subset-idx-size=12
tau-train-ens=1.0
tau-archive=1.0
eval=1 | not-eval=5 | tau= 1.00 | n_kendall=12 | std(means)/mean(stds)=  5.89 | std(means)=2.62e-03 | mean(stds)=4.46e-04
tau-population= 0.87
subset-idx-size=12
tau-train-ens=1.0
tau-archive=1.0
eval=1 | not-eval=5 | tau= 1.00 | n_kendall=12 | std(means)/mean(stds)= 10.28 | std(means)=1.62e-03 | mean(stds)=1.58e-04
tau-population= 1.00
subset-idx-size=12
tau-train-ens=1.0
tau-archive=1.0
eval=1 | not-eval=5 | tau= 1.00 | n_kendall=12 | std(means)/mean(stds)= 12.42 | std(means)=1.07e-03 | mean(stds)=8.62e-05
tau-population= 0.87
subset-idx-size=12
tau-train-ens=0.9636363636363636
tau-archive=0.9636363636363636
eval=1 | not-eval=5 | tau= 0.97 | n_kendall=12 | std(means)/mean(stds)=  7.99 | std(means)=6.69e-04 | mean(stds)=8.37e-05
tau-population= 0.73
subset-idx-size=12
tau-train-ens=1.0
tau-archive=1.0
eval=1 | not-eval=5 | tau= 1.00 | n_kendall=12 | std(means)/mean(stds)= 21.25 | std(means)=1.44e-03 | mean(stds)=6.76e-05
tau-population= 1.00
subset-idx-size=12
tau-train-ens=1.0
tau-archive=1.0
eval=1 | not-eval=5 | tau= 1.00 | n_kendall=12 | std(means)/mean(stds)=  6.42 | std(means)=2.20e-03 | mean(stds)=3.42e-04
tau-population= 0.87
subset-idx-size=12
tau-train-ens=1.0
tau-archive=1.0
eval=1 | not-eval=5 | tau= 0.97 | n_kendall=12 | std(means)/mean(stds)=  1.13 | std(means)=1.07e-03 | mean(stds)=9.47e-04
tau-population= 0.47
subset-idx-size=12
tau-train-ens=0.9636363636363636
tau-archive=0.9636363636363636
eval=1 | not-eval=5 | tau= 0.97 | n_kendall=12 | std(means)/mean(stds)=  2.12 | std(means)=2.87e-03 | mean(stds)=1.35e-03
tau-population= 0.73
subset-idx-size=12
tau-train-ens=0.9636363636363636
tau-archive=0.9636363636363636
eval=1 | not-eval=5 | tau= 0.97 | n_kendall=12 | std(means)/mean(stds)=  1.18 | std(means)=2.71e-03 | mean(stds)=2.30e-03
tau-population= 0.73
subset-idx-size=12
tau-train-ens=0.8545454545454545
tau-archive=0.8545454545454545
eval=5 | not-eval=1 | tau= 0.88 | n_kendall=12 | std(means)/mean(stds)=  6.65 | std(means)=8.82e-03 | mean(stds)=1.33e-03
tau-population= 0.87
subset-idx-size=12
tau-train-ens=0.9636363636363636
tau-archive=0.9636363636363636
eval=1 | not-eval=5 | tau= 0.94 | n_kendall=12 | std(means)/mean(stds)=  2.98 | std(means)=3.32e-03 | mean(stds)=1.11e-03
tau-population= 0.07
subset-idx-size=12
tau-train-ens=1.0
tau-archive=1.0
eval=1 | not-eval=5 | tau= 0.97 | n_kendall=12 | std(means)/mean(stds)=  8.45 | std(means)=4.45e-03 | mean(stds)=5.27e-04
tau-population= 0.07
subset-idx-size=12
tau-train-ens=1.0
tau-archive=1.0
eval=1 | not-eval=5 | tau= 0.91 | n_kendall=12 | std(means)/mean(stds)=  1.65 | std(means)=3.89e-03 | mean(stds)=2.35e-03
tau-population= 0.73
subset-idx-size=12
tau-train-ens=1.0
tau-archive=1.0
eval=1 | not-eval=5 | tau= 0.94 | n_kendall=12 | std(means)/mean(stds)=  1.81 | std(means)=1.72e-03 | mean(stds)=9.54e-04
tau-population=-0.33
subset-idx-size=12
tau-train-ens=1.0
tau-archive=1.0
eval=1 | not-eval=5 | tau= 0.97 | n_kendall=12 | std(means)/mean(stds)=  1.73 | std(means)=3.26e-03 | mean(stds)=1.88e-03
tau-population= 0.07
subset-idx-size=12
tau-train-ens=0.9272727272727274
tau-archive=0.9272727272727274
eval=6 | not-eval=0 | tau= 0.56 | n_kendall=12 | std(means)/mean(stds)=  0.83 | std(means)=2.30e-03 | mean(stds)=2.77e-03
tau-population= 0.33
subset-idx-size=12
tau-train-ens=0.9272727272727274
tau-archive=0.9272727272727274
eval=1 | not-eval=5 | tau= 0.91 | n_kendall=12 | std(means)/mean(stds)=  3.72 | std(means)=9.62e-03 | mean(stds)=2.59e-03
tau-population= 1.00
subset-idx-size=12
tau-train-ens=0.8545454545454545
tau-archive=0.8545454545454545
eval=2 | not-eval=4 | tau= 0.91 | n_kendall=12 | std(means)/mean(stds)=  0.88 | std(means)=2.68e-03 | mean(stds)=3.03e-03
tau-population= 0.87
subset-idx-size=12
tau-train-ens=0.9636363636363636
tau-archive=0.9636363636363636
eval=6 | not-eval=0 | tau= 0.73 | n_kendall=12 | std(means)/mean(stds)=  4.49 | std(means)=8.48e-03 | mean(stds)=1.89e-03
tau-population= 0.60
subset-idx-size=12
tau-train-ens=1.0
tau-archive=1.0
eval=1 | not-eval=5 | tau= 1.00 | n_kendall=12 | std(means)/mean(stds)=  5.59 | std(means)=4.50e-03 | mean(stds)=8.05e-04
tau-population= 0.73
subset-idx-size=12
tau-train-ens=0.9636363636363636
tau-archive=0.9636363636363636
eval=1 | not-eval=5 | tau= 0.94 | n_kendall=12 | std(means)/mean(stds)=  3.34 | std(means)=2.88e-03 | mean(stds)=8.62e-04
tau-population= 0.47
subset-idx-size=12
tau-train-ens=1.0
tau-archive=1.0
eval=6 | not-eval=0 | tau= 0.11 | n_kendall=12 | std(means)/mean(stds)=  1.49 | std(means)=4.00e-03 | mean(stds)=2.68e-03
tau-population= 0.07
subset-idx-size=12
tau-train-ens=1.0
tau-archive=1.0
eval=1 | not-eval=5 | tau= 1.00 | n_kendall=12 | std(means)/mean(stds)=  2.44 | std(means)=1.68e-03 | mean(stds)=6.90e-04
tau-population= 0.60
subset-idx-size=12
tau-train-ens=1.0
tau-archive=1.0
eval=1 | not-eval=5 | tau= 0.97 | n_kendall=12 | std(means)/mean(stds)=  1.44 | std(means)=1.05e-03 | mean(stds)=7.25e-04
tau-population= 0.33
subset-idx-size=12
tau-train-ens=1.0
tau-archive=1.0
eval=1 | not-eval=5 | tau= 1.00 | n_kendall=12 | std(means)/mean(stds)=  1.64 | std(means)=5.25e-04 | mean(stds)=3.19e-04
tau-population= 0.20
subset-idx-size=12
tau-train-ens=1.0
tau-archive=1.0
eval=1 | not-eval=5 | tau= 1.00 | n_kendall=12 | std(means)/mean(stds)=  2.33 | std(means)=1.30e-03 | mean(stds)=5.56e-04
tau-population= 0.87
subset-idx-size=12
tau-train-ens=0.8545454545454545
tau-archive=0.8545454545454545
eval=1 | not-eval=5 | tau= 0.88 | n_kendall=12 | std(means)/mean(stds)=  2.67 | std(means)=7.05e-04 | mean(stds)=2.64e-04
tau-population= 0.33
subset-idx-size=12
tau-train-ens=0.7818181818181819
tau-archive=0.7818181818181819
eval=6 | not-eval=0 | tau=-0.20 | n_kendall=12 | std(means)/mean(stds)=  3.70 | std(means)=3.01e-03 | mean(stds)=8.13e-04
tau-population=-0.47
subset-idx-size=12
tau-train-ens=0.9636363636363636
tau-archive=0.9636363636363636
eval=6 | not-eval=0 | tau= 0.07 | n_kendall=12 | std(means)/mean(stds)=  1.37 | std(means)=2.27e-03 | mean(stds)=1.65e-03
tau-population= 1.00
subset-idx-size=12
tau-train-ens=0.8181818181818182
tau-archive=0.8181818181818182
eval=6 | not-eval=0 | tau= 0.42 | n_kendall=12 | std(means)/mean(stds)=  0.35 | std(means)=6.46e-04 | mean(stds)=1.84e-03
tau-population=  nan
subset-idx-size=12
tau-train-ens=0.9636363636363636
tau-archive=0.9636363636363636
eval=6 | not-eval=0 | tau= 0.29 | n_kendall=12 | std(means)/mean(stds)=  2.73 | std(means)=6.30e-03 | mean(stds)=2.31e-03
tau-population=  nan
subset-idx-size=12
tau-train-ens=1.0
tau-archive=1.0
eval=1 | not-eval=5 | tau= 1.00 | n_kendall=12 | std(means)/mean(stds)=  2.40 | std(means)=4.75e-03 | mean(stds)=1.98e-03
tau-population=  nan
subset-idx-size=12
tau-train-ens=0.9272727272727274
tau-archive=0.9272727272727274
eval=6 | not-eval=0 | tau= 0.02 | n_kendall=12 | std(means)/mean(stds)=  2.01 | std(means)=7.02e-03 | mean(stds)=3.50e-03
tau-population=  nan
subset-idx-size=12
tau-train-ens=0.5636363636363636
tau-archive=0.5636363636363636
eval=6 | not-eval=0 | tau= 0.64 | n_kendall=12 | std(means)/mean(stds)=  1.20 | std(means)=3.71e-03 | mean(stds)=3.09e-03
tau-population=  nan
subset-idx-size=12
tau-train-ens=0.8545454545454545
tau-archive=0.8545454545454545
eval=6 | not-eval=0 | tau= 0.16 | n_kendall=12 | std(means)/mean(stds)=  1.82 | std(means)=1.20e-02 | mean(stds)=6.59e-03
tau-population=  nan
subset-idx-size=12
tau-train-ens=0.8909090909090909
tau-archive=0.8909090909090909
eval=1 | not-eval=5 | tau= 0.91 | n_kendall=12 | std(means)/mean(stds)=  2.76 | std(means)=1.39e-02 | mean(stds)=5.03e-03
tau-population=  nan
subset-idx-size=12
tau-train-ens=0.8909090909090909
tau-archive=0.8909090909090909
eval=6 | not-eval=0 | tau= 0.60 | n_kendall=12 | std(means)/mean(stds)=  3.61 | std(means)=5.56e-03 | mean(stds)=1.54e-03
tau-population=  nan
subset-idx-size=12
tau-train-ens=0.8545454545454545
tau-archive=0.8545454545454545
eval=6 | not-eval=0 | tau= 0.64 | n_kendall=12 | std(means)/mean(stds)=  3.48 | std(means)=5.49e-03 | mean(stds)=1.58e-03
tau-population=  nan
subset-idx-size=12
tau-train-ens=0.45454545454545453
tau-archive=0.45454545454545453
eval=6 | not-eval=0 | tau= 0.82 | n_kendall=12 | std(means)/mean(stds)=  2.26 | std(means)=3.06e-03 | mean(stds)=1.35e-03
tau-population=  nan
subset-idx-size=12
tau-train-ens=0.6000000000000001
tau-archive=0.6000000000000001
eval=6 | not-eval=0 | tau= 0.87 | n_kendall=12 | std(means)/mean(stds)=  5.41 | std(means)=1.09e-03 | mean(stds)=2.01e-04
tau-population=  nan
subset-idx-size=12
tau-train-ens=0.8545454545454545
tau-archive=0.8545454545454545
eval=1 | not-eval=5 | tau= 0.88 | n_kendall=12 | std(means)/mean(stds)=  6.10 | std(means)=3.56e-03 | mean(stds)=5.83e-04
tau-population=  nan
subset-idx-size=12
tau-train-ens=0.8909090909090909
tau-archive=0.8909090909090909
eval=1 | not-eval=5 | tau= 0.91 | n_kendall=12 | std(means)/mean(stds)= 11.09 | std(means)=4.29e-03 | mean(stds)=3.86e-04
tau-population=  nan
subset-idx-size=12
tau-train-ens=0.8909090909090909
tau-archive=0.8909090909090909
eval=6 | not-eval=0 | tau= 0.16 | n_kendall=12 | std(means)/mean(stds)=  5.66 | std(means)=2.61e-03 | mean(stds)=4.61e-04
tau-population=  nan
subset-idx-size=12
tau-train-ens=0.7090909090909091
tau-archive=0.7090909090909091
eval=6 | not-eval=0 | tau= 0.51 | n_kendall=12 | std(means)/mean(stds)=  3.53 | std(means)=2.55e-03 | mean(stds)=7.23e-04
tau-population=  nan
subset-idx-size=12
tau-train-ens=0.8545454545454545
tau-archive=0.8545454545454545
eval=1 | not-eval=5 | tau= 0.88 | n_kendall=12 | std(means)/mean(stds)=  2.82 | std(means)=3.56e-03 | mean(stds)=1.26e-03
tau-population=  nan
subset-idx-size=12
tau-train-ens=0.8909090909090909
tau-archive=0.8909090909090909
eval=1 | not-eval=5 | tau= 0.91 | n_kendall=12 | std(means)/mean(stds)=  0.76 | std(means)=9.49e-03 | mean(stds)=1.25e-02
tau-population=  nan
subset-idx-size=12
tau-train-ens=1.0
tau-archive=1.0
eval=1 | not-eval=5 | tau= 0.97 | n_kendall=12 | std(means)/mean(stds)= 16.42 | std(means)=6.51e-03 | mean(stds)=3.96e-04
tau-population=  nan
subset-idx-size=12
tau-train-ens=0.8909090909090909
tau-archive=0.8909090909090909
eval=6 | not-eval=0 | tau= 0.42 | n_kendall=12 | std(means)/mean(stds)=  0.89 | std(means)=4.28e-03 | mean(stds)=4.81e-03
tau-population=  nan
subset-idx-size=12
tau-train-ens=0.9272727272727274
tau-archive=0.9272727272727274
eval=1 | not-eval=5 | tau= 0.94 | n_kendall=12 | std(means)/mean(stds)=  8.25 | std(means)=9.81e-03 | mean(stds)=1.19e-03
tau-population=  nan
subset-idx-size=12
tau-train-ens=0.9272727272727274
tau-archive=0.9272727272727274
eval=1 | not-eval=5 | tau= 0.91 | n_kendall=12 | std(means)/mean(stds)= 12.94 | std(means)=3.55e-03 | mean(stds)=2.74e-04
tau-population=  nan
subset-idx-size=12
tau-train-ens=0.8909090909090909
tau-archive=0.8909090909090909
eval=1 | not-eval=5 | tau= 0.91 | n_kendall=12 | std(means)/mean(stds)=  0.68 | std(means)=8.18e-03 | mean(stds)=1.20e-02
tau-population=  nan
subset-idx-size=12
tau-train-ens=0.8909090909090909
tau-archive=0.8909090909090909
eval=6 | not-eval=0 | tau= 0.24 | n_kendall=12 | std(means)/mean(stds)=  1.00 | std(means)=4.52e-03 | mean(stds)=4.50e-03
tau-population=  nan
subset-idx-size=12
tau-train-ens=0.7090909090909091
tau-archive=0.7090909090909091
eval=5 | not-eval=1 | tau= 0.88 | n_kendall=12 | std(means)/mean(stds)=  2.74 | std(means)=8.60e-03 | mean(stds)=3.14e-03
tau-population=  nan
subset-idx-size=12
tau-train-ens=0.9272727272727274
tau-archive=0.9272727272727274
eval=1 | not-eval=5 | tau= 0.91 | n_kendall=12 | std(means)/mean(stds)=  3.77 | std(means)=3.64e-03 | mean(stds)=9.65e-04
tau-population=  nan
subset-idx-size=12
tau-train-ens=0.9272727272727274
tau-archive=0.9272727272727274
eval=1 | not-eval=5 | tau= 0.91 | n_kendall=12 | std(means)/mean(stds)=  4.54 | std(means)=3.41e-03 | mean(stds)=7.51e-04
tau-population=  nan
subset-idx-size=12
tau-train-ens=0.9272727272727274
tau-archive=0.9272727272727274
eval=6 | not-eval=0 | tau= 0.38 | n_kendall=12 | std(means)/mean(stds)=  3.78 | std(means)=5.12e-03 | mean(stds)=1.35e-03
tau-population=  nan
subset-idx-size=12
tau-train-ens=1.0
tau-archive=1.0
eval=1 | not-eval=5 | tau= 1.00 | n_kendall=12 | std(means)/mean(stds)=  8.48 | std(means)=9.53e-03 | mean(stds)=1.12e-03
tau-population=  nan
subset-idx-size=12
tau-train-ens=1.0
tau-archive=1.0
eval=1 | not-eval=5 | tau= 1.00 | n_kendall=12 | std(means)/mean(stds)=  2.02 | std(means)=2.62e-03 | mean(stds)=1.30e-03
tau-population=  nan
subset-idx-size=12
tau-train-ens=0.9636363636363636
tau-archive=0.9636363636363636
eval=1 | not-eval=5 | tau= 0.97 | n_kendall=12 | std(means)/mean(stds)=  2.20 | std(means)=3.34e-03 | mean(stds)=1.52e-03
tau-population=  nan
subset-idx-size=12
tau-train-ens=1.0
tau-archive=1.0
eval=1 | not-eval=5 | tau= 1.00 | n_kendall=12 | std(means)/mean(stds)=  2.06 | std(means)=3.52e-03 | mean(stds)=1.71e-03
tau-population=  nan
subset-idx-size=12
tau-train-ens=0.9272727272727274
tau-archive=0.9272727272727274
eval=6 | not-eval=0 | tau= 0.33 | n_kendall=12 | std(means)/mean(stds)=  1.66 | std(means)=1.44e-02 | mean(stds)=8.68e-03
tau-population=  nan
subset-idx-size=12
tau-train-ens=0.8909090909090909
tau-archive=0.8909090909090909
eval=1 | not-eval=5 | tau= 0.91 | n_kendall=12 | std(means)/mean(stds)=  3.75 | std(means)=2.01e-02 | mean(stds)=5.37e-03
tau-population=  nan
subset-idx-size=12
tau-train-ens=0.9272727272727274
tau-archive=0.9272727272727274
eval=1 | not-eval=5 | tau= 0.91 | n_kendall=12 | std(means)/mean(stds)=  1.83 | std(means)=2.41e-02 | mean(stds)=1.32e-02
tau-population=  nan
subset-idx-size=12
tau-train-ens=0.9636363636363636
tau-archive=0.9636363636363636
eval=1 | not-eval=5 | tau= 0.97 | n_kendall=12 | std(means)/mean(stds)=  3.57 | std(means)=1.09e-02 | mean(stds)=3.07e-03
tau-population=  nan
subset-idx-size=12
tau-train-ens=1.0
tau-archive=1.0
eval=1 | not-eval=5 | tau= 0.94 | n_kendall=12 | std(means)/mean(stds)=  2.70 | std(means)=1.38e-02 | mean(stds)=5.12e-03
tau-population=  nan
subset-idx-size=12
tau-train-ens=0.9272727272727274
tau-archive=0.9272727272727274
eval=6 | not-eval=0 | tau= 0.60 | n_kendall=12 | std(means)/mean(stds)=  1.75 | std(means)=1.26e-02 | mean(stds)=7.20e-03
tau-population=  nan
subset-idx-size=12
tau-train-ens=0.9272727272727274
tau-archive=0.9272727272727274
eval=1 | not-eval=5 | tau= 0.94 | n_kendall=12 | std(means)/mean(stds)=  3.71 | std(means)=7.25e-02 | mean(stds)=1.95e-02
tau-population=  nan
subset-idx-size=12
tau-train-ens=0.4909090909090909
tau-archive=0.4909090909090909
eval=6 | not-eval=0 | tau=-0.33 | n_kendall=12 | std(means)/mean(stds)=  0.69 | std(means)=5.62e-01 | mean(stds)=8.10e-01
tau-population=  nan
subset-idx-size=12
tau-train-ens=0.8545454545454545
tau-archive=0.8545454545454545
eval=6 | not-eval=0 | tau= 0.78 | n_kendall=12 | std(means)/mean(stds)=  3.31 | std(means)=1.83e-01 | mean(stds)=5.54e-02
tau-population=  nan
subset-idx-size=12
tau-train-ens=0.9272727272727274
tau-archive=0.9272727272727274
eval=1 | not-eval=5 | tau= 0.94 | n_kendall=12 | std(means)/mean(stds)=  3.70 | std(means)=9.52e-02 | mean(stds)=2.58e-02
tau-population=  nan
subset-idx-size=12
tau-train-ens=0.9272727272727274
tau-archive=0.9272727272727274
eval=1 | not-eval=5 | tau= 0.91 | n_kendall=12 | std(means)/mean(stds)=  1.66 | std(means)=6.18e-02 | mean(stds)=3.73e-02
tau-population=  nan
subset-idx-size=12
tau-train-ens=0.9636363636363636
tau-archive=0.9636363636363636
eval=1 | not-eval=5 | tau= 0.91 | n_kendall=12 | std(means)/mean(stds)=  2.03 | std(means)=7.29e-02 | mean(stds)=3.60e-02
tau-population=  nan
subset-idx-size=12
tau-train-ens=1.0
tau-archive=1.0
eval=1 | not-eval=5 | tau= 0.97 | n_kendall=12 | std(means)/mean(stds)=  1.19 | std(means)=5.17e-02 | mean(stds)=4.35e-02
tau-population=  nan
subset-idx-size=12
tau-train-ens=0.9272727272727274
tau-archive=0.9272727272727274
eval=1 | not-eval=5 | tau= 0.94 | n_kendall=12 | std(means)/mean(stds)=  3.58 | std(means)=3.25e-02 | mean(stds)=9.07e-03
tau-population=  nan
subset-idx-size=12
tau-train-ens=0.8545454545454545
tau-archive=0.8545454545454545
eval=6 | not-eval=0 | tau= 0.24 | n_kendall=12 | std(means)/mean(stds)=  4.33 | std(means)=1.38e-02 | mean(stds)=3.19e-03
tau-population=  nan
subset-idx-size=12
tau-train-ens=0.8181818181818182
tau-archive=0.8181818181818182
eval=6 | not-eval=0 | tau= 0.69 | n_kendall=12 | std(means)/mean(stds)=  3.09 | std(means)=3.48e-02 | mean(stds)=1.13e-02
tau-population=  nan
subset-idx-size=12
tau-train-ens=0.9272727272727274
tau-archive=0.9272727272727274
eval=1 | not-eval=5 | tau= 0.91 | n_kendall=12 | std(means)/mean(stds)=  1.75 | std(means)=7.56e-03 | mean(stds)=4.32e-03
tau-population=  nan
subset-idx-size=12
tau-train-ens=0.9636363636363636
tau-archive=0.9636363636363636
eval=1 | not-eval=5 | tau= 0.91 | n_kendall=12 | std(means)/mean(stds)=  1.78 | std(means)=6.34e-03 | mean(stds)=3.56e-03
tau-population=  nan
subset-idx-size=12
tau-train-ens=0.9272727272727274
tau-archive=0.9272727272727274
eval=6 | not-eval=0 | tau= 0.33 | n_kendall=12 | std(means)/mean(stds)=  3.05 | std(means)=1.57e-02 | mean(stds)=5.13e-03
tau-population=  nan
subset-idx-size=12
tau-train-ens=0.9272727272727274
tau-archive=0.9272727272727274
eval=1 | not-eval=5 | tau= 0.94 | n_kendall=12 | std(means)/mean(stds)=  3.71 | std(means)=2.82e-02 | mean(stds)=7.60e-03
tau-population=  nan
subset-idx-size=12
tau-train-ens=0.9636363636363636
tau-archive=0.9636363636363636
eval=1 | not-eval=5 | tau= 0.97 | n_kendall=12 | std(means)/mean(stds)=  1.92 | std(means)=8.23e-02 | mean(stds)=4.28e-02
tau-population=  nan
subset-idx-size=12
tau-train-ens=0.8545454545454545
tau-archive=0.8545454545454545
eval=6 | not-eval=0 | tau= 0.69 | n_kendall=12 | std(means)/mean(stds)=  2.43 | std(means)=5.73e-02 | mean(stds)=2.36e-02
tau-population=  nan
subset-idx-size=12
tau-train-ens=0.8181818181818182
tau-archive=0.8181818181818182
eval=6 | not-eval=0 | tau= 0.16 | n_kendall=12 | std(means)/mean(stds)=  3.10 | std(means)=3.83e-02 | mean(stds)=1.24e-02
tau-population=  nan
subset-idx-size=12
tau-train-ens=0.7090909090909091
tau-archive=0.7090909090909091
eval=6 | not-eval=0 | tau= 0.73 | n_kendall=12 | std(means)/mean(stds)=  1.34 | std(means)=7.51e-02 | mean(stds)=5.60e-02
tau-population=  nan
subset-idx-size=12
tau-train-ens=0.7818181818181819
tau-archive=0.7818181818181819
eval=6 | not-eval=0 | tau= 0.60 | n_kendall=12 | std(means)/mean(stds)=  2.61 | std(means)=7.77e-02 | mean(stds)=2.98e-02
tau-population=  nan
subset-idx-size=12
tau-train-ens=0.5272727272727272
tau-archive=0.5272727272727272
eval=6 | not-eval=0 | tau= 0.38 | n_kendall=12 | std(means)/mean(stds)=  6.14 | std(means)=1.78e-01 | mean(stds)=2.90e-02
tau-population=  nan
subset-idx-size=12
tau-train-ens=0.8545454545454545
tau-archive=0.8545454545454545
eval=6 | not-eval=0 | tau= 0.29 | n_kendall=12 | std(means)/mean(stds)=  1.02 | std(means)=2.29e-01 | mean(stds)=2.24e-01
tau-population=  nan
subset-idx-size=12
tau-train-ens=0.6727272727272727
tau-archive=0.6727272727272727
eval=6 | not-eval=0 | tau= 0.02 | n_kendall=12 | std(means)/mean(stds)=  1.34 | std(means)=1.59e-01 | mean(stds)=1.18e-01
tau-population=  nan
subset-idx-size=12
tau-train-ens=0.8909090909090909
tau-archive=0.8909090909090909
eval=1 | not-eval=5 | tau= 0.91 | n_kendall=12 | std(means)/mean(stds)=  3.90 | std(means)=1.76e-01 | mean(stds)=4.52e-02
tau-population=  nan
subset-idx-size=12
tau-train-ens=0.8545454545454545
tau-archive=0.8545454545454545
eval=6 | not-eval=0 | tau= 0.82 | n_kendall=12 | std(means)/mean(stds)=  5.21 | std(means)=8.85e-02 | mean(stds)=1.70e-02
tau-population=  nan
subset-idx-size=12
tau-train-ens=0.8181818181818182
tau-archive=0.8181818181818182
eval=6 | not-eval=0 | tau= 0.60 | n_kendall=12 | std(means)/mean(stds)= 14.01 | std(means)=6.78e-02 | mean(stds)=4.84e-03
tau-population=  nan
subset-idx-size=12
tau-train-ens=0.8909090909090909
tau-archive=0.8909090909090909
eval=6 | not-eval=0 | tau= 0.38 | n_kendall=12 | std(means)/mean(stds)=  6.15 | std(means)=1.82e-02 | mean(stds)=2.96e-03
tau-population=  nan
subset-idx-size=12
tau-train-ens=0.6727272727272727
tau-archive=0.6727272727272727
eval=6 | not-eval=0 | tau= 0.11 | n_kendall=12 | std(means)/mean(stds)=  4.09 | std(means)=2.10e-02 | mean(stds)=5.14e-03
tau-population=  nan
subset-idx-size=12
tau-train-ens=0.6363636363636364
tau-archive=0.6363636363636364
eval=6 | not-eval=0 | tau= 0.60 | n_kendall=12 | std(means)/mean(stds)=  4.25 | std(means)=1.01e-02 | mean(stds)=2.38e-03
tau-population=  nan
subset-idx-size=12
tau-train-ens=0.8545454545454545
tau-archive=0.8545454545454545
eval=6 | not-eval=0 | tau= 0.82 | n_kendall=12 | std(means)/mean(stds)=  4.48 | std(means)=5.18e-02 | mean(stds)=1.16e-02
tau-population=  nan
subset-idx-size=12
tau-train-ens=0.7454545454545454
tau-archive=0.7454545454545454
eval=6 | not-eval=0 | tau= 0.51 | n_kendall=12 | std(means)/mean(stds)=  1.31 | std(means)=8.83e-03 | mean(stds)=6.73e-03
tau-population=  nan
subset-idx-size=12
tau-train-ens=0.8909090909090909
tau-archive=0.8909090909090909
eval=1 | not-eval=5 | tau= 0.91 | n_kendall=12 | std(means)/mean(stds)=  2.46 | std(means)=4.41e-03 | mean(stds)=1.79e-03
tau-population=  nan
subset-idx-size=12
tau-train-ens=0.9272727272727274
tau-archive=0.9272727272727274
eval=1 | not-eval=5 | tau= 0.88 | n_kendall=12 | std(means)/mean(stds)=  1.42 | std(means)=3.96e-03 | mean(stds)=2.80e-03
tau-population=  nan
subset-idx-size=12
tau-train-ens=0.8909090909090909
tau-archive=0.8909090909090909
eval=6 | not-eval=0 | tau= 0.24 | n_kendall=12 | std(means)/mean(stds)=  4.03 | std(means)=1.04e-02 | mean(stds)=2.59e-03
tau-population=  nan
subset-idx-size=12
tau-train-ens=0.7090909090909091
tau-archive=0.7090909090909091
eval=6 | not-eval=0 | tau= 0.42 | n_kendall=12 | std(means)/mean(stds)=  1.65 | std(means)=9.81e-04 | mean(stds)=5.94e-04
tau-population=  nan
subset-idx-size=12
tau-train-ens=0.7818181818181819
tau-archive=0.7818181818181819
eval=6 | not-eval=0 | tau= 0.16 | n_kendall=12 | std(means)/mean(stds)=  5.09 | std(means)=2.26e-03 | mean(stds)=4.45e-04
tau-population=  nan
subset-idx-size=12
tau-train-ens=0.8545454545454545
tau-archive=0.8545454545454545
eval=6 | not-eval=0 | tau= 0.20 | n_kendall=12 | std(means)/mean(stds)=  4.27 | std(means)=6.66e-04 | mean(stds)=1.56e-04
tau-population=  nan
subset-idx-size=12
tau-train-ens=0.7090909090909091
tau-archive=0.7090909090909091
eval=6 | not-eval=0 | tau= 0.29 | n_kendall=12 | std(means)/mean(stds)=  2.13 | std(means)=4.65e-04 | mean(stds)=2.18e-04
tau-population=  nan
subset-idx-size=12
tau-train-ens=0.41818181818181815
tau-archive=0.41818181818181815
eval=6 | not-eval=0 | tau= 0.64 | n_kendall=12 | std(means)/mean(stds)=  2.29 | std(means)=1.93e-04 | mean(stds)=8.40e-05
tau-population=  nan
subset-idx-size=12
tau-train-ens=0.8545454545454545
tau-archive=0.8545454545454545
eval=6 | not-eval=0 | tau= 0.29 | n_kendall=12 | std(means)/mean(stds)=  0.71 | std(means)=4.58e-05 | mean(stds)=6.47e-05
tau-population=  nan
subset-idx-size=12
tau-train-ens=0.6000000000000001
tau-archive=0.6000000000000001
eval=6 | not-eval=0 | tau= 0.64 | n_kendall=12 | std(means)/mean(stds)=  5.28 | std(means)=1.49e-04 | mean(stds)=2.83e-05
tau-population=  nan
subset-idx-size=12
tau-train-ens=0.6363636363636364
tau-archive=0.6363636363636364
eval=6 | not-eval=0 | tau= 0.33 | n_kendall=12 | std(means)/mean(stds)=  7.02 | std(means)=9.15e-05 | mean(stds)=1.30e-05
tau-population=  nan
subset-idx-size=12
tau-train-ens=0.6000000000000001
tau-archive=0.6000000000000001
eval=3 | not-eval=3 | tau= 0.73 | n_kendall=12 | std(means)/mean(stds)= 10.33 | std(means)=8.29e-05 | mean(stds)=8.02e-06
tau-population=  nan
 2D 10-fun   1-inst  500-budget False-solved 500-evals  978-cma-evals 2801s 0-restarts  6-init-pop (Surrogate(model=<__main__.Eaf object at 0x7fae73781790>, subset=LastN), EvaluateUntilKendallThreshold(mean_criterion, tau_threshold=0.85, offset=True), n_min_fn=get_dim) 6.5e-06-delta-f          1-seed
