(3_w,6)-aCMA-ES (mu_w=2.0,w_1=63%) in dimension 2 (seed=1, Sun Apr 21 00:22:19 2024)
subset-idx-size=6
tau-train-ens=0.9999999999999999
tau-archive=0.9999999999999999
eval=6 | not-eval=0 | tau= 0.42 | n_kendall=12 | std(means)/mean(stds)=  8.53 | std(means)=3.65e+00 | mean(stds)=4.28e-01
tau-population= 0.07
subset-idx-size=12
tau-train-ens=1.0
tau-archive=1.0
eval=1 | not-eval=5 | tau= 1.00 | n_kendall=12 | std(means)/mean(stds)=  3.12 | std(means)=1.14e+00 | mean(stds)=3.65e-01
tau-population= 0.73
subset-idx-size=12
tau-train-ens=1.0
tau-archive=1.0
eval=1 | not-eval=5 | tau= 0.94 | n_kendall=12 | std(means)/mean(stds)=  2.62 | std(means)=1.03e+00 | mean(stds)=3.92e-01
tau-population= 1.00
subset-idx-size=12
tau-train-ens=1.0
tau-archive=1.0
eval=1 | not-eval=5 | tau= 1.00 | n_kendall=12 | std(means)/mean(stds)=  1.81 | std(means)=4.95e-01 | mean(stds)=2.74e-01
tau-population= 1.00
subset-idx-size=12
tau-train-ens=0.8545454545454545
tau-archive=0.8545454545454545
eval=1 | not-eval=5 | tau= 0.88 | n_kendall=12 | std(means)/mean(stds)=  2.40 | std(means)=7.51e-01 | mean(stds)=3.13e-01
tau-population= 0.73
subset-idx-size=12
tau-train-ens=0.9636363636363636
tau-archive=0.9636363636363636
eval=1 | not-eval=5 | tau= 0.97 | n_kendall=12 | std(means)/mean(stds)=  7.31 | std(means)=5.52e-01 | mean(stds)=7.55e-02
tau-population= 1.00
subset-idx-size=12
tau-train-ens=0.9636363636363636
tau-archive=0.9636363636363636
eval=1 | not-eval=5 | tau= 0.97 | n_kendall=12 | std(means)/mean(stds)=  1.19 | std(means)=7.14e-02 | mean(stds)=6.02e-02
tau-population= 0.60
subset-idx-size=12
tau-train-ens=0.9272727272727274
tau-archive=0.9272727272727274
eval=1 | not-eval=5 | tau= 0.94 | n_kendall=12 | std(means)/mean(stds)=  0.75 | std(means)=3.31e-02 | mean(stds)=4.38e-02
tau-population= 0.73
subset-idx-size=12
tau-train-ens=0.9272727272727274
tau-archive=0.9272727272727274
eval=1 | not-eval=5 | tau= 0.94 | n_kendall=12 | std(means)/mean(stds)=  1.74 | std(means)=4.10e-02 | mean(stds)=2.36e-02
tau-population= 0.73
subset-idx-size=12
tau-train-ens=0.9272727272727274
tau-archive=0.9272727272727274
eval=1 | not-eval=5 | tau= 0.91 | n_kendall=12 | std(means)/mean(stds)=  0.51 | std(means)=1.23e-02 | mean(stds)=2.40e-02
tau-population= 0.87
subset-idx-size=12
tau-train-ens=0.7818181818181819
tau-archive=0.7818181818181819
eval=3 | not-eval=3 | tau= 0.88 | n_kendall=12 | std(means)/mean(stds)=  1.16 | std(means)=5.42e-03 | mean(stds)=4.67e-03
tau-population= 0.87
subset-idx-size=12
tau-train-ens=0.9636363636363636
tau-archive=0.9636363636363636
eval=1 | not-eval=5 | tau= 0.97 | n_kendall=12 | std(means)/mean(stds)=  1.46 | std(means)=4.30e-03 | mean(stds)=2.96e-03
tau-population= 0.60
subset-idx-size=12
tau-train-ens=0.9636363636363636
tau-archive=0.9636363636363636
eval=1 | not-eval=5 | tau= 0.97 | n_kendall=12 | std(means)/mean(stds)=  1.89 | std(means)=2.97e-03 | mean(stds)=1.57e-03
tau-population= 1.00
subset-idx-size=12
tau-train-ens=0.9636363636363636
tau-archive=0.9636363636363636
eval=1 | not-eval=5 | tau= 0.97 | n_kendall=12 | std(means)/mean(stds)=  1.45 | std(means)=2.39e-03 | mean(stds)=1.65e-03
tau-population= 0.87
subset-idx-size=12
tau-train-ens=0.9636363636363636
tau-archive=0.9636363636363636
eval=1 | not-eval=5 | tau= 0.97 | n_kendall=12 | std(means)/mean(stds)=  4.89 | std(means)=1.23e-03 | mean(stds)=2.52e-04
tau-population= 0.87
subset-idx-size=12
tau-train-ens=0.9636363636363636
tau-archive=0.9636363636363636
eval=1 | not-eval=5 | tau= 0.94 | n_kendall=12 | std(means)/mean(stds)=  4.08 | std(means)=8.84e-04 | mean(stds)=2.16e-04
tau-population= 0.87
subset-idx-size=12
tau-train-ens=0.9272727272727274
tau-archive=0.9272727272727274
eval=1 | not-eval=5 | tau= 0.94 | n_kendall=12 | std(means)/mean(stds)=  3.37 | std(means)=8.35e-04 | mean(stds)=2.48e-04
tau-population= 0.87
subset-idx-size=12
tau-train-ens=0.9636363636363636
tau-archive=0.9636363636363636
eval=1 | not-eval=5 | tau= 0.97 | n_kendall=12 | std(means)/mean(stds)=  2.47 | std(means)=7.35e-04 | mean(stds)=2.98e-04
tau-population= 0.87
subset-idx-size=12
tau-train-ens=0.9636363636363636
tau-archive=0.9636363636363636
eval=1 | not-eval=5 | tau= 0.97 | n_kendall=12 | std(means)/mean(stds)=  6.35 | std(means)=1.07e-03 | mean(stds)=1.69e-04
tau-population= 1.00
subset-idx-size=12
tau-train-ens=1.0
tau-archive=1.0
eval=1 | not-eval=5 | tau= 0.97 | n_kendall=12 | std(means)/mean(stds)=  2.72 | std(means)=3.45e-04 | mean(stds)=1.26e-04
tau-population= 1.00
subset-idx-size=12
tau-train-ens=1.0
tau-archive=1.0
eval=1 | not-eval=5 | tau= 0.91 | n_kendall=12 | std(means)/mean(stds)=  2.02 | std(means)=2.47e-04 | mean(stds)=1.22e-04
tau-population= 0.73
subset-idx-size=12
tau-train-ens=1.0
tau-archive=1.0
eval=1 | not-eval=5 | tau= 0.97 | n_kendall=12 | std(means)/mean(stds)=  0.35 | std(means)=3.65e-05 | mean(stds)=1.05e-04
tau-population= 0.33
subset-idx-size=12
tau-train-ens=1.0
tau-archive=1.0
eval=1 | not-eval=5 | tau= 0.97 | n_kendall=12 | std(means)/mean(stds)=  2.38 | std(means)=5.26e-05 | mean(stds)=2.21e-05
tau-population= 0.73
subset-idx-size=12
tau-train-ens=1.0
tau-archive=1.0
eval=1 | not-eval=5 | tau= 0.97 | n_kendall=12 | std(means)/mean(stds)=  3.26 | std(means)=3.33e-05 | mean(stds)=1.02e-05
tau-population= 0.47
subset-idx-size=12
tau-train-ens=1.0
tau-archive=1.0
eval=1 | not-eval=5 | tau= 1.00 | n_kendall=12 | std(means)/mean(stds)=  1.61 | std(means)=4.34e-05 | mean(stds)=2.70e-05
tau-population= 0.73
subset-idx-size=12
tau-train-ens=1.0
tau-archive=1.0
eval=1 | not-eval=5 | tau= 1.00 | n_kendall=12 | std(means)/mean(stds)=  0.62 | std(means)=2.08e-05 | mean(stds)=3.36e-05
tau-population= 0.73
subset-idx-size=12
tau-train-ens=0.8545454545454545
tau-archive=0.8545454545454545
eval=5 | not-eval=1 | tau= 0.94 | n_kendall=12 | std(means)/mean(stds)=  4.81 | std(means)=3.89e-05 | mean(stds)=8.08e-06
tau-population= 1.00
subset-idx-size=12
tau-train-ens=1.0
tau-archive=1.0
eval=1 | not-eval=5 | tau= 1.00 | n_kendall=12 | std(means)/mean(stds)=  3.64 | std(means)=1.81e-05 | mean(stds)=4.98e-06
tau-population= 0.73
subset-idx-size=12
tau-train-ens=1.0
tau-archive=1.0
eval=1 | not-eval=5 | tau= 0.97 | n_kendall=12 | std(means)/mean(stds)=  8.44 | std(means)=1.07e-05 | mean(stds)=1.27e-06
tau-population= 1.00
subset-idx-size=12
tau-train-ens=1.0
tau-archive=1.0
eval=1 | not-eval=5 | tau= 1.00 | n_kendall=12 | std(means)/mean(stds)= 18.55 | std(means)=2.50e-05 | mean(stds)=1.35e-06
tau-population= 1.00
subset-idx-size=12
tau-train-ens=1.0
tau-archive=1.0
eval=1 | not-eval=5 | tau= 0.97 | n_kendall=12 | std(means)/mean(stds)=  2.68 | std(means)=1.05e-05 | mean(stds)=3.91e-06
tau-population= 0.73
subset-idx-size=12
tau-train-ens=1.0
tau-archive=1.0
eval=1 | not-eval=5 | tau= 1.00 | n_kendall=12 | std(means)/mean(stds)=  6.99 | std(means)=1.94e-05 | mean(stds)=2.77e-06
tau-population= 0.60
subset-idx-size=12
tau-train-ens=1.0
tau-archive=1.0
eval=1 | not-eval=5 | tau= 1.00 | n_kendall=12 | std(means)/mean(stds)=  6.47 | std(means)=1.59e-05 | mean(stds)=2.46e-06
tau-population= 0.73
subset-idx-size=12
tau-train-ens=1.0
tau-archive=1.0
eval=6 | not-eval=0 | tau= 0.73 | n_kendall=12 | std(means)/mean(stds)=  1.76 | std(means)=1.03e-05 | mean(stds)=5.84e-06
tau-population= 0.33
subset-idx-size=12
tau-train-ens=1.0
tau-archive=1.0
eval=1 | not-eval=5 | tau= 1.00 | n_kendall=12 | std(means)/mean(stds)=  8.27 | std(means)=9.73e-06 | mean(stds)=1.18e-06
tau-population= 1.00
subset-idx-size=12
tau-train-ens=1.0
tau-archive=1.0
eval=1 | not-eval=5 | tau= 1.00 | n_kendall=12 | std(means)/mean(stds)=  6.18 | std(means)=8.45e-06 | mean(stds)=1.37e-06
tau-population= 1.00
subset-idx-size=12
tau-train-ens=1.0
tau-archive=1.0
eval=1 | not-eval=5 | tau= 1.00 | n_kendall=12 | std(means)/mean(stds)=  3.98 | std(means)=8.77e-06 | mean(stds)=2.20e-06
tau-population= 1.00
subset-idx-size=12
tau-train-ens=1.0
tau-archive=1.0
eval=1 | not-eval=5 | tau= 0.97 | n_kendall=12 | std(means)/mean(stds)=  5.29 | std(means)=3.66e-06 | mean(stds)=6.92e-07
tau-population= 1.00
subset-idx-size=12
tau-train-ens=1.0
tau-archive=1.0
eval=1 | not-eval=5 | tau= 0.94 | n_kendall=12 | std(means)/mean(stds)=  1.02 | std(means)=2.06e-06 | mean(stds)=2.02e-06
tau-population= 0.20
subset-idx-size=12
tau-train-ens=0.8181818181818182
tau-archive=0.8181818181818182
eval=5 | not-eval=1 | tau= 0.88 | n_kendall=12 | std(means)/mean(stds)=  0.79 | std(means)=1.06e-06 | mean(stds)=1.34e-06
tau-population= 0.87
subset-idx-size=12
tau-train-ens=1.0
tau-archive=1.0
eval=1 | not-eval=5 | tau= 1.00 | n_kendall=12 | std(means)/mean(stds)= 10.36 | std(means)=3.42e-06 | mean(stds)=3.30e-07
tau-population= 1.00
subset-idx-size=12
tau-train-ens=1.0
tau-archive=1.0
eval=1 | not-eval=5 | tau= 0.97 | n_kendall=12 | std(means)/mean(stds)=  2.00 | std(means)=5.09e-07 | mean(stds)=2.55e-07
tau-population= 0.87
subset-idx-size=12
tau-train-ens=1.0
tau-archive=1.0
eval=1 | not-eval=5 | tau= 1.00 | n_kendall=12 | std(means)/mean(stds)=  3.50 | std(means)=6.83e-07 | mean(stds)=1.95e-07
tau-population= 1.00
subset-idx-size=12
tau-train-ens=1.0
tau-archive=1.0
eval=1 | not-eval=5 | tau= 0.97 | n_kendall=12 | std(means)/mean(stds)=  1.71 | std(means)=5.02e-07 | mean(stds)=2.94e-07
tau-population= 0.60
subset-idx-size=12
tau-train-ens=1.0
tau-archive=1.0
eval=1 | not-eval=5 | tau= 0.91 | n_kendall=12 | std(means)/mean(stds)=  6.73 | std(means)=1.26e-06 | mean(stds)=1.87e-07
tau-population= 0.87
subset-idx-size=12
tau-train-ens=1.0
tau-archive=1.0
eval=1 | not-eval=5 | tau= 0.97 | n_kendall=12 | std(means)/mean(stds)=  0.46 | std(means)=1.65e-07 | mean(stds)=3.57e-07
tau-population= 0.60
subset-idx-size=12
tau-train-ens=1.0
tau-archive=1.0
eval=1 | not-eval=5 | tau= 1.00 | n_kendall=12 | std(means)/mean(stds)=  0.35 | std(means)=1.84e-07 | mean(stds)=5.25e-07
tau-population= 1.00
subset-idx-size=12
tau-train-ens=1.0
tau-archive=1.0
eval=1 | not-eval=5 | tau= 0.94 | n_kendall=12 | std(means)/mean(stds)=  1.90 | std(means)=1.44e-07 | mean(stds)=7.60e-08
tau-population= 0.73
subset-idx-size=12
tau-train-ens=1.0
tau-archive=1.0
eval=1 | not-eval=5 | tau= 1.00 | n_kendall=12 | std(means)/mean(stds)=  2.99 | std(means)=1.36e-07 | mean(stds)=4.54e-08
tau-population= 0.87
subset-idx-size=12
tau-train-ens=1.0
tau-archive=1.0
eval=1 | not-eval=5 | tau= 1.00 | n_kendall=12 | std(means)/mean(stds)=  1.20 | std(means)=5.69e-08 | mean(stds)=4.76e-08
tau-population= 0.87
subset-idx-size=12
tau-train-ens=1.0
tau-archive=1.0
eval=1 | not-eval=5 | tau= 1.00 | n_kendall=12 | std(means)/mean(stds)=  0.77 | std(means)=3.10e-08 | mean(stds)=4.02e-08
tau-population= 0.60
subset-idx-size=12
tau-train-ens=1.0
tau-archive=1.0
eval=1 | not-eval=5 | tau= 1.00 | n_kendall=12 | std(means)/mean(stds)=  6.59 | std(means)=1.23e-07 | mean(stds)=1.87e-08
tau-population=  nan
 2D  1-fun   1-inst  500-budget  True-solved  78-evals  312-cma-evals 1353s 0-restarts  6-init-pop (Surrogate(model=<__main__.Eaf object at 0x7f30d1380880>, subset=LastN), EvaluateUntilKendallThreshold(mean_criterion, tau_threshold=0.85, offset=True), n_min_fn=get_dim) 8.2e-09-delta-f          1-seed
