(3_w,6)-aCMA-ES (mu_w=2.0,w_1=63%) in dimension 2 (seed=1, Sun Apr 21 00:22:19 2024)
subset-idx-size=6
tau-train-ens=0.9999999999999999
tau-archive=0.9999999999999999
eval=6 | not-eval=0 | tau=-0.02 | n_kendall=12 | std(means)/mean(stds)=  1.07 | std(means)=2.91e+01 | mean(stds)=2.72e+01
tau-population=-0.33
subset-idx-size=12
tau-train-ens=0.9636363636363636
tau-archive=0.9636363636363636
eval=6 | not-eval=0 | tau=-0.24 | n_kendall=12 | std(means)/mean(stds)=  0.87 | std(means)=1.17e+03 | mean(stds)=1.35e+03
tau-population=-0.47
subset-idx-size=12
tau-train-ens=0.23636363636363636
tau-archive=0.23636363636363636
eval=6 | not-eval=0 | tau=-0.02 | n_kendall=12 | std(means)/mean(stds)=  0.71 | std(means)=9.78e+02 | mean(stds)=1.37e+03
tau-population=-0.20
subset-idx-size=12
tau-train-ens=1.0
tau-archive=1.0
eval=6 | not-eval=0 | tau= 0.29 | n_kendall=12 | std(means)/mean(stds)=  0.87 | std(means)=6.14e+00 | mean(stds)=7.10e+00
tau-population= 0.20
subset-idx-size=12
tau-train-ens=1.0
tau-archive=1.0
eval=6 | not-eval=0 | tau= 0.16 | n_kendall=12 | std(means)/mean(stds)=  0.82 | std(means)=1.45e+01 | mean(stds)=1.76e+01
tau-population=-0.33
subset-idx-size=12
tau-train-ens=0.9636363636363636
tau-archive=0.9636363636363636
eval=6 | not-eval=0 | tau= 0.29 | n_kendall=12 | std(means)/mean(stds)=  0.90 | std(means)=4.39e+01 | mean(stds)=4.89e+01
tau-population= 0.20
subset-idx-size=12
tau-train-ens=0.8545454545454545
tau-archive=0.8545454545454545
eval=6 | not-eval=0 | tau= 0.02 | n_kendall=12 | std(means)/mean(stds)=  2.65 | std(means)=2.35e+02 | mean(stds)=8.86e+01
tau-population=-0.47
subset-idx-size=12
tau-train-ens=1.0
tau-archive=1.0
eval=1 | not-eval=5 | tau= 0.97 | n_kendall=12 | std(means)/mean(stds)=  0.99 | std(means)=1.30e+01 | mean(stds)=1.32e+01
tau-population= 0.87
subset-idx-size=12
tau-train-ens=1.0
tau-archive=1.0
eval=6 | not-eval=0 | tau=-0.11 | n_kendall=12 | std(means)/mean(stds)=  1.41 | std(means)=3.27e+01 | mean(stds)=2.32e+01
tau-population=-0.33
subset-idx-size=12
tau-train-ens=0.9272727272727274
tau-archive=0.9272727272727274
eval=1 | not-eval=5 | tau= 0.88 | n_kendall=12 | std(means)/mean(stds)=  2.30 | std(means)=7.42e+00 | mean(stds)=3.22e+00
tau-population=-0.20
subset-idx-size=12
tau-train-ens=1.0
tau-archive=1.0
eval=6 | not-eval=0 | tau= 0.38 | n_kendall=12 | std(means)/mean(stds)=  3.05 | std(means)=1.04e+01 | mean(stds)=3.40e+00
tau-population= 0.20
subset-idx-size=12
tau-train-ens=0.9636363636363636
tau-archive=0.9636363636363636
eval=6 | not-eval=0 | tau= 0.11 | n_kendall=12 | std(means)/mean(stds)=  1.43 | std(means)=2.16e+01 | mean(stds)=1.51e+01
tau-population= 0.20
subset-idx-size=12
tau-train-ens=1.0
tau-archive=1.0
eval=6 | not-eval=0 | tau=-0.07 | n_kendall=12 | std(means)/mean(stds)=  0.70 | std(means)=9.23e+00 | mean(stds)=1.31e+01
tau-population=-0.60
subset-idx-size=12
tau-train-ens=0.8909090909090909
tau-archive=0.8909090909090909
eval=6 | not-eval=0 | tau= 0.07 | n_kendall=12 | std(means)/mean(stds)=  1.03 | std(means)=3.15e+01 | mean(stds)=3.06e+01
tau-population=-0.20
subset-idx-size=12
tau-train-ens=1.0
tau-archive=1.0
eval=1 | not-eval=5 | tau= 0.88 | n_kendall=12 | std(means)/mean(stds)=  1.45 | std(means)=9.80e+00 | mean(stds)=6.75e+00
tau-population= 0.20
subset-idx-size=12
tau-train-ens=1.0
tau-archive=1.0
eval=1 | not-eval=5 | tau= 0.94 | n_kendall=12 | std(means)/mean(stds)=  1.99 | std(means)=2.73e+01 | mean(stds)=1.37e+01
tau-population= 0.87
subset-idx-size=12
tau-train-ens=0.9636363636363636
tau-archive=0.9636363636363636
eval=1 | not-eval=5 | tau= 0.91 | n_kendall=12 | std(means)/mean(stds)=  0.72 | std(means)=5.17e+00 | mean(stds)=7.14e+00
tau-population= 0.60
subset-idx-size=12
tau-train-ens=0.8909090909090909
tau-archive=0.8909090909090909
eval=6 | not-eval=0 | tau= 0.02 | n_kendall=12 | std(means)/mean(stds)=  0.92 | std(means)=3.22e+01 | mean(stds)=3.50e+01
tau-population= 0.20
subset-idx-size=12
tau-train-ens=1.0
tau-archive=1.0
eval=1 | not-eval=5 | tau= 0.97 | n_kendall=12 | std(means)/mean(stds)=  2.35 | std(means)=1.91e+01 | mean(stds)=8.14e+00
tau-population= 0.33
subset-idx-size=12
tau-train-ens=0.9272727272727274
tau-archive=0.9272727272727274
eval=1 | not-eval=5 | tau= 0.91 | n_kendall=12 | std(means)/mean(stds)=  1.83 | std(means)=1.86e+01 | mean(stds)=1.02e+01
tau-population= 0.47
subset-idx-size=12
tau-train-ens=0.8909090909090909
tau-archive=0.8909090909090909
eval=6 | not-eval=0 | tau=-0.02 | n_kendall=12 | std(means)/mean(stds)=  1.48 | std(means)=5.39e+01 | mean(stds)=3.65e+01
tau-population= 0.07
subset-idx-size=12
tau-train-ens=0.9636363636363636
tau-archive=0.9636363636363636
eval=1 | not-eval=5 | tau= 0.97 | n_kendall=12 | std(means)/mean(stds)=  2.55 | std(means)=2.52e+01 | mean(stds)=9.91e+00
tau-population= 0.73
subset-idx-size=12
tau-train-ens=0.8909090909090909
tau-archive=0.8909090909090909
eval=6 | not-eval=0 | tau= 0.24 | n_kendall=12 | std(means)/mean(stds)=  6.85 | std(means)=1.45e+01 | mean(stds)=2.11e+00
tau-population= 0.33
subset-idx-size=12
tau-train-ens=0.8181818181818182
tau-archive=0.8181818181818182
eval=6 | not-eval=0 | tau=-0.16 | n_kendall=12 | std(means)/mean(stds)=  1.08 | std(means)=2.61e+01 | mean(stds)=2.42e+01
tau-population=-0.73
subset-idx-size=12
tau-train-ens=0.9636363636363636
tau-archive=0.9636363636363636
eval=6 | not-eval=0 | tau= 0.11 | n_kendall=12 | std(means)/mean(stds)=  1.04 | std(means)=4.61e+01 | mean(stds)=4.43e+01
tau-population=-0.07
subset-idx-size=12
tau-train-ens=0.6727272727272727
tau-archive=0.6727272727272727
eval=6 | not-eval=0 | tau=-0.07 | n_kendall=12 | std(means)/mean(stds)=  2.14 | std(means)=5.59e+01 | mean(stds)=2.61e+01
tau-population=-0.60
subset-idx-size=12
tau-train-ens=0.8181818181818182
tau-archive=0.8181818181818182
eval=6 | not-eval=0 | tau= 0.11 | n_kendall=12 | std(means)/mean(stds)=  0.82 | std(means)=3.17e+01 | mean(stds)=3.89e+01
tau-population= 0.73
subset-idx-size=12
tau-train-ens=0.8909090909090909
tau-archive=0.8909090909090909
eval=6 | not-eval=0 | tau= 0.20 | n_kendall=12 | std(means)/mean(stds)=  1.26 | std(means)=5.31e+01 | mean(stds)=4.22e+01
tau-population= 0.07
subset-idx-size=12
tau-train-ens=0.8909090909090909
tau-archive=0.8909090909090909
eval=6 | not-eval=0 | tau= 0.07 | n_kendall=12 | std(means)/mean(stds)=  2.24 | std(means)=4.67e+01 | mean(stds)=2.09e+01
tau-population=-0.20
subset-idx-size=12
tau-train-ens=0.9636363636363636
tau-archive=0.9636363636363636
eval=1 | not-eval=5 | tau= 0.88 | n_kendall=12 | std(means)/mean(stds)=  0.98 | std(means)=4.85e+01 | mean(stds)=4.94e+01
tau-population= 0.07
subset-idx-size=12
tau-train-ens=1.0
tau-archive=1.0
eval=6 | not-eval=0 | tau= 0.29 | n_kendall=12 | std(means)/mean(stds)=  0.55 | std(means)=2.24e+01 | mean(stds)=4.05e+01
tau-population=-0.33
subset-idx-size=12
tau-train-ens=0.7454545454545454
tau-archive=0.7454545454545454
eval=6 | not-eval=0 | tau= 0.16 | n_kendall=12 | std(means)/mean(stds)=  0.80 | std(means)=3.32e+01 | mean(stds)=4.12e+01
tau-population=-0.07
subset-idx-size=12
tau-train-ens=0.9272727272727274
tau-archive=0.9272727272727274
eval=6 | not-eval=0 | tau=-0.11 | n_kendall=12 | std(means)/mean(stds)=  0.71 | std(means)=4.56e+01 | mean(stds)=6.45e+01
tau-population=-0.20
subset-idx-size=12
tau-train-ens=1.0
tau-archive=1.0
eval=6 | not-eval=0 | tau= 0.11 | n_kendall=12 | std(means)/mean(stds)=  0.49 | std(means)=1.89e+01 | mean(stds)=3.88e+01
tau-population= 0.33
subset-idx-size=12
tau-train-ens=1.0
tau-archive=1.0
eval=1 | not-eval=5 | tau= 1.00 | n_kendall=12 | std(means)/mean(stds)=  1.07 | std(means)=6.15e+00 | mean(stds)=5.74e+00
tau-population=-0.20
subset-idx-size=12
tau-train-ens=0.9636363636363636
tau-archive=0.9636363636363636
eval=6 | not-eval=0 | tau= 0.47 | n_kendall=12 | std(means)/mean(stds)=  0.82 | std(means)=1.79e+01 | mean(stds)=2.19e+01
tau-population= 0.07
subset-idx-size=12
tau-train-ens=0.7454545454545454
tau-archive=0.7454545454545454
eval=6 | not-eval=0 | tau= 0.56 | n_kendall=12 | std(means)/mean(stds)=  6.98 | std(means)=1.77e+02 | mean(stds)=2.54e+01
tau-population= 0.60
subset-idx-size=12
tau-train-ens=0.9636363636363636
tau-archive=0.9636363636363636
eval=6 | not-eval=0 | tau= 0.60 | n_kendall=12 | std(means)/mean(stds)=  0.69 | std(means)=5.83e+01 | mean(stds)=8.44e+01
tau-population= 0.60
subset-idx-size=12
tau-train-ens=1.0
tau-archive=1.0
eval=6 | not-eval=0 | tau=-0.42 | n_kendall=12 | std(means)/mean(stds)=  0.59 | std(means)=4.85e+01 | mean(stds)=8.24e+01
tau-population=-0.33
subset-idx-size=12
tau-train-ens=1.0
tau-archive=1.0
eval=6 | not-eval=0 | tau= 0.07 | n_kendall=12 | std(means)/mean(stds)=  4.37 | std(means)=2.77e+01 | mean(stds)=6.33e+00
tau-population=-0.20
subset-idx-size=12
tau-train-ens=0.9272727272727274
tau-archive=0.9272727272727274
eval=6 | not-eval=0 | tau=-0.07 | n_kendall=12 | std(means)/mean(stds)=  1.28 | std(means)=3.55e+01 | mean(stds)=2.78e+01
tau-population= 0.07
subset-idx-size=12
tau-train-ens=1.0
tau-archive=1.0
eval=6 | not-eval=0 | tau= 0.33 | n_kendall=12 | std(means)/mean(stds)=  3.65 | std(means)=2.90e+01 | mean(stds)=7.94e+00
tau-population= 0.07
subset-idx-size=12
tau-train-ens=1.0
tau-archive=1.0
eval=6 | not-eval=0 | tau=-0.29 | n_kendall=12 | std(means)/mean(stds)=  1.01 | std(means)=8.51e+00 | mean(stds)=8.43e+00
tau-population=-0.47
subset-idx-size=12
tau-train-ens=0.9636363636363636
tau-archive=0.9636363636363636
eval=1 | not-eval=5 | tau= 0.94 | n_kendall=12 | std(means)/mean(stds)=  3.82 | std(means)=1.17e+01 | mean(stds)=3.05e+00
tau-population= 0.73
subset-idx-size=12
tau-train-ens=0.9272727272727274
tau-archive=0.9272727272727274
eval=6 | not-eval=0 | tau=-0.24 | n_kendall=12 | std(means)/mean(stds)=  1.75 | std(means)=3.88e+00 | mean(stds)=2.21e+00
tau-population=-0.87
subset-idx-size=12
tau-train-ens=0.9272727272727274
tau-archive=0.9272727272727274
eval=6 | not-eval=0 | tau= 0.51 | n_kendall=12 | std(means)/mean(stds)=  2.58 | std(means)=1.52e+01 | mean(stds)=5.89e+00
tau-population= 0.33
subset-idx-size=12
tau-train-ens=1.0
tau-archive=1.0
eval=6 | not-eval=0 | tau= 0.38 | n_kendall=12 | std(means)/mean(stds)=  0.88 | std(means)=3.58e+01 | mean(stds)=4.06e+01
tau-population= 0.33
subset-idx-size=12
tau-train-ens=1.0
tau-archive=1.0
eval=6 | not-eval=0 | tau= 0.24 | n_kendall=12 | std(means)/mean(stds)=  1.14 | std(means)=9.93e+00 | mean(stds)=8.75e+00
tau-population= 0.47
subset-idx-size=12
tau-train-ens=0.9636363636363636
tau-archive=0.9636363636363636
eval=6 | not-eval=0 | tau= 0.29 | n_kendall=12 | std(means)/mean(stds)=  0.43 | std(means)=2.96e+01 | mean(stds)=6.87e+01
tau-population= 0.33
subset-idx-size=12
tau-train-ens=1.0
tau-archive=1.0
eval=1 | not-eval=5 | tau= 1.00 | n_kendall=12 | std(means)/mean(stds)=  4.76 | std(means)=2.02e+01 | mean(stds)=4.24e+00
tau-population=-0.07
subset-idx-size=12
tau-train-ens=1.0
tau-archive=1.0
eval=1 | not-eval=5 | tau= 1.00 | n_kendall=12 | std(means)/mean(stds)=  1.37 | std(means)=1.85e+01 | mean(stds)=1.35e+01
tau-population=-0.20
subset-idx-size=12
tau-train-ens=1.0
tau-archive=1.0
eval=6 | not-eval=0 | tau=-0.20 | n_kendall=12 | std(means)/mean(stds)=  0.50 | std(means)=6.77e+00 | mean(stds)=1.36e+01
tau-population=-0.20
subset-idx-size=12
tau-train-ens=0.8909090909090909
tau-archive=0.8909090909090909
eval=1 | not-eval=5 | tau= 0.91 | n_kendall=12 | std(means)/mean(stds)=  1.67 | std(means)=1.29e+02 | mean(stds)=7.73e+01
tau-population= 0.87
subset-idx-size=12
tau-train-ens=0.9636363636363636
tau-archive=0.9636363636363636
eval=6 | not-eval=0 | tau= 0.47 | n_kendall=12 | std(means)/mean(stds)=  2.98 | std(means)=3.57e+02 | mean(stds)=1.20e+02
tau-population= 0.60
subset-idx-size=12
tau-train-ens=0.9636363636363636
tau-archive=0.9636363636363636
eval=6 | not-eval=0 | tau= 0.02 | n_kendall=12 | std(means)/mean(stds)=  0.24 | std(means)=8.07e+01 | mean(stds)=3.40e+02
tau-population=-0.20
subset-idx-size=12
tau-train-ens=1.0
tau-archive=1.0
eval=1 | not-eval=5 | tau= 0.91 | n_kendall=12 | std(means)/mean(stds)=  1.37 | std(means)=1.42e+02 | mean(stds)=1.04e+02
tau-population= 0.20
subset-idx-size=12
tau-train-ens=1.0
tau-archive=1.0
eval=6 | not-eval=0 | tau= 0.02 | n_kendall=12 | std(means)/mean(stds)=  0.23 | std(means)=6.09e+00 | mean(stds)=2.62e+01
tau-population=-0.07
subset-idx-size=12
tau-train-ens=1.0
tau-archive=1.0
eval=1 | not-eval=5 | tau= 0.91 | n_kendall=12 | std(means)/mean(stds)=  0.83 | std(means)=5.41e+00 | mean(stds)=6.50e+00
tau-population= 0.07
subset-idx-size=12
tau-train-ens=1.0
tau-archive=1.0
eval=6 | not-eval=0 | tau= 0.20 | n_kendall=12 | std(means)/mean(stds)=  0.89 | std(means)=1.34e+01 | mean(stds)=1.51e+01
tau-population=-0.47
subset-idx-size=12
tau-train-ens=0.9272727272727274
tau-archive=0.9272727272727274
eval=6 | not-eval=0 | tau= 0.11 | n_kendall=12 | std(means)/mean(stds)=  1.09 | std(means)=2.95e+01 | mean(stds)=2.71e+01
tau-population=-0.07
subset-idx-size=12
tau-train-ens=0.8545454545454545
tau-archive=0.8545454545454545
eval=6 | not-eval=0 | tau= 0.60 | n_kendall=12 | std(means)/mean(stds)=  0.98 | std(means)=1.35e+02 | mean(stds)=1.38e+02
tau-population= 0.60
subset-idx-size=12
tau-train-ens=1.0
tau-archive=1.0
eval=6 | not-eval=0 | tau= 0.02 | n_kendall=12 | std(means)/mean(stds)=  0.61 | std(means)=3.25e+01 | mean(stds)=5.33e+01
tau-population=-0.73
subset-idx-size=12
tau-train-ens=1.0
tau-archive=1.0
eval=1 | not-eval=5 | tau= 0.94 | n_kendall=12 | std(means)/mean(stds)=  0.99 | std(means)=4.84e+01 | mean(stds)=4.89e+01
tau-population= 0.47
subset-idx-size=12
tau-train-ens=1.0
tau-archive=1.0
eval=1 | not-eval=5 | tau= 0.88 | n_kendall=12 | std(means)/mean(stds)=  0.74 | std(means)=5.71e+01 | mean(stds)=7.71e+01
tau-population= 0.20
subset-idx-size=12
tau-train-ens=0.9636363636363636
tau-archive=0.9636363636363636
eval=6 | not-eval=0 | tau= 0.51 | n_kendall=12 | std(means)/mean(stds)=  1.26 | std(means)=6.36e+01 | mean(stds)=5.06e+01
tau-population= 0.20
subset-idx-size=12
tau-train-ens=0.9272727272727274
tau-archive=0.9272727272727274
eval=6 | not-eval=0 | tau= 0.16 | n_kendall=12 | std(means)/mean(stds)=  0.69 | std(means)=1.86e+01 | mean(stds)=2.68e+01
tau-population= 0.33
subset-idx-size=12
tau-train-ens=0.8909090909090909
tau-archive=0.8909090909090909
eval=6 | not-eval=0 | tau= 0.33 | n_kendall=12 | std(means)/mean(stds)=  1.61 | std(means)=4.26e+02 | mean(stds)=2.65e+02
tau-population= 0.07
subset-idx-size=12
tau-train-ens=0.9636363636363636
tau-archive=0.9636363636363636
eval=6 | not-eval=0 | tau= 0.02 | n_kendall=12 | std(means)/mean(stds)=  1.56 | std(means)=3.31e+01 | mean(stds)=2.12e+01
tau-population=-0.07
subset-idx-size=12
tau-train-ens=1.0
tau-archive=1.0
eval=6 | not-eval=0 | tau= 0.20 | n_kendall=12 | std(means)/mean(stds)=  3.27 | std(means)=1.50e+01 | mean(stds)=4.58e+00
tau-population= 0.07
subset-idx-size=12
tau-train-ens=1.0
tau-archive=1.0
eval=6 | not-eval=0 | tau= 0.20 | n_kendall=12 | std(means)/mean(stds)=  1.98 | std(means)=3.84e+01 | mean(stds)=1.94e+01
tau-population= 0.07
subset-idx-size=12
tau-train-ens=1.0
tau-archive=1.0
eval=6 | not-eval=0 | tau= 0.02 | n_kendall=12 | std(means)/mean(stds)=  1.60 | std(means)=2.94e+01 | mean(stds)=1.83e+01
tau-population=-0.33
subset-idx-size=12
tau-train-ens=1.0
tau-archive=1.0
eval=6 | not-eval=0 | tau= 0.60 | n_kendall=12 | std(means)/mean(stds)=  4.34 | std(means)=1.18e+01 | mean(stds)=2.71e+00
tau-population= 0.33
subset-idx-size=12
tau-train-ens=1.0
tau-archive=1.0
eval=1 | not-eval=5 | tau= 0.94 | n_kendall=12 | std(means)/mean(stds)=  1.52 | std(means)=9.92e+00 | mean(stds)=6.51e+00
tau-population= 0.47
subset-idx-size=12
tau-train-ens=0.9636363636363636
tau-archive=0.9636363636363636
eval=6 | not-eval=0 | tau= 0.38 | n_kendall=12 | std(means)/mean(stds)=  0.40 | std(means)=1.27e+01 | mean(stds)=3.14e+01
tau-population=-0.07
subset-idx-size=12
tau-train-ens=0.8181818181818182
tau-archive=0.8181818181818182
eval=6 | not-eval=0 | tau= 0.33 | n_kendall=12 | std(means)/mean(stds)=  1.53 | std(means)=1.88e+01 | mean(stds)=1.24e+01
tau-population= 0.47
subset-idx-size=12
tau-train-ens=1.0
tau-archive=1.0
eval=1 | not-eval=5 | tau= 0.91 | n_kendall=12 | std(means)/mean(stds)=  1.16 | std(means)=2.54e+01 | mean(stds)=2.19e+01
tau-population= 0.07
subset-idx-size=12
tau-train-ens=1.0
tau-archive=1.0
eval=6 | not-eval=0 | tau= 0.24 | n_kendall=12 | std(means)/mean(stds)=  2.22 | std(means)=2.56e+01 | mean(stds)=1.15e+01
tau-population=-0.20
subset-idx-size=12
tau-train-ens=0.9636363636363636
tau-archive=0.9636363636363636
eval=6 | not-eval=0 | tau= 0.60 | n_kendall=12 | std(means)/mean(stds)=  2.01 | std(means)=1.27e+01 | mean(stds)=6.29e+00
tau-population= 0.33
subset-idx-size=12
tau-train-ens=0.9272727272727274
tau-archive=0.9272727272727274
eval=6 | not-eval=0 | tau= 0.38 | n_kendall=12 | std(means)/mean(stds)=  2.25 | std(means)=9.80e+00 | mean(stds)=4.35e+00
tau-population= 0.20
subset-idx-size=12
tau-train-ens=0.9272727272727274
tau-archive=0.9272727272727274
eval=1 | not-eval=5 | tau= 0.94 | n_kendall=12 | std(means)/mean(stds)=  1.30 | std(means)=4.28e+00 | mean(stds)=3.30e+00
tau-population= 0.07
subset-idx-size=12
tau-train-ens=0.8909090909090909
tau-archive=0.8909090909090909
eval=1 | not-eval=5 | tau= 0.88 | n_kendall=12 | std(means)/mean(stds)=  3.18 | std(means)=8.87e+00 | mean(stds)=2.79e+00
tau-population= 0.07
subset-idx-size=12
tau-train-ens=0.8545454545454545
tau-archive=0.8545454545454545
eval=1 | not-eval=5 | tau= 0.88 | n_kendall=12 | std(means)/mean(stds)=  4.61 | std(means)=4.63e+00 | mean(stds)=1.00e+00
tau-population= 0.87
subset-idx-size=12
tau-train-ens=0.7818181818181819
tau-archive=0.7818181818181819
eval=6 | not-eval=0 | tau= 0.24 | n_kendall=12 | std(means)/mean(stds)=  1.00 | std(means)=2.53e+00 | mean(stds)=2.53e+00
tau-population=-0.07
subset-idx-size=12
tau-train-ens=0.9636363636363636
tau-archive=0.9636363636363636
eval=6 | not-eval=0 | tau= 0.51 | n_kendall=12 | std(means)/mean(stds)=  1.60 | std(means)=9.63e+00 | mean(stds)=6.04e+00
tau-population= 1.00
subset-idx-size=12
tau-train-ens=1.0
tau-archive=1.0
eval=6 | not-eval=0 | tau= 0.42 | n_kendall=12 | std(means)/mean(stds)=  1.93 | std(means)=8.24e+00 | mean(stds)=4.26e+00
tau-population=  nan
subset-idx-size=12
tau-train-ens=0.9636363636363636
tau-archive=0.9636363636363636
eval=6 | not-eval=0 | tau= 0.51 | n_kendall=12 | std(means)/mean(stds)=  1.52 | std(means)=2.37e+01 | mean(stds)=1.56e+01
tau-population=  nan
subset-idx-size=12
tau-train-ens=1.0
tau-archive=1.0
eval=6 | not-eval=0 | tau= 0.29 | n_kendall=12 | std(means)/mean(stds)=  2.19 | std(means)=1.20e+01 | mean(stds)=5.47e+00
tau-population=  nan
subset-idx-size=12
tau-train-ens=1.0
tau-archive=1.0
eval=6 | not-eval=0 | tau=-0.11 | n_kendall=12 | std(means)/mean(stds)=  2.47 | std(means)=4.73e+00 | mean(stds)=1.91e+00
tau-population=  nan
subset-idx-size=12
tau-train-ens=1.0
tau-archive=1.0
eval=1 | not-eval=5 | tau= 1.00 | n_kendall=12 | std(means)/mean(stds)=  1.83 | std(means)=1.20e+01 | mean(stds)=6.55e+00
tau-population=  nan
subset-idx-size=12
tau-train-ens=1.0
tau-archive=1.0
eval=6 | not-eval=0 | tau= 0.20 | n_kendall=12 | std(means)/mean(stds)=  2.14 | std(means)=1.75e+01 | mean(stds)=8.16e+00
tau-population=  nan
subset-idx-size=12
tau-train-ens=0.9272727272727274
tau-archive=0.9272727272727274
eval=6 | not-eval=0 | tau= 0.11 | n_kendall=12 | std(means)/mean(stds)=  0.89 | std(means)=2.69e+01 | mean(stds)=3.03e+01
tau-population=  nan
subset-idx-size=12
tau-train-ens=1.0
tau-archive=1.0
eval=1 | not-eval=5 | tau= 0.94 | n_kendall=12 | std(means)/mean(stds)=  2.23 | std(means)=6.43e+00 | mean(stds)=2.88e+00
tau-population=  nan
subset-idx-size=12
tau-train-ens=0.9636363636363636
tau-archive=0.9636363636363636
eval=6 | not-eval=0 | tau=-0.02 | n_kendall=12 | std(means)/mean(stds)=  0.69 | std(means)=1.12e+01 | mean(stds)=1.61e+01
tau-population=  nan
subset-idx-size=12
tau-train-ens=1.0
tau-archive=1.0
eval=1 | not-eval=5 | tau= 1.00 | n_kendall=12 | std(means)/mean(stds)=  3.04 | std(means)=6.53e+00 | mean(stds)=2.15e+00
tau-population=  nan
subset-idx-size=12
tau-train-ens=1.0
tau-archive=1.0
eval=1 | not-eval=5 | tau= 1.00 | n_kendall=12 | std(means)/mean(stds)=  2.36 | std(means)=8.06e+00 | mean(stds)=3.42e+00
tau-population=  nan
subset-idx-size=12
tau-train-ens=0.7454545454545454
tau-archive=0.7454545454545454
eval=6 | not-eval=0 | tau= 0.73 | n_kendall=12 | std(means)/mean(stds)=  2.83 | std(means)=9.87e+00 | mean(stds)=3.49e+00
tau-population=  nan
subset-idx-size=12
tau-train-ens=0.9272727272727274
tau-archive=0.9272727272727274
eval=6 | not-eval=0 | tau=-0.24 | n_kendall=12 | std(means)/mean(stds)=  1.19 | std(means)=1.67e+01 | mean(stds)=1.40e+01
tau-population=  nan
subset-idx-size=12
tau-train-ens=1.0
tau-archive=1.0
eval=6 | not-eval=0 | tau= 0.51 | n_kendall=12 | std(means)/mean(stds)=  0.97 | std(means)=1.34e+01 | mean(stds)=1.38e+01
tau-population=  nan
subset-idx-size=12
tau-train-ens=1.0
tau-archive=1.0
eval=1 | not-eval=5 | tau= 1.00 | n_kendall=12 | std(means)/mean(stds)=  2.12 | std(means)=2.81e+01 | mean(stds)=1.33e+01
tau-population=  nan
subset-idx-size=12
tau-train-ens=1.0
tau-archive=1.0
eval=6 | not-eval=0 | tau= 0.73 | n_kendall=12 | std(means)/mean(stds)=  2.42 | std(means)=1.63e+01 | mean(stds)=6.72e+00
tau-population=  nan
subset-idx-size=12
tau-train-ens=0.8909090909090909
tau-archive=0.8909090909090909
eval=1 | not-eval=5 | tau= 0.88 | n_kendall=12 | std(means)/mean(stds)=  0.83 | std(means)=1.04e+01 | mean(stds)=1.26e+01
tau-population=  nan
subset-idx-size=12
tau-train-ens=0.9636363636363636
tau-archive=0.9636363636363636
eval=6 | not-eval=0 | tau= 0.24 | n_kendall=12 | std(means)/mean(stds)=  1.33 | std(means)=2.00e+01 | mean(stds)=1.50e+01
tau-population=  nan
subset-idx-size=12
tau-train-ens=0.9636363636363636
tau-archive=0.9636363636363636
eval=6 | not-eval=0 | tau= 0.29 | n_kendall=12 | std(means)/mean(stds)=  1.05 | std(means)=1.02e+02 | mean(stds)=9.78e+01
tau-population=  nan
subset-idx-size=12
tau-train-ens=0.8909090909090909
tau-archive=0.8909090909090909
eval=6 | not-eval=0 | tau= 0.38 | n_kendall=12 | std(means)/mean(stds)=  0.74 | std(means)=1.24e+01 | mean(stds)=1.68e+01
tau-population=  nan
subset-idx-size=12
tau-train-ens=0.9272727272727274
tau-archive=0.9272727272727274
eval=6 | not-eval=0 | tau= 0.20 | n_kendall=12 | std(means)/mean(stds)=  5.33 | std(means)=1.04e+01 | mean(stds)=1.96e+00
tau-population=  nan
subset-idx-size=12
tau-train-ens=1.0
tau-archive=1.0
eval=1 | not-eval=5 | tau= 0.94 | n_kendall=12 | std(means)/mean(stds)=  2.69 | std(means)=1.16e+01 | mean(stds)=4.33e+00
tau-population=  nan
subset-idx-size=12
tau-train-ens=1.0
tau-archive=1.0
eval=1 | not-eval=5 | tau= 1.00 | n_kendall=12 | std(means)/mean(stds)=  1.07 | std(means)=4.24e+00 | mean(stds)=3.96e+00
tau-population=  nan
subset-idx-size=12
tau-train-ens=0.9272727272727274
tau-archive=0.9272727272727274
eval=1 | not-eval=5 | tau= 0.88 | n_kendall=12 | std(means)/mean(stds)=  0.80 | std(means)=1.29e+01 | mean(stds)=1.61e+01
tau-population=  nan
subset-idx-size=12
tau-train-ens=0.9636363636363636
tau-archive=0.9636363636363636
eval=1 | not-eval=5 | tau= 0.91 | n_kendall=12 | std(means)/mean(stds)=  2.44 | std(means)=4.34e+00 | mean(stds)=1.78e+00
tau-population=  nan
subset-idx-size=12
tau-train-ens=0.7818181818181819
tau-archive=0.7818181818181819
eval=2 | not-eval=4 | tau= 0.97 | n_kendall=12 | std(means)/mean(stds)=  0.53 | std(means)=7.13e+00 | mean(stds)=1.35e+01
tau-population=  nan
subset-idx-size=12
tau-train-ens=0.8909090909090909
tau-archive=0.8909090909090909
eval=1 | not-eval=5 | tau= 0.88 | n_kendall=12 | std(means)/mean(stds)=  1.91 | std(means)=3.68e+00 | mean(stds)=1.92e+00
tau-population=  nan
subset-idx-size=12
tau-train-ens=0.9272727272727274
tau-archive=0.9272727272727274
eval=1 | not-eval=5 | tau= 0.94 | n_kendall=12 | std(means)/mean(stds)=  2.46 | std(means)=7.78e+00 | mean(stds)=3.16e+00
tau-population=  nan
subset-idx-size=12
tau-train-ens=1.0
tau-archive=1.0
eval=1 | not-eval=5 | tau= 1.00 | n_kendall=12 | std(means)/mean(stds)=  2.09 | std(means)=1.85e+00 | mean(stds)=8.87e-01
tau-population=  nan
 2D 24-fun   1-inst  500-budget False-solved 500-evals  678-cma-evals 2506s 0-restarts  6-init-pop (Surrogate(model=<__main__.Eaf object at 0x7fa78a3bcbb0>, subset=LastN), EvaluateUntilKendallThreshold(mean_criterion, tau_threshold=0.85, offset=True), n_min_fn=get_dim) 2.6e+00-delta-f          1-seed
