(3_w,6)-aCMA-ES (mu_w=2.0,w_1=63%) in dimension 2 (seed=1, Sun Apr 21 14:29:44 2024)
subset-idx-size=6
tau-train-ens=0.9999999999999999
> /home/jarda/Desktop/thesis/nncmaes/code/nncmaes.py(1476)__call__()
-> return surrogate_model
(Pdb) tau-archive=0.9999999999999999
eval=1 | not-eval=5 | tau= 1.00 | n_kendall= 7 | std(means)/mean(stds)=  3.67 | std(means)=1.86e+05 | mean(stds)=5.07e+04
tau-population= 0.60
subset-idx-size=7
tau-train-ens=1.0
> /home/jarda/Desktop/thesis/nncmaes/code/nncmaes.py(1476)__call__()
-> return surrogate_model
(Pdb) tau-archive=0.9999999999999999
eval=1 | not-eval=5 | tau= 0.93 | n_kendall= 8 | std(means)/mean(stds)=  0.51 | std(means)=3.61e+04 | mean(stds)=7.12e+04
tau-population= 0.33
subset-idx-size=7
tau-train-ens=1.0
> /home/jarda/Desktop/thesis/nncmaes/code/nncmaes.py(1476)__call__()
-> return surrogate_model
(Pdb) tau-archive=1.0
eval=1 | not-eval=5 | tau= 0.94 | n_kendall= 9 | std(means)/mean(stds)=  0.82 | std(means)=9.98e+04 | mean(stds)=1.21e+05
tau-population= 0.87
subset-idx-size=6
> /home/jarda/Desktop/thesis/nncmaes/code/nncmaes.py(1362)__call__()
-> print("tau-train-ens={}".format(tau))
(Pdb) 0.4666666666666666
(Pdb) array([[2.74136417e+00],
       [2.09043007e-01],
       [1.14322098e-01],
       [0.00000000e+00],
       [7.57723449e-04],
       [5.54938244e-03]])
(Pdb) array([[2.6958940e+00],
       [1.8691446e-01],
       [3.6867300e-01],
       [4.9209222e-04],
       [1.6512696e+00],
       [1.9618999e-02]], dtype=float32)
(Pdb) array([[-4.54701683e-02],
       [-2.21285481e-02],
       [ 2.54350899e-01],
       [ 4.92092222e-04],
       [ 1.65051183e+00],
       [ 1.40696168e-02]])
(Pdb) array([[-1.21533660e-02],
       [-1.83025318e-02],
       [ 2.28256174e-01],
       [ 4.92092222e-04],
       [ 1.64926215e+00],
       [ 1.39919700e-02]])
(Pdb) tau-train-ens=0.4666666666666666
> /home/jarda/Desktop/thesis/nncmaes/code/nncmaes.py(1476)__call__()
-> return surrogate_model
(Pdb) tau-archive=0.6428571428571428
eval=6 | not-eval=0 | tau=-0.20 | n_kendall=12 | std(means)/mean(stds)=  0.80 | std(means)=1.46e+04 | mean(stds)=1.82e+04
tau-population=-0.60
subset-idx-size=14
tau-train-ens=0.7090909090909091
> /home/jarda/Desktop/thesis/nncmaes/code/nncmaes.py(1476)__call__()
-> return surrogate_model
(Pdb) tau-archive=0.41818181818181815
eval=6 | not-eval=0 | tau= 0.42 | n_kendall=12 | std(means)/mean(stds)= 13.31 | std(means)=2.59e+05 | mean(stds)=1.95e+04
tau-population= 0.47
subset-idx-size=15
> /home/jarda/Desktop/thesis/nncmaes/code/nncmaes.py(1362)__call__()
-> print("tau-train-ens={}".format(tau))
(Pdb) 0.38181818181818183
(Pdb) array([[3.30463559e+00],
       [2.44382890e+00],
       [1.21223339e+00],
       [9.26580887e-02],
       [5.07806240e-02],
       [2.37194300e-04],
       [5.72194643e-04],
       [2.69065541e-03],
       [3.02270276e-03],
       [1.30016353e-03],
       [9.58229174e-04],
       [2.80536267e-04],
       [0.00000000e+00],
       [3.25377305e-04],
       [1.35392727e-04]])
(Pdb) array([[ 3.3202548e+00],
       [ 2.4474175e+00],
       [ 1.2179177e+00],
       [ 8.7496474e-02],
       [ 5.4060146e-02],
       [-3.6525421e-02],
       [ 1.2387164e-02],
       [ 8.0007687e-03],
       [ 3.1910911e-03],
       [ 3.7015580e-02],
       [-5.1093698e-03],
       [-5.0859369e-02],
       [-1.1999480e-02],
       [-9.5943883e-03],
       [ 1.7482884e-02]], dtype=float32)
(Pdb) array([[ 0.00362846],
       [ 0.00104204],
       [ 0.00256948],
       [-0.00472391],
       [ 0.00312103],
       [-0.0367539 ],
       [ 0.01180821],
       [ 0.00529586],
       [ 0.00016788],
       [ 0.03566904],
       [-0.00606179],
       [-0.05112556],
       [-0.01199948],
       [-0.00991654],
       [ 0.01734514]])
(Pdb) 