(3_w,6)-aCMA-ES (mu_w=2.0,w_1=63%) in dimension 2 (seed=1, Sun Apr 21 00:22:19 2024)
subset-idx-size=6
tau-train-ens=0.9999999999999999
tau-archive=0.9999999999999999
eval=1 | not-eval=5 | tau= 1.00 | n_kendall= 7 | std(means)/mean(stds)=  7.65 | std(means)=5.13e+06 | mean(stds)=6.70e+05
tau-population= 0.87
subset-idx-size=7
tau-train-ens=1.0
tau-archive=0.9999999999999999
eval=1 | not-eval=5 | tau= 0.93 | n_kendall= 8 | std(means)/mean(stds)=  0.85 | std(means)=2.04e+06 | mean(stds)=2.40e+06
tau-population= 0.33
subset-idx-size=8
tau-train-ens=0.9999999999999998
tau-archive=1.0
eval=6 | not-eval=0 | tau= 0.02 | n_kendall=12 | std(means)/mean(stds)=  1.09 | std(means)=1.70e+06 | mean(stds)=1.55e+06
tau-population=-0.07
subset-idx-size=12
tau-train-ens=1.0
tau-archive=1.0
eval=1 | not-eval=5 | tau= 1.00 | n_kendall=12 | std(means)/mean(stds)=  6.55 | std(means)=1.23e+06 | mean(stds)=1.88e+05
tau-population= 1.00
subset-idx-size=12
tau-train-ens=0.9636363636363636
tau-archive=0.9636363636363636
eval=1 | not-eval=5 | tau= 0.97 | n_kendall=12 | std(means)/mean(stds)=  3.87 | std(means)=1.02e+06 | mean(stds)=2.64e+05
tau-population= 0.60
subset-idx-size=12
tau-train-ens=0.9636363636363636
tau-archive=0.9636363636363636
eval=1 | not-eval=5 | tau= 0.94 | n_kendall=12 | std(means)/mean(stds)=  0.80 | std(means)=2.77e+05 | mean(stds)=3.45e+05
tau-population= 0.60
subset-idx-size=12
tau-train-ens=0.9636363636363636
tau-archive=0.9636363636363636
eval=1 | not-eval=5 | tau= 0.91 | n_kendall=12 | std(means)/mean(stds)=  4.23 | std(means)=4.43e+05 | mean(stds)=1.05e+05
tau-population= 0.47
subset-idx-size=12
tau-train-ens=0.9636363636363636
tau-archive=0.9636363636363636
eval=1 | not-eval=5 | tau= 0.97 | n_kendall=12 | std(means)/mean(stds)=  2.30 | std(means)=2.63e+05 | mean(stds)=1.15e+05
tau-population= 0.33
subset-idx-size=12
tau-train-ens=1.0
tau-archive=1.0
eval=1 | not-eval=5 | tau= 0.94 | n_kendall=12 | std(means)/mean(stds)=  2.70 | std(means)=1.69e+05 | mean(stds)=6.26e+04
tau-population= 1.00
subset-idx-size=12
tau-train-ens=1.0
tau-archive=1.0
eval=1 | not-eval=5 | tau= 0.97 | n_kendall=12 | std(means)/mean(stds)=  3.24 | std(means)=1.79e+05 | mean(stds)=5.54e+04
tau-population= 0.87
subset-idx-size=12
tau-train-ens=1.0
tau-archive=1.0
eval=1 | not-eval=5 | tau= 1.00 | n_kendall=12 | std(means)/mean(stds)=  1.48 | std(means)=8.84e+04 | mean(stds)=5.97e+04
tau-population= 0.07
subset-idx-size=12
tau-train-ens=1.0
tau-archive=1.0
eval=1 | not-eval=5 | tau= 1.00 | n_kendall=12 | std(means)/mean(stds)=  1.98 | std(means)=6.37e+04 | mean(stds)=3.22e+04
tau-population= 0.87
subset-idx-size=12
tau-train-ens=1.0
tau-archive=1.0
eval=1 | not-eval=5 | tau= 0.91 | n_kendall=12 | std(means)/mean(stds)=  2.63 | std(means)=1.11e+04 | mean(stds)=4.23e+03
tau-population= 0.47
subset-idx-size=12
tau-train-ens=0.9272727272727274
tau-archive=0.9272727272727274
eval=1 | not-eval=5 | tau= 0.94 | n_kendall=12 | std(means)/mean(stds)=  4.02 | std(means)=1.72e+04 | mean(stds)=4.28e+03
tau-population= 1.00
subset-idx-size=12
tau-train-ens=0.9636363636363636
tau-archive=0.9636363636363636
eval=1 | not-eval=5 | tau= 0.94 | n_kendall=12 | std(means)/mean(stds)=  2.66 | std(means)=4.93e+03 | mean(stds)=1.85e+03
tau-population= 0.47
subset-idx-size=12
tau-train-ens=0.9272727272727274
tau-archive=0.9272727272727274
eval=1 | not-eval=5 | tau= 0.94 | n_kendall=12 | std(means)/mean(stds)=  2.27 | std(means)=3.05e+03 | mean(stds)=1.35e+03
tau-population= 0.60
subset-idx-size=12
tau-train-ens=1.0
tau-archive=1.0
eval=1 | not-eval=5 | tau= 1.00 | n_kendall=12 | std(means)/mean(stds)=  2.51 | std(means)=2.86e+03 | mean(stds)=1.14e+03
tau-population= 0.47
subset-idx-size=12
tau-train-ens=1.0
tau-archive=1.0
eval=1 | not-eval=5 | tau= 1.00 | n_kendall=12 | std(means)/mean(stds)=  1.93 | std(means)=6.38e+03 | mean(stds)=3.31e+03
tau-population= 0.87
subset-idx-size=12
tau-train-ens=1.0
tau-archive=1.0
eval=1 | not-eval=5 | tau= 0.94 | n_kendall=12 | std(means)/mean(stds)=  1.22 | std(means)=2.01e+03 | mean(stds)=1.64e+03
tau-population= 0.73
subset-idx-size=12
tau-train-ens=1.0
tau-archive=1.0
eval=1 | not-eval=5 | tau= 1.00 | n_kendall=12 | std(means)/mean(stds)=  7.71 | std(means)=1.47e+03 | mean(stds)=1.91e+02
tau-population= 0.87
subset-idx-size=12
tau-train-ens=1.0
tau-archive=1.0
eval=1 | not-eval=5 | tau= 1.00 | n_kendall=12 | std(means)/mean(stds)=  0.69 | std(means)=5.95e+02 | mean(stds)=8.68e+02
tau-population= 0.47
subset-idx-size=12
tau-train-ens=1.0
tau-archive=1.0
eval=1 | not-eval=5 | tau= 1.00 | n_kendall=12 | std(means)/mean(stds)=  1.40 | std(means)=2.17e+02 | mean(stds)=1.55e+02
tau-population= 0.33
subset-idx-size=12
tau-train-ens=1.0
tau-archive=1.0
eval=1 | not-eval=5 | tau= 0.97 | n_kendall=12 | std(means)/mean(stds)=  3.00 | std(means)=5.80e+01 | mean(stds)=1.93e+01
tau-population= 0.73
subset-idx-size=12
tau-train-ens=1.0
tau-archive=1.0
eval=6 | not-eval=0 | tau=-0.11 | n_kendall=12 | std(means)/mean(stds)=  0.41 | std(means)=7.25e+01 | mean(stds)=1.75e+02
tau-population=-0.60
subset-idx-size=12
tau-train-ens=1.0
tau-archive=1.0
eval=1 | not-eval=5 | tau= 1.00 | n_kendall=12 | std(means)/mean(stds)=  4.13 | std(means)=1.90e+02 | mean(stds)=4.60e+01
tau-population= 0.73
subset-idx-size=12
tau-train-ens=1.0
tau-archive=1.0
eval=1 | not-eval=5 | tau= 1.00 | n_kendall=12 | std(means)/mean(stds)=  0.59 | std(means)=3.32e+01 | mean(stds)=5.62e+01
tau-population= 0.87
subset-idx-size=12
tau-train-ens=1.0
tau-archive=1.0
eval=1 | not-eval=5 | tau= 0.97 | n_kendall=12 | std(means)/mean(stds)=  2.19 | std(means)=3.68e+01 | mean(stds)=1.68e+01
tau-population= 0.60
subset-idx-size=12
tau-train-ens=1.0
tau-archive=1.0
eval=1 | not-eval=5 | tau= 1.00 | n_kendall=12 | std(means)/mean(stds)=  1.49 | std(means)=7.99e+00 | mean(stds)=5.36e+00
tau-population= 1.00
subset-idx-size=12
tau-train-ens=1.0
tau-archive=1.0
eval=1 | not-eval=5 | tau= 0.97 | n_kendall=12 | std(means)/mean(stds)=  2.13 | std(means)=1.15e+01 | mean(stds)=5.39e+00
tau-population= 0.87
subset-idx-size=12
tau-train-ens=1.0
tau-archive=1.0
eval=1 | not-eval=5 | tau= 0.97 | n_kendall=12 | std(means)/mean(stds)=  3.08 | std(means)=1.12e+01 | mean(stds)=3.63e+00
tau-population= 0.73
subset-idx-size=12
tau-train-ens=1.0
tau-archive=1.0
eval=1 | not-eval=5 | tau= 1.00 | n_kendall=12 | std(means)/mean(stds)=  3.14 | std(means)=9.40e+00 | mean(stds)=2.99e+00
tau-population= 1.00
subset-idx-size=12
tau-train-ens=0.9272727272727274
tau-archive=0.9272727272727274
eval=1 | not-eval=5 | tau= 0.94 | n_kendall=12 | std(means)/mean(stds)=  2.79 | std(means)=3.64e+00 | mean(stds)=1.30e+00
tau-population= 0.87
subset-idx-size=12
tau-train-ens=0.8909090909090909
tau-archive=0.8909090909090909
eval=2 | not-eval=4 | tau= 0.91 | n_kendall=12 | std(means)/mean(stds)=  5.29 | std(means)=5.61e+00 | mean(stds)=1.06e+00
tau-population= 1.00
subset-idx-size=12
tau-train-ens=0.9636363636363636
tau-archive=0.9636363636363636
eval=1 | not-eval=5 | tau= 0.88 | n_kendall=12 | std(means)/mean(stds)=  4.05 | std(means)=8.04e+00 | mean(stds)=1.98e+00
tau-population= 1.00
subset-idx-size=12
tau-train-ens=1.0
tau-archive=1.0
eval=1 | not-eval=5 | tau= 1.00 | n_kendall=12 | std(means)/mean(stds)=  0.61 | std(means)=1.02e+00 | mean(stds)=1.68e+00
tau-population= 0.73
subset-idx-size=12
tau-train-ens=1.0
tau-archive=1.0
eval=1 | not-eval=5 | tau= 1.00 | n_kendall=12 | std(means)/mean(stds)=  1.31 | std(means)=1.54e+00 | mean(stds)=1.17e+00
tau-population= 0.73
subset-idx-size=12
tau-train-ens=1.0
tau-archive=1.0
eval=1 | not-eval=5 | tau= 0.88 | n_kendall=12 | std(means)/mean(stds)=  0.48 | std(means)=7.36e-01 | mean(stds)=1.54e+00
tau-population= 0.33
subset-idx-size=12
tau-train-ens=1.0
tau-archive=1.0
eval=1 | not-eval=5 | tau= 1.00 | n_kendall=12 | std(means)/mean(stds)=  2.98 | std(means)=7.57e-01 | mean(stds)=2.54e-01
tau-population= 0.73
subset-idx-size=12
tau-train-ens=1.0
tau-archive=1.0
eval=1 | not-eval=5 | tau= 1.00 | n_kendall=12 | std(means)/mean(stds)=  5.82 | std(means)=5.85e-01 | mean(stds)=1.01e-01
tau-population= 1.00
subset-idx-size=12
tau-train-ens=1.0
tau-archive=1.0
eval=1 | not-eval=5 | tau= 0.97 | n_kendall=12 | std(means)/mean(stds)= 11.93 | std(means)=8.99e-01 | mean(stds)=7.54e-02
tau-population= 1.00
subset-idx-size=12
tau-train-ens=1.0
tau-archive=1.0
eval=1 | not-eval=5 | tau= 1.00 | n_kendall=12 | std(means)/mean(stds)=  2.76 | std(means)=2.51e-01 | mean(stds)=9.10e-02
tau-population= 0.73
subset-idx-size=12
tau-train-ens=0.9636363636363636
tau-archive=0.9636363636363636
eval=1 | not-eval=5 | tau= 0.97 | n_kendall=12 | std(means)/mean(stds)=  5.57 | std(means)=4.04e-01 | mean(stds)=7.26e-02
tau-population= 0.87
subset-idx-size=12
tau-train-ens=1.0
tau-archive=1.0
eval=1 | not-eval=5 | tau= 0.91 | n_kendall=12 | std(means)/mean(stds)=  2.74 | std(means)=3.48e-01 | mean(stds)=1.27e-01
tau-population= 0.73
subset-idx-size=12
tau-train-ens=1.0
tau-archive=1.0
eval=1 | not-eval=5 | tau= 1.00 | n_kendall=12 | std(means)/mean(stds)=  3.27 | std(means)=4.16e-01 | mean(stds)=1.27e-01
tau-population= 0.73
subset-idx-size=12
tau-train-ens=1.0
tau-archive=1.0
eval=1 | not-eval=5 | tau= 0.97 | n_kendall=12 | std(means)/mean(stds)=  2.95 | std(means)=1.35e-01 | mean(stds)=4.57e-02
tau-population= 0.87
subset-idx-size=12
tau-train-ens=1.0
tau-archive=1.0
eval=1 | not-eval=5 | tau= 1.00 | n_kendall=12 | std(means)/mean(stds)=  2.17 | std(means)=6.47e-02 | mean(stds)=2.99e-02
tau-population= 1.00
subset-idx-size=12
tau-train-ens=0.9636363636363636
tau-archive=0.9636363636363636
eval=1 | not-eval=5 | tau= 0.97 | n_kendall=12 | std(means)/mean(stds)=  1.27 | std(means)=5.05e-02 | mean(stds)=3.97e-02
tau-population= 0.60
subset-idx-size=12
tau-train-ens=1.0
tau-archive=1.0
eval=1 | not-eval=5 | tau= 0.94 | n_kendall=12 | std(means)/mean(stds)=  2.28 | std(means)=4.57e-02 | mean(stds)=2.00e-02
tau-population= 1.00
subset-idx-size=12
tau-train-ens=1.0
tau-archive=1.0
eval=1 | not-eval=5 | tau= 1.00 | n_kendall=12 | std(means)/mean(stds)= 10.18 | std(means)=4.75e-02 | mean(stds)=4.66e-03
tau-population= 1.00
subset-idx-size=12
tau-train-ens=1.0
tau-archive=1.0
eval=1 | not-eval=5 | tau= 1.00 | n_kendall=12 | std(means)/mean(stds)=  3.68 | std(means)=4.13e-02 | mean(stds)=1.12e-02
tau-population= 0.60
subset-idx-size=12
tau-train-ens=1.0
tau-archive=1.0
eval=1 | not-eval=5 | tau= 1.00 | n_kendall=12 | std(means)/mean(stds)= 13.57 | std(means)=1.08e-01 | mean(stds)=7.93e-03
tau-population= 1.00
subset-idx-size=12
tau-train-ens=1.0
tau-archive=1.0
eval=1 | not-eval=5 | tau= 1.00 | n_kendall=12 | std(means)/mean(stds)=  2.72 | std(means)=5.26e-02 | mean(stds)=1.94e-02
tau-population= 1.00
subset-idx-size=12
tau-train-ens=1.0
tau-archive=1.0
eval=1 | not-eval=5 | tau= 1.00 | n_kendall=12 | std(means)/mean(stds)=  2.68 | std(means)=7.11e-02 | mean(stds)=2.66e-02
tau-population= 1.00
subset-idx-size=12
tau-train-ens=1.0
tau-archive=1.0
eval=1 | not-eval=5 | tau= 1.00 | n_kendall=12 | std(means)/mean(stds)=  0.97 | std(means)=1.45e-02 | mean(stds)=1.50e-02
tau-population= 0.73
subset-idx-size=12
tau-train-ens=1.0
tau-archive=1.0
eval=1 | not-eval=5 | tau= 1.00 | n_kendall=12 | std(means)/mean(stds)=  5.30 | std(means)=7.31e-02 | mean(stds)=1.38e-02
tau-population= 0.47
subset-idx-size=12
tau-train-ens=1.0
tau-archive=1.0
eval=6 | not-eval=0 | tau= 0.16 | n_kendall=12 | std(means)/mean(stds)=  2.59 | std(means)=1.08e-01 | mean(stds)=4.18e-02
tau-population=-0.07
subset-idx-size=12
tau-train-ens=1.0
tau-archive=1.0
eval=1 | not-eval=5 | tau= 1.00 | n_kendall=12 | std(means)/mean(stds)=  5.96 | std(means)=1.03e-01 | mean(stds)=1.72e-02
tau-population= 0.87
subset-idx-size=12
tau-train-ens=1.0
tau-archive=1.0
eval=1 | not-eval=5 | tau= 1.00 | n_kendall=12 | std(means)/mean(stds)=  3.49 | std(means)=1.36e-01 | mean(stds)=3.90e-02
tau-population= 0.87
subset-idx-size=12
tau-train-ens=1.0
tau-archive=1.0
eval=1 | not-eval=5 | tau= 1.00 | n_kendall=12 | std(means)/mean(stds)=  1.54 | std(means)=2.05e-01 | mean(stds)=1.33e-01
tau-population= 0.87
subset-idx-size=12
tau-train-ens=0.9636363636363636
tau-archive=0.9636363636363636
eval=1 | not-eval=5 | tau= 0.97 | n_kendall=12 | std(means)/mean(stds)=  0.62 | std(means)=1.94e-01 | mean(stds)=3.16e-01
tau-population= 0.87
subset-idx-size=12
tau-train-ens=0.9636363636363636
tau-archive=0.9636363636363636
eval=1 | not-eval=5 | tau= 0.97 | n_kendall=12 | std(means)/mean(stds)=  0.87 | std(means)=4.34e-01 | mean(stds)=5.01e-01
tau-population= 1.00
subset-idx-size=12
tau-train-ens=1.0
tau-archive=1.0
eval=1 | not-eval=5 | tau= 1.00 | n_kendall=12 | std(means)/mean(stds)=  0.48 | std(means)=1.34e-01 | mean(stds)=2.82e-01
tau-population= 1.00
subset-idx-size=12
tau-train-ens=1.0
tau-archive=1.0
eval=1 | not-eval=5 | tau= 0.88 | n_kendall=12 | std(means)/mean(stds)=  1.90 | std(means)=2.28e-01 | mean(stds)=1.20e-01
tau-population= 0.60
subset-idx-size=12
tau-train-ens=1.0
tau-archive=1.0
eval=1 | not-eval=5 | tau= 0.94 | n_kendall=12 | std(means)/mean(stds)=  1.53 | std(means)=7.21e-02 | mean(stds)=4.71e-02
tau-population= 1.00
subset-idx-size=12
tau-train-ens=1.0
tau-archive=1.0
eval=1 | not-eval=5 | tau= 1.00 | n_kendall=12 | std(means)/mean(stds)=  1.36 | std(means)=1.43e-01 | mean(stds)=1.05e-01
tau-population= 0.87
subset-idx-size=12
tau-train-ens=1.0
tau-archive=1.0
eval=1 | not-eval=5 | tau= 0.94 | n_kendall=12 | std(means)/mean(stds)=  0.29 | std(means)=1.12e-02 | mean(stds)=3.84e-02
tau-population= 0.20
subset-idx-size=12
tau-train-ens=1.0
tau-archive=1.0
eval=1 | not-eval=5 | tau= 1.00 | n_kendall=12 | std(means)/mean(stds)=  1.70 | std(means)=6.47e-02 | mean(stds)=3.80e-02
tau-population= 0.87
subset-idx-size=12
tau-train-ens=0.9272727272727274
tau-archive=0.9272727272727274
eval=1 | not-eval=5 | tau= 0.94 | n_kendall=12 | std(means)/mean(stds)=  7.82 | std(means)=2.31e-02 | mean(stds)=2.96e-03
tau-population= 0.87
subset-idx-size=12
tau-train-ens=0.8909090909090909
tau-archive=0.8909090909090909
eval=1 | not-eval=5 | tau= 0.91 | n_kendall=12 | std(means)/mean(stds)=  2.46 | std(means)=1.11e-02 | mean(stds)=4.54e-03
tau-population= 0.87
subset-idx-size=12
tau-train-ens=0.8909090909090909
tau-archive=0.8909090909090909
eval=1 | not-eval=5 | tau= 0.91 | n_kendall=12 | std(means)/mean(stds)=  2.80 | std(means)=1.39e-02 | mean(stds)=4.95e-03
tau-population= 0.87
subset-idx-size=12
tau-train-ens=0.9636363636363636
tau-archive=0.9636363636363636
eval=1 | not-eval=5 | tau= 0.97 | n_kendall=12 | std(means)/mean(stds)=  4.86 | std(means)=1.16e-02 | mean(stds)=2.38e-03
tau-population= 0.87
subset-idx-size=12
tau-train-ens=0.8909090909090909
tau-archive=0.8909090909090909
eval=1 | not-eval=5 | tau= 0.91 | n_kendall=12 | std(means)/mean(stds)=  8.24 | std(means)=9.86e-03 | mean(stds)=1.20e-03
tau-population= 1.00
subset-idx-size=12
tau-train-ens=0.9636363636363636
tau-archive=0.9636363636363636
eval=1 | not-eval=5 | tau= 0.97 | n_kendall=12 | std(means)/mean(stds)=  5.43 | std(means)=1.77e-03 | mean(stds)=3.25e-04
tau-population= 1.00
subset-idx-size=12
tau-train-ens=0.8545454545454545
tau-archive=0.8545454545454545
eval=1 | not-eval=5 | tau= 0.88 | n_kendall=12 | std(means)/mean(stds)=  8.56 | std(means)=2.51e-03 | mean(stds)=2.93e-04
tau-population= 1.00
subset-idx-size=12
tau-train-ens=0.9636363636363636
tau-archive=0.9636363636363636
eval=1 | not-eval=5 | tau= 0.97 | n_kendall=12 | std(means)/mean(stds)= 19.74 | std(means)=3.41e-03 | mean(stds)=1.72e-04
tau-population= 0.87
subset-idx-size=12
tau-train-ens=1.0
tau-archive=1.0
eval=1 | not-eval=5 | tau= 1.00 | n_kendall=12 | std(means)/mean(stds)=  5.94 | std(means)=1.89e-03 | mean(stds)=3.19e-04
tau-population= 1.00
subset-idx-size=12
tau-train-ens=1.0
tau-archive=1.0
eval=1 | not-eval=5 | tau= 0.91 | n_kendall=12 | std(means)/mean(stds)=  1.61 | std(means)=1.48e-03 | mean(stds)=9.23e-04
tau-population= 0.73
subset-idx-size=12
tau-train-ens=1.0
tau-archive=1.0
eval=1 | not-eval=5 | tau= 0.97 | n_kendall=12 | std(means)/mean(stds)=  2.81 | std(means)=1.36e-03 | mean(stds)=4.84e-04
tau-population= 0.87
subset-idx-size=12
tau-train-ens=1.0
tau-archive=1.0
eval=1 | not-eval=5 | tau= 1.00 | n_kendall=12 | std(means)/mean(stds)=  5.84 | std(means)=9.33e-04 | mean(stds)=1.60e-04
tau-population= 0.87
subset-idx-size=12
tau-train-ens=0.9636363636363636
tau-archive=0.9636363636363636
eval=1 | not-eval=5 | tau= 0.94 | n_kendall=12 | std(means)/mean(stds)=  1.32 | std(means)=3.97e-04 | mean(stds)=3.00e-04
tau-population= 0.87
subset-idx-size=12
tau-train-ens=1.0
tau-archive=1.0
eval=1 | not-eval=5 | tau= 1.00 | n_kendall=12 | std(means)/mean(stds)=  1.99 | std(means)=4.69e-04 | mean(stds)=2.36e-04
tau-population= 0.87
subset-idx-size=12
tau-train-ens=0.9636363636363636
tau-archive=0.9636363636363636
eval=1 | not-eval=5 | tau= 0.97 | n_kendall=12 | std(means)/mean(stds)=  1.26 | std(means)=1.03e-04 | mean(stds)=8.19e-05
tau-population= 0.73
subset-idx-size=12
tau-train-ens=1.0
tau-archive=1.0
eval=1 | not-eval=5 | tau= 0.94 | n_kendall=12 | std(means)/mean(stds)=  2.19 | std(means)=1.22e-04 | mean(stds)=5.58e-05
tau-population= 0.87
subset-idx-size=12
tau-train-ens=1.0
tau-archive=1.0
eval=1 | not-eval=5 | tau= 1.00 | n_kendall=12 | std(means)/mean(stds)=  0.77 | std(means)=2.42e-05 | mean(stds)=3.12e-05
tau-population= 1.00
subset-idx-size=12
tau-train-ens=0.9636363636363636
tau-archive=0.9636363636363636
eval=1 | not-eval=5 | tau= 0.94 | n_kendall=12 | std(means)/mean(stds)=  1.14 | std(means)=2.60e-05 | mean(stds)=2.27e-05
tau-population=  nan
subset-idx-size=12
tau-train-ens=0.8545454545454545
tau-archive=0.8545454545454545
eval=6 | not-eval=0 | tau= 0.82 | n_kendall=12 | std(means)/mean(stds)=  4.83 | std(means)=9.59e-05 | mean(stds)=1.99e-05
tau-population=  nan
subset-idx-size=12
tau-train-ens=0.9272727272727274
tau-archive=0.9272727272727274
eval=1 | not-eval=5 | tau= 0.91 | n_kendall=12 | std(means)/mean(stds)=  2.74 | std(means)=2.93e-05 | mean(stds)=1.07e-05
tau-population=  nan
subset-idx-size=12
tau-train-ens=0.9272727272727274
tau-archive=0.9272727272727274
eval=1 | not-eval=5 | tau= 0.94 | n_kendall=12 | std(means)/mean(stds)=  2.88 | std(means)=1.34e-05 | mean(stds)=4.65e-06
tau-population=  nan
subset-idx-size=12
tau-train-ens=0.8909090909090909
tau-archive=0.8909090909090909
eval=1 | not-eval=5 | tau= 0.88 | n_kendall=12 | std(means)/mean(stds)=  1.41 | std(means)=5.94e-06 | mean(stds)=4.22e-06
tau-population=  nan
subset-idx-size=12
tau-train-ens=1.0
tau-archive=1.0
eval=1 | not-eval=5 | tau= 1.00 | n_kendall=12 | std(means)/mean(stds)=  3.85 | std(means)=6.18e-06 | mean(stds)=1.60e-06
tau-population=  nan
subset-idx-size=12
tau-train-ens=0.9636363636363636
tau-archive=0.9636363636363636
eval=1 | not-eval=5 | tau= 0.94 | n_kendall=12 | std(means)/mean(stds)=  0.50 | std(means)=2.35e-06 | mean(stds)=4.67e-06
tau-population=  nan
subset-idx-size=12
tau-train-ens=0.9272727272727274
tau-archive=0.9272727272727274
eval=1 | not-eval=5 | tau= 0.94 | n_kendall=12 | std(means)/mean(stds)=  0.09 | std(means)=5.92e-07 | mean(stds)=6.27e-06
tau-population=  nan
subset-idx-size=12
tau-train-ens=1.0
tau-archive=1.0
eval=1 | not-eval=5 | tau= 1.00 | n_kendall=12 | std(means)/mean(stds)=  1.38 | std(means)=7.96e-06 | mean(stds)=5.78e-06
tau-population=  nan
subset-idx-size=12
tau-train-ens=0.9636363636363636
tau-archive=0.9636363636363636
eval=1 | not-eval=5 | tau= 0.97 | n_kendall=12 | std(means)/mean(stds)=  0.78 | std(means)=1.14e-06 | mean(stds)=1.47e-06
tau-population=  nan
subset-idx-size=12
tau-train-ens=1.0
tau-archive=1.0
eval=1 | not-eval=5 | tau= 1.00 | n_kendall=12 | std(means)/mean(stds)=  0.87 | std(means)=3.96e-07 | mean(stds)=4.53e-07
tau-population=  nan
subset-idx-size=12
tau-train-ens=0.8909090909090909
tau-archive=0.8909090909090909
eval=1 | not-eval=5 | tau= 0.91 | n_kendall=12 | std(means)/mean(stds)=  3.13 | std(means)=3.25e-07 | mean(stds)=1.04e-07
tau-population=  nan
subset-idx-size=12
tau-train-ens=1.0
tau-archive=1.0
eval=1 | not-eval=5 | tau= 0.91 | n_kendall=12 | std(means)/mean(stds)=  0.74 | std(means)=3.40e-07 | mean(stds)=4.57e-07
tau-population=  nan
subset-idx-size=12
tau-train-ens=0.8545454545454545
tau-archive=0.8545454545454545
eval=1 | not-eval=5 | tau= 0.88 | n_kendall=12 | std(means)/mean(stds)=  4.40 | std(means)=2.75e-07 | mean(stds)=6.25e-08
tau-population=  nan
subset-idx-size=12
tau-train-ens=0.6000000000000001
tau-archive=0.6000000000000001
eval=5 | not-eval=1 | tau= 0.88 | n_kendall=12 | std(means)/mean(stds)=  3.96 | std(means)=2.60e-07 | mean(stds)=6.58e-08
tau-population=  nan
subset-idx-size=12
tau-train-ens=0.9636363636363636
tau-archive=0.9636363636363636
eval=1 | not-eval=5 | tau= 0.97 | n_kendall=12 | std(means)/mean(stds)=  1.08 | std(means)=3.81e-07 | mean(stds)=3.53e-07
tau-population=  nan
subset-idx-size=12
tau-train-ens=0.9636363636363636
tau-archive=0.9636363636363636
eval=1 | not-eval=5 | tau= 0.97 | n_kendall=12 | std(means)/mean(stds)=  1.01 | std(means)=1.51e-07 | mean(stds)=1.50e-07
tau-population=  nan
subset-idx-size=12
tau-train-ens=0.9636363636363636
tau-archive=0.9636363636363636
eval=6 | not-eval=0 | tau= 0.20 | n_kendall=12 | std(means)/mean(stds)=  1.42 | std(means)=2.76e-07 | mean(stds)=1.94e-07
tau-population=  nan
subset-idx-size=12
tau-train-ens=1.0
tau-archive=1.0
eval=1 | not-eval=5 | tau= 1.00 | n_kendall=12 | std(means)/mean(stds)=  1.54 | std(means)=3.54e-07 | mean(stds)=2.30e-07
tau-population=  nan
 2D  2-fun   1-inst  500-budget  True-solved 139-evals  618-cma-evals 2269s 0-restarts  6-init-pop (Surrogate(model=<__main__.Eaf object at 0x7fc784c81820>, subset=LastN), EvaluateUntilKendallThreshold(mean_criterion, tau_threshold=0.85, offset=True), n_min_fn=get_dim) 9.1e-09-delta-f          1-seed
