(3_w,6)-aCMA-ES (mu_w=2.0,w_1=63%) in dimension 2 (seed=1, Sat Apr 20 23:44:26 2024)
subset-idx-size=6
tau-archive=0.9999999999999999
eval=6 | not-eval=0 | tau= 0.69 | n_kendall=12 | std(means)/mean(stds)=  1.12 | std(means)=1.66e+05 | mean(stds)=1.48e+05
tau-population= 0.33
subset-idx-size=12
tau-archive=0.9272727272727274
eval=6 | not-eval=0 | tau=-0.51 | n_kendall=12 | std(means)/mean(stds)=  0.62 | std(means)=2.85e+04 | mean(stds)=4.63e+04
tau-population=-0.87
subset-idx-size=12
tau-archive=0.018181818181818184
eval=6 | not-eval=0 | tau= 0.42 | n_kendall=12 | std(means)/mean(stds)=  4.19 | std(means)=7.89e+04 | mean(stds)=1.88e+04
tau-population= 0.47
subset-idx-size=12
tau-archive=-0.018181818181818184
eval=6 | not-eval=0 | tau=-0.29 | n_kendall=12 | std(means)/mean(stds)=  1.83 | std(means)=3.45e+04 | mean(stds)=1.89e+04
tau-population=-0.33
subset-idx-size=12
tau-archive=0.38181818181818183
eval=6 | not-eval=0 | tau= 0.33 | n_kendall=12 | std(means)/mean(stds)=  2.02 | std(means)=3.59e+04 | mean(stds)=1.77e+04
tau-population= 0.47
subset-idx-size=12
tau-archive=0.4909090909090909
eval=6 | not-eval=0 | tau=-0.47 | n_kendall=12 | std(means)/mean(stds)=  1.01 | std(means)=3.99e+03 | mean(stds)=3.94e+03
tau-population=-0.47
subset-idx-size=12
tau-archive=0.3090909090909091
eval=6 | not-eval=0 | tau= 0.16 | n_kendall=12 | std(means)/mean(stds)=  1.89 | std(means)=1.16e+04 | mean(stds)=6.15e+03
tau-population= 0.60
subset-idx-size=12
tau-archive=0.8181818181818182
eval=6 | not-eval=0 | tau= 0.56 | n_kendall=12 | std(means)/mean(stds)=  1.95 | std(means)=3.04e+03 | mean(stds)=1.56e+03
tau-population= 0.60
subset-idx-size=12
tau-archive=0.8909090909090909
eval=1 | not-eval=5 | tau= 0.88 | n_kendall=12 | std(means)/mean(stds)=  0.80 | std(means)=1.35e+03 | mean(stds)=1.68e+03
tau-population= 0.47
subset-idx-size=12
tau-archive=0.7818181818181819
eval=6 | not-eval=0 | tau= 0.64 | n_kendall=12 | std(means)/mean(stds)=  2.90 | std(means)=1.22e+03 | mean(stds)=4.21e+02
tau-population= 1.00
subset-idx-size=12
tau-archive=0.7090909090909091
eval=6 | not-eval=0 | tau=-0.24 | n_kendall=12 | std(means)/mean(stds)=  0.60 | std(means)=2.08e+02 | mean(stds)=3.45e+02
tau-population=-0.87
subset-idx-size=12
tau-archive=0.45454545454545453
eval=6 | not-eval=0 | tau=-0.42 | n_kendall=12 | std(means)/mean(stds)=  5.42 | std(means)=8.93e+02 | mean(stds)=1.65e+02
tau-population=-0.33
subset-idx-size=12
tau-archive=0.7454545454545454
eval=6 | not-eval=0 | tau= 0.11 | n_kendall=12 | std(means)/mean(stds)=  1.80 | std(means)=9.89e+01 | mean(stds)=5.51e+01
tau-population= 0.47
subset-idx-size=12
tau-archive=0.5272727272727272
eval=6 | not-eval=0 | tau=-0.24 | n_kendall=12 | std(means)/mean(stds)=  0.91 | std(means)=9.32e+01 | mean(stds)=1.02e+02
tau-population=-0.20
subset-idx-size=12
tau-archive=0.38181818181818183
eval=6 | not-eval=0 | tau= 0.20 | n_kendall=12 | std(means)/mean(stds)=  1.39 | std(means)=4.38e+02 | mean(stds)=3.15e+02
tau-population= 0.20
subset-idx-size=12
tau-archive=0.5272727272727272
eval=6 | not-eval=0 | tau= 0.56 | n_kendall=12 | std(means)/mean(stds)=  1.24 | std(means)=1.14e+03 | mean(stds)=9.18e+02
tau-population= 0.47
subset-idx-size=12
tau-archive=0.4909090909090909
eval=6 | not-eval=0 | tau= 0.60 | n_kendall=12 | std(means)/mean(stds)=  1.35 | std(means)=2.76e+02 | mean(stds)=2.05e+02
tau-population= 0.60
subset-idx-size=12
tau-archive=0.7090909090909091
eval=6 | not-eval=0 | tau= 0.60 | n_kendall=12 | std(means)/mean(stds)=  1.05 | std(means)=4.05e+02 | mean(stds)=3.84e+02
tau-population= 0.47
subset-idx-size=12
tau-archive=0.7090909090909091
eval=6 | not-eval=0 | tau= 0.60 | n_kendall=12 | std(means)/mean(stds)=  2.17 | std(means)=1.10e+02 | mean(stds)=5.08e+01
tau-population= 0.60
subset-idx-size=12
tau-archive=0.6727272727272727
eval=6 | not-eval=0 | tau=-0.33 | n_kendall=12 | std(means)/mean(stds)=  0.42 | std(means)=3.58e+01 | mean(stds)=8.58e+01
tau-population=-0.47
subset-idx-size=12
tau-archive=1.0
eval=1 | not-eval=5 | tau= 1.00 | n_kendall=12 | std(means)/mean(stds)=  3.17 | std(means)=3.75e-01 | mean(stds)=1.18e-01
tau-population= 0.33
subset-idx-size=12
tau-archive=1.0
eval=1 | not-eval=5 | tau= 1.00 | n_kendall=12 | std(means)/mean(stds)=  2.25 | std(means)=1.75e-01 | mean(stds)=7.78e-02
tau-population= 0.87
subset-idx-size=12
tau-archive=1.0
eval=1 | not-eval=5 | tau= 1.00 | n_kendall=12 | std(means)/mean(stds)=  1.09 | std(means)=1.13e-01 | mean(stds)=1.04e-01
tau-population= 0.73
subset-idx-size=12
tau-archive=1.0
eval=1 | not-eval=5 | tau= 1.00 | n_kendall=12 | std(means)/mean(stds)=  0.54 | std(means)=3.98e-02 | mean(stds)=7.43e-02
tau-population= 0.07
subset-idx-size=12
tau-archive=1.0
eval=1 | not-eval=5 | tau= 1.00 | n_kendall=12 | std(means)/mean(stds)=  2.79 | std(means)=1.73e-01 | mean(stds)=6.20e-02
tau-population= 0.87
subset-idx-size=12
tau-archive=1.0
eval=6 | not-eval=0 | tau= 0.56 | n_kendall=12 | std(means)/mean(stds)=  0.95 | std(means)=8.29e-02 | mean(stds)=8.72e-02
tau-population= 0.33
subset-idx-size=12
tau-archive=-0.16363636363636364
eval=6 | not-eval=0 | tau= 0.47 | n_kendall=12 | std(means)/mean(stds)=  3.00 | std(means)=3.70e+01 | mean(stds)=1.23e+01
tau-population= 0.33
subset-idx-size=12
tau-archive=0.7454545454545454
eval=6 | not-eval=0 | tau= 0.60 | n_kendall=12 | std(means)/mean(stds)=  0.95 | std(means)=6.26e+00 | mean(stds)=6.58e+00
tau-population= 0.20
subset-idx-size=12
tau-archive=0.8909090909090909
eval=1 | not-eval=5 | tau= 0.91 | n_kendall=12 | std(means)/mean(stds)=  1.12 | std(means)=2.66e+00 | mean(stds)=2.38e+00
tau-population= 0.47
subset-idx-size=12
tau-archive=0.8545454545454545
eval=6 | not-eval=0 | tau=-0.02 | n_kendall=12 | std(means)/mean(stds)=  0.46 | std(means)=1.13e+00 | mean(stds)=2.44e+00
tau-population= 0.07
subset-idx-size=12
tau-archive=1.0
eval=1 | not-eval=5 | tau= 0.97 | n_kendall=12 | std(means)/mean(stds)=  1.35 | std(means)=1.41e-01 | mean(stds)=1.04e-01
tau-population= 0.60
subset-idx-size=12
tau-archive=0.9636363636363636
eval=1 | not-eval=5 | tau= 0.97 | n_kendall=12 | std(means)/mean(stds)=  1.53 | std(means)=2.60e-01 | mean(stds)=1.70e-01
tau-population= 0.73
subset-idx-size=12
tau-archive=1.0
eval=1 | not-eval=5 | tau= 0.97 | n_kendall=12 | std(means)/mean(stds)=  1.21 | std(means)=3.21e-01 | mean(stds)=2.65e-01
tau-population= 0.60
subset-idx-size=12
tau-archive=1.0
eval=1 | not-eval=5 | tau= 1.00 | n_kendall=12 | std(means)/mean(stds)=  2.29 | std(means)=1.11e-01 | mean(stds)=4.87e-02
tau-population= 0.73
subset-idx-size=12
tau-archive=1.0
eval=1 | not-eval=5 | tau= 0.97 | n_kendall=12 | std(means)/mean(stds)=  1.11 | std(means)=1.17e-01 | mean(stds)=1.06e-01
tau-population= 0.47
subset-idx-size=12
tau-archive=0.9636363636363636
eval=1 | not-eval=5 | tau= 0.97 | n_kendall=12 | std(means)/mean(stds)=  1.05 | std(means)=9.19e-02 | mean(stds)=8.79e-02
tau-population=-0.07
subset-idx-size=12
tau-archive=0.9636363636363636
eval=1 | not-eval=5 | tau= 0.97 | n_kendall=12 | std(means)/mean(stds)=  2.36 | std(means)=5.87e-02 | mean(stds)=2.49e-02
tau-population= 0.47
subset-idx-size=12
tau-archive=1.0
eval=1 | not-eval=5 | tau= 1.00 | n_kendall=12 | std(means)/mean(stds)=  1.37 | std(means)=2.22e-02 | mean(stds)=1.63e-02
tau-population= 0.60
subset-idx-size=12
tau-archive=1.0
eval=6 | not-eval=0 | tau=-0.11 | n_kendall=12 | std(means)/mean(stds)=  1.55 | std(means)=1.78e-02 | mean(stds)=1.15e-02
tau-population=-0.60
subset-idx-size=12
tau-archive=0.6727272727272727
eval=6 | not-eval=0 | tau= 0.60 | n_kendall=12 | std(means)/mean(stds)=  1.86 | std(means)=1.36e+00 | mean(stds)=7.33e-01
tau-population= 0.73
subset-idx-size=12
tau-archive=0.7454545454545454
eval=6 | not-eval=0 | tau= 0.51 | n_kendall=12 | std(means)/mean(stds)=  0.17 | std(means)=1.69e-01 | mean(stds)=1.01e+00
tau-population= 0.33
subset-idx-size=12
tau-archive=0.2
eval=6 | not-eval=0 | tau=-0.42 | n_kendall=12 | std(means)/mean(stds)=  1.62 | std(means)=1.41e+00 | mean(stds)=8.69e-01
tau-population=-0.60
subset-idx-size=12
tau-archive=1.0
eval=1 | not-eval=5 | tau= 1.00 | n_kendall=12 | std(means)/mean(stds)=  0.60 | std(means)=8.32e-04 | mean(stds)=1.38e-03
tau-population= 0.20
subset-idx-size=12
tau-archive=1.0
eval=6 | not-eval=0 | tau=-0.07 | n_kendall=12 | std(means)/mean(stds)=  0.88 | std(means)=2.06e-03 | mean(stds)=2.35e-03
tau-population=-0.33
subset-idx-size=12
tau-archive=0.4909090909090909
eval=6 | not-eval=0 | tau= 0.11 | n_kendall=12 | std(means)/mean(stds)=  1.26 | std(means)=1.30e+00 | mean(stds)=1.03e+00
tau-population= 0.07
subset-idx-size=12
tau-archive=0.34545454545454546
eval=6 | not-eval=0 | tau= 0.16 | n_kendall=12 | std(means)/mean(stds)=  1.13 | std(means)=2.40e+00 | mean(stds)=2.13e+00
tau-population= 0.20
subset-idx-size=12
tau-archive=0.41818181818181815
eval=6 | not-eval=0 | tau= 0.56 | n_kendall=12 | std(means)/mean(stds)=  0.82 | std(means)=1.81e+00 | mean(stds)=2.21e+00
tau-population= 0.60
subset-idx-size=12
tau-archive=0.9272727272727274
eval=1 | not-eval=5 | tau= 0.88 | n_kendall=12 | std(means)/mean(stds)=  2.97 | std(means)=3.90e+00 | mean(stds)=1.31e+00
tau-population= 0.33
subset-idx-size=12
tau-archive=0.7818181818181819
eval=5 | not-eval=1 | tau= 0.88 | n_kendall=12 | std(means)/mean(stds)=  1.87 | std(means)=3.73e+00 | mean(stds)=1.99e+00
tau-population= 0.87
subset-idx-size=12
tau-archive=0.8545454545454545
eval=1 | not-eval=5 | tau= 0.88 | n_kendall=12 | std(means)/mean(stds)=  1.50 | std(means)=4.16e+00 | mean(stds)=2.78e+00
tau-population= 0.33
subset-idx-size=12
tau-archive=0.7090909090909091
eval=6 | not-eval=0 | tau=-0.16 | n_kendall=12 | std(means)/mean(stds)=  0.58 | std(means)=3.53e-01 | mean(stds)=6.10e-01
tau-population=-0.33
subset-idx-size=12
tau-archive=0.16363636363636364
eval=6 | not-eval=0 | tau= 0.11 | n_kendall=12 | std(means)/mean(stds)=  1.35 | std(means)=1.69e-01 | mean(stds)=1.25e-01
tau-population= 0.07
subset-idx-size=12
tau-archive=1.0
eval=6 | not-eval=0 | tau= 0.51 | n_kendall=12 | std(means)/mean(stds)=  3.79 | std(means)=1.30e-03 | mean(stds)=3.43e-04
tau-population= 0.20
subset-idx-size=12
tau-archive=-0.0909090909090909
eval=6 | not-eval=0 | tau= 0.42 | n_kendall=12 | std(means)/mean(stds)=  3.36 | std(means)=8.53e-01 | mean(stds)=2.54e-01
tau-population= 0.87
subset-idx-size=12
tau-archive=0.45454545454545453
eval=6 | not-eval=0 | tau=-0.24 | n_kendall=12 | std(means)/mean(stds)=  0.97 | std(means)=2.87e-01 | mean(stds)=2.96e-01
tau-population=-0.60
subset-idx-size=12
tau-archive=0.5636363636363636
eval=6 | not-eval=0 | tau=-0.02 | n_kendall=12 | std(means)/mean(stds)=  0.60 | std(means)=3.67e-02 | mean(stds)=6.08e-02
tau-population=-0.20
subset-idx-size=12
tau-archive=1.0
eval=6 | not-eval=0 | tau= 0.51 | n_kendall=12 | std(means)/mean(stds)=  0.95 | std(means)=3.84e-03 | mean(stds)=4.05e-03
tau-population= 0.33
subset-idx-size=12
tau-archive=0.8181818181818182
eval=6 | not-eval=0 | tau= 0.33 | n_kendall=12 | std(means)/mean(stds)=  3.11 | std(means)=5.61e-03 | mean(stds)=1.81e-03
tau-population=-0.07
subset-idx-size=12
tau-archive=0.9636363636363636
eval=1 | not-eval=5 | tau= 0.88 | n_kendall=12 | std(means)/mean(stds)=  1.07 | std(means)=3.61e-04 | mean(stds)=3.37e-04
tau-population= 0.73
subset-idx-size=12
tau-archive=1.0
eval=6 | not-eval=0 | tau=-0.29 | n_kendall=12 | std(means)/mean(stds)=  1.67 | std(means)=2.47e-04 | mean(stds)=1.48e-04
tau-population=-0.47
subset-idx-size=12
tau-archive=0.9636363636363636
eval=1 | not-eval=5 | tau= 0.94 | n_kendall=12 | std(means)/mean(stds)=  1.96 | std(means)=6.26e-04 | mean(stds)=3.19e-04
tau-population= 0.47
subset-idx-size=12
tau-archive=0.9272727272727274
eval=1 | not-eval=5 | tau= 0.94 | n_kendall=12 | std(means)/mean(stds)=  0.83 | std(means)=1.04e-04 | mean(stds)=1.24e-04
tau-population= 1.00
subset-idx-size=12
tau-archive=0.9272727272727274
eval=6 | not-eval=0 | tau= 0.07 | n_kendall=12 | std(means)/mean(stds)=  1.04 | std(means)=2.97e-04 | mean(stds)=2.85e-04
tau-population=-0.20
subset-idx-size=12
tau-archive=0.3090909090909091
eval=6 | not-eval=0 | tau= 0.20 | n_kendall=12 | std(means)/mean(stds)=  1.49 | std(means)=4.56e-02 | mean(stds)=3.07e-02
tau-population= 0.33
subset-idx-size=12
tau-archive=0.6000000000000001
eval=6 | not-eval=0 | tau= 0.07 | n_kendall=12 | std(means)/mean(stds)=  1.24 | std(means)=4.10e-02 | mean(stds)=3.30e-02
tau-population=-0.07
subset-idx-size=12
tau-archive=0.8909090909090909
eval=6 | not-eval=0 | tau=-0.56 | n_kendall=12 | std(means)/mean(stds)=  1.99 | std(means)=9.92e-04 | mean(stds)=4.99e-04
tau-population=-0.20
subset-idx-size=12
tau-archive=0.8181818181818182
eval=6 | not-eval=0 | tau= 0.82 | n_kendall=12 | std(means)/mean(stds)=  1.06 | std(means)=1.81e-04 | mean(stds)=1.71e-04
tau-population= 0.87
subset-idx-size=12
tau-archive=-0.05454545454545454
eval=6 | not-eval=0 | tau=-0.02 | n_kendall=12 | std(means)/mean(stds)=  1.40 | std(means)=1.54e-03 | mean(stds)=1.10e-03
tau-population=-0.07
subset-idx-size=12
tau-archive=0.2727272727272727
eval=6 | not-eval=0 | tau= 0.33 | n_kendall=12 | std(means)/mean(stds)=  1.96 | std(means)=1.20e-03 | mean(stds)=6.13e-04
tau-population= 0.73
subset-idx-size=12
tau-archive=0.7818181818181819
eval=6 | not-eval=0 | tau= 0.56 | n_kendall=12 | std(means)/mean(stds)=  2.13 | std(means)=5.40e-03 | mean(stds)=2.53e-03
tau-population= 0.60
subset-idx-size=12
tau-archive=0.7090909090909091
eval=6 | not-eval=0 | tau= 0.42 | n_kendall=12 | std(means)/mean(stds)=  3.67 | std(means)=1.09e-02 | mean(stds)=2.98e-03
tau-population= 0.47
subset-idx-size=12
tau-archive=0.7090909090909091
eval=6 | not-eval=0 | tau= 0.42 | n_kendall=12 | std(means)/mean(stds)=  2.14 | std(means)=4.43e-03 | mean(stds)=2.07e-03
tau-population= 0.20
subset-idx-size=12
tau-archive=0.6363636363636364
eval=6 | not-eval=0 | tau= 0.33 | n_kendall=12 | std(means)/mean(stds)=  2.69 | std(means)=3.23e-03 | mean(stds)=1.20e-03
tau-population= 0.60
subset-idx-size=12
tau-archive=0.38181818181818183
eval=6 | not-eval=0 | tau=-0.38 | n_kendall=12 | std(means)/mean(stds)=  0.39 | std(means)=1.57e-04 | mean(stds)=4.01e-04
tau-population=-0.60
subset-idx-size=12
tau-archive=0.41818181818181815
eval=6 | not-eval=0 | tau=-0.24 | n_kendall=12 | std(means)/mean(stds)=  0.92 | std(means)=1.64e-04 | mean(stds)=1.79e-04
tau-population=-0.60
subset-idx-size=12
tau-archive=0.5636363636363636
eval=6 | not-eval=0 | tau= 0.60 | n_kendall=12 | std(means)/mean(stds)=  2.72 | std(means)=4.62e-04 | mean(stds)=1.70e-04
tau-population= 0.47
subset-idx-size=12
tau-archive=0.6727272727272727
eval=6 | not-eval=0 | tau= 0.16 | n_kendall=12 | std(means)/mean(stds)=  1.12 | std(means)=1.14e-04 | mean(stds)=1.02e-04
tau-population= 0.20
subset-idx-size=12
tau-archive=0.23636363636363636
eval=6 | not-eval=0 | tau= 0.47 | n_kendall=12 | std(means)/mean(stds)=  2.80 | std(means)=1.26e-04 | mean(stds)=4.50e-05
tau-population= 0.33
subset-idx-size=12
tau-archive=0.45454545454545453
eval=6 | not-eval=0 | tau= 0.56 | n_kendall=12 | std(means)/mean(stds)=  3.08 | std(means)=7.26e-05 | mean(stds)=2.36e-05
tau-population= 0.47
subset-idx-size=12
tau-archive=0.8181818181818182
eval=6 | not-eval=0 | tau= 0.33 | n_kendall=12 | std(means)/mean(stds)=  1.13 | std(means)=1.27e-05 | mean(stds)=1.12e-05
tau-population=-0.20
subset-idx-size=12
tau-archive=0.6363636363636364
eval=6 | not-eval=0 | tau=-0.24 | n_kendall=12 | std(means)/mean(stds)=  1.63 | std(means)=1.12e-05 | mean(stds)=6.87e-06
tau-population=-0.33
subset-idx-size=12
tau-archive=0.9636363636363636
eval=2 | not-eval=4 | tau= 0.76 | n_kendall=12 | std(means)/mean(stds)=  0.92 | std(means)=3.50e-08 | mean(stds)=3.79e-08
tau-population=  nan
 2D  6-fun   1-inst  500-budget  True-solved 388-evals  492-cma-evals  395s 0-restarts  6-init-pop (Surrogate(model=Raf(data_noise=0.01), subset=LastN), EvaluateUntilKendallThreshold(mean_criterion, tau_threshold=0.85, offset=True), n_min_fn=get_dim) 2.0e-09-delta-f          1-seed
