(3_w,6)-aCMA-ES (mu_w=2.0,w_1=63%) in dimension 2 (seed=1, Sun Apr 21 00:22:19 2024)
subset-idx-size=6
tau-train-ens=0.9999999999999999
tau-archive=0.9999999999999999
eval=6 | not-eval=0 | tau= 0.20 | n_kendall=12 | std(means)/mean(stds)=  3.92 | std(means)=4.89e+01 | mean(stds)=1.25e+01
tau-population= 0.07
subset-idx-size=12
tau-train-ens=0.8909090909090909
tau-archive=0.8909090909090909
eval=1 | not-eval=5 | tau= 0.91 | n_kendall=12 | std(means)/mean(stds)=  1.56 | std(means)=4.26e+01 | mean(stds)=2.74e+01
tau-population=-0.07
subset-idx-size=12
tau-train-ens=0.9636363636363636
tau-archive=0.9636363636363636
eval=6 | not-eval=0 | tau= 0.11 | n_kendall=12 | std(means)/mean(stds)=  1.45 | std(means)=2.34e+01 | mean(stds)=1.61e+01
tau-population=-0.20
subset-idx-size=12
tau-train-ens=0.9272727272727274
tau-archive=0.9272727272727274
eval=6 | not-eval=0 | tau= 0.11 | n_kendall=12 | std(means)/mean(stds)=  1.22 | std(means)=3.65e+01 | mean(stds)=3.00e+01
tau-population=-0.33
subset-idx-size=12
tau-train-ens=1.0
tau-archive=1.0
eval=6 | not-eval=0 | tau= 0.29 | n_kendall=12 | std(means)/mean(stds)=  1.24 | std(means)=5.60e+01 | mean(stds)=4.50e+01
tau-population= 0.20
subset-idx-size=12
tau-train-ens=0.9636363636363636
tau-archive=0.9636363636363636
eval=1 | not-eval=5 | tau= 0.88 | n_kendall=12 | std(means)/mean(stds)=  2.23 | std(means)=4.76e+01 | mean(stds)=2.13e+01
tau-population=-0.20
subset-idx-size=12
tau-train-ens=1.0
tau-archive=1.0
eval=1 | not-eval=5 | tau= 0.91 | n_kendall=12 | std(means)/mean(stds)=  1.69 | std(means)=3.18e+01 | mean(stds)=1.89e+01
tau-population=-0.07
subset-idx-size=12
tau-train-ens=0.7818181818181819
tau-archive=0.7818181818181819
eval=6 | not-eval=0 | tau= 0.11 | n_kendall=12 | std(means)/mean(stds)=  0.69 | std(means)=1.93e+01 | mean(stds)=2.79e+01
tau-population=-0.33
subset-idx-size=12
tau-train-ens=0.8181818181818182
tau-archive=0.8181818181818182
eval=6 | not-eval=0 | tau= 0.16 | n_kendall=12 | std(means)/mean(stds)=  2.84 | std(means)=1.02e+01 | mean(stds)=3.59e+00
tau-population=-0.07
subset-idx-size=12
tau-train-ens=1.0
tau-archive=1.0
eval=6 | not-eval=0 | tau= 0.33 | n_kendall=12 | std(means)/mean(stds)=  1.78 | std(means)=2.51e+01 | mean(stds)=1.41e+01
tau-population=-0.33
subset-idx-size=12
tau-train-ens=1.0
tau-archive=1.0
eval=6 | not-eval=0 | tau=-0.24 | n_kendall=12 | std(means)/mean(stds)=  0.59 | std(means)=5.19e+00 | mean(stds)=8.75e+00
tau-population=-0.07
subset-idx-size=12
tau-train-ens=0.8181818181818182
tau-archive=0.8181818181818182
eval=6 | not-eval=0 | tau= 0.24 | n_kendall=12 | std(means)/mean(stds)=  1.65 | std(means)=6.93e+00 | mean(stds)=4.21e+00
tau-population=-0.07
subset-idx-size=12
tau-train-ens=0.8545454545454545
tau-archive=0.8545454545454545
eval=6 | not-eval=0 | tau= 0.02 | n_kendall=12 | std(means)/mean(stds)=  1.54 | std(means)=2.53e+01 | mean(stds)=1.65e+01
tau-population=-0.07
subset-idx-size=12
tau-train-ens=0.9272727272727274
tau-archive=0.9272727272727274
eval=6 | not-eval=0 | tau=-0.02 | n_kendall=12 | std(means)/mean(stds)=  0.78 | std(means)=3.05e+01 | mean(stds)=3.91e+01
tau-population=-0.20
subset-idx-size=12
tau-train-ens=0.8181818181818182
tau-archive=0.8181818181818182
eval=6 | not-eval=0 | tau= 0.38 | n_kendall=12 | std(means)/mean(stds)=  1.19 | std(means)=6.26e+01 | mean(stds)=5.27e+01
tau-population= 0.07
subset-idx-size=12
tau-train-ens=0.9636363636363636
tau-archive=0.9636363636363636
eval=6 | not-eval=0 | tau= 0.24 | n_kendall=12 | std(means)/mean(stds)=  0.90 | std(means)=2.54e+01 | mean(stds)=2.82e+01
tau-population=-0.33
subset-idx-size=12
tau-train-ens=0.9636363636363636
tau-archive=0.9636363636363636
eval=6 | not-eval=0 | tau=-0.24 | n_kendall=12 | std(means)/mean(stds)=  1.28 | std(means)=2.36e+01 | mean(stds)=1.85e+01
tau-population=-0.47
subset-idx-size=12
tau-train-ens=0.9636363636363636
tau-archive=0.9636363636363636
eval=6 | not-eval=0 | tau= 0.20 | n_kendall=12 | std(means)/mean(stds)=  2.45 | std(means)=1.17e+01 | mean(stds)=4.78e+00
tau-population=-0.20
subset-idx-size=12
tau-train-ens=0.8909090909090909
tau-archive=0.8909090909090909
eval=6 | not-eval=0 | tau= 0.02 | n_kendall=12 | std(means)/mean(stds)=  1.34 | std(means)=2.70e+01 | mean(stds)=2.01e+01
tau-population=-0.20
subset-idx-size=12
tau-train-ens=0.9272727272727274
tau-archive=0.9272727272727274
eval=6 | not-eval=0 | tau= 0.51 | n_kendall=12 | std(means)/mean(stds)=  1.71 | std(means)=1.65e+01 | mean(stds)=9.63e+00
tau-population= 0.33
subset-idx-size=12
tau-train-ens=1.0
tau-archive=1.0
eval=1 | not-eval=5 | tau= 0.97 | n_kendall=12 | std(means)/mean(stds)=  0.72 | std(means)=4.48e+01 | mean(stds)=6.24e+01
tau-population=-0.20
subset-idx-size=12
tau-train-ens=1.0
tau-archive=1.0
eval=6 | not-eval=0 | tau=-0.02 | n_kendall=12 | std(means)/mean(stds)=  1.33 | std(means)=4.73e+01 | mean(stds)=3.55e+01
tau-population=-0.33
subset-idx-size=12
tau-train-ens=0.8909090909090909
tau-archive=0.8909090909090909
eval=6 | not-eval=0 | tau= 0.47 | n_kendall=12 | std(means)/mean(stds)=  2.07 | std(means)=1.32e+01 | mean(stds)=6.38e+00
tau-population= 0.33
subset-idx-size=12
tau-train-ens=0.8909090909090909
tau-archive=0.8909090909090909
eval=6 | not-eval=0 | tau= 0.29 | n_kendall=12 | std(means)/mean(stds)=  2.37 | std(means)=2.97e+01 | mean(stds)=1.25e+01
tau-population= 0.07
subset-idx-size=12
tau-train-ens=1.0
tau-archive=1.0
eval=1 | not-eval=5 | tau= 0.88 | n_kendall=12 | std(means)/mean(stds)=  3.44 | std(means)=8.49e+01 | mean(stds)=2.47e+01
tau-population= 0.20
subset-idx-size=12
tau-train-ens=1.0
tau-archive=1.0
eval=6 | not-eval=0 | tau=-0.07 | n_kendall=12 | std(means)/mean(stds)=  1.65 | std(means)=1.09e+02 | mean(stds)=6.62e+01
tau-population=-0.07
subset-idx-size=12
tau-train-ens=1.0
tau-archive=1.0
eval=6 | not-eval=0 | tau= 0.42 | n_kendall=12 | std(means)/mean(stds)=  2.03 | std(means)=4.57e+01 | mean(stds)=2.25e+01
tau-population= 0.20
subset-idx-size=12
tau-train-ens=0.9272727272727274
tau-archive=0.9272727272727274
eval=6 | not-eval=0 | tau= 0.02 | n_kendall=12 | std(means)/mean(stds)=  0.95 | std(means)=3.21e+02 | mean(stds)=3.38e+02
tau-population= 0.20
subset-idx-size=12
tau-train-ens=0.9272727272727274
tau-archive=0.9272727272727274
eval=6 | not-eval=0 | tau= 0.11 | n_kendall=12 | std(means)/mean(stds)=  2.40 | std(means)=6.18e+01 | mean(stds)=2.57e+01
tau-population= 0.20
subset-idx-size=12
tau-train-ens=0.9636363636363636
tau-archive=0.9636363636363636
eval=6 | not-eval=0 | tau=-0.24 | n_kendall=12 | std(means)/mean(stds)=  1.54 | std(means)=1.67e+02 | mean(stds)=1.09e+02
tau-population=-0.87
subset-idx-size=12
tau-train-ens=0.9636363636363636
tau-archive=0.9636363636363636
eval=1 | not-eval=5 | tau= 0.97 | n_kendall=12 | std(means)/mean(stds)=  1.20 | std(means)=1.52e+02 | mean(stds)=1.26e+02
tau-population=-0.07
subset-idx-size=12
tau-train-ens=0.8909090909090909
tau-archive=0.8909090909090909
eval=6 | not-eval=0 | tau= 0.11 | n_kendall=12 | std(means)/mean(stds)=  1.30 | std(means)=8.75e+01 | mean(stds)=6.74e+01
tau-population=-0.33
subset-idx-size=12
tau-train-ens=0.9636363636363636
tau-archive=0.9636363636363636
eval=6 | not-eval=0 | tau=-0.29 | n_kendall=12 | std(means)/mean(stds)=  0.56 | std(means)=4.91e+01 | mean(stds)=8.72e+01
tau-population=-0.33
subset-idx-size=12
tau-train-ens=0.9636363636363636
tau-archive=0.9636363636363636
eval=6 | not-eval=0 | tau= 0.38 | n_kendall=12 | std(means)/mean(stds)=  2.01 | std(means)=6.42e+01 | mean(stds)=3.19e+01
tau-population= 0.47
subset-idx-size=12
tau-train-ens=1.0
tau-archive=1.0
eval=6 | not-eval=0 | tau= 0.29 | n_kendall=12 | std(means)/mean(stds)=  1.65 | std(means)=7.29e+01 | mean(stds)=4.42e+01
tau-population= 0.20
subset-idx-size=12
tau-train-ens=1.0
tau-archive=1.0
eval=1 | not-eval=5 | tau= 0.88 | n_kendall=12 | std(means)/mean(stds)=  1.38 | std(means)=6.23e+01 | mean(stds)=4.52e+01
tau-population= 0.73
subset-idx-size=12
tau-train-ens=0.9636363636363636
tau-archive=0.9636363636363636
eval=1 | not-eval=5 | tau= 0.94 | n_kendall=12 | std(means)/mean(stds)=  1.72 | std(means)=6.03e+01 | mean(stds)=3.51e+01
tau-population= 0.60
subset-idx-size=12
tau-train-ens=1.0
tau-archive=1.0
eval=1 | not-eval=5 | tau= 0.91 | n_kendall=12 | std(means)/mean(stds)=  2.29 | std(means)=5.69e+01 | mean(stds)=2.49e+01
tau-population= 0.60
subset-idx-size=12
tau-train-ens=1.0
tau-archive=1.0
eval=1 | not-eval=5 | tau= 1.00 | n_kendall=12 | std(means)/mean(stds)=  2.56 | std(means)=6.16e+01 | mean(stds)=2.41e+01
tau-population= 0.60
subset-idx-size=12
tau-train-ens=1.0
tau-archive=1.0
eval=1 | not-eval=5 | tau= 0.88 | n_kendall=12 | std(means)/mean(stds)=  0.47 | std(means)=7.09e+01 | mean(stds)=1.49e+02
tau-population= 0.20
subset-idx-size=12
tau-train-ens=0.8545454545454545
tau-archive=0.8545454545454545
eval=6 | not-eval=0 | tau= 0.24 | n_kendall=12 | std(means)/mean(stds)=  0.65 | std(means)=1.36e+01 | mean(stds)=2.11e+01
tau-population= 0.07
subset-idx-size=12
tau-train-ens=1.0
tau-archive=1.0
eval=1 | not-eval=5 | tau= 0.91 | n_kendall=12 | std(means)/mean(stds)=  2.29 | std(means)=3.92e+01 | mean(stds)=1.71e+01
tau-population= 0.07
subset-idx-size=12
tau-train-ens=1.0
tau-archive=1.0
eval=6 | not-eval=0 | tau=-0.29 | n_kendall=12 | std(means)/mean(stds)=  0.68 | std(means)=5.19e+01 | mean(stds)=7.64e+01
tau-population=-0.20
subset-idx-size=12
tau-train-ens=1.0
tau-archive=1.0
eval=1 | not-eval=5 | tau= 0.97 | n_kendall=12 | std(means)/mean(stds)=  1.01 | std(means)=2.04e+01 | mean(stds)=2.01e+01
tau-population= 0.07
subset-idx-size=12
tau-train-ens=0.9636363636363636
tau-archive=0.9636363636363636
eval=1 | not-eval=5 | tau= 0.94 | n_kendall=12 | std(means)/mean(stds)=  0.81 | std(means)=3.99e+01 | mean(stds)=4.95e+01
tau-population= 0.60
subset-idx-size=12
tau-train-ens=1.0
tau-archive=1.0
eval=6 | not-eval=0 | tau= 0.07 | n_kendall=12 | std(means)/mean(stds)=  2.42 | std(means)=1.49e+01 | mean(stds)=6.15e+00
tau-population= 0.20
subset-idx-size=12
tau-train-ens=1.0
tau-archive=1.0
eval=6 | not-eval=0 | tau= 0.16 | n_kendall=12 | std(means)/mean(stds)=  1.76 | std(means)=3.82e+01 | mean(stds)=2.17e+01
tau-population=-0.33
subset-idx-size=12
tau-train-ens=1.0
tau-archive=1.0
eval=1 | not-eval=5 | tau= 0.94 | n_kendall=12 | std(means)/mean(stds)=  1.44 | std(means)=1.81e+01 | mean(stds)=1.26e+01
tau-population= 0.07
subset-idx-size=12
tau-train-ens=1.0
tau-archive=1.0
eval=1 | not-eval=5 | tau= 0.91 | n_kendall=12 | std(means)/mean(stds)=  0.96 | std(means)=1.82e+01 | mean(stds)=1.90e+01
tau-population=-0.20
subset-idx-size=12
tau-train-ens=1.0
tau-archive=1.0
eval=6 | not-eval=0 | tau= 0.11 | n_kendall=12 | std(means)/mean(stds)=  0.90 | std(means)=7.24e+01 | mean(stds)=8.06e+01
tau-population=-0.33
subset-idx-size=12
tau-train-ens=0.9272727272727274
tau-archive=0.9272727272727274
eval=1 | not-eval=5 | tau= 0.88 | n_kendall=12 | std(means)/mean(stds)=  1.37 | std(means)=7.97e+01 | mean(stds)=5.81e+01
tau-population= 0.07
subset-idx-size=12
tau-train-ens=1.0
tau-archive=1.0
eval=1 | not-eval=5 | tau= 0.97 | n_kendall=12 | std(means)/mean(stds)=  0.84 | std(means)=2.53e+01 | mean(stds)=3.01e+01
tau-population= 0.20
subset-idx-size=12
tau-train-ens=1.0
tau-archive=1.0
eval=6 | not-eval=0 | tau= 0.11 | n_kendall=12 | std(means)/mean(stds)=  1.49 | std(means)=3.33e+01 | mean(stds)=2.23e+01
tau-population=-0.07
subset-idx-size=12
tau-train-ens=1.0
tau-archive=1.0
eval=1 | not-eval=5 | tau= 1.00 | n_kendall=12 | std(means)/mean(stds)=  1.62 | std(means)=1.78e+01 | mean(stds)=1.10e+01
tau-population= 0.33
subset-idx-size=12
tau-train-ens=1.0
tau-archive=1.0
eval=1 | not-eval=5 | tau= 0.94 | n_kendall=12 | std(means)/mean(stds)=  0.81 | std(means)=1.38e+01 | mean(stds)=1.71e+01
tau-population=-0.07
subset-idx-size=12
tau-train-ens=0.9636363636363636
tau-archive=0.9636363636363636
eval=1 | not-eval=5 | tau= 0.91 | n_kendall=12 | std(means)/mean(stds)=  1.11 | std(means)=4.10e+01 | mean(stds)=3.69e+01
tau-population= 0.47
subset-idx-size=12
tau-train-ens=0.9272727272727274
tau-archive=0.9272727272727274
eval=6 | not-eval=0 | tau= 0.20 | n_kendall=12 | std(means)/mean(stds)=  0.47 | std(means)=1.21e+01 | mean(stds)=2.58e+01
tau-population=-0.33
subset-idx-size=12
tau-train-ens=0.9636363636363636
tau-archive=0.9636363636363636
eval=1 | not-eval=5 | tau= 0.97 | n_kendall=12 | std(means)/mean(stds)=  0.95 | std(means)=5.30e+01 | mean(stds)=5.58e+01
tau-population= 0.60
subset-idx-size=12
tau-train-ens=0.9272727272727274
tau-archive=0.9272727272727274
eval=6 | not-eval=0 | tau= 0.33 | n_kendall=12 | std(means)/mean(stds)=  0.75 | std(means)=4.32e+01 | mean(stds)=5.80e+01
tau-population=-0.07
subset-idx-size=12
tau-train-ens=0.8181818181818182
tau-archive=0.8181818181818182
eval=6 | not-eval=0 | tau= 0.73 | n_kendall=12 | std(means)/mean(stds)=  2.94 | std(means)=5.06e+01 | mean(stds)=1.72e+01
tau-population= 0.33
subset-idx-size=12
tau-train-ens=0.9272727272727274
tau-archive=0.9272727272727274
eval=1 | not-eval=5 | tau= 0.94 | n_kendall=12 | std(means)/mean(stds)=  3.44 | std(means)=2.89e+01 | mean(stds)=8.39e+00
tau-population=-0.07
subset-idx-size=12
tau-train-ens=0.9272727272727274
tau-archive=0.9272727272727274
eval=1 | not-eval=5 | tau= 0.91 | n_kendall=12 | std(means)/mean(stds)=  2.37 | std(means)=1.13e+01 | mean(stds)=4.77e+00
tau-population=-0.20
subset-idx-size=12
tau-train-ens=0.8909090909090909
tau-archive=0.8909090909090909
eval=1 | not-eval=5 | tau= 0.88 | n_kendall=12 | std(means)/mean(stds)=  0.88 | std(means)=6.77e+01 | mean(stds)=7.71e+01
tau-population= 0.47
subset-idx-size=12
tau-train-ens=0.9636363636363636
tau-archive=0.9636363636363636
eval=6 | not-eval=0 | tau= 0.20 | n_kendall=12 | std(means)/mean(stds)=  3.89 | std(means)=3.09e+01 | mean(stds)=7.93e+00
tau-population= 0.20
subset-idx-size=12
tau-train-ens=0.9636363636363636
tau-archive=0.9636363636363636
eval=6 | not-eval=0 | tau=-0.07 | n_kendall=12 | std(means)/mean(stds)=  1.40 | std(means)=3.23e+01 | mean(stds)=2.31e+01
tau-population=-0.60
subset-idx-size=12
tau-train-ens=0.5272727272727272
tau-archive=0.5272727272727272
eval=6 | not-eval=0 | tau= 0.29 | n_kendall=12 | std(means)/mean(stds)=  0.80 | std(means)=9.74e+00 | mean(stds)=1.22e+01
tau-population= 0.20
subset-idx-size=12
tau-train-ens=0.9272727272727274
tau-archive=0.9272727272727274
eval=6 | not-eval=0 | tau= 0.51 | n_kendall=12 | std(means)/mean(stds)=  1.77 | std(means)=2.70e+01 | mean(stds)=1.53e+01
tau-population= 0.33
subset-idx-size=12
tau-train-ens=0.9636363636363636
tau-archive=0.9636363636363636
eval=6 | not-eval=0 | tau=-0.11 | n_kendall=12 | std(means)/mean(stds)=  0.99 | std(means)=4.65e+00 | mean(stds)=4.67e+00
tau-population=-0.47
subset-idx-size=12
tau-train-ens=0.8181818181818182
tau-archive=0.8181818181818182
eval=6 | not-eval=0 | tau= 0.60 | n_kendall=12 | std(means)/mean(stds)=  2.12 | std(means)=2.21e+01 | mean(stds)=1.04e+01
tau-population= 0.73
subset-idx-size=12
tau-train-ens=0.9272727272727274
tau-archive=0.9272727272727274
eval=1 | not-eval=5 | tau= 0.94 | n_kendall=12 | std(means)/mean(stds)=  2.35 | std(means)=2.90e+01 | mean(stds)=1.23e+01
tau-population= 0.07
subset-idx-size=12
tau-train-ens=0.9272727272727274
tau-archive=0.9272727272727274
eval=6 | not-eval=0 | tau= 0.33 | n_kendall=12 | std(means)/mean(stds)=  2.88 | std(means)=2.87e+01 | mean(stds)=9.94e+00
tau-population= 0.07
subset-idx-size=12
tau-train-ens=0.9636363636363636
tau-archive=0.9636363636363636
eval=1 | not-eval=5 | tau= 0.97 | n_kendall=12 | std(means)/mean(stds)=  2.40 | std(means)=9.58e+00 | mean(stds)=3.98e+00
tau-population=-0.20
subset-idx-size=12
tau-train-ens=1.0
tau-archive=1.0
eval=6 | not-eval=0 | tau= 0.29 | n_kendall=12 | std(means)/mean(stds)=  1.41 | std(means)=6.69e+00 | mean(stds)=4.76e+00
tau-population=-0.07
subset-idx-size=12
tau-train-ens=1.0
tau-archive=1.0
eval=1 | not-eval=5 | tau= 0.94 | n_kendall=12 | std(means)/mean(stds)=  0.80 | std(means)=1.42e+01 | mean(stds)=1.79e+01
tau-population=-0.20
subset-idx-size=12
tau-train-ens=0.8909090909090909
tau-archive=0.8909090909090909
eval=6 | not-eval=0 | tau= 0.38 | n_kendall=12 | std(means)/mean(stds)=  1.61 | std(means)=2.24e+01 | mean(stds)=1.39e+01
tau-population= 0.33
subset-idx-size=12
tau-train-ens=1.0
tau-archive=1.0
eval=1 | not-eval=5 | tau= 1.00 | n_kendall=12 | std(means)/mean(stds)=  5.53 | std(means)=1.72e+01 | mean(stds)=3.11e+00
tau-population= 0.87
subset-idx-size=12
tau-train-ens=0.6727272727272727
tau-archive=0.6727272727272727
eval=6 | not-eval=0 | tau=-0.20 | n_kendall=12 | std(means)/mean(stds)=  7.74 | std(means)=1.91e+01 | mean(stds)=2.47e+00
tau-population=-0.47
subset-idx-size=12
tau-train-ens=0.8545454545454545
tau-archive=0.8545454545454545
eval=6 | not-eval=0 | tau=-0.33 | n_kendall=12 | std(means)/mean(stds)=  0.59 | std(means)=3.29e+01 | mean(stds)=5.60e+01
tau-population=-0.60
subset-idx-size=12
tau-train-ens=0.8545454545454545
tau-archive=0.8545454545454545
eval=6 | not-eval=0 | tau= 0.56 | n_kendall=12 | std(means)/mean(stds)=  0.88 | std(means)=3.39e+01 | mean(stds)=3.87e+01
tau-population= 0.87
subset-idx-size=12
tau-train-ens=0.9272727272727274
tau-archive=0.9272727272727274
eval=6 | not-eval=0 | tau= 0.38 | n_kendall=12 | std(means)/mean(stds)= 11.84 | std(means)=2.67e+01 | mean(stds)=2.25e+00
tau-population= 0.07
subset-idx-size=12
tau-train-ens=1.0
tau-archive=1.0
eval=1 | not-eval=5 | tau= 1.00 | n_kendall=12 | std(means)/mean(stds)=  1.58 | std(means)=3.50e+01 | mean(stds)=2.22e+01
tau-population= 0.60
subset-idx-size=12
tau-train-ens=0.9636363636363636
tau-archive=0.9636363636363636
eval=6 | not-eval=0 | tau=-0.20 | n_kendall=12 | std(means)/mean(stds)=  0.85 | std(means)=1.38e+01 | mean(stds)=1.62e+01
tau-population=-0.73
subset-idx-size=12
tau-train-ens=0.9272727272727274
tau-archive=0.9272727272727274
eval=6 | not-eval=0 | tau= 0.42 | n_kendall=12 | std(means)/mean(stds)=  2.07 | std(means)=3.54e+01 | mean(stds)=1.71e+01
tau-population= 0.33
subset-idx-size=12
tau-train-ens=0.9636363636363636
tau-archive=0.9636363636363636
eval=6 | not-eval=0 | tau= 0.07 | n_kendall=12 | std(means)/mean(stds)=  1.46 | std(means)=5.30e+01 | mean(stds)=3.64e+01
tau-population=-1.00
subset-idx-size=12
tau-train-ens=1.0
tau-archive=1.0
eval=1 | not-eval=5 | tau= 0.94 | n_kendall=12 | std(means)/mean(stds)=  1.64 | std(means)=6.58e+00 | mean(stds)=4.01e+00
tau-population=  nan
subset-idx-size=12
tau-train-ens=0.9636363636363636
tau-archive=0.9636363636363636
eval=6 | not-eval=0 | tau=-0.24 | n_kendall=12 | std(means)/mean(stds)=  1.76 | std(means)=7.03e+00 | mean(stds)=4.01e+00
tau-population=  nan
subset-idx-size=12
tau-train-ens=0.8909090909090909
tau-archive=0.8909090909090909
eval=6 | not-eval=0 | tau= 0.51 | n_kendall=12 | std(means)/mean(stds)=  0.56 | std(means)=1.51e+01 | mean(stds)=2.68e+01
tau-population=  nan
subset-idx-size=12
tau-train-ens=0.6363636363636364
tau-archive=0.6363636363636364
eval=6 | not-eval=0 | tau=-0.29 | n_kendall=12 | std(means)/mean(stds)=  1.58 | std(means)=3.65e+01 | mean(stds)=2.30e+01
tau-population=  nan
subset-idx-size=12
tau-train-ens=0.7818181818181819
tau-archive=0.7818181818181819
eval=6 | not-eval=0 | tau= 0.02 | n_kendall=12 | std(means)/mean(stds)=  1.10 | std(means)=2.41e+01 | mean(stds)=2.20e+01
tau-population=  nan
subset-idx-size=12
tau-train-ens=0.9636363636363636
tau-archive=0.9636363636363636
eval=1 | not-eval=5 | tau= 0.97 | n_kendall=12 | std(means)/mean(stds)=  4.10 | std(means)=1.59e+01 | mean(stds)=3.88e+00
tau-population=  nan
subset-idx-size=12
tau-train-ens=0.9636363636363636
tau-archive=0.9636363636363636
eval=1 | not-eval=5 | tau= 0.88 | n_kendall=12 | std(means)/mean(stds)=  8.75 | std(means)=3.69e+01 | mean(stds)=4.21e+00
tau-population=  nan
subset-idx-size=12
tau-train-ens=0.9636363636363636
tau-archive=0.9636363636363636
eval=6 | not-eval=0 | tau= 0.47 | n_kendall=12 | std(means)/mean(stds)=  4.36 | std(means)=3.83e+01 | mean(stds)=8.77e+00
tau-population=  nan
subset-idx-size=12
tau-train-ens=0.8181818181818182
tau-archive=0.8181818181818182
eval=6 | not-eval=0 | tau= 0.38 | n_kendall=12 | std(means)/mean(stds)=  2.48 | std(means)=1.64e+01 | mean(stds)=6.61e+00
tau-population=  nan
subset-idx-size=12
tau-train-ens=0.9636363636363636
tau-archive=0.9636363636363636
eval=6 | not-eval=0 | tau=-0.16 | n_kendall=12 | std(means)/mean(stds)=  3.90 | std(means)=6.24e+01 | mean(stds)=1.60e+01
tau-population=  nan
subset-idx-size=12
tau-train-ens=1.0
tau-archive=1.0
eval=6 | not-eval=0 | tau= 0.11 | n_kendall=12 | std(means)/mean(stds)=  0.97 | std(means)=4.41e+01 | mean(stds)=4.53e+01
tau-population=  nan
subset-idx-size=12
tau-train-ens=0.9636363636363636
tau-archive=0.9636363636363636
eval=1 | not-eval=5 | tau= 0.88 | n_kendall=12 | std(means)/mean(stds)=  1.85 | std(means)=2.10e+02 | mean(stds)=1.14e+02
tau-population=  nan
subset-idx-size=12
tau-train-ens=0.9636363636363636
tau-archive=0.9636363636363636
eval=1 | not-eval=5 | tau= 0.94 | n_kendall=12 | std(means)/mean(stds)=  0.56 | std(means)=3.63e+01 | mean(stds)=6.43e+01
tau-population=  nan
subset-idx-size=12
tau-train-ens=0.9636363636363636
tau-archive=0.9636363636363636
eval=1 | not-eval=5 | tau= 0.94 | n_kendall=12 | std(means)/mean(stds)=  3.71 | std(means)=4.96e+01 | mean(stds)=1.34e+01
tau-population=  nan
subset-idx-size=12
tau-train-ens=1.0
tau-archive=1.0
eval=1 | not-eval=5 | tau= 1.00 | n_kendall=12 | std(means)/mean(stds)=  2.69 | std(means)=2.33e+01 | mean(stds)=8.65e+00
tau-population=  nan
subset-idx-size=12
tau-train-ens=0.9272727272727274
tau-archive=0.9272727272727274
eval=6 | not-eval=0 | tau= 0.07 | n_kendall=12 | std(means)/mean(stds)=  0.69 | std(means)=1.39e+01 | mean(stds)=2.01e+01
tau-population=  nan
subset-idx-size=12
tau-train-ens=0.9636363636363636
tau-archive=0.9636363636363636
eval=1 | not-eval=5 | tau= 0.91 | n_kendall=12 | std(means)/mean(stds)=  3.81 | std(means)=2.67e+01 | mean(stds)=7.00e+00
tau-population=  nan
subset-idx-size=12
tau-train-ens=0.9636363636363636
tau-archive=0.9636363636363636
eval=1 | not-eval=5 | tau= 0.91 | n_kendall=12 | std(means)/mean(stds)=  0.76 | std(means)=1.55e+01 | mean(stds)=2.03e+01
tau-population=  nan
subset-idx-size=12
tau-train-ens=1.0
tau-archive=1.0
eval=6 | not-eval=0 | tau= 0.42 | n_kendall=12 | std(means)/mean(stds)=  1.23 | std(means)=2.37e+01 | mean(stds)=1.92e+01
tau-population=  nan
subset-idx-size=12
tau-train-ens=0.8545454545454545
tau-archive=0.8545454545454545
eval=6 | not-eval=0 | tau= 0.20 | n_kendall=12 | std(means)/mean(stds)=  0.98 | std(means)=3.40e+01 | mean(stds)=3.45e+01
tau-population=  nan
subset-idx-size=12
tau-train-ens=0.9636363636363636
tau-archive=0.9636363636363636
eval=6 | not-eval=0 | tau= 0.42 | n_kendall=12 | std(means)/mean(stds)=  4.24 | std(means)=2.22e+01 | mean(stds)=5.23e+00
tau-population=  nan
subset-idx-size=12
tau-train-ens=1.0
tau-archive=1.0
eval=1 | not-eval=5 | tau= 0.97 | n_kendall=12 | std(means)/mean(stds)=  1.39 | std(means)=5.02e+01 | mean(stds)=3.61e+01
tau-population=  nan
subset-idx-size=12
tau-train-ens=1.0
tau-archive=1.0
eval=1 | not-eval=5 | tau= 0.91 | n_kendall=12 | std(means)/mean(stds)=  3.56 | std(means)=2.48e+01 | mean(stds)=6.96e+00
tau-population=  nan
subset-idx-size=12
tau-train-ens=0.9636363636363636
tau-archive=0.9636363636363636
eval=1 | not-eval=5 | tau= 0.91 | n_kendall=12 | std(means)/mean(stds)=  2.86 | std(means)=2.39e+01 | mean(stds)=8.35e+00
tau-population=  nan
subset-idx-size=12
tau-train-ens=0.9272727272727274
tau-archive=0.9272727272727274
eval=1 | not-eval=5 | tau= 0.94 | n_kendall=12 | std(means)/mean(stds)=  5.03 | std(means)=2.12e+01 | mean(stds)=4.22e+00
tau-population=  nan
subset-idx-size=12
tau-train-ens=0.8545454545454545
tau-archive=0.8545454545454545
eval=6 | not-eval=0 | tau= 0.82 | n_kendall=12 | std(means)/mean(stds)=  1.60 | std(means)=9.34e+00 | mean(stds)=5.84e+00
tau-population=  nan
subset-idx-size=12
tau-train-ens=0.9636363636363636
tau-archive=0.9636363636363636
eval=1 | not-eval=5 | tau= 0.97 | n_kendall=12 | std(means)/mean(stds)=  3.91 | std(means)=2.65e+01 | mean(stds)=6.77e+00
tau-population=  nan
subset-idx-size=12
tau-train-ens=0.9636363636363636
tau-archive=0.9636363636363636
eval=1 | not-eval=5 | tau= 0.88 | n_kendall=12 | std(means)/mean(stds)=  3.68 | std(means)=1.42e+01 | mean(stds)=3.85e+00
tau-population=  nan
subset-idx-size=12
tau-train-ens=1.0
tau-archive=1.0
eval=1 | not-eval=5 | tau= 1.00 | n_kendall=12 | std(means)/mean(stds)=  5.69 | std(means)=4.80e+00 | mean(stds)=8.45e-01
tau-population=  nan
subset-idx-size=12
tau-train-ens=0.9636363636363636
tau-archive=0.9636363636363636
eval=1 | not-eval=5 | tau= 0.91 | n_kendall=12 | std(means)/mean(stds)=  2.70 | std(means)=5.99e+00 | mean(stds)=2.22e+00
tau-population=  nan
subset-idx-size=12
tau-train-ens=1.0
tau-archive=1.0
eval=6 | not-eval=0 | tau= 0.51 | n_kendall=12 | std(means)/mean(stds)=  2.45 | std(means)=1.50e+01 | mean(stds)=6.14e+00
tau-population=  nan
subset-idx-size=12
tau-train-ens=1.0
tau-archive=1.0
eval=1 | not-eval=5 | tau= 0.94 | n_kendall=12 | std(means)/mean(stds)=  1.42 | std(means)=5.57e+00 | mean(stds)=3.92e+00
tau-population=  nan
subset-idx-size=12
tau-train-ens=1.0
tau-archive=1.0
eval=1 | not-eval=5 | tau= 0.94 | n_kendall=12 | std(means)/mean(stds)=  2.54 | std(means)=8.42e+00 | mean(stds)=3.32e+00
tau-population=  nan
subset-idx-size=12
tau-train-ens=1.0
tau-archive=1.0
eval=1 | not-eval=5 | tau= 0.97 | n_kendall=12 | std(means)/mean(stds)=  0.18 | std(means)=2.20e+00 | mean(stds)=1.24e+01
tau-population=  nan
subset-idx-size=12
tau-train-ens=1.0
tau-archive=1.0
eval=1 | not-eval=5 | tau= 1.00 | n_kendall=12 | std(means)/mean(stds)=  1.69 | std(means)=2.14e+00 | mean(stds)=1.26e+00
tau-population=  nan
subset-idx-size=12
tau-train-ens=0.9636363636363636
tau-archive=0.9636363636363636
eval=1 | not-eval=5 | tau= 0.97 | n_kendall=12 | std(means)/mean(stds)=  0.86 | std(means)=1.78e+00 | mean(stds)=2.07e+00
tau-population=  nan
subset-idx-size=12
tau-train-ens=1.0
tau-archive=1.0
eval=1 | not-eval=5 | tau= 0.94 | n_kendall=12 | std(means)/mean(stds)=  0.96 | std(means)=1.14e+00 | mean(stds)=1.19e+00
tau-population=  nan
subset-idx-size=12
tau-train-ens=1.0
tau-archive=1.0
eval=1 | not-eval=5 | tau= 1.00 | n_kendall=12 | std(means)/mean(stds)=  0.82 | std(means)=1.09e+00 | mean(stds)=1.33e+00
tau-population=  nan
subset-idx-size=12
tau-train-ens=1.0
tau-archive=1.0
eval=1 | not-eval=5 | tau= 1.00 | n_kendall=12 | std(means)/mean(stds)=  1.60 | std(means)=1.62e+00 | mean(stds)=1.01e+00
tau-population=  nan
subset-idx-size=12
tau-train-ens=0.9636363636363636
tau-archive=0.9636363636363636
eval=1 | not-eval=5 | tau= 0.97 | n_kendall=12 | std(means)/mean(stds)=  1.25 | std(means)=7.61e-01 | mean(stds)=6.11e-01
tau-population=  nan
subset-idx-size=12
tau-train-ens=0.9636363636363636
tau-archive=0.9636363636363636
eval=1 | not-eval=5 | tau= 0.97 | n_kendall=12 | std(means)/mean(stds)=  1.37 | std(means)=3.70e-01 | mean(stds)=2.70e-01
tau-population=  nan
subset-idx-size=12
tau-train-ens=0.9272727272727274
tau-archive=0.9272727272727274
eval=1 | not-eval=5 | tau= 0.94 | n_kendall=12 | std(means)/mean(stds)=  2.27 | std(means)=3.41e-01 | mean(stds)=1.50e-01
tau-population=  nan
subset-idx-size=12
tau-train-ens=0.8181818181818182
tau-archive=0.8181818181818182
eval=6 | not-eval=0 | tau= 0.33 | n_kendall=12 | std(means)/mean(stds)=  1.69 | std(means)=4.83e-01 | mean(stds)=2.85e-01
tau-population=  nan
subset-idx-size=12
tau-train-ens=1.0
tau-archive=1.0
eval=1 | not-eval=5 | tau= 1.00 | n_kendall=12 | std(means)/mean(stds)=  1.67 | std(means)=4.85e-01 | mean(stds)=2.91e-01
tau-population=  nan
subset-idx-size=12
tau-train-ens=1.0
tau-archive=1.0
eval=1 | not-eval=5 | tau= 0.94 | n_kendall=12 | std(means)/mean(stds)=  3.07 | std(means)=3.06e-01 | mean(stds)=9.97e-02
tau-population=  nan
subset-idx-size=12
tau-train-ens=1.0
tau-archive=1.0
eval=1 | not-eval=5 | tau= 1.00 | n_kendall=12 | std(means)/mean(stds)=  2.00 | std(means)=4.45e-01 | mean(stds)=2.22e-01
tau-population=  nan
subset-idx-size=12
tau-train-ens=0.9272727272727274
tau-archive=0.9272727272727274
eval=1 | not-eval=5 | tau= 0.91 | n_kendall=12 | std(means)/mean(stds)=  0.95 | std(means)=1.35e-01 | mean(stds)=1.42e-01
tau-population=  nan
subset-idx-size=12
tau-train-ens=0.9636363636363636
tau-archive=0.9636363636363636
eval=1 | not-eval=5 | tau= 0.88 | n_kendall=12 | std(means)/mean(stds)=  1.95 | std(means)=4.33e-01 | mean(stds)=2.22e-01
tau-population=  nan
subset-idx-size=12
tau-train-ens=0.8909090909090909
tau-archive=0.8909090909090909
eval=6 | not-eval=0 | tau= 0.20 | n_kendall=12 | std(means)/mean(stds)=  1.20 | std(means)=1.92e-01 | mean(stds)=1.61e-01
tau-population=  nan
subset-idx-size=12
tau-train-ens=1.0
tau-archive=1.0
eval=1 | not-eval=5 | tau= 1.00 | n_kendall=12 | std(means)/mean(stds)=  3.31 | std(means)=2.35e-01 | mean(stds)=7.11e-02
tau-population=  nan
subset-idx-size=12
tau-train-ens=1.0
tau-archive=1.0
eval=1 | not-eval=5 | tau= 0.97 | n_kendall=12 | std(means)/mean(stds)=  0.92 | std(means)=1.10e-01 | mean(stds)=1.19e-01
tau-population=  nan
subset-idx-size=12
tau-train-ens=0.9272727272727274
tau-archive=0.9272727272727274
eval=1 | not-eval=5 | tau= 0.94 | n_kendall=12 | std(means)/mean(stds)=  1.40 | std(means)=2.38e-01 | mean(stds)=1.70e-01
tau-population=  nan
subset-idx-size=12
tau-train-ens=1.0
tau-archive=1.0
eval=1 | not-eval=5 | tau= 0.91 | n_kendall=12 | std(means)/mean(stds)=  1.99 | std(means)=1.18e-01 | mean(stds)=5.91e-02
tau-population=  nan
subset-idx-size=12
tau-train-ens=0.9636363636363636
tau-archive=0.9636363636363636
eval=6 | not-eval=0 | tau= 0.31 | n_kendall=12 | std(means)/mean(stds)=  1.49 | std(means)=1.79e-01 | mean(stds)=1.20e-01
tau-population=  nan
subset-idx-size=12
tau-train-ens=0.8909090909090909
tau-archive=0.8909090909090909
eval=1 | not-eval=5 | tau= 0.91 | n_kendall=12 | std(means)/mean(stds)=  1.29 | std(means)=3.51e-01 | mean(stds)=2.71e-01
tau-population=  nan
 2D 23-fun   1-inst  500-budget False-solved 500-evals  834-cma-evals 2567s 0-restarts  6-init-pop (Surrogate(model=<__main__.Eaf object at 0x7ff1e5101820>, subset=LastN), EvaluateUntilKendallThreshold(mean_criterion, tau_threshold=0.85, offset=True), n_min_fn=get_dim) 2.5e+00-delta-f          1-seed
