(3_w,6)-aCMA-ES (mu_w=2.0,w_1=63%) in dimension 2 (seed=1, Sun Apr 21 15:36:48 2024)
subset-idx-size=6
tau-train-ens=0.7333333333333333
> /home/jarda/Desktop/thesis/nncmaes/code/nncmaes.py(1480)__call__()
-> return surrogate_model
(Pdb) tau-archive=0.6
eval=6 | not-eval=0 | tau= 0.56 | n_kendall=12 | std(means)/mean(stds)=  0.62 | std(means)=1.07e+07 | mean(stds)=1.72e+07
tau-population= 0.60
subset-idx-size=12
> /home/jarda/Desktop/thesis/nncmaes/code/nncmaes.py(1366)__call__()
-> print("tau-train-ens={}".format(tau))
(Pdb) 0.6000000000000001
(Pdb) 
