(3_w,6)-aCMA-ES (mu_w=2.0,w_1=63%) in dimension 2 (seed=1, Sun Apr 21 16:20:30 2024)
subset-idx-size=6
tau-train-ens=0.9999999999999999
tau-archive=0.9999999999999999
eval=1 | not-eval=5 | tau= 1.00 | n_kendall= 7 | std(means)/mean(stds)=  0.00 | std(means)=2.01e+05 | mean(stds)=4.12e+17
tau-population= 0.60
subset-idx-size=7
tau-train-ens=1.0
tau-archive=0.9999999999999999
eval=1 | not-eval=5 | tau= 0.93 | n_kendall= 8 | std(means)/mean(stds)=  0.00 | std(means)=9.66e+01 | mean(stds)=1.89e+06
tau-population=-0.75
subset-idx-size=8
tau-train-ens=0.9285714285714285
tau-archive=0.9047619047619049
eval=6 | not-eval=0 | tau= 0.60 | n_kendall=12 | std(means)/mean(stds)=  0.00 | std(means)=8.82e+05 | mean(stds)=2.03e+08
tau-population= 0.75
subset-idx-size=10
tau-train-ens=0.8222222222222221
tau-archive=0.8181818181818182
eval=6 | not-eval=0 | tau= 0.29 | n_kendall=12 | std(means)/mean(stds)=272.66 | std(means)=1.91e+03 | mean(stds)=7.00e+00
tau-population=-0.33
subset-idx-size=17
tau-train-ens=0.9272727272727274
tau-archive=0.9272727272727274
eval=1 | not-eval=5 | tau= 0.88 | n_kendall=12 | std(means)/mean(stds)=68952.30 | std(means)=2.75e+05 | mean(stds)=3.98e+00
tau-population= 1.00
subset-idx-size=13
tau-train-ens=0.9636363636363636
tau-archive=0.7454545454545454
eval=2 | not-eval=4 | tau= 0.91 | n_kendall=12 | std(means)/mean(stds)=119.55 | std(means)=2.86e+02 | mean(stds)=2.39e+00
tau-population= 0.60
subset-idx-size=11
tau-train-ens=1.0
tau-archive=0.9636363636363636
eval=1 | not-eval=5 | tau= 0.94 | n_kendall=12 | std(means)/mean(stds)=16385.45 | std(means)=4.89e+04 | mean(stds)=2.98e+00
tau-population= 0.73
subset-idx-size=6
tau-train-ens=0.9999999999999999
tau-archive=0.7454545454545454
eval=6 | not-eval=0 | tau= 0.69 | n_kendall=12 | std(means)/mean(stds)=981.03 | std(means)=5.16e+04 | mean(stds)=5.26e+01
tau-population= 0.73
subset-idx-size=10
tau-train-ens=0.9555555555555554
tau-archive=0.9636363636363636
eval=1 | not-eval=5 | tau= 0.91 | n_kendall=12 | std(means)/mean(stds)=3052.90 | std(means)=5.26e+03 | mean(stds)=1.72e+00
tau-population= 0.87
subset-idx-size=7
tau-train-ens=0.9047619047619049
tau-archive=0.4909090909090909
eval=6 | not-eval=0 | tau= 0.56 | n_kendall=12 | std(means)/mean(stds)=6503.77 | std(means)=1.07e+05 | mean(stds)=1.65e+01
tau-population= 0.73
subset-idx-size=15
tau-train-ens=0.9272727272727274
tau-archive=0.7454545454545454
eval=5 | not-eval=1 | tau= 0.94 | n_kendall=12 | std(means)/mean(stds)= 12.29 | std(means)=1.60e+01 | mean(stds)=1.30e+00
tau-population= 1.00
subset-idx-size=21
tau-train-ens=0.9636363636363636
tau-archive=0.9636363636363636
eval=6 | not-eval=0 | tau= 0.60 | n_kendall=12 | std(means)/mean(stds)=  2.38 | std(means)=1.44e+01 | mean(stds)=6.06e+00
tau-population= 0.33
subset-idx-size=21
tau-train-ens=0.9636363636363636
tau-archive=0.6363636363636364
eval=6 | not-eval=0 | tau= 0.96 | n_kendall=12 | std(means)/mean(stds)=  4.01 | std(means)=4.70e+00 | mean(stds)=1.17e+00
tau-population= 1.00
subset-idx-size=23
tau-train-ens=1.0
tau-archive=0.9272727272727274
eval=1 | not-eval=5 | tau= 0.91 | n_kendall=12 | std(means)/mean(stds)=3645.65 | std(means)=1.41e+04 | mean(stds)=3.87e+00
tau-population= 0.33
subset-idx-size=15
tau-train-ens=0.9636363636363636
tau-archive=0.9636363636363636
eval=1 | not-eval=5 | tau= 0.97 | n_kendall=12 | std(means)/mean(stds)= 11.46 | std(means)=1.23e+01 | mean(stds)=1.07e+00
tau-population= 1.00
subset-idx-size=12
tau-train-ens=0.9636363636363636
tau-archive=0.9636363636363636
eval=1 | not-eval=5 | tau= 0.97 | n_kendall=12 | std(means)/mean(stds)=  6.29 | std(means)=7.10e+00 | mean(stds)=1.13e+00
tau-population= 1.00
subset-idx-size=13
tau-train-ens=1.0
tau-archive=1.0
eval=1 | not-eval=5 | tau= 1.00 | n_kendall=12 | std(means)/mean(stds)=  5.92 | std(means)=1.07e+01 | mean(stds)=1.81e+00
tau-population= 1.00
subset-idx-size=17
tau-train-ens=0.9636363636363636
tau-archive=0.6727272727272727
eval=6 | not-eval=0 | tau= 0.38 | n_kendall=12 | std(means)/mean(stds)= 11.50 | std(means)=5.76e+01 | mean(stds)=5.01e+00
tau-population= 0.47
subset-idx-size=17
tau-train-ens=0.9636363636363636
tau-archive=1.0
eval=1 | not-eval=5 | tau= 1.00 | n_kendall=12 | std(means)/mean(stds)=2186.84 | std(means)=2.87e+03 | mean(stds)=1.31e+00
tau-population= 0.87
subset-idx-size=13
tau-train-ens=1.0
tau-archive=0.8545454545454545
eval=1 | not-eval=5 | tau= 0.88 | n_kendall=12 | std(means)/mean(stds)=64128.29 | std(means)=8.62e+05 | mean(stds)=1.34e+01
tau-population= 0.73
subset-idx-size=8
tau-train-ens=0.9999999999999998
tau-archive=0.7818181818181819
eval=3 | not-eval=3 | tau= 0.88 | n_kendall=12 | std(means)/mean(stds)=  1.92 | std(means)=6.49e+00 | mean(stds)=3.37e+00
tau-population= 0.47
subset-idx-size=10
tau-train-ens=0.9555555555555554
tau-archive=0.8181818181818182
eval=6 | not-eval=0 | tau= 0.60 | n_kendall=12 | std(means)/mean(stds)=2689.20 | std(means)=5.59e+03 | mean(stds)=2.08e+00
tau-population= 0.60
subset-idx-size=12
tau-train-ens=0.8909090909090909
tau-archive=0.5272727272727272
eval=6 | not-eval=0 | tau= 0.42 | n_kendall=12 | std(means)/mean(stds)=  0.91 | std(means)=1.45e+00 | mean(stds)=1.59e+00
tau-population= 0.73
subset-idx-size=17
tau-train-ens=1.0
tau-archive=0.6363636363636364
eval=3 | not-eval=3 | tau= 0.88 | n_kendall=12 | std(means)/mean(stds)=  1.93 | std(means)=2.46e+00 | mean(stds)=1.28e+00
tau-population= 0.60
subset-idx-size=16
tau-train-ens=0.8909090909090909
tau-archive=0.23636363636363636
eval=6 | not-eval=0 | tau= 0.69 | n_kendall=12 | std(means)/mean(stds)=1637.98 | std(means)=3.72e+03 | mean(stds)=2.27e+00
tau-population= 0.73
subset-idx-size=19
tau-train-ens=1.0
tau-archive=1.0
eval=1 | not-eval=5 | tau= 0.97 | n_kendall=12 | std(means)/mean(stds)=571.26 | std(means)=1.06e+04 | mean(stds)=1.86e+01
tau-population= 1.00
subset-idx-size=18
tau-train-ens=0.8909090909090909
tau-archive=1.0
eval=1 | not-eval=5 | tau= 1.00 | n_kendall=12 | std(means)/mean(stds)=113.73 | std(means)=2.36e+02 | mean(stds)=2.07e+00
tau-population= 0.33
subset-idx-size=12
tau-train-ens=1.0
tau-archive=0.9636363636363636
eval=1 | not-eval=5 | tau= 0.94 | n_kendall=12 | std(means)/mean(stds)=  0.11 | std(means)=2.98e+00 | mean(stds)=2.83e+01
tau-population=-0.20
subset-idx-size=8
tau-train-ens=0.9999999999999998
tau-archive=0.8545454545454545
eval=1 | not-eval=5 | tau= 0.88 | n_kendall=12 | std(means)/mean(stds)=  0.87 | std(means)=9.19e-01 | mean(stds)=1.05e+00
tau-population= 1.00
subset-idx-size=5
tau-train-ens=0.9999999999999999
tau-archive=0.8545454545454545
eval=6 | not-eval=0 | tau= 0.69 | n_kendall=12 | std(means)/mean(stds)=  1.28 | std(means)=1.34e+00 | mean(stds)=1.05e+00
tau-population= 0.47
subset-idx-size=7
tau-train-ens=1.0
tau-archive=0.8181818181818182
eval=2 | not-eval=4 | tau= 0.91 | n_kendall=12 | std(means)/mean(stds)=  0.65 | std(means)=8.29e-01 | mean(stds)=1.27e+00
tau-population= 0.60
subset-idx-size=20
tau-train-ens=0.9636363636363636
tau-archive=0.9636363636363636
eval=1 | not-eval=5 | tau= 0.97 | n_kendall=12 | std(means)/mean(stds)= 61.03 | std(means)=3.16e+02 | mean(stds)=5.18e+00
tau-population= 0.73
subset-idx-size=12
tau-train-ens=1.0
tau-archive=0.9636363636363636
eval=1 | not-eval=5 | tau= 0.97 | n_kendall=12 | std(means)/mean(stds)=  0.72 | std(means)=2.36e+00 | mean(stds)=3.28e+00
tau-population= 0.87
subset-idx-size=17
tau-train-ens=0.9272727272727274
tau-archive=0.9272727272727274
eval=1 | not-eval=5 | tau= 0.91 | n_kendall=12 | std(means)/mean(stds)=  1.35 | std(means)=9.29e+03 | mean(stds)=6.90e+03
tau-population= 0.47
subset-idx-size=20
tau-train-ens=0.6000000000000001
tau-archive=0.6727272727272727
eval=6 | not-eval=0 | tau=-0.07 | n_kendall=12 | std(means)/mean(stds)=  0.01 | std(means)=3.08e+00 | mean(stds)=5.34e+02
tau-population=-0.33
subset-idx-size=18
tau-train-ens=0.7454545454545454
tau-archive=0.05454545454545454
eval=6 | not-eval=0 | tau= 0.33 | n_kendall=12 | std(means)/mean(stds)=202.58 | std(means)=6.74e+02 | mean(stds)=3.33e+00
tau-population= 0.47
subset-idx-size=16
tau-train-ens=0.9272727272727274
tau-archive=0.7818181818181819
eval=6 | not-eval=0 | tau= 0.78 | n_kendall=12 | std(means)/mean(stds)=1074.71 | std(means)=1.68e+03 | mean(stds)=1.56e+00
tau-population= 0.87
subset-idx-size=14
tau-train-ens=0.9272727272727274
tau-archive=0.41818181818181815
eval=6 | not-eval=0 | tau= 0.51 | n_kendall=12 | std(means)/mean(stds)=1004.60 | std(means)=1.53e+03 | mean(stds)=1.52e+00
tau-population= 0.33
subset-idx-size=17
tau-train-ens=0.9272727272727274
tau-archive=0.6363636363636364
eval=2 | not-eval=4 | tau= 0.91 | n_kendall=12 | std(means)/mean(stds)=849.91 | std(means)=1.09e+03 | mean(stds)=1.28e+00
tau-population= 0.73
subset-idx-size=11
tau-train-ens=0.8909090909090909
tau-archive=0.5636363636363636
eval=6 | not-eval=0 | tau= 0.33 | n_kendall=12 | std(means)/mean(stds)=  0.75 | std(means)=1.09e+00 | mean(stds)=1.44e+00
tau-population= 0.33
subset-idx-size=11
tau-train-ens=0.9272727272727274
tau-archive=0.38181818181818183
eval=6 | not-eval=0 | tau= 0.64 | n_kendall=12 | std(means)/mean(stds)=  0.24 | std(means)=2.82e-01 | mean(stds)=1.18e+00
tau-population= 0.47
subset-idx-size=14
tau-train-ens=1.0
tau-archive=0.0909090909090909
eval=6 | not-eval=0 | tau= 0.82 | n_kendall=12 | std(means)/mean(stds)=  1.22 | std(means)=1.33e+00 | mean(stds)=1.09e+00
tau-population= 1.00
subset-idx-size=16
tau-train-ens=0.9636363636363636
tau-archive=0.5636363636363636
eval=3 | not-eval=3 | tau= 1.00 | n_kendall=12 | std(means)/mean(stds)= 15.34 | std(means)=2.27e+01 | mean(stds)=1.48e+00
tau-population= 0.33
subset-idx-size=18
tau-train-ens=1.0
tau-archive=1.0
eval=1 | not-eval=5 | tau= 0.97 | n_kendall=12 | std(means)/mean(stds)=1028.47 | std(means)=2.05e+03 | mean(stds)=1.99e+00
tau-population= 0.87
subset-idx-size=10
tau-train-ens=0.9555555555555554
tau-archive=0.3090909090909091
eval=6 | not-eval=0 | tau= 0.11 | n_kendall=12 | std(means)/mean(stds)=  0.32 | std(means)=3.41e-01 | mean(stds)=1.06e+00
tau-population= 0.47
subset-idx-size=10
tau-train-ens=0.9999999999999999
tau-archive=0.23636363636363636
eval=6 | not-eval=0 | tau= 0.82 | n_kendall=12 | std(means)/mean(stds)=  0.17 | std(means)=1.70e-01 | mean(stds)=1.02e+00
tau-population= 0.87
subset-idx-size=12
tau-train-ens=1.0
tau-archive=0.8181818181818182
eval=6 | not-eval=0 | tau= 0.20 | n_kendall=12 | std(means)/mean(stds)=  0.12 | std(means)=1.31e-01 | mean(stds)=1.06e+00
tau-population=-0.07
subset-idx-size=14
tau-train-ens=0.9636363636363636
tau-archive=0.8545454545454545
eval=6 | not-eval=0 | tau= 0.73 | n_kendall=12 | std(means)/mean(stds)=155.51 | std(means)=6.56e+02 | mean(stds)=4.22e+00
tau-population= 0.87
subset-idx-size=12
tau-train-ens=0.9272727272727274
tau-archive=0.9636363636363636
eval=1 | not-eval=5 | tau= 0.88 | n_kendall=12 | std(means)/mean(stds)= 32.06 | std(means)=5.33e+01 | mean(stds)=1.66e+00
tau-population= 0.87
subset-idx-size=16
tau-train-ens=0.8545454545454545
tau-archive=0.6727272727272727
eval=6 | not-eval=0 | tau= 0.87 | n_kendall=12 | std(means)/mean(stds)=  0.14 | std(means)=1.48e-01 | mean(stds)=1.08e+00
tau-population= 0.73
subset-idx-size=12
tau-train-ens=0.8545454545454545
tau-archive=0.23636363636363636
eval=6 | not-eval=0 | tau=-0.29 | n_kendall=12 | std(means)/mean(stds)=  0.45 | std(means)=6.32e-01 | mean(stds)=1.39e+00
tau-population=-0.60
subset-idx-size=17
tau-train-ens=0.6727272727272727
tau-archive=-0.2727272727272727
eval=6 | not-eval=0 | tau= 0.42 | n_kendall=12 | std(means)/mean(stds)= 16.19 | std(means)=2.13e+01 | mean(stds)=1.31e+00
tau-population= 0.87
subset-idx-size=15
tau-train-ens=0.6363636363636364
tau-archive=0.7454545454545454
eval=6 | not-eval=0 | tau= 0.69 | n_kendall=12 | std(means)/mean(stds)=  0.16 | std(means)=1.96e-01 | mean(stds)=1.25e+00
tau-population= 0.73
subset-idx-size=19
tau-train-ens=0.7818181818181819
tau-archive=0.2
eval=6 | not-eval=0 | tau= 0.60 | n_kendall=12 | std(means)/mean(stds)= 11.67 | std(means)=1.30e+01 | mean(stds)=1.11e+00
tau-population= 0.60
subset-idx-size=15
tau-train-ens=0.9272727272727274
tau-archive=0.23636363636363636
eval=6 | not-eval=0 | tau= 0.16 | n_kendall=12 | std(means)/mean(stds)=  1.08 | std(means)=1.20e+00 | mean(stds)=1.11e+00
tau-population= 0.33
subset-idx-size=14
tau-train-ens=0.9636363636363636
tau-archive=0.2
eval=6 | not-eval=0 | tau= 0.82 | n_kendall=12 | std(means)/mean(stds)=  0.01 | std(means)=8.42e-03 | mean(stds)=1.01e+00
tau-population= 0.87
subset-idx-size=13
tau-train-ens=0.9636363636363636
tau-archive=0.9636363636363636
eval=6 | not-eval=0 | tau= 0.38 | n_kendall=12 | std(means)/mean(stds)=  0.01 | std(means)=1.32e-02 | mean(stds)=1.01e+00
tau-population= 0.20
subset-idx-size=16
tau-train-ens=0.6000000000000001
tau-archive=0.0909090909090909
eval=6 | not-eval=0 | tau= 0.73 | n_kendall=12 | std(means)/mean(stds)=  2.15 | std(means)=2.40e+00 | mean(stds)=1.12e+00
tau-population= 0.87
subset-idx-size=16
tau-train-ens=0.6727272727272727
tau-archive=0.8909090909090909
eval=6 | not-eval=0 | tau= 0.47 | n_kendall=12 | std(means)/mean(stds)=  0.55 | std(means)=5.73e-01 | mean(stds)=1.03e+00
tau-population= 0.07
subset-idx-size=13
tau-train-ens=0.8545454545454545
tau-archive=0.16363636363636364
eval=6 | not-eval=0 | tau= 0.73 | n_kendall=12 | std(means)/mean(stds)=  0.01 | std(means)=1.05e-02 | mean(stds)=1.01e+00
tau-population= 1.00
subset-idx-size=13
tau-train-ens=0.6000000000000001
tau-archive=-0.1272727272727273
eval=6 | not-eval=0 | tau= 0.07 | n_kendall=12 | std(means)/mean(stds)=  0.10 | std(means)=1.06e-01 | mean(stds)=1.02e+00
tau-population=-0.20
subset-idx-size=13
tau-train-ens=0.3090909090909091
tau-archive=-0.2
eval=6 | not-eval=0 | tau= 0.47 | n_kendall=12 | std(means)/mean(stds)=  0.03 | std(means)=3.14e-02 | mean(stds)=1.02e+00
tau-population= 0.87
subset-idx-size=19
tau-train-ens=0.7818181818181819
tau-archive=0.8181818181818182
eval=6 | not-eval=0 | tau= 0.11 | n_kendall=12 | std(means)/mean(stds)=  0.01 | std(means)=6.06e-03 | mean(stds)=1.01e+00
tau-population=-0.07
subset-idx-size=25
tau-train-ens=0.2727272727272727
tau-archive=0.34545454545454546
eval=6 | not-eval=0 | tau= 0.11 | n_kendall=12 | std(means)/mean(stds)=  0.60 | std(means)=6.42e-01 | mean(stds)=1.06e+00
tau-population= 0.33
subset-idx-size=21
tau-train-ens=0.6000000000000001
tau-archive=0.38181818181818183
eval=6 | not-eval=0 | tau= 0.29 | n_kendall=12 | std(means)/mean(stds)=  0.08 | std(means)=8.10e-02 | mean(stds)=1.05e+00
tau-population= 0.33
subset-idx-size=14
tau-train-ens=0.8181818181818182
tau-archive=-0.018181818181818184
eval=6 | not-eval=0 | tau= 0.29 | n_kendall=12 | std(means)/mean(stds)=  0.00 | std(means)=2.24e-03 | mean(stds)=1.01e+00
tau-population= 0.33
subset-idx-size=13
tau-train-ens=0.6363636363636364
tau-archive=0.7818181818181819
eval=6 | not-eval=0 | tau=-0.60 | n_kendall=12 | std(means)/mean(stds)=  0.02 | std(means)=1.79e-02 | mean(stds)=1.03e+00
tau-population=-0.73
subset-idx-size=13
tau-train-ens=0.5272727272727272
tau-archive=-0.0909090909090909
eval=6 | not-eval=0 | tau= 0.56 | n_kendall=12 | std(means)/mean(stds)=  0.00 | std(means)=2.80e-03 | mean(stds)=1.00e+00
tau-population= 0.73
subset-idx-size=14
tau-train-ens=0.16363636363636364
tau-archive=0.2727272727272727
eval=6 | not-eval=0 | tau=-0.11 | n_kendall=12 | std(means)/mean(stds)=  0.00 | std(means)=2.93e-03 | mean(stds)=1.01e+00
tau-population=-0.47
subset-idx-size=15
tau-train-ens=0.6727272727272727
tau-archive=0.45454545454545453
eval=6 | not-eval=0 | tau= 0.73 | n_kendall=12 | std(means)/mean(stds)=  0.16 | std(means)=1.62e-01 | mean(stds)=1.03e+00
tau-population= 0.73
subset-idx-size=17
tau-train-ens=0.6727272727272727
tau-archive=0.7090909090909091
eval=6 | not-eval=0 | tau= 0.20 | n_kendall=12 | std(means)/mean(stds)=  0.01 | std(means)=7.39e-03 | mean(stds)=1.01e+00
tau-population=-0.20
subset-idx-size=13
tau-train-ens=0.41818181818181815
tau-archive=0.7818181818181819
eval=6 | not-eval=0 | tau= 0.20 | n_kendall=12 | std(means)/mean(stds)=  0.01 | std(means)=1.15e-02 | mean(stds)=1.00e+00
tau-population= 0.07
subset-idx-size=13
tau-train-ens=0.41818181818181815
tau-archive=0.6363636363636364
eval=6 | not-eval=0 | tau=-0.51 | n_kendall=12 | std(means)/mean(stds)=  0.00 | std(means)=3.69e-03 | mean(stds)=1.01e+00
tau-population=-0.73
subset-idx-size=23
tau-train-ens=0.0909090909090909
tau-archive=-0.23636363636363636
eval=6 | not-eval=0 | tau=-0.11 | n_kendall=12 | std(means)/mean(stds)=  0.01 | std(means)=1.30e-02 | mean(stds)=1.01e+00
tau-population=-0.07
subset-idx-size=18
tau-train-ens=0.23636363636363636
tau-archive=-0.05454545454545454
eval=6 | not-eval=0 | tau= 0.91 | n_kendall=12 | std(means)/mean(stds)=  0.01 | std(means)=5.05e-03 | mean(stds)=1.01e+00
tau-population= 1.00
subset-idx-size=16
tau-train-ens=0.5272727272727272
tau-archive=0.018181818181818184
eval=6 | not-eval=0 | tau= 0.33 | n_kendall=12 | std(means)/mean(stds)=  0.00 | std(means)=2.23e-03 | mean(stds)=1.01e+00
tau-population= 0.33
subset-idx-size=15
tau-train-ens=0.2727272727272727
tau-archive=-0.23636363636363636
eval=6 | not-eval=0 | tau=-0.20 | n_kendall=12 | std(means)/mean(stds)=  0.00 | std(means)=6.03e-04 | mean(stds)=1.00e+00
tau-population=-0.20
subset-idx-size=13
tau-train-ens=-0.9272727272727274
tau-archive=-0.6000000000000001
eval=6 | not-eval=0 | tau=-0.42 | n_kendall=12 | std(means)/mean(stds)=  0.01 | std(means)=5.05e-03 | mean(stds)=1.01e+00
tau-population=-0.33
subset-idx-size=20
tau-train-ens=0.05454545454545454
tau-archive=0.1272727272727273
eval=6 | not-eval=0 | tau=-0.16 | n_kendall=12 | std(means)/mean(stds)=  0.00 | std(means)=3.62e-03 | mean(stds)=1.00e+00
tau-population=-0.07
subset-idx-size=27
tau-train-ens=-0.1272727272727273
tau-archive=-0.1272727272727273
eval=6 | not-eval=0 | tau= 0.20 | n_kendall=12 | std(means)/mean(stds)=  0.00 | std(means)=2.77e-03 | mean(stds)=1.00e+00
tau-population= 0.47
subset-idx-size=23
tau-train-ens=0.05454545454545454
tau-archive=-0.2
eval=6 | not-eval=0 | tau=-0.16 | n_kendall=12 | std(means)/mean(stds)=  0.00 | std(means)=2.50e-03 | mean(stds)=1.00e+00
tau-population=-0.07
subset-idx-size=16
tau-train-ens=0.23636363636363636
tau-archive=-0.18349396085439343
eval=6 | not-eval=0 | tau= 0.24 | n_kendall=12 | std(means)/mean(stds)=  0.00 | std(means)=1.03e-03 | mean(stds)=1.00e+00
tau-population= 0.33
subset-idx-size=17
tau-train-ens=0.018181818181818184
tau-archive=-0.23636363636363636
eval=6 | not-eval=0 | tau= 0.11 | n_kendall=12 | std(means)/mean(stds)=  0.00 | std(means)=2.41e-03 | mean(stds)=1.00e+00
tau-population= 0.20
subset-idx-size=16
tau-train-ens=0.3090909090909091
tau-archive=0.23636363636363636
eval=6 | not-eval=0 | tau= 0.51 | n_kendall=12 | std(means)/mean(stds)=  0.00 | std(means)=3.15e-03 | mean(stds)=1.01e+00
tau-population= 1.00
subset-idx-size=24
tau-train-ens=-0.1272727272727273
tau-archive=0.05454545454545454
eval=6 | not-eval=0 | tau= 0.64 | n_kendall=12 | std(means)/mean(stds)=  0.00 | std(means)=1.19e-03 | mean(stds)=1.00e+00
tau-population=  nan
subset-idx-size=24
tau-train-ens=0.6363636363636364
tau-archive=0.05454545454545454
eval=6 | not-eval=0 | tau= 0.33 | n_kendall=12 | std(means)/mean(stds)=  0.00 | std(means)=8.13e-04 | mean(stds)=1.00e+00
tau-population=  nan
subset-idx-size=17
tau-train-ens=-0.34545454545454546
tau-archive=-0.38181818181818183
eval=6 | not-eval=0 | tau= 0.11 | n_kendall=12 | std(means)/mean(stds)=  0.00 | std(means)=1.32e-03 | mean(stds)=1.00e+00
tau-population=  nan
subset-idx-size=28
tau-train-ens=0.4909090909090909
tau-archive=0.45454545454545453
eval=6 | not-eval=0 | tau= 0.60 | n_kendall=12 | std(means)/mean(stds)=  0.00 | std(means)=2.24e-03 | mean(stds)=1.00e+00
tau-population=  nan
subset-idx-size=29
tau-train-ens=0.018181818181818184
tau-archive=0.41818181818181815
eval=6 | not-eval=0 | tau=-0.02 | n_kendall=12 | std(means)/mean(stds)=  0.00 | std(means)=1.51e-03 | mean(stds)=1.01e+00
tau-population=  nan
subset-idx-size=43
tau-train-ens=-0.3090909090909091
tau-archive=0.05454545454545454
eval=6 | not-eval=0 | tau=-0.33 | n_kendall=12 | std(means)/mean(stds)=  0.00 | std(means)=1.58e-03 | mean(stds)=1.00e+00
tau-population=  nan
subset-idx-size=33
tau-train-ens=-0.3090909090909091
tau-archive=-0.41818181818181815
eval=6 | not-eval=0 | tau=-0.02 | n_kendall=12 | std(means)/mean(stds)=  0.00 | std(means)=1.06e-03 | mean(stds)=1.00e+00
tau-population=  nan
subset-idx-size=35
tau-train-ens=-0.4909090909090909
tau-archive=-0.34545454545454546
eval=6 | not-eval=0 | tau=-0.20 | n_kendall=12 | std(means)/mean(stds)=  0.00 | std(means)=1.13e-03 | mean(stds)=1.00e+00
tau-population=  nan
subset-idx-size=22
tau-train-ens=0.0909090909090909
tau-archive=-0.0909090909090909
eval=6 | not-eval=0 | tau= 0.11 | n_kendall=12 | std(means)/mean(stds)=  0.00 | std(means)=1.93e-03 | mean(stds)=1.00e+00
tau-population=  nan
subset-idx-size=17
tau-train-ens=0.23636363636363636
tau-archive=0.3090909090909091
eval=6 | not-eval=0 | tau= 0.78 | n_kendall=12 | std(means)/mean(stds)=  0.00 | std(means)=1.51e-03 | mean(stds)=1.00e+00
tau-population=  nan
subset-idx-size=14
tau-train-ens=-0.16363636363636364
tau-archive=-0.0909090909090909
eval=6 | not-eval=0 | tau=-0.24 | n_kendall=12 | std(means)/mean(stds)=  0.00 | std(means)=5.89e-04 | mean(stds)=1.00e+00
tau-population=  nan
subset-idx-size=17
tau-train-ens=0.7454545454545454
tau-archive=0.8181818181818182
eval=6 | not-eval=0 | tau=-0.11 | n_kendall=12 | std(means)/mean(stds)=  0.00 | std(means)=1.87e-03 | mean(stds)=1.01e+00
tau-population=  nan
subset-idx-size=13
tau-train-ens=-0.6727272727272727
tau-archive=-0.8181818181818182
eval=6 | not-eval=0 | tau=-0.69 | n_kendall=12 | std(means)/mean(stds)=  0.00 | std(means)=4.12e-03 | mean(stds)=1.01e+00
tau-population=  nan
subset-idx-size=30
tau-train-ens=0.4909090909090909
tau-archive=0.4909090909090909
eval=6 | not-eval=0 | tau= 0.20 | n_kendall=12 | std(means)/mean(stds)=  0.00 | std(means)=5.00e-04 | mean(stds)=1.00e+00
tau-population=  nan
subset-idx-size=24
tau-train-ens=-0.0909090909090909
tau-archive=-0.23636363636363636
eval=6 | not-eval=0 | tau= 0.02 | n_kendall=12 | std(means)/mean(stds)=  0.00 | std(means)=9.27e-04 | mean(stds)=1.00e+00
tau-population=  nan
subset-idx-size=27
tau-train-ens=-0.6000000000000001
tau-archive=-0.34545454545454546
eval=6 | not-eval=0 | tau=-0.51 | n_kendall=12 | std(means)/mean(stds)=  0.00 | std(means)=2.81e-03 | mean(stds)=1.01e+00
tau-population=  nan
subset-idx-size=20
tau-train-ens=0.2
tau-archive=0.1272727272727273
eval=6 | not-eval=0 | tau= 0.07 | n_kendall=12 | std(means)/mean(stds)=  0.00 | std(means)=9.80e-04 | mean(stds)=1.00e+00
tau-population=  nan
subset-idx-size=15
tau-train-ens=0.1272727272727273
tau-archive=0.2727272727272727
eval=4 | not-eval=2 | tau=-0.02 | n_kendall=12 | std(means)/mean(stds)=  0.01 | std(means)=7.68e-03 | mean(stds)=1.02e+00
tau-population=  nan
 2D  6-fun   1-inst  500-budget  True-solved 494-evals  612-cma-evals  490s 0-restarts  6-init-pop (Surrogate(model=<__main__.Eaf object at 0x7fd70f9494f0>, subset=InNormRange(norm_max=2)), EvaluateUntilKendallThreshold(mean_criterion, tau_threshold=0.85, offset=True), n_min_fn=get_dim) 7.3e-09-delta-f          1-seed
