(3_w,6)-aCMA-ES (mu_w=2.0,w_1=63%) in dimension 2 (seed=1, Sun Apr 21 13:58:31 2024)
subset-idx-size=6
tau-train-ens=0.9999999999999999
> /home/jarda/Desktop/thesis/nncmaes/code/nncmaes.py(1473)__call__()
-> return surrogate_model
(Pdb) array([0.05321326, 0.0708183 , 0.15338258, 0.13802757, 0.72323121,
       0.88321771])
(Pdb) tau-archive=0.9999999999999999
eval=1 | not-eval=5 | tau= 1.00 | n_kendall= 7 | std(means)/mean(stds)=  2.67 | std(means)=1.53e+05 | mean(stds)=5.74e+04
tau-population= 0.60
subset-idx-size=7
tau-train-ens=1.0
> /home/jarda/Desktop/thesis/nncmaes/code/nncmaes.py(1473)__call__()
-> return surrogate_model
(Pdb) tau-archive=0.9999999999999999
eval=1 | not-eval=5 | tau= 1.00 | n_kendall= 8 | std(means)/mean(stds)=  0.17 | std(means)=1.33e+04 | mean(stds)=7.73e+04
tau-population= 0.47
subset-idx-size=7
tau-train-ens=1.0
> /home/jarda/Desktop/thesis/nncmaes/code/nncmaes.py(1473)__call__()
-> return surrogate_model
(Pdb) tau-archive=1.0
eval=1 | not-eval=5 | tau= 0.89 | n_kendall= 9 | std(means)/mean(stds)=  1.62 | std(means)=8.95e+04 | mean(stds)=5.51e+04
tau-population= 0.73
subset-idx-size=6
tau-train-ens=0.7333333333333333
> /home/jarda/Desktop/thesis/nncmaes/code/nncmaes.py(1473)__call__()
-> return surrogate_model
(Pdb) tau-archive=0.7857142857142856
eval=6 | not-eval=0 | tau=-0.07 | n_kendall=12 | std(means)/mean(stds)=  2.29 | std(means)=2.14e+04 | mean(stds)=9.35e+03
tau-population=-0.33
subset-idx-size=11
tau-train-ens=0.8909090909090909
> /home/jarda/Desktop/thesis/nncmaes/code/nncmaes.py(1473)__call__()
-> return surrogate_model
(Pdb) tau-archive=0.6363636363636364
eval=6 | not-eval=0 | tau= 0.16 | n_kendall=12 | std(means)/mean(stds)=  1.55 | std(means)=1.20e+04 | mean(stds)=7.79e+03
tau-population= 0.20
subset-idx-size=12
> /home/jarda/Desktop/thesis/nncmaes/code/nncmaes.py(1360)__call__()
-> print("tau-train-ens={}".format(tau))
(Pdb) 0.6727272727272727
(Pdb) array([[ 2.07295634],
       [ 0.86877901],
       [-0.58458624],
       [-0.59786224],
       [-0.57421486],
       [ 2.06262846],
       [-0.58412804],
       [-0.58883427],
       [-0.59440453],
       [-0.59167121],
       [-0.59274941],
       [-0.60094366]])
(Pdb) array([[-0.04670717],
       [ 0.66355246],
       [-0.03293063],
       [-0.00393183],
       [ 0.18667539],
       [-1.31734187],
       [ 0.03517915],
       [-0.05830504],
       [ 0.00761892],
       [-0.06526943],
       [ 0.03951185],
       [-0.01254251]])
(Pdb) array([[-0.01455368],
       [ 0.2118794 ],
       [-0.003153  ],
       [-0.00246717],
       [ 0.00627651],
       [-0.07222118],
       [ 0.0036998 ],
       [-0.00920614],
       [ 0.00184885],
       [-0.00554559],
       [ 0.00453479],
       [-0.00352792]])
(Pdb) array([[0.31159423],
       [0.31931071],
       [0.09574685],
       [0.62748769],
       [0.03362259],
       [0.05482341],
       [0.1051702 ],
       [0.15789612],
       [0.2426658 ],
       [0.08496464],
       [0.11477026],
       [0.28127702]])
(Pdb) tau-train-ens=0.6727272727272727
> /home/jarda/Desktop/thesis/nncmaes/code/nncmaes.py(1473)__call__()
-> return surrogate_model
(Pdb) array([0.58302674, 0.57079532, 1.17302378, 0.23301561, 1.6962786 ,
       1.45181896, 1.12608763, 0.92290896, 0.70803505, 1.23276005,
       1.08241142, 0.63420763])
(Pdb) 