(3_w,6)-aCMA-ES (mu_w=2.0,w_1=63%) in dimension 2 (seed=1, Sun Apr 21 11:43:51 2024)
subset-idx-size=6
tau-train-ens=0.9999999999999999
tau-archive=0.9999999999999999
eval=1 | not-eval=5 | tau= 1.00 | n_kendall= 7 | std(means)/mean(stds)=  3.80 | std(means)=1.90e+05 | mean(stds)=5.00e+04
tau-population= 0.60
subset-idx-size=7
tau-train-ens=1.0
tau-archive=0.9999999999999999
eval=1 | not-eval=5 | tau= 0.93 | n_kendall= 8 | std(means)/mean(stds)=  0.31 | std(means)=2.32e+04 | mean(stds)=7.47e+04
tau-population= 0.73
subset-idx-size=8
tau-train-ens=0.9999999999999998
tau-archive=1.0
eval=1 | not-eval=5 | tau= 0.89 | n_kendall= 9 | std(means)/mean(stds)=  2.88 | std(means)=1.38e+05 | mean(stds)=4.78e+04
tau-population= 0.47
subset-idx-size=9
tau-train-ens=1.0
tau-archive=0.9999999999999998
eval=1 | not-eval=5 | tau= 1.00 | n_kendall=10 | std(means)/mean(stds)=  1.19 | std(means)=2.84e+04 | mean(stds)=2.38e+04
tau-population= 0.87
subset-idx-size=10
tau-train-ens=0.9555555555555554
tau-archive=0.9444444444444445
eval=1 | not-eval=5 | tau= 0.85 | n_kendall=11 | std(means)/mean(stds)=  1.78 | std(means)=5.13e+04 | mean(stds)=2.88e+04
tau-population= 0.60
subset-idx-size=11
tau-train-ens=0.8909090909090909
tau-archive=0.8666666666666666
eval=6 | not-eval=0 | tau=-0.02 | n_kendall=12 | std(means)/mean(stds)=  0.37 | std(means)=3.48e+03 | mean(stds)=9.48e+03
tau-population=-0.33
subset-idx-size=12
tau-train-ens=0.9272727272727274
tau-archive=0.9272727272727274
eval=6 | not-eval=0 | tau= 0.16 | n_kendall=12 | std(means)/mean(stds)=  5.84 | std(means)=1.78e+03 | mean(stds)=3.05e+02
tau-population= 0.07
subset-idx-size=12
tau-train-ens=0.8181818181818182
tau-archive=0.8181818181818182
eval=6 | not-eval=0 | tau= 0.78 | n_kendall=12 | std(means)/mean(stds)=  5.85 | std(means)=4.92e+03 | mean(stds)=8.40e+02
tau-population= 1.00
subset-idx-size=12
tau-train-ens=0.9636363636363636
tau-archive=0.9636363636363636
eval=6 | not-eval=0 | tau= 0.24 | n_kendall=12 | std(means)/mean(stds)=  0.55 | std(means)=1.15e+03 | mean(stds)=2.08e+03
tau-population=-0.20
subset-idx-size=12
tau-train-ens=0.9272727272727274
tau-archive=0.9272727272727274
eval=6 | not-eval=0 | tau= 0.73 | n_kendall=12 | std(means)/mean(stds)=  1.50 | std(means)=1.36e+03 | mean(stds)=9.06e+02
tau-population= 0.73
subset-idx-size=12
> /home/jarda/Desktop/thesis/nncmaes/code/nncmaes.py(1335)__call__()
-> print("tau-train-ens={}".format(tau))
(Pdb) 0.45454545454545453
(Pdb) array([[-0.13318938],
       [-0.19234529],
       [-0.1361256 ],
       [-0.15193936],
       [-0.15485194],
       [-0.14189504],
       [ 6.535968  ],
       [ 5.5186844 ],
       [-0.04117647],
       [-0.15923157],
       [-0.15445876],
       [-0.15305358]], dtype=float32)
(Pdb) array([[-0.15070786],
       [-0.15106714],
       [-0.15224961],
       [-0.15271428],
       [-0.15345983],
       [-0.15444438],
       [ 8.65854206],
       [ 5.32042043],
       [-0.11744813],
       [-0.15305979],
       [-0.15356484],
       [-0.15357383]])
(Pdb) array([0.08687259, 0.19039774, 0.34047969, 0.29166727, 0.68143349,
       0.27753339, 0.02507896, 0.06906409, 0.06354178, 0.1419834 ,
       0.97321248, 0.78320752])
(Pdb) array([[ 1.75184749e-02],
       [-4.12781553e-02],
       [ 1.61240145e-02],
       [ 7.74919522e-04],
       [-1.39211312e-03],
       [ 1.25493387e-02],
       [-2.12257423e+00],
       [ 1.98263960e-01],
       [ 7.62716589e-02],
       [-6.17178034e-03],
       [-8.93923590e-04],
       [ 5.20250532e-04]])
(Pdb) array([[ 1.52187525e-03,  3.33547800e-03,  5.96468494e-03,
         5.10956577e-03,  1.19376754e-02,  4.86196168e-03,
         4.39345090e-04,  1.20989761e-03,  1.11315506e-03,
         2.48733260e-03,  1.70491984e-02,  1.37206013e-02],
       [-3.58594015e-03, -7.85926738e-03, -1.40543736e-02,
        -1.20394869e-02, -2.81283172e-02, -1.14560662e-02,
        -1.03521310e-03, -2.85083841e-03, -2.62288742e-03,
        -5.86081274e-03, -4.01724158e-02, -3.23293615e-02],
       [ 1.40073486e-03,  3.06997588e-03,  5.48989947e-03,
         4.70284729e-03,  1.09874434e-02,  4.47495234e-03,
         4.04373475e-04,  1.11359046e-03,  1.02454856e-03,
         2.28934236e-03,  1.56920921e-02,  1.26284493e-02],
       [ 6.73192640e-05,  1.47542924e-04,  2.63844360e-04,
         2.26018662e-04,  5.28056111e-04,  2.15066039e-04,
         1.94341738e-05,  5.35191149e-05,  4.92397650e-05,
         1.10025707e-04,  7.54161350e-04,  6.06922794e-04],
       [-1.20936469e-04, -2.65055189e-04, -4.73986246e-04,
        -4.06033835e-04, -9.48632497e-04, -3.86357869e-04,
        -3.49127459e-05, -9.61450320e-05, -8.84573444e-05,
        -1.97656951e-04, -1.35482186e-03, -1.09031346e-03],
       [ 1.09019352e-03,  2.38936569e-03,  4.27279495e-03,
         3.66023136e-03,  8.55153958e-03,  3.48286046e-03,
         3.14724332e-04,  8.66708709e-04,  7.97407304e-04,
         1.78179774e-03,  1.22131730e-02,  9.82873637e-03],
       [-1.84393516e-01, -4.04133332e-01, -7.22693420e-01,
        -6.19085434e-01, -1.44639316e+00, -5.89085215e-01,
        -5.32319491e-02, -1.46593667e-01, -1.34872143e-01,
        -3.01370302e-01, -2.06571573e+00, -1.66241609e+00],
       [ 1.72237033e-02,  3.77490096e-02,  6.75048521e-02,
         5.78271082e-02,  1.35103702e-01,  5.50248684e-02,
         4.97225345e-03,  1.36929209e-02,  1.25980448e-02,
         2.81501908e-02,  1.92952961e-01,  1.55281824e-01],
       [ 6.62591636e-03,  1.45219513e-02,  2.59689509e-02,
         2.22459466e-02,  5.19740623e-02,  2.11679318e-02,
         1.91281370e-03,  5.26763304e-03,  4.84643689e-03,
         1.08293093e-02,  7.42285303e-02,  5.97365366e-02],
       [-5.36158528e-04, -1.17509302e-03, -2.10136587e-03,
        -1.80010633e-03, -4.20565779e-03, -1.71287510e-03,
        -1.54781817e-04, -4.26248420e-04, -3.92165903e-04,
        -8.76290343e-04, -6.00645365e-03, -4.83378476e-03],
       [-7.76574553e-05, -1.70201029e-04, -3.04362828e-04,
        -2.60728254e-04, -6.09149468e-04, -2.48093641e-04,
        -2.24186718e-05, -6.17380232e-05, -5.68014953e-05,
        -1.26922309e-04, -8.69977594e-04, -7.00127676e-04],
       [ 4.51955099e-05,  9.90545244e-05,  1.77134741e-04,
         1.51740053e-04,  3.54516133e-04,  1.44386892e-04,
         1.30473410e-05,  3.59306318e-05,  3.30576444e-05,
         7.38669383e-05,  5.06314311e-04,  4.07464128e-04]])
(Pdb) array([0.08687259, 0.19039774, 0.34047969, 0.29166727, 0.68143349,
       0.27753339, 0.02507896, 0.06906409, 0.06354178, 0.1419834 ,
       0.97321248, 0.78320752])
(Pdb) array([[ 0.00152188],
       [-0.00785927],
       [ 0.0054899 ],
       [ 0.00022602],
       [-0.00094863],
       [ 0.00348286],
       [-0.05323195],
       [ 0.01369292],
       [ 0.00484644],
       [-0.00087629],
       [-0.00086998],
       [ 0.00040746]])
(Pdb) *** NameError: name 'train_y' is not defined
(Pdb) array([[-0.15070786],
       [-0.15106714],
       [-0.15224961],
       [-0.15271428],
       [-0.15345983],
       [-0.15444438],
       [ 8.65854206],
       [ 5.32042043],
       [-0.11744813],
       [-0.15305979],
       [-0.15356484],
       [-0.15357383]])
(Pdb) array([0.08687259, 0.19039774, 0.34047969, 0.29166727, 0.68143349,
       0.27753339, 0.02507896, 0.06906409, 0.06354178, 0.1419834 ,
       0.97321248, 0.78320752])
(Pdb) tau-train-ens=0.45454545454545453
tau-archive=0.45454545454545453
eval=6 | not-eval=0 | tau=-0.24 | n_kendall=12 | std(means)/mean(stds)=  0.61 | std(means)=1.51e+03 | mean(stds)=2.45e+03
tau-population=-0.33
subset-idx-size=12
> /home/jarda/Desktop/thesis/nncmaes/code/nncmaes.py(1335)__call__()
-> print("tau-train-ens={}".format(tau))
(Pdb) 0.16363636363636364
(Pdb) array([[ 4.99892347],
       [ 3.00420348],
       [-0.24523626],
       [-0.26651629],
       [-0.26681808],
       [-0.26682345],
       [-0.26592454],
       [-0.26664526],
       [-0.26671248],
       [-0.26690242],
       [-0.26714791],
       [-0.26730463]])
(Pdb) array([0.06401037, 0.17298704, 0.02868881, 0.08011365, 0.38803844,
       0.38709429, 0.1123944 , 0.17231807, 0.32408606, 0.30260188,
       0.64348001, 0.70900034])
(Pdb) array([[0.06401037],
       [0.17298704],
       [0.02868881],
       [0.08011365],
       [0.38803844],
       [0.38709429],
       [0.1123944 ],
       [0.17231807],
       [0.32408606],
       [0.30260188],
       [0.64348001],
       [0.70900034]])
(Pdb) array([[-2.6005191 ,  1.82467716],
       [-1.52522117, -0.21168436],
       [ 0.88409753,  2.83209742],
       [ 0.60308539,  2.02878372],
       [ 0.93327386, -0.21374618],
       [ 0.93763722, -0.49733321],
       [ 1.56550998,  0.80328852],
       [ 1.14466239, -1.67309515],
       [ 1.11361117, -0.27135952],
       [ 0.63869307, -1.17858083],
       [ 0.25524654, -0.43010362],
       [-0.19261023,  0.33715222]])
(Pdb) array([[-0.00022383],
       [-0.00011167],
       [ 0.00340037],
       [-0.00183188],
       [-0.00335234],
       [-0.00102358],
       [-0.00031587],
       [-0.00177845],
       [ 0.00498599],
       [ 0.0012828 ],
       [-0.00010382],
       [ 0.00026588]])
(Pdb) array([[ 4.9954267 ],
       [ 3.003558  ],
       [-0.12671016],
       [-0.28938228],
       [-0.27545726],
       [-0.2694677 ],
       [-0.26873493],
       [-0.27696598],
       [-0.2513277 ],
       [-0.2626632 ],
       [-0.26730925],
       [-0.26692963]], dtype=float32)
(Pdb) array([[ 4.99892347],
       [ 3.00420348],
       [-0.24523626],
       [-0.26651629],
       [-0.26681808],
       [-0.26682345],
       [-0.26592454],
       [-0.26664526],
       [-0.26671248],
       [-0.26690242],
       [-0.26714791],
       [-0.26730463]])
(Pdb) tau-train-ens=0.16363636363636364
tau-archive=0.16363636363636364
eval=6 | not-eval=0 | tau= 0.73 | n_kendall=12 | std(means)/mean(stds)= 10.62 | std(means)=1.95e+04 | mean(stds)=1.84e+03
tau-population= 0.73
subset-idx-size=12
tau-train-ens=0.9272727272727274
tau-archive=0.9272727272727274
eval=6 | not-eval=0 | tau= 0.51 | n_kendall=12 | std(means)/mean(stds)=  1.35 | std(means)=6.86e+02 | mean(stds)=5.08e+02
tau-population= 0.07
subset-idx-size=12
> /home/jarda/Desktop/thesis/nncmaes/code/nncmaes.py(1335)__call__()
-> print("tau-train-ens={}".format(tau))
(Pdb) array([[12.72562895],
       [ 0.78163067],
       [ 0.72824531],
       [ 0.2694231 ],
       [ 0.21081941],
       [-0.21110503],
       [ 0.02945715],
       [-0.20970612],
       [-0.21039817],
       [-0.21285023],
       [-0.21303654],
       [-0.21371967]])
(Pdb) array([[ 4.4083014 ],
       [ 0.8447084 ],
       [ 0.7039889 ],
       [ 0.29467052],
       [ 0.2793365 ],
       [-0.15074848],
       [ 0.04907217],
       [-0.30990875],
       [-0.23109724],
       [-0.21940215],
       [-0.20769125],
       [-0.22017823]], dtype=float32)
(Pdb) array([0.02370381, 0.18601262, 0.13362405, 0.23992936, 0.14831285,
       0.32577748, 0.38757855, 0.21743858, 0.30161287, 0.54636557,
       0.8185214 , 0.85709252])
(Pdb) tau-train-ens=0.6727272727272727
tau-archive=0.6727272727272727
eval=6 | not-eval=0 | tau= 0.60 | n_kendall=12 | std(means)/mean(stds)=  1.71 | std(means)=4.17e+03 | mean(stds)=2.44e+03
tau-population= 0.87
subset-idx-size=12
> /home/jarda/Desktop/thesis/nncmaes/code/nncmaes.py(1335)__call__()
-> print("tau-train-ens={}".format(tau))
(Pdb) 0.6000000000000001
(Pdb) 
